2026-03-25 13:32:02,355 - INFO - ================================================================================
2026-03-25 13:32:02,356 - INFO - 🚀 BULK INSERT: ОЧЕНЬ БЫСТРОЕ ОБНОВЛЕНИЕ ЗА 3 ДНЯ
2026-03-25 13:32:02,356 - INFO - ================================================================================
2026-03-25 13:32:02,356 - INFO - 📊 Всего таблиц: 21
2026-03-25 13:32:02,357 - INFO - 🎯 Целевая БД: olap2_fixed.raw_
2026-03-25 13:32:02,357 - INFO - ================================================================================
2026-03-25 13:32:02,357 - INFO - 
📌 [1/21] Обработка: ORDER_DETAIL
2026-03-25 13:32:02,357 - INFO - 
2026-03-25 13:32:02,357 - INFO - ============================================================
2026-03-25 13:32:02,357 - INFO - ТАБЛИЦА [1/21]: ORDER_DETAIL
2026-03-25 13:32:02,357 - INFO - ============================================================
2026-03-25 13:32:02,357 - INFO -    📁 Источник: ils, Поле даты: DATE_TIME_STAMP
2026-03-25 13:32:02,357 - INFO -    🔌 Шаг 1/6: Подключение к источнику (ils)...
2026-03-25 13:32:02,390 - INFO -       ✅ Подключено
2026-03-25 13:32:02,390 - INFO -    🔌 Шаг 2/6: Подключение к целевой БД...
2026-03-25 13:32:02,478 - INFO -       ✅ Подключено
2026-03-25 13:32:02,479 - INFO -    📋 Шаг 3/6: Получение структуры таблицы...
2026-03-25 13:32:02,489 - INFO -       ✅ Найдено колонок: 126
2026-03-25 13:32:02,489 - INFO -    📥 Шаг 4/6: Чтение данных из источника...
2026-03-25 13:32:02,503 - INFO -       ✅ Прочитано: 0 строк (за 0.01 сек)
2026-03-25 13:32:02,504 - INFO -       ℹ️ Нет данных
2026-03-25 13:32:02,505 - INFO - 
📌 [2/21] Обработка: ORDER_HEADER
2026-03-25 13:32:02,505 - INFO - 
2026-03-25 13:32:02,506 - INFO - ============================================================
2026-03-25 13:32:02,506 - INFO - ТАБЛИЦА [2/21]: ORDER_HEADER
2026-03-25 13:32:02,506 - INFO - ============================================================
2026-03-25 13:32:02,506 - INFO -    📁 Источник: ils, Поле даты: ORDER_DATE
2026-03-25 13:32:02,507 - INFO -    🔌 Шаг 1/6: Подключение к источнику (ils)...
2026-03-25 13:32:02,526 - INFO -       ✅ Подключено
2026-03-25 13:32:02,526 - INFO -    🔌 Шаг 2/6: Подключение к целевой БД...
2026-03-25 13:32:02,579 - INFO -       ✅ Подключено
2026-03-25 13:32:02,579 - INFO -    📋 Шаг 3/6: Получение структуры таблицы...
2026-03-25 13:32:02,586 - INFO -       ✅ Найдено колонок: 114
2026-03-25 13:32:02,586 - INFO -    📥 Шаг 4/6: Чтение данных из источника...
2026-03-25 13:32:02,592 - INFO -       ✅ Прочитано: 0 строк (за 0.01 сек)
2026-03-25 13:32:02,592 - INFO -       ℹ️ Нет данных
2026-03-25 13:32:02,592 - INFO - 
📌 [3/21] Обработка: RECEIPT_DETAIL
2026-03-25 13:32:02,593 - INFO - 
2026-03-25 13:32:02,593 - INFO - ============================================================
2026-03-25 13:32:02,593 - INFO - ТАБЛИЦА [3/21]: RECEIPT_DETAIL
2026-03-25 13:32:02,593 - INFO - ============================================================
2026-03-25 13:32:02,593 - INFO -    📁 Источник: ils, Поле даты: DATE_TIME_STAMP
2026-03-25 13:32:02,594 - INFO -    🔌 Шаг 1/6: Подключение к источнику (ils)...
2026-03-25 13:32:02,609 - INFO -       ✅ Подключено
2026-03-25 13:32:02,609 - INFO -    🔌 Шаг 2/6: Подключение к целевой БД...
2026-03-25 13:32:02,650 - INFO -       ✅ Подключено
2026-03-25 13:32:02,650 - INFO -    📋 Шаг 3/6: Получение структуры таблицы...
2026-03-25 13:32:02,655 - INFO -       ✅ Найдено колонок: 83
2026-03-25 13:32:02,655 - INFO -    📥 Шаг 4/6: Чтение данных из источника...
2026-03-25 13:32:02,813 - INFO -       ✅ Прочитано: 1,563 строк (за 0.16 сек)
2026-03-25 13:32:02,814 - INFO -    🗑️ Шаг 5/6: Удаление старых данных...
2026-03-25 13:32:02,828 - INFO -       🗑️ Удалено: 0 строк (за 0.01 сек)
2026-03-25 13:32:02,829 - INFO -    📊 Шаг 6/6: BULK INSERT...
2026-03-25 13:32:02,865 - INFO -       📁 CSV создан: 0.85 MB (за 0.04 сек)
2026-03-25 13:32:02,917 - ERROR -       ❌ Ошибка вставки: (226, b'ALTER DATABASE statement not allowed within multi-statement transaction.DB-Lib error message 20018, severity 16:\nGeneral SQL Server error: Check messages from the SQL Server\n')
2026-03-25 13:32:02,925 - ERROR -    ❌ ОШИБКА: (226, b'ALTER DATABASE statement not allowed within multi-statement transaction.DB-Lib error message 20018, severity 16:\nGeneral SQL Server error: Check messages from the SQL Server\n')
2026-03-25 13:32:02,941 - INFO - 
📌 [4/21] Обработка: RECEIPT_HEADER
2026-03-25 13:32:02,942 - INFO - 
2026-03-25 13:32:02,942 - INFO - ============================================================
2026-03-25 13:32:02,942 - INFO - ТАБЛИЦА [4/21]: RECEIPT_HEADER
2026-03-25 13:32:02,942 - INFO - ============================================================
2026-03-25 13:32:02,942 - INFO -    📁 Источник: ils, Поле даты: RECEIPT_DATE
2026-03-25 13:32:02,942 - INFO -    🔌 Шаг 1/6: Подключение к источнику (ils)...
2026-03-25 13:32:02,958 - INFO -       ✅ Подключено
2026-03-25 13:32:02,958 - INFO -    🔌 Шаг 2/6: Подключение к целевой БД...
2026-03-25 13:32:03,005 - INFO -       ✅ Подключено
2026-03-25 13:32:03,005 - INFO -    📋 Шаг 3/6: Получение структуры таблицы...
2026-03-25 13:32:03,010 - INFO -       ✅ Найдено колонок: 81
2026-03-25 13:32:03,010 - INFO -    📥 Шаг 4/6: Чтение данных из источника...
2026-03-25 13:32:03,059 - INFO -       ✅ Прочитано: 341 строк (за 0.05 сек)
2026-03-25 13:32:03,059 - INFO -    🗑️ Шаг 5/6: Удаление старых данных...
2026-03-25 13:32:03,074 - INFO -       🗑️ Удалено: 0 строк (за 0.02 сек)
2026-03-25 13:32:03,074 - INFO -    📊 Шаг 6/6: BULK INSERT...
2026-03-25 13:32:03,090 - INFO -       📁 CSV создан: 0.23 MB (за 0.02 сек)
2026-03-25 13:32:03,146 - ERROR -       ❌ Ошибка вставки: (226, b'ALTER DATABASE statement not allowed within multi-statement transaction.DB-Lib error message 20018, severity 16:\nGeneral SQL Server error: Check messages from the SQL Server\n')
2026-03-25 13:32:03,152 - ERROR -    ❌ ОШИБКА: (226, b'ALTER DATABASE statement not allowed within multi-statement transaction.DB-Lib error message 20018, severity 16:\nGeneral SQL Server error: Check messages from the SQL Server\n')
2026-03-25 13:32:03,158 - INFO - 
📌 [5/21] Обработка: SHIPMENT_DETAIL
2026-03-25 13:32:03,158 - INFO - 
2026-03-25 13:32:03,159 - INFO - ============================================================
2026-03-25 13:32:03,159 - INFO - ТАБЛИЦА [5/21]: SHIPMENT_DETAIL
2026-03-25 13:32:03,159 - INFO - ============================================================
2026-03-25 13:32:03,159 - INFO -    📁 Источник: ils, Поле даты: DATE_TIME_STAMP
2026-03-25 13:32:03,159 - INFO -    🔌 Шаг 1/6: Подключение к источнику (ils)...
2026-03-25 13:32:03,177 - INFO -       ✅ Подключено
2026-03-25 13:32:03,177 - INFO -    🔌 Шаг 2/6: Подключение к целевой БД...
2026-03-25 13:32:03,217 - INFO -       ✅ Подключено
2026-03-25 13:32:03,217 - INFO -    📋 Шаг 3/6: Получение структуры таблицы...
2026-03-25 13:32:03,223 - INFO -       ✅ Найдено колонок: 154
2026-03-25 13:32:03,223 - INFO -    📥 Шаг 4/6: Чтение данных из источника...
2026-03-25 13:32:05,364 - INFO -       ✅ Прочитано: 9,134 строк (за 2.14 сек)
2026-03-25 13:32:05,364 - INFO -    🗑️ Шаг 5/6: Удаление старых данных...
2026-03-25 13:32:05,429 - INFO -       🗑️ Удалено: 0 строк (за 0.06 сек)
2026-03-25 13:32:05,429 - INFO -    📊 Шаг 6/6: BULK INSERT...
2026-03-25 13:32:05,783 - INFO -       📁 CSV создан: 7.58 MB (за 0.35 сек)
2026-03-25 13:32:05,843 - ERROR -       ❌ Ошибка вставки: (226, b'ALTER DATABASE statement not allowed within multi-statement transaction.DB-Lib error message 20018, severity 16:\nGeneral SQL Server error: Check messages from the SQL Server\n')
2026-03-25 13:32:05,881 - ERROR -    ❌ ОШИБКА: (226, b'ALTER DATABASE statement not allowed within multi-statement transaction.DB-Lib error message 20018, severity 16:\nGeneral SQL Server error: Check messages from the SQL Server\n')
2026-03-25 13:32:05,909 - INFO - 
📌 [6/21] Обработка: SHIPMENT_HEADER
2026-03-25 13:32:05,909 - INFO - 
2026-03-25 13:32:05,909 - INFO - ============================================================
2026-03-25 13:32:05,909 - INFO - ТАБЛИЦА [6/21]: SHIPMENT_HEADER
2026-03-25 13:32:05,909 - INFO - ============================================================
2026-03-25 13:32:05,909 - INFO -    📁 Источник: ils, Поле даты: PLANNED_SHIP_DATE
2026-03-25 13:32:05,909 - INFO -    🔌 Шаг 1/6: Подключение к источнику (ils)...
2026-03-25 13:32:05,925 - INFO -       ✅ Подключено
2026-03-25 13:32:05,925 - INFO -    🔌 Шаг 2/6: Подключение к целевой БД...
2026-03-25 13:32:05,975 - INFO -       ✅ Подключено
2026-03-25 13:32:05,975 - INFO -    📋 Шаг 3/6: Получение структуры таблицы...
2026-03-25 13:32:05,980 - INFO -       ✅ Найдено колонок: 155
2026-03-25 13:32:05,981 - INFO -    📥 Шаг 4/6: Чтение данных из источника...
2026-03-25 13:32:06,509 - INFO -       ✅ Прочитано: 1,065 строк (за 0.53 сек)
2026-03-25 13:32:06,509 - INFO -    🗑️ Шаг 5/6: Удаление старых данных...
2026-03-25 13:32:06,529 - INFO -       🗑️ Удалено: 0 строк (за 0.02 сек)
2026-03-25 13:32:06,529 - INFO -    📊 Шаг 6/6: BULK INSERT...
2026-03-25 13:32:06,594 - INFO -       📁 CSV создан: 1.27 MB (за 0.07 сек)
2026-03-25 13:32:06,639 - ERROR -       ❌ Ошибка вставки: (226, b'ALTER DATABASE statement not allowed within multi-statement transaction.DB-Lib error message 20018, severity 16:\nGeneral SQL Server error: Check messages from the SQL Server\n')
2026-03-25 13:32:06,644 - ERROR -    ❌ ОШИБКА: (226, b'ALTER DATABASE statement not allowed within multi-statement transaction.DB-Lib error message 20018, severity 16:\nGeneral SQL Server error: Check messages from the SQL Server\n')
2026-03-25 13:32:06,648 - INFO - 
📌 [7/21] Обработка: TRANSACTION_HISTORY
2026-03-25 13:32:06,648 - INFO - 
2026-03-25 13:32:06,648 - INFO - ============================================================
2026-03-25 13:32:06,648 - INFO - ТАБЛИЦА [7/21]: TRANSACTION_HISTORY
2026-03-25 13:32:06,648 - INFO - ============================================================
2026-03-25 13:32:06,648 - INFO -    📁 Источник: ils, Поле даты: DATE_TIME_STAMP
2026-03-25 13:32:06,648 - INFO -    🔌 Шаг 1/6: Подключение к источнику (ils)...
2026-03-25 13:32:06,663 - INFO -       ✅ Подключено
2026-03-25 13:32:06,664 - INFO -    🔌 Шаг 2/6: Подключение к целевой БД...
2026-03-25 13:32:06,701 - INFO -       ✅ Подключено
2026-03-25 13:32:06,701 - INFO -    📋 Шаг 3/6: Получение структуры таблицы...
2026-03-25 13:32:06,705 - INFO -       ✅ Найдено колонок: 51
2026-03-25 13:32:06,705 - INFO -    📥 Шаг 4/6: Чтение данных из источника...
2026-03-25 13:32:15,083 - INFO -       ✅ Прочитано: 124,708 строк (за 8.38 сек)
2026-03-25 13:32:15,083 - INFO -    🗑️ Шаг 5/6: Удаление старых данных...
2026-03-25 13:32:15,111 - INFO -       🗑️ Удалено: 0 строк (за 0.03 сек)
2026-03-25 13:32:15,111 - INFO -    📊 Шаг 6/6: BULK INSERT...
