2026-03-25 13:34:24,217 - INFO - ================================================================================
2026-03-25 13:34:24,217 - INFO - 🚀 BULK INSERT: ОЧЕНЬ БЫСТРОЕ ОБНОВЛЕНИЕ ЗА 3 ДНЯ
2026-03-25 13:34:24,217 - INFO - ================================================================================
2026-03-25 13:34:24,218 - INFO - 📊 Всего таблиц: 21
2026-03-25 13:34:24,218 - INFO - 🎯 Целевая БД: olap2_fixed.raw_
2026-03-25 13:34:24,218 - INFO - ================================================================================
2026-03-25 13:34:24,218 - INFO - 
📌 [1/21] Обработка: ORDER_DETAIL
2026-03-25 13:34:24,218 - INFO - 
2026-03-25 13:34:24,218 - INFO - ============================================================
2026-03-25 13:34:24,218 - INFO - ТАБЛИЦА [1/21]: ORDER_DETAIL
2026-03-25 13:34:24,218 - INFO - ============================================================
2026-03-25 13:34:24,218 - INFO -    📁 Источник: ils, Поле даты: DATE_TIME_STAMP
2026-03-25 13:34:24,218 - INFO -    🔌 Шаг 1/6: Подключение к источнику (ils)...
2026-03-25 13:34:24,287 - INFO -       ✅ Подключено
2026-03-25 13:34:24,287 - INFO -    🔌 Шаг 2/6: Подключение к целевой БД...
2026-03-25 13:34:24,352 - INFO -       ✅ Подключено
2026-03-25 13:34:24,352 - INFO -    📋 Шаг 3/6: Получение структуры таблицы...
2026-03-25 13:34:24,360 - INFO -       ✅ Найдено колонок: 126
2026-03-25 13:34:24,360 - INFO -    📥 Шаг 4/6: Чтение данных из источника...
2026-03-25 13:34:24,367 - INFO -       ✅ Прочитано: 0 строк (за 0.01 сек)
2026-03-25 13:34:24,367 - INFO -       ℹ️ Нет данных
2026-03-25 13:34:24,368 - INFO - 
📌 [2/21] Обработка: ORDER_HEADER
2026-03-25 13:34:24,368 - INFO - 
2026-03-25 13:34:24,368 - INFO - ============================================================
2026-03-25 13:34:24,368 - INFO - ТАБЛИЦА [2/21]: ORDER_HEADER
2026-03-25 13:34:24,368 - INFO - ============================================================
2026-03-25 13:34:24,368 - INFO -    📁 Источник: ils, Поле даты: ORDER_DATE
2026-03-25 13:34:24,368 - INFO -    🔌 Шаг 1/6: Подключение к источнику (ils)...
2026-03-25 13:34:24,384 - INFO -       ✅ Подключено
2026-03-25 13:34:24,384 - INFO -    🔌 Шаг 2/6: Подключение к целевой БД...
2026-03-25 13:34:24,423 - INFO -       ✅ Подключено
2026-03-25 13:34:24,423 - INFO -    📋 Шаг 3/6: Получение структуры таблицы...
2026-03-25 13:34:24,428 - INFO -       ✅ Найдено колонок: 114
2026-03-25 13:34:24,428 - INFO -    📥 Шаг 4/6: Чтение данных из источника...
2026-03-25 13:34:24,955 - INFO -       ✅ Прочитано: 0 строк (за 0.53 сек)
2026-03-25 13:34:24,956 - INFO -       ℹ️ Нет данных
2026-03-25 13:34:24,956 - INFO - 
📌 [3/21] Обработка: RECEIPT_DETAIL
2026-03-25 13:34:24,956 - INFO - 
2026-03-25 13:34:24,957 - INFO - ============================================================
2026-03-25 13:34:24,957 - INFO - ТАБЛИЦА [3/21]: RECEIPT_DETAIL
2026-03-25 13:34:24,957 - INFO - ============================================================
2026-03-25 13:34:24,957 - INFO -    📁 Источник: ils, Поле даты: DATE_TIME_STAMP
2026-03-25 13:34:24,957 - INFO -    🔌 Шаг 1/6: Подключение к источнику (ils)...
2026-03-25 13:34:24,969 - INFO -       ✅ Подключено
2026-03-25 13:34:24,969 - INFO -    🔌 Шаг 2/6: Подключение к целевой БД...
2026-03-25 13:34:25,030 - INFO -       ✅ Подключено
2026-03-25 13:34:25,030 - INFO -    📋 Шаг 3/6: Получение структуры таблицы...
2026-03-25 13:34:25,034 - INFO -       ✅ Найдено колонок: 83
2026-03-25 13:34:25,034 - INFO -    📥 Шаг 4/6: Чтение данных из источника...
2026-03-25 13:34:25,172 - INFO -       ✅ Прочитано: 1,563 строк (за 0.14 сек)
2026-03-25 13:34:25,173 - INFO -    🗑️ Шаг 5/6: Удаление старых данных...
2026-03-25 13:34:25,188 - INFO -       🗑️ Удалено: 0 строк (за 0.02 сек)
2026-03-25 13:34:25,188 - INFO -    📊 Шаг 6/6: BULK INSERT...
2026-03-25 13:34:25,226 - INFO -       📁 CSV создан: 0.85 MB (за 0.04 сек)
2026-03-25 13:34:41,198 - INFO -       ✅ BULK INSERT: 1,563 строк за 15.97 сек
2026-03-25 13:34:41,199 - INFO -    🔍 Проверка...
2026-03-25 13:34:41,202 - INFO -       ✅ В target: 1,563 строк
2026-03-25 13:34:41,202 - INFO - 
2026-03-25 13:34:41,202 - INFO -    ⏱️ ОБЩЕЕ ВРЕМЯ: 16.25 сек (0.27 мин)
2026-03-25 13:34:41,202 - INFO - ============================================================
2026-03-25 13:34:41,205 - INFO - 
📌 [4/21] Обработка: RECEIPT_HEADER
2026-03-25 13:34:41,205 - INFO - 
2026-03-25 13:34:41,205 - INFO - ============================================================
2026-03-25 13:34:41,205 - INFO - ТАБЛИЦА [4/21]: RECEIPT_HEADER
2026-03-25 13:34:41,205 - INFO - ============================================================
2026-03-25 13:34:41,205 - INFO -    📁 Источник: ils, Поле даты: RECEIPT_DATE
2026-03-25 13:34:41,205 - INFO -    🔌 Шаг 1/6: Подключение к источнику (ils)...
2026-03-25 13:34:41,218 - INFO -       ✅ Подключено
2026-03-25 13:34:41,218 - INFO -    🔌 Шаг 2/6: Подключение к целевой БД...
2026-03-25 13:34:41,264 - INFO -       ✅ Подключено
2026-03-25 13:34:41,264 - INFO -    📋 Шаг 3/6: Получение структуры таблицы...
2026-03-25 13:34:41,269 - INFO -       ✅ Найдено колонок: 81
2026-03-25 13:34:41,269 - INFO -    📥 Шаг 4/6: Чтение данных из источника...
2026-03-25 13:34:41,320 - INFO -       ✅ Прочитано: 341 строк (за 0.05 сек)
2026-03-25 13:34:41,320 - INFO -    🗑️ Шаг 5/6: Удаление старых данных...
2026-03-25 13:34:41,330 - INFO -       🗑️ Удалено: 0 строк (за 0.01 сек)
2026-03-25 13:34:41,330 - INFO -    📊 Шаг 6/6: BULK INSERT...
2026-03-25 13:34:41,347 - INFO -       📁 CSV создан: 0.23 MB (за 0.02 сек)
2026-03-25 13:34:44,515 - INFO -       ✅ BULK INSERT: 341 строк за 3.17 сек
2026-03-25 13:34:44,515 - INFO -    🔍 Проверка...
2026-03-25 13:34:44,780 - INFO -       ✅ В target: 341 строк
2026-03-25 13:34:44,780 - INFO - 
2026-03-25 13:34:44,780 - INFO -    ⏱️ ОБЩЕЕ ВРЕМЯ: 3.58 сек (0.06 мин)
2026-03-25 13:34:44,780 - INFO - ============================================================
2026-03-25 13:34:44,782 - INFO - 
📌 [5/21] Обработка: SHIPMENT_DETAIL
2026-03-25 13:34:44,783 - INFO - 
2026-03-25 13:34:44,783 - INFO - ============================================================
2026-03-25 13:34:44,783 - INFO - ТАБЛИЦА [5/21]: SHIPMENT_DETAIL
2026-03-25 13:34:44,783 - INFO - ============================================================
2026-03-25 13:34:44,783 - INFO -    📁 Источник: ils, Поле даты: DATE_TIME_STAMP
2026-03-25 13:34:44,784 - INFO -    🔌 Шаг 1/6: Подключение к источнику (ils)...
2026-03-25 13:34:44,826 - INFO -       ✅ Подключено
2026-03-25 13:34:44,826 - INFO -    🔌 Шаг 2/6: Подключение к целевой БД...
2026-03-25 13:34:44,868 - INFO -       ✅ Подключено
2026-03-25 13:34:44,868 - INFO -    📋 Шаг 3/6: Получение структуры таблицы...
2026-03-25 13:34:44,875 - INFO -       ✅ Найдено колонок: 154
2026-03-25 13:34:44,875 - INFO -    📥 Шаг 4/6: Чтение данных из источника...
2026-03-25 13:34:46,456 - INFO -       ✅ Прочитано: 9,134 строк (за 1.58 сек)
2026-03-25 13:34:46,456 - INFO -    🗑️ Шаг 5/6: Удаление старых данных...
2026-03-25 13:34:46,468 - INFO -       🗑️ Удалено: 0 строк (за 0.01 сек)
2026-03-25 13:34:46,468 - INFO -    📊 Шаг 6/6: BULK INSERT...
2026-03-25 13:34:46,799 - INFO -       📁 CSV создан: 7.58 MB (за 0.33 сек)
2026-03-25 13:37:20,666 - INFO -       ✅ BULK INSERT: 9,134 строк за 153.87 сек
2026-03-25 13:37:20,666 - INFO -    🔍 Проверка...
2026-03-25 13:37:20,672 - INFO -       ✅ В target: 9,134 строк
2026-03-25 13:37:20,673 - INFO - 
2026-03-25 13:37:20,673 - INFO -    ⏱️ ОБЩЕЕ ВРЕМЯ: 155.89 сек (2.60 мин)
2026-03-25 13:37:20,673 - INFO - ============================================================
2026-03-25 13:37:20,705 - INFO - 
📌 [6/21] Обработка: SHIPMENT_HEADER
2026-03-25 13:37:20,705 - INFO - 
2026-03-25 13:37:20,705 - INFO - ============================================================
2026-03-25 13:37:20,705 - INFO - ТАБЛИЦА [6/21]: SHIPMENT_HEADER
2026-03-25 13:37:20,705 - INFO - ============================================================
2026-03-25 13:37:20,705 - INFO -    📁 Источник: ils, Поле даты: PLANNED_SHIP_DATE
2026-03-25 13:37:20,705 - INFO -    🔌 Шаг 1/6: Подключение к источнику (ils)...
2026-03-25 13:37:20,724 - INFO -       ✅ Подключено
2026-03-25 13:37:20,725 - INFO -    🔌 Шаг 2/6: Подключение к целевой БД...
2026-03-25 13:37:20,784 - INFO -       ✅ Подключено
2026-03-25 13:37:20,784 - INFO -    📋 Шаг 3/6: Получение структуры таблицы...
2026-03-25 13:37:20,790 - INFO -       ✅ Найдено колонок: 155
2026-03-25 13:37:20,790 - INFO -    📥 Шаг 4/6: Чтение данных из источника...
2026-03-25 13:37:21,371 - INFO -       ✅ Прочитано: 1,065 строк (за 0.58 сек)
2026-03-25 13:37:21,372 - INFO -    🗑️ Шаг 5/6: Удаление старых данных...
2026-03-25 13:37:21,393 - INFO -       🗑️ Удалено: 0 строк (за 0.02 сек)
2026-03-25 13:37:21,393 - INFO -    📊 Шаг 6/6: BULK INSERT...
2026-03-25 13:37:21,461 - INFO -       📁 CSV создан: 1.27 MB (за 0.07 сек)
2026-03-25 13:38:30,964 - INFO -       ✅ BULK INSERT: 1,065 строк за 69.50 сек
2026-03-25 13:38:30,965 - INFO -    🔍 Проверка...
2026-03-25 13:38:30,970 - INFO -       ✅ В target: 1,065 строк
2026-03-25 13:38:30,970 - INFO - 
2026-03-25 13:38:30,970 - INFO -    ⏱️ ОБЩЕЕ ВРЕМЯ: 70.27 сек (1.17 мин)
2026-03-25 13:38:30,970 - INFO - ============================================================
2026-03-25 13:38:30,973 - INFO - 
📌 [7/21] Обработка: TRANSACTION_HISTORY
2026-03-25 13:38:30,973 - INFO - 
2026-03-25 13:38:30,973 - INFO - ============================================================
2026-03-25 13:38:30,973 - INFO - ТАБЛИЦА [7/21]: TRANSACTION_HISTORY
2026-03-25 13:38:30,973 - INFO - ============================================================
2026-03-25 13:38:30,973 - INFO -    📁 Источник: ils, Поле даты: DATE_TIME_STAMP
2026-03-25 13:38:30,973 - INFO -    🔌 Шаг 1/6: Подключение к источнику (ils)...
2026-03-25 13:38:31,011 - INFO -       ✅ Подключено
2026-03-25 13:38:31,012 - INFO -    🔌 Шаг 2/6: Подключение к целевой БД...
2026-03-25 13:38:31,089 - INFO -       ✅ Подключено
2026-03-25 13:38:31,089 - INFO -    📋 Шаг 3/6: Получение структуры таблицы...
2026-03-25 13:38:31,109 - INFO -       ✅ Найдено колонок: 51
2026-03-25 13:38:31,109 - INFO -    📥 Шаг 4/6: Чтение данных из источника...
2026-03-25 13:38:42,258 - INFO -       ✅ Прочитано: 124,866 строк (за 11.15 сек)
2026-03-25 13:38:42,258 - INFO -    🗑️ Шаг 5/6: Удаление старых данных...
2026-03-25 13:38:42,268 - INFO -       🗑️ Удалено: 0 строк (за 0.01 сек)
2026-03-25 13:38:42,269 - INFO -    📊 Шаг 6/6: BULK INSERT...
2026-03-25 13:38:44,740 - INFO -       📁 CSV создан: 47.58 MB (за 2.47 сек)
