2026-03-25 13:29:10,444 - INFO - ================================================================================
2026-03-25 13:29:10,444 - INFO - 🚀 BULK INSERT: ОЧЕНЬ БЫСТРОЕ ОБНОВЛЕНИЕ ЗА 3 ДНЯ
2026-03-25 13:29:10,445 - INFO - ================================================================================
2026-03-25 13:29:10,445 - INFO - 📊 Всего таблиц: 21
2026-03-25 13:29:10,445 - INFO - 🎯 Целевая БД: olap2_fixed.raw_
2026-03-25 13:29:10,445 - INFO - ================================================================================
2026-03-25 13:29:10,445 - INFO - 
📌 [1/21] Обработка: ORDER_DETAIL
2026-03-25 13:29:10,445 - INFO - 
2026-03-25 13:29:10,445 - INFO - ============================================================
2026-03-25 13:29:10,445 - INFO - ТАБЛИЦА [1/21]: ORDER_DETAIL
2026-03-25 13:29:10,446 - INFO - ============================================================
2026-03-25 13:29:10,446 - INFO -    📁 Источник: ils, Поле даты: DATE_TIME_STAMP
2026-03-25 13:29:10,446 - INFO -    🔌 Шаг 1/6: Подключение к источнику (ils)...
2026-03-25 13:29:10,493 - INFO -       ✅ Подключено
2026-03-25 13:29:10,493 - INFO -    🔌 Шаг 2/6: Подключение к целевой БД...
2026-03-25 13:29:10,561 - INFO -       ✅ Подключено
2026-03-25 13:29:10,561 - INFO -    📋 Шаг 3/6: Получение структуры таблицы...
2026-03-25 13:29:10,577 - INFO -       ✅ Найдено колонок: 126
2026-03-25 13:29:10,577 - INFO -    📥 Шаг 4/6: Чтение данных из источника...
2026-03-25 13:29:10,582 - INFO -       ✅ Прочитано: 0 строк (за 0.00 сек)
2026-03-25 13:29:10,582 - INFO -       ℹ️ Нет данных
2026-03-25 13:29:10,582 - INFO - 
📌 [2/21] Обработка: ORDER_HEADER
2026-03-25 13:29:10,583 - INFO - 
2026-03-25 13:29:10,583 - INFO - ============================================================
2026-03-25 13:29:10,583 - INFO - ТАБЛИЦА [2/21]: ORDER_HEADER
2026-03-25 13:29:10,583 - INFO - ============================================================
2026-03-25 13:29:10,583 - INFO -    📁 Источник: ils, Поле даты: ORDER_DATE
2026-03-25 13:29:10,583 - INFO -    🔌 Шаг 1/6: Подключение к источнику (ils)...
2026-03-25 13:29:10,597 - INFO -       ✅ Подключено
2026-03-25 13:29:10,597 - INFO -    🔌 Шаг 2/6: Подключение к целевой БД...
2026-03-25 13:29:10,663 - INFO -       ✅ Подключено
2026-03-25 13:29:10,664 - INFO -    📋 Шаг 3/6: Получение структуры таблицы...
2026-03-25 13:29:10,678 - INFO -       ✅ Найдено колонок: 114
2026-03-25 13:29:10,679 - INFO -    📥 Шаг 4/6: Чтение данных из источника...
2026-03-25 13:29:10,684 - INFO -       ✅ Прочитано: 0 строк (за 0.00 сек)
2026-03-25 13:29:10,684 - INFO -       ℹ️ Нет данных
2026-03-25 13:29:10,685 - INFO - 
📌 [3/21] Обработка: RECEIPT_DETAIL
2026-03-25 13:29:10,685 - INFO - 
2026-03-25 13:29:10,685 - INFO - ============================================================
2026-03-25 13:29:10,685 - INFO - ТАБЛИЦА [3/21]: RECEIPT_DETAIL
2026-03-25 13:29:10,685 - INFO - ============================================================
2026-03-25 13:29:10,686 - INFO -    📁 Источник: ils, Поле даты: DATE_TIME_STAMP
2026-03-25 13:29:10,686 - INFO -    🔌 Шаг 1/6: Подключение к источнику (ils)...
2026-03-25 13:29:10,721 - INFO -       ✅ Подключено
2026-03-25 13:29:10,721 - INFO -    🔌 Шаг 2/6: Подключение к целевой БД...
2026-03-25 13:29:10,765 - INFO -       ✅ Подключено
2026-03-25 13:29:10,765 - INFO -    📋 Шаг 3/6: Получение структуры таблицы...
2026-03-25 13:29:10,779 - INFO -       ✅ Найдено колонок: 83
2026-03-25 13:29:10,780 - INFO -    📥 Шаг 4/6: Чтение данных из источника...
2026-03-25 13:29:10,938 - INFO -       ✅ Прочитано: 1,562 строк (за 0.16 сек)
2026-03-25 13:29:10,939 - INFO -    🗑️ Шаг 5/6: Удаление старых данных...
2026-03-25 13:29:10,990 - INFO -       🗑️ Удалено: 1,562 строк (за 0.05 сек)
2026-03-25 13:29:10,991 - INFO -    📊 Шаг 6/6: BULK INSERT...
2026-03-25 13:29:11,037 - INFO -       📁 CSV создан: 0.85 MB (за 0.05 сек)
2026-03-25 13:29:11,127 - INFO -       Выполняется BULK INSERT...
2026-03-25 13:29:11,131 - ERROR -       ❌ Ошибка BULK INSERT: (102, b"Incorrect syntax near '('.DB-Lib error message 20018, severity 15:\nGeneral SQL Server error: Check messages from the SQL Server\n")
2026-03-25 13:29:11,136 - ERROR -    ❌ ОШИБКА: (102, b"Incorrect syntax near '('.DB-Lib error message 20018, severity 15:\nGeneral SQL Server error: Check messages from the SQL Server\n")
2026-03-25 13:29:11,164 - INFO - 
📌 [4/21] Обработка: RECEIPT_HEADER
2026-03-25 13:29:11,164 - INFO - 
2026-03-25 13:29:11,165 - INFO - ============================================================
2026-03-25 13:29:11,165 - INFO - ТАБЛИЦА [4/21]: RECEIPT_HEADER
2026-03-25 13:29:11,165 - INFO - ============================================================
2026-03-25 13:29:11,165 - INFO -    📁 Источник: ils, Поле даты: RECEIPT_DATE
2026-03-25 13:29:11,165 - INFO -    🔌 Шаг 1/6: Подключение к источнику (ils)...
2026-03-25 13:29:11,178 - INFO -       ✅ Подключено
2026-03-25 13:29:11,178 - INFO -    🔌 Шаг 2/6: Подключение к целевой БД...
2026-03-25 13:29:11,223 - INFO -       ✅ Подключено
2026-03-25 13:29:11,223 - INFO -    📋 Шаг 3/6: Получение структуры таблицы...
2026-03-25 13:29:11,238 - INFO -       ✅ Найдено колонок: 81
2026-03-25 13:29:11,239 - INFO -    📥 Шаг 4/6: Чтение данных из источника...
2026-03-25 13:29:11,306 - INFO -       ✅ Прочитано: 341 строк (за 0.07 сек)
2026-03-25 13:29:11,306 - INFO -    🗑️ Шаг 5/6: Удаление старых данных...
2026-03-25 13:29:11,334 - INFO -       🗑️ Удалено: 341 строк (за 0.03 сек)
2026-03-25 13:29:11,335 - INFO -    📊 Шаг 6/6: BULK INSERT...
2026-03-25 13:29:11,356 - INFO -       📁 CSV создан: 0.23 MB (за 0.02 сек)
2026-03-25 13:29:11,409 - INFO -       Выполняется BULK INSERT...
2026-03-25 13:29:11,415 - ERROR -       ❌ Ошибка BULK INSERT: (102, b"Incorrect syntax near '('.DB-Lib error message 20018, severity 15:\nGeneral SQL Server error: Check messages from the SQL Server\n")
2026-03-25 13:29:11,421 - ERROR -    ❌ ОШИБКА: (102, b"Incorrect syntax near '('.DB-Lib error message 20018, severity 15:\nGeneral SQL Server error: Check messages from the SQL Server\n")
2026-03-25 13:29:11,427 - INFO - 
📌 [5/21] Обработка: SHIPMENT_DETAIL
2026-03-25 13:29:11,427 - INFO - 
2026-03-25 13:29:11,427 - INFO - ============================================================
2026-03-25 13:29:11,427 - INFO - ТАБЛИЦА [5/21]: SHIPMENT_DETAIL
2026-03-25 13:29:11,428 - INFO - ============================================================
2026-03-25 13:29:11,428 - INFO -    📁 Источник: ils, Поле даты: DATE_TIME_STAMP
2026-03-25 13:29:11,428 - INFO -    🔌 Шаг 1/6: Подключение к источнику (ils)...
2026-03-25 13:29:11,447 - INFO -       ✅ Подключено
2026-03-25 13:29:11,447 - INFO -    🔌 Шаг 2/6: Подключение к целевой БД...
2026-03-25 13:29:11,485 - INFO -       ✅ Подключено
2026-03-25 13:29:11,485 - INFO -    📋 Шаг 3/6: Получение структуры таблицы...
2026-03-25 13:29:11,505 - INFO -       ✅ Найдено колонок: 154
2026-03-25 13:29:11,505 - INFO -    📥 Шаг 4/6: Чтение данных из источника...
2026-03-25 13:29:13,768 - INFO -       ✅ Прочитано: 9,127 строк (за 2.26 сек)
2026-03-25 13:29:13,769 - INFO -    🗑️ Шаг 5/6: Удаление старых данных...
2026-03-25 13:29:14,022 - INFO -       🗑️ Удалено: 9,101 строк (за 0.25 сек)
2026-03-25 13:29:14,022 - INFO -    📊 Шаг 6/6: BULK INSERT...
2026-03-25 13:29:14,411 - INFO -       📁 CSV создан: 7.57 MB (за 0.39 сек)
2026-03-25 13:29:14,454 - INFO -       Выполняется BULK INSERT...
2026-03-25 13:29:14,458 - ERROR -       ❌ Ошибка BULK INSERT: (102, b"Incorrect syntax near '('.DB-Lib error message 20018, severity 15:\nGeneral SQL Server error: Check messages from the SQL Server\n")
2026-03-25 13:29:14,463 - ERROR -    ❌ ОШИБКА: (102, b"Incorrect syntax near '('.DB-Lib error message 20018, severity 15:\nGeneral SQL Server error: Check messages from the SQL Server\n")
2026-03-25 13:29:14,490 - INFO - 
📌 [6/21] Обработка: SHIPMENT_HEADER
2026-03-25 13:29:14,491 - INFO - 
2026-03-25 13:29:14,491 - INFO - ============================================================
2026-03-25 13:29:14,491 - INFO - ТАБЛИЦА [6/21]: SHIPMENT_HEADER
2026-03-25 13:29:14,491 - INFO - ============================================================
2026-03-25 13:29:14,491 - INFO -    📁 Источник: ils, Поле даты: PLANNED_SHIP_DATE
2026-03-25 13:29:14,491 - INFO -    🔌 Шаг 1/6: Подключение к источнику (ils)...
2026-03-25 13:29:14,510 - INFO -       ✅ Подключено
2026-03-25 13:29:14,510 - INFO -    🔌 Шаг 2/6: Подключение к целевой БД...
2026-03-25 13:29:14,558 - INFO -       ✅ Подключено
2026-03-25 13:29:14,559 - INFO -    📋 Шаг 3/6: Получение структуры таблицы...
2026-03-25 13:29:14,577 - INFO -       ✅ Найдено колонок: 155
2026-03-25 13:29:14,577 - INFO -    📥 Шаг 4/6: Чтение данных из источника...
2026-03-25 13:29:15,087 - INFO -       ✅ Прочитано: 1,064 строк (за 0.51 сек)
2026-03-25 13:29:15,087 - INFO -    🗑️ Шаг 5/6: Удаление старых данных...
2026-03-25 13:29:15,169 - INFO -       🗑️ Удалено: 1,057 строк (за 0.08 сек)
2026-03-25 13:29:15,169 - INFO -    📊 Шаг 6/6: BULK INSERT...
2026-03-25 13:29:15,225 - INFO -       📁 CSV создан: 1.27 MB (за 0.06 сек)
2026-03-25 13:29:15,268 - INFO -       Выполняется BULK INSERT...
2026-03-25 13:29:15,271 - ERROR -       ❌ Ошибка BULK INSERT: (102, b"Incorrect syntax near '('.DB-Lib error message 20018, severity 15:\nGeneral SQL Server error: Check messages from the SQL Server\n")
2026-03-25 13:29:15,276 - ERROR -    ❌ ОШИБКА: (102, b"Incorrect syntax near '('.DB-Lib error message 20018, severity 15:\nGeneral SQL Server error: Check messages from the SQL Server\n")
2026-03-25 13:29:15,281 - INFO - 
📌 [7/21] Обработка: TRANSACTION_HISTORY
2026-03-25 13:29:15,281 - INFO - 
2026-03-25 13:29:15,281 - INFO - ============================================================
2026-03-25 13:29:15,281 - INFO - ТАБЛИЦА [7/21]: TRANSACTION_HISTORY
2026-03-25 13:29:15,281 - INFO - ============================================================
2026-03-25 13:29:15,281 - INFO -    📁 Источник: ils, Поле даты: DATE_TIME_STAMP
2026-03-25 13:29:15,282 - INFO -    🔌 Шаг 1/6: Подключение к источнику (ils)...
2026-03-25 13:29:15,299 - INFO -       ✅ Подключено
2026-03-25 13:29:15,299 - INFO -    🔌 Шаг 2/6: Подключение к целевой БД...
2026-03-25 13:29:15,359 - INFO -       ✅ Подключено
2026-03-25 13:29:15,359 - INFO -    📋 Шаг 3/6: Получение структуры таблицы...
2026-03-25 13:29:15,382 - INFO -       ✅ Найдено колонок: 51
2026-03-25 13:29:15,382 - INFO -    📥 Шаг 4/6: Чтение данных из источника...
2026-03-25 13:29:23,728 - INFO -       ✅ Прочитано: 124,599 строк (за 8.35 сек)
2026-03-25 13:29:23,728 - INFO -    🗑️ Шаг 5/6: Удаление старых данных...
2026-03-25 13:29:26,804 - INFO -       🗑️ Удалено: 123,857 строк (за 3.08 сек)
2026-03-25 13:29:26,805 - INFO -    📊 Шаг 6/6: BULK INSERT...
2026-03-25 13:29:29,579 - INFO -       📁 CSV создан: 47.48 MB (за 2.77 сек)
2026-03-25 13:29:29,632 - INFO -       Выполняется BULK INSERT...
2026-03-25 13:29:29,637 - ERROR -       ❌ Ошибка BULK INSERT: (102, b"Incorrect syntax near '('.DB-Lib error message 20018, severity 15:\nGeneral SQL Server error: Check messages from the SQL Server\n")
2026-03-25 13:29:29,642 - ERROR -    ❌ ОШИБКА: (102, b"Incorrect syntax near '('.DB-Lib error message 20018, severity 15:\nGeneral SQL Server error: Check messages from the SQL Server\n")
2026-03-25 13:29:29,759 - INFO - 
📌 [8/21] Обработка: WORK_INSTRUCTION_VIEW2
2026-03-25 13:29:29,759 - INFO - 
2026-03-25 13:29:29,759 - INFO - ============================================================
2026-03-25 13:29:29,759 - INFO - ТАБЛИЦА [8/21]: WORK_INSTRUCTION_VIEW2
2026-03-25 13:29:29,760 - INFO - ============================================================
2026-03-25 13:29:29,760 - INFO -    📁 Источник: ils, Поле даты: DATE_TIME_STAMP
2026-03-25 13:29:29,760 - INFO -    🔌 Шаг 1/6: Подключение к источнику (ils)...
2026-03-25 13:29:29,794 - INFO -       ✅ Подключено
2026-03-25 13:29:29,794 - INFO -    🔌 Шаг 2/6: Подключение к целевой БД...
2026-03-25 13:29:29,853 - INFO -       ✅ Подключено
2026-03-25 13:29:29,853 - INFO -    📋 Шаг 3/6: Получение структуры таблицы...
2026-03-25 13:29:29,871 - INFO -       ✅ Найдено колонок: 99
2026-03-25 13:29:29,871 - INFO -    📥 Шаг 4/6: Чтение данных из источника...
2026-03-25 13:29:34,073 - INFO -       ✅ Прочитано: 29,889 строк (за 4.20 сек)
2026-03-25 13:29:34,073 - INFO -    🗑️ Шаг 5/6: Удаление старых данных...
2026-03-25 13:29:38,643 - INFO -       🗑️ Удалено: 29,786 строк (за 4.57 сек)
2026-03-25 13:29:38,643 - INFO -    📊 Шаг 6/6: BULK INSERT...
2026-03-25 13:29:39,643 - INFO -       📁 CSV создан: 21.75 MB (за 1.00 сек)
2026-03-25 13:29:39,704 - INFO -       Выполняется BULK INSERT...
2026-03-25 13:29:39,707 - ERROR -       ❌ Ошибка BULK INSERT: (102, b"Incorrect syntax near '('.DB-Lib error message 20018, severity 15:\nGeneral SQL Server error: Check messages from the SQL Server\n")
2026-03-25 13:29:39,711 - ERROR -    ❌ ОШИБКА: (102, b"Incorrect syntax near '('.DB-Lib error message 20018, severity 15:\nGeneral SQL Server error: Check messages from the SQL Server\n")
2026-03-25 13:29:39,771 - INFO - 
📌 [9/21] Обработка: DOWNLOAD_ORDER_DETAIL
2026-03-25 13:29:39,772 - INFO - 
2026-03-25 13:29:39,772 - INFO - ============================================================
2026-03-25 13:29:39,772 - INFO - ТАБЛИЦА [9/21]: DOWNLOAD_ORDER_DETAIL
2026-03-25 13:29:39,772 - INFO - ============================================================
2026-03-25 13:29:39,772 - INFO -    📁 Источник: ils, Поле даты: DATE_TIME_STAMP
2026-03-25 13:29:39,772 - INFO -    🔌 Шаг 1/6: Подключение к источнику (ils)...
2026-03-25 13:29:39,845 - INFO -       ✅ Подключено
2026-03-25 13:29:39,845 - INFO -    🔌 Шаг 2/6: Подключение к целевой БД...
2026-03-25 13:29:39,885 - INFO -       ✅ Подключено
2026-03-25 13:29:39,886 - INFO -    📋 Шаг 3/6: Получение структуры таблицы...
2026-03-25 13:29:39,904 - INFO -       ✅ Найдено колонок: 127
2026-03-25 13:29:39,904 - INFO -    📥 Шаг 4/6: Чтение данных из источника...
2026-03-25 13:29:40,426 - INFO -       ✅ Прочитано: 6,439 строк (за 0.52 сек)
2026-03-25 13:29:40,426 - INFO -    🗑️ Шаг 5/6: Удаление старых данных...
2026-03-25 13:29:40,550 - INFO -       🗑️ Удалено: 6,430 строк (за 0.12 сек)
2026-03-25 13:29:40,551 - INFO -    📊 Шаг 6/6: BULK INSERT...
2026-03-25 13:29:40,687 - INFO -       📁 CSV создан: 2.54 MB (за 0.14 сек)
2026-03-25 13:29:40,743 - INFO -       Выполняется BULK INSERT...
2026-03-25 13:29:40,749 - ERROR -       ❌ Ошибка BULK INSERT: (102, b"Incorrect syntax near '('.DB-Lib error message 20018, severity 15:\nGeneral SQL Server error: Check messages from the SQL Server\n")
2026-03-25 13:29:40,757 - ERROR -    ❌ ОШИБКА: (102, b"Incorrect syntax near '('.DB-Lib error message 20018, severity 15:\nGeneral SQL Server error: Check messages from the SQL Server\n")
2026-03-25 13:29:40,767 - INFO - 
📌 [10/21] Обработка: DOWNLOAD_ORDER_HEADER
2026-03-25 13:29:40,767 - INFO - 
2026-03-25 13:29:40,767 - INFO - ============================================================
2026-03-25 13:29:40,767 - INFO - ТАБЛИЦА [10/21]: DOWNLOAD_ORDER_HEADER
2026-03-25 13:29:40,767 - INFO - ============================================================
2026-03-25 13:29:40,767 - INFO -    📁 Источник: ils, Поле даты: DATE_TIME_STAMP
2026-03-25 13:29:40,767 - INFO -    🔌 Шаг 1/6: Подключение к источнику (ils)...
2026-03-25 13:29:40,782 - INFO -       ✅ Подключено
2026-03-25 13:29:40,782 - INFO -    🔌 Шаг 2/6: Подключение к целевой БД...
2026-03-25 13:29:40,841 - INFO -       ✅ Подключено
2026-03-25 13:29:40,841 - INFO -    📋 Шаг 3/6: Получение структуры таблицы...
2026-03-25 13:29:40,864 - INFO -       ✅ Найдено колонок: 147
2026-03-25 13:29:40,864 - INFO -    📥 Шаг 4/6: Чтение данных из источника...
2026-03-25 13:29:41,344 - INFO -       ✅ Прочитано: 924 строк (за 0.48 сек)
2026-03-25 13:29:41,344 - INFO -    🗑️ Шаг 5/6: Удаление старых данных...
2026-03-25 13:29:41,390 - INFO -       🗑️ Удалено: 921 строк (за 0.05 сек)
2026-03-25 13:29:41,390 - INFO -    📊 Шаг 6/6: BULK INSERT...
2026-03-25 13:29:41,425 - INFO -       📁 CSV создан: 0.99 MB (за 0.03 сек)
2026-03-25 13:29:41,471 - INFO -       Выполняется BULK INSERT...
2026-03-25 13:29:41,475 - ERROR -       ❌ Ошибка BULK INSERT: (102, b"Incorrect syntax near '('.DB-Lib error message 20018, severity 15:\nGeneral SQL Server error: Check messages from the SQL Server\n")
2026-03-25 13:29:41,480 - ERROR -    ❌ ОШИБКА: (102, b"Incorrect syntax near '('.DB-Lib error message 20018, severity 15:\nGeneral SQL Server error: Check messages from the SQL Server\n")
2026-03-25 13:29:41,486 - INFO - 
📌 [11/21] Обработка: DOWNLOAD_RECEIPT_DETAIL
2026-03-25 13:29:41,486 - INFO - 
2026-03-25 13:29:41,486 - INFO - ============================================================
2026-03-25 13:29:41,486 - INFO - ТАБЛИЦА [11/21]: DOWNLOAD_RECEIPT_DETAIL
2026-03-25 13:29:41,486 - INFO - ============================================================
2026-03-25 13:29:41,486 - INFO -    📁 Источник: ils, Поле даты: DATE_TIME_STAMP
2026-03-25 13:29:41,486 - INFO -    🔌 Шаг 1/6: Подключение к источнику (ils)...
2026-03-25 13:29:41,526 - INFO -       ✅ Подключено
2026-03-25 13:29:41,526 - INFO -    🔌 Шаг 2/6: Подключение к целевой БД...
2026-03-25 13:29:41,600 - INFO -       ✅ Подключено
2026-03-25 13:29:41,600 - INFO -    📋 Шаг 3/6: Получение структуры таблицы...
2026-03-25 13:29:41,627 - INFO -       ✅ Найдено колонок: 77
2026-03-25 13:29:41,627 - INFO -    📥 Шаг 4/6: Чтение данных из источника...
2026-03-25 13:29:41,760 - INFO -       ✅ Прочитано: 1,506 строк (за 0.13 сек)
2026-03-25 13:29:41,760 - INFO -    🗑️ Шаг 5/6: Удаление старых данных...
2026-03-25 13:29:41,798 - INFO -       🗑️ Удалено: 1,506 строк (за 0.04 сек)
2026-03-25 13:29:41,799 - INFO -    📊 Шаг 6/6: BULK INSERT...
2026-03-25 13:29:41,833 - INFO -       📁 CSV создан: 0.62 MB (за 0.03 сек)
2026-03-25 13:29:41,900 - INFO -       Выполняется BULK INSERT...
2026-03-25 13:29:41,903 - ERROR -       ❌ Ошибка BULK INSERT: (102, b"Incorrect syntax near '('.DB-Lib error message 20018, severity 15:\nGeneral SQL Server error: Check messages from the SQL Server\n")
2026-03-25 13:29:41,908 - ERROR -    ❌ ОШИБКА: (102, b"Incorrect syntax near '('.DB-Lib error message 20018, severity 15:\nGeneral SQL Server error: Check messages from the SQL Server\n")
2026-03-25 13:29:41,912 - INFO - 
📌 [12/21] Обработка: DOWNLOAD_RECEIPT_HEADER
2026-03-25 13:29:41,912 - INFO - 
2026-03-25 13:29:41,912 - INFO - ============================================================
2026-03-25 13:29:41,912 - INFO - ТАБЛИЦА [12/21]: DOWNLOAD_RECEIPT_HEADER
2026-03-25 13:29:41,912 - INFO - ============================================================
2026-03-25 13:29:41,912 - INFO -    📁 Источник: ils, Поле даты: DATE_TIME_STAMP
2026-03-25 13:29:41,912 - INFO -    🔌 Шаг 1/6: Подключение к источнику (ils)...
2026-03-25 13:29:41,995 - INFO -       ✅ Подключено
2026-03-25 13:29:41,995 - INFO -    🔌 Шаг 2/6: Подключение к целевой БД...
2026-03-25 13:29:42,036 - INFO -       ✅ Подключено
2026-03-25 13:29:42,036 - INFO -    📋 Шаг 3/6: Получение структуры таблицы...
2026-03-25 13:29:42,052 - INFO -       ✅ Найдено колонок: 66
2026-03-25 13:29:42,052 - INFO -    📥 Шаг 4/6: Чтение данных из источника...
2026-03-25 13:29:42,096 - INFO -       ✅ Прочитано: 299 строк (за 0.04 сек)
2026-03-25 13:29:42,097 - INFO -    🗑️ Шаг 5/6: Удаление старых данных...
2026-03-25 13:29:42,120 - INFO -       🗑️ Удалено: 299 строк (за 0.02 сек)
2026-03-25 13:29:42,120 - INFO -    📊 Шаг 6/6: BULK INSERT...
2026-03-25 13:29:42,127 - INFO -       📁 CSV создан: 0.16 MB (за 0.01 сек)
2026-03-25 13:29:42,165 - INFO -       Выполняется BULK INSERT...
2026-03-25 13:29:42,168 - ERROR -       ❌ Ошибка BULK INSERT: (102, b"Incorrect syntax near '('.DB-Lib error message 20018, severity 15:\nGeneral SQL Server error: Check messages from the SQL Server\n")
2026-03-25 13:29:42,173 - ERROR -    ❌ ОШИБКА: (102, b"Incorrect syntax near '('.DB-Lib error message 20018, severity 15:\nGeneral SQL Server error: Check messages from the SQL Server\n")
2026-03-25 13:29:42,178 - INFO - 
📌 [13/21] Обработка: UPLOAD_ORDER_DETAIL
2026-03-25 13:29:42,178 - INFO - 
2026-03-25 13:29:42,178 - INFO - ============================================================
2026-03-25 13:29:42,178 - INFO - ТАБЛИЦА [13/21]: UPLOAD_ORDER_DETAIL
2026-03-25 13:29:42,178 - INFO - ============================================================
2026-03-25 13:29:42,178 - INFO -    📁 Источник: ils, Поле даты: DATE_TIME_STAMP
2026-03-25 13:29:42,178 - INFO -    🔌 Шаг 1/6: Подключение к источнику (ils)...
2026-03-25 13:29:42,196 - INFO -       ✅ Подключено
2026-03-25 13:29:42,196 - INFO -    🔌 Шаг 2/6: Подключение к целевой БД...
2026-03-25 13:29:42,232 - INFO -       ✅ Подключено
2026-03-25 13:29:42,232 - INFO -    📋 Шаг 3/6: Получение структуры таблицы...
2026-03-25 13:29:42,252 - INFO -       ✅ Найдено колонок: 137
2026-03-25 13:29:42,253 - INFO -    📥 Шаг 4/6: Чтение данных из источника...
2026-03-25 13:29:43,228 - INFO -       ✅ Прочитано: 7,533 строк (за 0.98 сек)
2026-03-25 13:29:43,228 - INFO -    🗑️ Шаг 5/6: Удаление старых данных...
2026-03-25 13:29:43,491 - INFO -       🗑️ Удалено: 7,533 строк (за 0.26 сек)
2026-03-25 13:29:43,491 - INFO -    📊 Шаг 6/6: BULK INSERT...
2026-03-25 13:29:43,754 - INFO -       📁 CSV создан: 5.94 MB (за 0.26 сек)
2026-03-25 13:29:43,800 - INFO -       Выполняется BULK INSERT...
2026-03-25 13:29:43,805 - ERROR -       ❌ Ошибка BULK INSERT: (102, b"Incorrect syntax near '('.DB-Lib error message 20018, severity 15:\nGeneral SQL Server error: Check messages from the SQL Server\n")
2026-03-25 13:29:43,814 - ERROR -    ❌ ОШИБКА: (102, b"Incorrect syntax near '('.DB-Lib error message 20018, severity 15:\nGeneral SQL Server error: Check messages from the SQL Server\n")
2026-03-25 13:29:43,831 - INFO - 
📌 [14/21] Обработка: UPLOAD_ORDER_HEADER
2026-03-25 13:29:43,832 - INFO - 
2026-03-25 13:29:43,832 - INFO - ============================================================
2026-03-25 13:29:43,832 - INFO - ТАБЛИЦА [14/21]: UPLOAD_ORDER_HEADER
2026-03-25 13:29:43,832 - INFO - ============================================================
2026-03-25 13:29:43,832 - INFO -    📁 Источник: ils, Поле даты: DATE_TIME_STAMP
2026-03-25 13:29:43,832 - INFO -    🔌 Шаг 1/6: Подключение к источнику (ils)...
2026-03-25 13:29:43,915 - INFO -       ✅ Подключено
2026-03-25 13:29:43,915 - INFO -    🔌 Шаг 2/6: Подключение к целевой БД...
2026-03-25 13:29:43,991 - INFO -       ✅ Подключено
2026-03-25 13:29:43,991 - INFO -    📋 Шаг 3/6: Получение структуры таблицы...
2026-03-25 13:29:44,020 - INFO -       ✅ Найдено колонок: 158
2026-03-25 13:29:44,020 - INFO -    📥 Шаг 4/6: Чтение данных из источника...
2026-03-25 13:29:44,563 - INFO -       ✅ Прочитано: 1,123 строк (за 0.54 сек)
2026-03-25 13:29:44,563 - INFO -    🗑️ Шаг 5/6: Удаление старых данных...
2026-03-25 13:29:44,624 - INFO -       🗑️ Удалено: 1,123 строк (за 0.06 сек)
2026-03-25 13:29:44,624 - INFO -    📊 Шаг 6/6: BULK INSERT...
2026-03-25 13:29:44,678 - INFO -       📁 CSV создан: 1.38 MB (за 0.05 сек)
2026-03-25 13:29:44,722 - INFO -       Выполняется BULK INSERT...
2026-03-25 13:29:44,727 - ERROR -       ❌ Ошибка BULK INSERT: (102, b"Incorrect syntax near '('.DB-Lib error message 20018, severity 15:\nGeneral SQL Server error: Check messages from the SQL Server\n")
2026-03-25 13:29:44,735 - ERROR -    ❌ ОШИБКА: (102, b"Incorrect syntax near '('.DB-Lib error message 20018, severity 15:\nGeneral SQL Server error: Check messages from the SQL Server\n")
2026-03-25 13:29:44,739 - INFO - 
📌 [15/21] Обработка: UPLOAD_RECEIPT_DETAIL
2026-03-25 13:29:44,739 - INFO - 
2026-03-25 13:29:44,739 - INFO - ============================================================
2026-03-25 13:29:44,739 - INFO - ТАБЛИЦА [15/21]: UPLOAD_RECEIPT_DETAIL
2026-03-25 13:29:44,739 - INFO - ============================================================
2026-03-25 13:29:44,739 - INFO -    📁 Источник: ils, Поле даты: DATE_TIME_STAMP
2026-03-25 13:29:44,739 - INFO -    🔌 Шаг 1/6: Подключение к источнику (ils)...
2026-03-25 13:29:44,759 - INFO -       ✅ Подключено
2026-03-25 13:29:44,760 - INFO -    🔌 Шаг 2/6: Подключение к целевой БД...
2026-03-25 13:29:44,803 - INFO -       ✅ Подключено
2026-03-25 13:29:44,803 - INFO -    📋 Шаг 3/6: Получение структуры таблицы...
2026-03-25 13:29:44,825 - INFO -       ✅ Найдено колонок: 84
2026-03-25 13:29:44,825 - INFO -    📥 Шаг 4/6: Чтение данных из источника...
2026-03-25 13:29:44,950 - INFO -       ✅ Прочитано: 1,134 строк (за 0.12 сек)
2026-03-25 13:29:44,950 - INFO -    🗑️ Шаг 5/6: Удаление старых данных...
2026-03-25 13:29:44,981 - INFO -       🗑️ Удалено: 1,133 строк (за 0.03 сек)
2026-03-25 13:29:44,981 - INFO -    📊 Шаг 6/6: BULK INSERT...
2026-03-25 13:29:45,013 - INFO -       📁 CSV создан: 0.72 MB (за 0.03 сек)
2026-03-25 13:29:45,061 - INFO -       Выполняется BULK INSERT...
2026-03-25 13:29:45,067 - ERROR -       ❌ Ошибка BULK INSERT: (102, b"Incorrect syntax near '('.DB-Lib error message 20018, severity 15:\nGeneral SQL Server error: Check messages from the SQL Server\n")
2026-03-25 13:29:45,072 - ERROR -    ❌ ОШИБКА: (102, b"Incorrect syntax near '('.DB-Lib error message 20018, severity 15:\nGeneral SQL Server error: Check messages from the SQL Server\n")
2026-03-25 13:29:45,075 - INFO - 
📌 [16/21] Обработка: UPLOAD_RECEIPT_HEADER
2026-03-25 13:29:45,075 - INFO - 
2026-03-25 13:29:45,075 - INFO - ============================================================
2026-03-25 13:29:45,076 - INFO - ТАБЛИЦА [16/21]: UPLOAD_RECEIPT_HEADER
2026-03-25 13:29:45,076 - INFO - ============================================================
2026-03-25 13:29:45,076 - INFO -    📁 Источник: ils, Поле даты: DATE_TIME_STAMP
2026-03-25 13:29:45,076 - INFO -    🔌 Шаг 1/6: Подключение к источнику (ils)...
2026-03-25 13:29:45,094 - INFO -       ✅ Подключено
2026-03-25 13:29:45,094 - INFO -    🔌 Шаг 2/6: Подключение к целевой БД...
2026-03-25 13:29:45,136 - INFO -       ✅ Подключено
2026-03-25 13:29:45,136 - INFO -    📋 Шаг 3/6: Получение структуры таблицы...
2026-03-25 13:29:45,152 - INFO -       ✅ Найдено колонок: 76
2026-03-25 13:29:45,152 - INFO -    📥 Шаг 4/6: Чтение данных из источника...
2026-03-25 13:29:45,192 - INFO -       ✅ Прочитано: 242 строк (за 0.04 сек)
2026-03-25 13:29:45,192 - INFO -    🗑️ Шаг 5/6: Удаление старых данных...
2026-03-25 13:29:45,216 - INFO -       🗑️ Удалено: 241 строк (за 0.02 сек)
2026-03-25 13:29:45,216 - INFO -    📊 Шаг 6/6: BULK INSERT...
2026-03-25 13:29:45,231 - INFO -       📁 CSV создан: 0.16 MB (за 0.01 сек)
2026-03-25 13:29:45,268 - INFO -       Выполняется BULK INSERT...
2026-03-25 13:29:45,271 - ERROR -       ❌ Ошибка BULK INSERT: (102, b"Incorrect syntax near '('.DB-Lib error message 20018, severity 15:\nGeneral SQL Server error: Check messages from the SQL Server\n")
2026-03-25 13:29:45,276 - ERROR -    ❌ ОШИБКА: (102, b"Incorrect syntax near '('.DB-Lib error message 20018, severity 15:\nGeneral SQL Server error: Check messages from the SQL Server\n")
2026-03-25 13:29:45,278 - INFO - 
📌 [17/21] Обработка: CYCLE_COUNT_REQUEST
2026-03-25 13:29:45,278 - INFO - 
2026-03-25 13:29:45,278 - INFO - ============================================================
2026-03-25 13:29:45,279 - INFO - ТАБЛИЦА [17/21]: CYCLE_COUNT_REQUEST
2026-03-25 13:29:45,279 - INFO - ============================================================
2026-03-25 13:29:45,279 - INFO -    📁 Источник: ils, Поле даты: DATE_TIME_STAMP
2026-03-25 13:29:45,279 - INFO -    🔌 Шаг 1/6: Подключение к источнику (ils)...
2026-03-25 13:29:45,292 - INFO -       ✅ Подключено
2026-03-25 13:29:45,292 - INFO -    🔌 Шаг 2/6: Подключение к целевой БД...
2026-03-25 13:29:45,354 - INFO -       ✅ Подключено
2026-03-25 13:29:45,354 - INFO -    📋 Шаг 3/6: Получение структуры таблицы...
2026-03-25 13:29:45,369 - INFO -       ✅ Найдено колонок: 39
2026-03-25 13:29:45,370 - INFO -    📥 Шаг 4/6: Чтение данных из источника...
2026-03-25 13:29:45,992 - INFO -       ✅ Прочитано: 33 строк (за 0.62 сек)
2026-03-25 13:29:45,992 - INFO -    🗑️ Шаг 5/6: Удаление старых данных...
2026-03-25 13:29:46,012 - INFO -       🗑️ Удалено: 32 строк (за 0.02 сек)
2026-03-25 13:29:46,013 - INFO -    📊 Шаг 6/6: BULK INSERT...
2026-03-25 13:29:46,017 - INFO -       📁 CSV создан: 0.01 MB (за 0.00 сек)
2026-03-25 13:29:46,083 - INFO -       Выполняется BULK INSERT...
2026-03-25 13:29:46,086 - ERROR -       ❌ Ошибка BULK INSERT: (102, b"Incorrect syntax near '('.DB-Lib error message 20018, severity 15:\nGeneral SQL Server error: Check messages from the SQL Server\n")
2026-03-25 13:29:46,091 - ERROR -    ❌ ОШИБКА: (102, b"Incorrect syntax near '('.DB-Lib error message 20018, severity 15:\nGeneral SQL Server error: Check messages from the SQL Server\n")
2026-03-25 13:29:46,096 - INFO - 
📌 [18/21] Обработка: labor_management_detail_view
2026-03-25 13:29:46,096 - INFO - 
2026-03-25 13:29:46,096 - INFO - ============================================================
2026-03-25 13:29:46,096 - INFO - ТАБЛИЦА [18/21]: labor_management_detail_view
2026-03-25 13:29:46,096 - INFO - ============================================================
2026-03-25 13:29:46,096 - INFO -    📁 Источник: ils, Поле даты: DATE_TIME_STAMP
2026-03-25 13:29:46,096 - INFO -    🔌 Шаг 1/6: Подключение к источнику (ils)...
2026-03-25 13:29:46,141 - INFO -       ✅ Подключено
2026-03-25 13:29:46,142 - INFO -    🔌 Шаг 2/6: Подключение к целевой БД...
2026-03-25 13:29:46,206 - INFO -       ✅ Подключено
2026-03-25 13:29:46,206 - INFO -    📋 Шаг 3/6: Получение структуры таблицы...
2026-03-25 13:29:46,223 - INFO -       ✅ Найдено колонок: 54
2026-03-25 13:29:46,223 - INFO -    📥 Шаг 4/6: Чтение данных из источника...
2026-03-25 13:29:47,452 - INFO -       ✅ Прочитано: 3,634 строк (за 1.23 сек)
2026-03-25 13:29:47,452 - INFO -    🗑️ Шаг 5/6: Удаление старых данных...
2026-03-25 13:29:47,558 - INFO -       🗑️ Удалено: 3,634 строк (за 0.11 сек)
2026-03-25 13:29:47,558 - INFO -    📊 Шаг 6/6: BULK INSERT...
2026-03-25 13:29:47,642 - INFO -       📁 CSV создан: 0.76 MB (за 0.08 сек)
2026-03-25 13:29:47,677 - INFO -       Выполняется BULK INSERT...
2026-03-25 13:29:47,683 - ERROR -       ❌ Ошибка BULK INSERT: (102, b"Incorrect syntax near '('.DB-Lib error message 20018, severity 15:\nGeneral SQL Server error: Check messages from the SQL Server\n")
2026-03-25 13:29:47,688 - ERROR -    ❌ ОШИБКА: (102, b"Incorrect syntax near '('.DB-Lib error message 20018, severity 15:\nGeneral SQL Server error: Check messages from the SQL Server\n")
2026-03-25 13:29:47,692 - INFO - 
📌 [19/21] Обработка: UPLOAD_RECEIPT_CONTAINER
2026-03-25 13:29:47,692 - INFO - 
2026-03-25 13:29:47,692 - INFO - ============================================================
2026-03-25 13:29:47,692 - INFO - ТАБЛИЦА [19/21]: UPLOAD_RECEIPT_CONTAINER
2026-03-25 13:29:47,692 - INFO - ============================================================
2026-03-25 13:29:47,693 - INFO -    📁 Источник: ils, Поле даты: DATE_TIME_STAMP
2026-03-25 13:29:47,693 - INFO -    🔌 Шаг 1/6: Подключение к источнику (ils)...
2026-03-25 13:29:47,707 - INFO -       ✅ Подключено
2026-03-25 13:29:47,707 - INFO -    🔌 Шаг 2/6: Подключение к целевой БД...
2026-03-25 13:29:47,746 - INFO -       ✅ Подключено
2026-03-25 13:29:47,747 - INFO -    📋 Шаг 3/6: Получение структуры таблицы...
2026-03-25 13:29:47,766 - INFO -       ✅ Найдено колонок: 59
2026-03-25 13:29:47,766 - INFO -    📥 Шаг 4/6: Чтение данных из источника...
2026-03-25 13:29:47,894 - INFO -       ✅ Прочитано: 1,394 строк (за 0.13 сек)
2026-03-25 13:29:47,894 - INFO -    🗑️ Шаг 5/6: Удаление старых данных...
2026-03-25 13:29:47,952 - INFO -       🗑️ Удалено: 1,393 строк (за 0.06 сек)
2026-03-25 13:29:47,953 - INFO -    📊 Шаг 6/6: BULK INSERT...
2026-03-25 13:29:47,981 - INFO -       📁 CSV создан: 0.67 MB (за 0.03 сек)
2026-03-25 13:29:48,018 - INFO -       Выполняется BULK INSERT...
2026-03-25 13:29:48,025 - ERROR -       ❌ Ошибка BULK INSERT: (102, b"Incorrect syntax near '('.DB-Lib error message 20018, severity 15:\nGeneral SQL Server error: Check messages from the SQL Server\n")
2026-03-25 13:29:48,033 - ERROR -    ❌ ОШИБКА: (102, b"Incorrect syntax near '('.DB-Lib error message 20018, severity 15:\nGeneral SQL Server error: Check messages from the SQL Server\n")
2026-03-25 13:29:48,036 - INFO - 
📌 [20/21] Обработка: eks_peremer_ZX_KPP
2026-03-25 13:29:48,036 - INFO - 
2026-03-25 13:29:48,036 - INFO - ============================================================
2026-03-25 13:29:48,036 - INFO - ТАБЛИЦА [20/21]: eks_peremer_ZX_KPP
2026-03-25 13:29:48,036 - INFO - ============================================================
2026-03-25 13:29:48,036 - INFO -    📁 Источник: sk, Поле даты: date_time_stamp
2026-03-25 13:29:48,036 - INFO -    🔌 Шаг 1/6: Подключение к источнику (sk)...
2026-03-25 13:29:48,076 - INFO -       ✅ Подключено
2026-03-25 13:29:48,077 - INFO -    🔌 Шаг 2/6: Подключение к целевой БД...
2026-03-25 13:29:48,113 - INFO -       ✅ Подключено
2026-03-25 13:29:48,113 - INFO -    📋 Шаг 3/6: Получение структуры таблицы...
2026-03-25 13:29:48,129 - INFO -       ✅ Найдено колонок: 7
2026-03-25 13:29:48,129 - INFO -    📥 Шаг 4/6: Чтение данных из источника...
2026-03-25 13:29:48,145 - INFO -       ✅ Прочитано: 16 строк (за 0.02 сек)
2026-03-25 13:29:48,146 - INFO -    🗑️ Шаг 5/6: Удаление старых данных...
2026-03-25 13:29:48,160 - INFO -       🗑️ Удалено: 16 строк (за 0.01 сек)
2026-03-25 13:29:48,160 - INFO -    📊 Шаг 6/6: BULK INSERT...
2026-03-25 13:29:48,161 - INFO -       📁 CSV создан: 0.00 MB (за 0.00 сек)
2026-03-25 13:29:48,192 - INFO -       Выполняется BULK INSERT...
2026-03-25 13:29:48,197 - ERROR -       ❌ Ошибка BULK INSERT: (102, b"Incorrect syntax near '('.DB-Lib error message 20018, severity 15:\nGeneral SQL Server error: Check messages from the SQL Server\n")
2026-03-25 13:29:48,203 - ERROR -    ❌ ОШИБКА: (102, b"Incorrect syntax near '('.DB-Lib error message 20018, severity 15:\nGeneral SQL Server error: Check messages from the SQL Server\n")
2026-03-25 13:29:48,205 - INFO - 
📌 [21/21] Обработка: Shtraf_Edit
2026-03-25 13:29:48,205 - INFO - 
2026-03-25 13:29:48,205 - INFO - ============================================================
2026-03-25 13:29:48,205 - INFO - ТАБЛИЦА [21/21]: Shtraf_Edit
2026-03-25 13:29:48,206 - INFO - ============================================================
2026-03-25 13:29:48,206 - INFO -    📁 Источник: sk, Поле даты: date_time_stamp
2026-03-25 13:29:48,206 - INFO -    🔌 Шаг 1/6: Подключение к источнику (sk)...
2026-03-25 13:29:48,218 - INFO -       ✅ Подключено
2026-03-25 13:29:48,218 - INFO -    🔌 Шаг 2/6: Подключение к целевой БД...
2026-03-25 13:29:48,258 - INFO -       ✅ Подключено
2026-03-25 13:29:48,258 - INFO -    📋 Шаг 3/6: Получение структуры таблицы...
2026-03-25 13:29:48,271 - INFO -       ✅ Найдено колонок: 12
2026-03-25 13:29:48,271 - INFO -    📥 Шаг 4/6: Чтение данных из источника...
2026-03-25 13:29:48,277 - INFO -       ✅ Прочитано: 10 строк (за 0.01 сек)
2026-03-25 13:29:48,277 - INFO -    🗑️ Шаг 5/6: Удаление старых данных...
2026-03-25 13:29:48,292 - INFO -       🗑️ Удалено: 10 строк (за 0.01 сек)
2026-03-25 13:29:48,292 - INFO -    📊 Шаг 6/6: BULK INSERT...
2026-03-25 13:29:48,293 - INFO -       📁 CSV создан: 0.00 MB (за 0.00 сек)
2026-03-25 13:29:48,325 - INFO -       Выполняется BULK INSERT...
2026-03-25 13:29:48,332 - ERROR -       ❌ Ошибка BULK INSERT: (102, b"Incorrect syntax near '('.DB-Lib error message 20018, severity 15:\nGeneral SQL Server error: Check messages from the SQL Server\n")
2026-03-25 13:29:48,337 - ERROR -    ❌ ОШИБКА: (102, b"Incorrect syntax near '('.DB-Lib error message 20018, severity 15:\nGeneral SQL Server error: Check messages from the SQL Server\n")
2026-03-25 13:29:48,340 - INFO - 
================================================================================
2026-03-25 13:29:48,340 - INFO - 🏁 ЗАВЕРШЕНО
2026-03-25 13:29:48,340 - INFO - ================================================================================
2026-03-25 13:29:48,340 - INFO - ✅ Успешно: 2/21
2026-03-25 13:29:48,340 - INFO - ❌ Ошибок: 19
2026-03-25 13:29:48,340 - INFO - ⏱️ Общее время: 37.89 сек (0.63 мин)
2026-03-25 13:29:48,340 - INFO - ================================================================================
