2026-03-25 10:54:36,295 - INFO - ╔==============================================================================╗
2026-03-25 10:54:36,295 - INFO - ║                    3-ДНЕВНЫЙ ETL ПАЙПЛАЙН                                 ║
2026-03-25 10:54:36,296 - INFO - ╚==============================================================================╝
2026-03-25 10:54:36,296 - INFO - 📅 Время запуска: 2026-03-25 10:54:36
2026-03-25 10:54:36,296 - INFO - 📁 Директория: C:\Users\A.Gorbatenko\Documents\Dashboard\script
2026-03-25 10:54:36,297 - INFO - ================================================================================
2026-03-25 10:54:36,297 - INFO - ================================================================================
2026-03-25 10:54:36,297 - INFO - ШАГ 1: Обновление сырых данных (reload_3days.py)
2026-03-25 10:54:36,297 - INFO - ================================================================================
2026-03-25 10:54:36,297 - INFO - 🚀 Запуск: C:\Users\A.Gorbatenko\Documents\Dashboard\script\reload_3days.py
2026-03-25 10:54:36,297 - INFO - --------------------------------------------------------------------------------
2026-03-25 10:54:36,599 - INFO -   2026-03-25 10:54:36,599 - INFO - ================================================================================
2026-03-25 10:54:36,603 - INFO -   2026-03-25 10:54:36,599 - INFO - \U0001f680 ПЕРЕЗАПИСЬ ДАННЫХ ЗА ПОСЛЕДНИЕ 3 ДНЯ
2026-03-25 10:54:36,604 - INFO -   2026-03-25 10:54:36,599 - INFO - ================================================================================
2026-03-25 10:54:36,604 - INFO -   2026-03-25 10:54:36,600 - INFO - \U0001f4ca Всего таблиц: 21
2026-03-25 10:54:36,604 - INFO -   2026-03-25 10:54:36,600 - INFO - \U0001f4c1 Источники: ils (19 таблиц), sk (2 таблицы)
2026-03-25 10:54:36,605 - INFO -   2026-03-25 10:54:36,600 - INFO - \U0001f3af Целевая БД: olap2_fixed.raw_
2026-03-25 10:54:36,607 - INFO -   2026-03-25 10:54:36,600 - INFO - \U0001f4c5 Период: 2026-03-22 - 2026-03-25
2026-03-25 10:54:36,607 - INFO -   2026-03-25 10:54:36,600 - INFO - ================================================================================
2026-03-25 10:54:36,610 - INFO -   2026-03-25 10:54:36,600 - INFO -
2026-03-25 10:54:36,611 - INFO -   2026-03-25 10:54:36,600 - INFO - ============================================================
2026-03-25 10:54:36,611 - INFO -   2026-03-25 10:54:36,600 - INFO - ТАБЛИЦА [1/21]: ORDER_DETAIL
2026-03-25 10:54:36,611 - INFO -   2026-03-25 10:54:36,600 - INFO - ============================================================
2026-03-25 10:54:36,611 - INFO -   2026-03-25 10:54:36,600 - INFO -    \U0001f4c1 Источник: ils, Поле даты: DATE_TIME_STAMP
2026-03-25 10:54:36,612 - INFO -   2026-03-25 10:54:36,601 - INFO -    \U0001f4c5 Период: 2026-03-22 10:54 - 2026-03-25 10:54
2026-03-25 10:54:36,612 - INFO -   2026-03-25 10:54:36,601 - INFO -    \U0001f50c Шаг 1/5: Подключение к источнику (ils)...
2026-03-25 10:54:36,737 - INFO -   2026-03-25 10:54:36,736 - INFO -       \u2705 Подключено
2026-03-25 10:54:36,752 - INFO -   2026-03-25 10:54:36,736 - INFO -    \U0001f50c Шаг 2/5: Подключение к целевой БД...
2026-03-25 10:54:36,817 - INFO -   2026-03-25 10:54:36,816 - INFO -       \u2705 Подключено
2026-03-25 10:54:36,818 - INFO -   2026-03-25 10:54:36,817 - INFO -    \U0001f4cb Шаг 3/5: Получение структуры таблицы...
2026-03-25 10:54:36,831 - INFO -   2026-03-25 10:54:36,831 - INFO -       \u2705 Найдено колонок: 126
2026-03-25 10:54:36,846 - INFO -   2026-03-25 10:54:36,831 - INFO -    \U0001f4e5 Шаг 4/5: Чтение данных из источника...
2026-03-25 10:54:36,846 - INFO -   2026-03-25 10:54:36,831 - INFO -       Выполняется запрос...
2026-03-25 10:54:36,847 - INFO -   2026-03-25 10:54:36,836 - INFO -       \u2705 Прочитано строк: 0 (за 0.00 сек)
2026-03-25 10:54:36,847 - INFO -   2026-03-25 10:54:36,836 - INFO -    \U0001f5d1\ufe0f Шаг 5/5: Удаление старых данных и вставка новых...
2026-03-25 10:54:36,848 - INFO -   2026-03-25 10:54:36,841 - INFO -       \U0001f5d1\ufe0f Удалено строк: 0 (за 0.01 сек)
2026-03-25 10:54:36,848 - INFO -   2026-03-25 10:54:36,848 - INFO -       \u2139\ufe0f Нет данных для вставки
2026-03-25 10:54:36,849 - INFO -   2026-03-25 10:54:36,848 - INFO -    \U0001f50d Проверка результата...
2026-03-25 10:54:36,852 - INFO -   2026-03-25 10:54:36,852 - INFO -       \u2705 В target за период: 0 строк
2026-03-25 10:54:36,860 - INFO -   2026-03-25 10:54:36,852 - INFO -
2026-03-25 10:54:36,862 - INFO -   2026-03-25 10:54:36,852 - INFO -    \u23f1\ufe0f ОБЩЕЕ ВРЕМЯ по таблице ORDER_DETAIL: 0.25 сек (0.00 мин)
2026-03-25 10:54:36,867 - INFO -   2026-03-25 10:54:36,852 - INFO - ============================================================
2026-03-25 10:54:36,868 - INFO -   2026-03-25 10:54:36,852 - INFO -
2026-03-25 10:54:36,869 - INFO -   2026-03-25 10:54:36,853 - INFO - ============================================================
2026-03-25 10:54:36,869 - INFO -   2026-03-25 10:54:36,853 - INFO - ТАБЛИЦА [2/21]: ORDER_HEADER
2026-03-25 10:54:36,869 - INFO -   2026-03-25 10:54:36,853 - INFO - ============================================================
2026-03-25 10:54:36,871 - INFO -   2026-03-25 10:54:36,853 - INFO -    \U0001f4c1 Источник: ils, Поле даты: ORDER_DATE
2026-03-25 10:54:36,871 - INFO -   2026-03-25 10:54:36,853 - INFO -    \U0001f4c5 Период: 2026-03-22 10:54 - 2026-03-25 10:54
2026-03-25 10:54:36,871 - INFO -   2026-03-25 10:54:36,853 - INFO -    \U0001f50c Шаг 1/5: Подключение к источнику (ils)...
2026-03-25 10:54:36,871 - INFO -   2026-03-25 10:54:36,864 - INFO -       \u2705 Подключено
2026-03-25 10:54:36,872 - INFO -   2026-03-25 10:54:36,864 - INFO -    \U0001f50c Шаг 2/5: Подключение к целевой БД...
2026-03-25 10:54:36,904 - INFO -   2026-03-25 10:54:36,904 - INFO -       \u2705 Подключено
2026-03-25 10:54:36,904 - INFO -   2026-03-25 10:54:36,904 - INFO -    \U0001f4cb Шаг 3/5: Получение структуры таблицы...
2026-03-25 10:54:36,918 - INFO -   2026-03-25 10:54:36,918 - INFO -       \u2705 Найдено колонок: 114
2026-03-25 10:54:36,918 - INFO -   2026-03-25 10:54:36,918 - INFO -    \U0001f4e5 Шаг 4/5: Чтение данных из источника...
2026-03-25 10:54:36,919 - INFO -   2026-03-25 10:54:36,918 - INFO -       Выполняется запрос...
2026-03-25 10:54:37,431 - INFO -   2026-03-25 10:54:37,431 - INFO -       \u2705 Прочитано строк: 0 (за 0.51 сек)
2026-03-25 10:54:37,431 - INFO -   2026-03-25 10:54:37,431 - INFO -    \U0001f5d1\ufe0f Шаг 5/5: Удаление старых данных и вставка новых...
2026-03-25 10:54:37,443 - INFO -   2026-03-25 10:54:37,443 - INFO -       \U0001f5d1\ufe0f Удалено строк: 0 (за 0.01 сек)
2026-03-25 10:54:37,449 - INFO -   2026-03-25 10:54:37,449 - INFO -       \u2139\ufe0f Нет данных для вставки
2026-03-25 10:54:37,450 - INFO -   2026-03-25 10:54:37,449 - INFO -    \U0001f50d Проверка результата...
2026-03-25 10:54:37,454 - INFO -   2026-03-25 10:54:37,453 - INFO -       \u2705 В target за период: 0 строк
2026-03-25 10:54:37,454 - INFO -   2026-03-25 10:54:37,454 - INFO -
2026-03-25 10:54:37,454 - INFO -   2026-03-25 10:54:37,454 - INFO -    \u23f1\ufe0f ОБЩЕЕ ВРЕМЯ по таблице ORDER_HEADER: 0.60 сек (0.01 мин)
2026-03-25 10:54:37,455 - INFO -   2026-03-25 10:54:37,454 - INFO - ============================================================
2026-03-25 10:54:37,455 - INFO -   2026-03-25 10:54:37,454 - INFO -
2026-03-25 10:54:37,457 - INFO -   2026-03-25 10:54:37,454 - INFO - ============================================================
2026-03-25 10:54:37,457 - INFO -   2026-03-25 10:54:37,454 - INFO - ТАБЛИЦА [3/21]: RECEIPT_DETAIL
2026-03-25 10:54:37,457 - INFO -   2026-03-25 10:54:37,454 - INFO - ============================================================
2026-03-25 10:54:37,457 - INFO -   2026-03-25 10:54:37,454 - INFO -    \U0001f4c1 Источник: ils, Поле даты: DATE_TIME_STAMP
2026-03-25 10:54:37,458 - INFO -   2026-03-25 10:54:37,454 - INFO -    \U0001f4c5 Период: 2026-03-22 10:54 - 2026-03-25 10:54
2026-03-25 10:54:37,458 - INFO -   2026-03-25 10:54:37,454 - INFO -    \U0001f50c Шаг 1/5: Подключение к источнику (ils)...
2026-03-25 10:54:37,468 - INFO -   2026-03-25 10:54:37,468 - INFO -       \u2705 Подключено
2026-03-25 10:54:37,469 - INFO -   2026-03-25 10:54:37,468 - INFO -    \U0001f50c Шаг 2/5: Подключение к целевой БД...
2026-03-25 10:54:37,500 - INFO -   2026-03-25 10:54:37,500 - INFO -       \u2705 Подключено
2026-03-25 10:54:37,500 - INFO -   2026-03-25 10:54:37,500 - INFO -    \U0001f4cb Шаг 3/5: Получение структуры таблицы...
2026-03-25 10:54:37,515 - INFO -   2026-03-25 10:54:37,514 - INFO -       \u2705 Найдено колонок: 83
2026-03-25 10:54:37,515 - INFO -   2026-03-25 10:54:37,515 - INFO -    \U0001f4e5 Шаг 4/5: Чтение данных из источника...
2026-03-25 10:54:37,515 - INFO -   2026-03-25 10:54:37,515 - INFO -       Выполняется запрос...
2026-03-25 10:54:37,674 - INFO -   2026-03-25 10:54:37,673 - INFO -       \u2705 Прочитано строк: 1,261 (за 0.16 сек)
2026-03-25 10:54:37,674 - INFO -   2026-03-25 10:54:37,674 - INFO -    \U0001f5d1\ufe0f Шаг 5/5: Удаление старых данных и вставка новых...
2026-03-25 10:54:37,715 - INFO -   2026-03-25 10:54:37,715 - INFO -       \U0001f5d1\ufe0f Удалено строк: 1,257 (за 0.04 сек)
2026-03-25 10:54:37,715 - INFO -   2026-03-25 10:54:37,715 - INFO -       \U0001f4ca Вставка 1,261 строк (единым вызовом)...
2026-03-25 10:54:48,960 - INFO -   2026-03-25 10:54:48,960 - INFO -       \u2705 Вставлено: 1,261 строк за 11.24 сек (112 строк/сек)
2026-03-25 10:54:48,960 - INFO -   2026-03-25 10:54:48,960 - INFO -    \U0001f50d Проверка результата...
2026-03-25 10:54:49,101 - INFO -   2026-03-25 10:54:49,100 - INFO -       \u2705 В target за период: 1,261 строк
2026-03-25 10:54:49,102 - INFO -   2026-03-25 10:54:49,101 - INFO -
2026-03-25 10:54:49,102 - INFO -   2026-03-25 10:54:49,101 - INFO -    \u23f1\ufe0f ОБЩЕЕ ВРЕМЯ по таблице RECEIPT_DETAIL: 11.65 сек (0.19 мин)
2026-03-25 10:54:49,103 - INFO -   2026-03-25 10:54:49,101 - INFO - ============================================================
2026-03-25 10:54:49,106 - INFO -   2026-03-25 10:54:49,106 - INFO -
2026-03-25 10:54:49,107 - INFO -   2026-03-25 10:54:49,106 - INFO - ============================================================
2026-03-25 10:54:49,107 - INFO -   2026-03-25 10:54:49,106 - INFO - ТАБЛИЦА [4/21]: RECEIPT_HEADER
2026-03-25 10:54:49,109 - INFO -   2026-03-25 10:54:49,106 - INFO - ============================================================
2026-03-25 10:54:49,110 - INFO -   2026-03-25 10:54:49,106 - INFO -    \U0001f4c1 Источник: ils, Поле даты: RECEIPT_DATE
2026-03-25 10:54:49,110 - INFO -   2026-03-25 10:54:49,107 - INFO -    \U0001f4c5 Период: 2026-03-22 10:54 - 2026-03-25 10:54
2026-03-25 10:54:49,110 - INFO -   2026-03-25 10:54:49,107 - INFO -    \U0001f50c Шаг 1/5: Подключение к источнику (ils)...
2026-03-25 10:54:49,123 - INFO -   2026-03-25 10:54:49,123 - INFO -       \u2705 Подключено
2026-03-25 10:54:49,124 - INFO -   2026-03-25 10:54:49,123 - INFO -    \U0001f50c Шаг 2/5: Подключение к целевой БД...
2026-03-25 10:54:49,179 - INFO -   2026-03-25 10:54:49,178 - INFO -       \u2705 Подключено
2026-03-25 10:54:49,179 - INFO -   2026-03-25 10:54:49,179 - INFO -    \U0001f4cb Шаг 3/5: Получение структуры таблицы...
2026-03-25 10:54:49,203 - INFO -   2026-03-25 10:54:49,202 - INFO -       \u2705 Найдено колонок: 81
2026-03-25 10:54:49,203 - INFO -   2026-03-25 10:54:49,203 - INFO -    \U0001f4e5 Шаг 4/5: Чтение данных из источника...
2026-03-25 10:54:49,205 - INFO -   2026-03-25 10:54:49,203 - INFO -       Выполняется запрос...
2026-03-25 10:54:49,239 - INFO -   2026-03-25 10:54:49,239 - INFO -       \u2705 Прочитано строк: 279 (за 0.04 сек)
2026-03-25 10:54:49,239 - INFO -   2026-03-25 10:54:49,239 - INFO -    \U0001f5d1\ufe0f Шаг 5/5: Удаление старых данных и вставка новых...
2026-03-25 10:54:49,255 - INFO -   2026-03-25 10:54:49,255 - INFO -       \U0001f5d1\ufe0f Удалено строк: 277 (за 0.02 сек)
2026-03-25 10:54:49,256 - INFO -   2026-03-25 10:54:49,255 - INFO -       \U0001f4ca Вставка 279 строк (единым вызовом)...
2026-03-25 10:54:51,580 - INFO -   2026-03-25 10:54:51,579 - INFO -       \u2705 Вставлено: 279 строк за 2.32 сек (120 строк/сек)
2026-03-25 10:54:51,581 - INFO -   2026-03-25 10:54:51,580 - INFO -    \U0001f50d Проверка результата...
2026-03-25 10:54:51,584 - INFO -   2026-03-25 10:54:51,584 - INFO -       \u2705 В target за период: 279 строк
2026-03-25 10:54:51,585 - INFO -   2026-03-25 10:54:51,584 - INFO -
2026-03-25 10:54:51,585 - INFO -   2026-03-25 10:54:51,585 - INFO -    \u23f1\ufe0f ОБЩЕЕ ВРЕМЯ по таблице RECEIPT_HEADER: 2.48 сек (0.04 мин)
2026-03-25 10:54:51,586 - INFO -   2026-03-25 10:54:51,585 - INFO - ============================================================
2026-03-25 10:54:51,587 - INFO -   2026-03-25 10:54:51,586 - INFO -
2026-03-25 10:54:51,587 - INFO -   2026-03-25 10:54:51,586 - INFO - ============================================================
2026-03-25 10:54:51,588 - INFO -   2026-03-25 10:54:51,586 - INFO - ТАБЛИЦА [5/21]: SHIPMENT_DETAIL
2026-03-25 10:54:51,588 - INFO -   2026-03-25 10:54:51,586 - INFO - ============================================================
2026-03-25 10:54:51,589 - INFO -   2026-03-25 10:54:51,586 - INFO -    \U0001f4c1 Источник: ils, Поле даты: DATE_TIME_STAMP
2026-03-25 10:54:51,589 - INFO -   2026-03-25 10:54:51,587 - INFO -    \U0001f4c5 Период: 2026-03-22 10:54 - 2026-03-25 10:54
2026-03-25 10:54:51,589 - INFO -   2026-03-25 10:54:51,587 - INFO -    \U0001f50c Шаг 1/5: Подключение к источнику (ils)...
2026-03-25 10:54:51,666 - INFO -   2026-03-25 10:54:51,665 - INFO -       \u2705 Подключено
2026-03-25 10:54:51,667 - INFO -   2026-03-25 10:54:51,666 - INFO -    \U0001f50c Шаг 2/5: Подключение к целевой БД...
2026-03-25 10:54:51,723 - INFO -   2026-03-25 10:54:51,722 - INFO -       \u2705 Подключено
2026-03-25 10:54:51,723 - INFO -   2026-03-25 10:54:51,723 - INFO -    \U0001f4cb Шаг 3/5: Получение структуры таблицы...
2026-03-25 10:54:51,740 - INFO -   2026-03-25 10:54:51,740 - INFO -       \u2705 Найдено колонок: 154
2026-03-25 10:54:51,741 - INFO -   2026-03-25 10:54:51,740 - INFO -    \U0001f4e5 Шаг 4/5: Чтение данных из источника...
2026-03-25 10:54:51,741 - INFO -   2026-03-25 10:54:51,740 - INFO -       Выполняется запрос...
2026-03-25 10:54:53,717 - INFO -   2026-03-25 10:54:53,717 - INFO -       \u2705 Прочитано строк: 9,117 (за 1.98 сек)
2026-03-25 10:54:53,718 - INFO -   2026-03-25 10:54:53,717 - INFO -    \U0001f5d1\ufe0f Шаг 5/5: Удаление старых данных и вставка новых...
2026-03-25 10:54:53,982 - INFO -   2026-03-25 10:54:53,981 - INFO -       \U0001f5d1\ufe0f Удалено строк: 9,079 (за 0.26 сек)
2026-03-25 10:54:53,983 - INFO -   2026-03-25 10:54:53,981 - INFO -       \U0001f4ca Вставка 9,117 строк (единым вызовом)...
2026-03-25 10:56:26,478 - INFO -   2026-03-25 10:56:26,477 - INFO -       \u2705 Вставлено: 9,117 строк за 92.50 сек (99 строк/сек)
2026-03-25 10:56:26,478 - INFO -   2026-03-25 10:56:26,477 - INFO -    \U0001f50d Проверка результата...
2026-03-25 10:56:26,546 - INFO -   2026-03-25 10:56:26,546 - INFO -       \u2705 В target за период: 9,117 строк
2026-03-25 10:56:26,584 - INFO -   2026-03-25 10:56:26,546 - INFO -
2026-03-25 10:56:26,589 - INFO -   2026-03-25 10:56:26,546 - INFO -    \u23f1\ufe0f ОБЩЕЕ ВРЕМЯ по таблице SHIPMENT_DETAIL: 94.96 сек (1.58 мин)
2026-03-25 10:56:26,598 - INFO -   2026-03-25 10:56:26,546 - INFO - ============================================================
2026-03-25 10:56:26,598 - INFO -   2026-03-25 10:56:26,580 - INFO -
2026-03-25 10:56:26,599 - INFO -   2026-03-25 10:56:26,580 - INFO - ============================================================
2026-03-25 10:56:26,600 - INFO -   2026-03-25 10:56:26,580 - INFO - ТАБЛИЦА [6/21]: SHIPMENT_HEADER
2026-03-25 10:56:26,600 - INFO -   2026-03-25 10:56:26,580 - INFO - ============================================================
2026-03-25 10:56:26,601 - INFO -   2026-03-25 10:56:26,580 - INFO -    \U0001f4c1 Источник: ils, Поле даты: PLANNED_SHIP_DATE
2026-03-25 10:56:26,601 - INFO -   2026-03-25 10:56:26,580 - INFO -    \U0001f4c5 Период: 2026-03-22 10:56 - 2026-03-25 10:56
2026-03-25 10:56:26,601 - INFO -   2026-03-25 10:56:26,580 - INFO -    \U0001f50c Шаг 1/5: Подключение к источнику (ils)...
2026-03-25 10:56:26,601 - INFO -   2026-03-25 10:56:26,592 - INFO -       \u2705 Подключено
2026-03-25 10:56:26,601 - INFO -   2026-03-25 10:56:26,592 - INFO -    \U0001f50c Шаг 2/5: Подключение к целевой БД...
2026-03-25 10:56:26,625 - INFO -   2026-03-25 10:56:26,625 - INFO -       \u2705 Подключено
2026-03-25 10:56:26,628 - INFO -   2026-03-25 10:56:26,625 - INFO -    \U0001f4cb Шаг 3/5: Получение структуры таблицы...
2026-03-25 10:56:26,644 - INFO -   2026-03-25 10:56:26,644 - INFO -       \u2705 Найдено колонок: 155
2026-03-25 10:56:26,644 - INFO -   2026-03-25 10:56:26,644 - INFO -    \U0001f4e5 Шаг 4/5: Чтение данных из источника...
2026-03-25 10:56:26,645 - INFO -   2026-03-25 10:56:26,644 - INFO -       Выполняется запрос...
2026-03-25 10:56:27,134 - INFO -   2026-03-25 10:56:27,134 - INFO -       \u2705 Прочитано строк: 980 (за 0.49 сек)
2026-03-25 10:56:27,134 - INFO -   2026-03-25 10:56:27,134 - INFO -    \U0001f5d1\ufe0f Шаг 5/5: Удаление старых данных и вставка новых...
2026-03-25 10:56:27,195 - INFO -   2026-03-25 10:56:27,195 - INFO -       \U0001f5d1\ufe0f Удалено строк: 974 (за 0.06 сек)
2026-03-25 10:56:27,195 - INFO -   2026-03-25 10:56:27,195 - INFO -       \U0001f4ca Вставка 980 строк (единым вызовом)...
2026-03-25 10:56:41,976 - INFO -   2026-03-25 10:56:41,976 - INFO -       \u2705 Вставлено: 980 строк за 14.78 сек (66 строк/сек)
2026-03-25 10:56:41,977 - INFO -   2026-03-25 10:56:41,976 - INFO -    \U0001f50d Проверка результата...
2026-03-25 10:56:41,981 - INFO -   2026-03-25 10:56:41,981 - INFO -       \u2705 В target за период: 980 строк
2026-03-25 10:56:41,985 - INFO -   2026-03-25 10:56:41,981 - INFO -
2026-03-25 10:56:41,991 - INFO -   2026-03-25 10:56:41,982 - INFO -    \u23f1\ufe0f ОБЩЕЕ ВРЕМЯ по таблице SHIPMENT_HEADER: 15.40 сек (0.26 мин)
2026-03-25 10:56:41,991 - INFO -   2026-03-25 10:56:41,982 - INFO - ============================================================
2026-03-25 10:56:41,993 - INFO -   2026-03-25 10:56:41,989 - INFO -
2026-03-25 10:56:41,994 - INFO -   2026-03-25 10:56:41,989 - INFO - ============================================================
2026-03-25 10:56:41,995 - INFO -   2026-03-25 10:56:41,990 - INFO - ТАБЛИЦА [7/21]: TRANSACTION_HISTORY
2026-03-25 10:56:41,995 - INFO -   2026-03-25 10:56:41,990 - INFO - ============================================================
2026-03-25 10:56:41,998 - INFO -   2026-03-25 10:56:41,990 - INFO -    \U0001f4c1 Источник: ils, Поле даты: DATE_TIME_STAMP
2026-03-25 10:56:42,003 - INFO -   2026-03-25 10:56:41,990 - INFO -    \U0001f4c5 Период: 2026-03-22 10:56 - 2026-03-25 10:56
2026-03-25 10:56:42,004 - INFO -   2026-03-25 10:56:41,991 - INFO -    \U0001f50c Шаг 1/5: Подключение к источнику (ils)...
2026-03-25 10:56:42,012 - INFO -   2026-03-25 10:56:42,012 - INFO -       \u2705 Подключено
2026-03-25 10:56:42,012 - INFO -   2026-03-25 10:56:42,012 - INFO -    \U0001f50c Шаг 2/5: Подключение к целевой БД...
2026-03-25 10:56:42,054 - INFO -   2026-03-25 10:56:42,054 - INFO -       \u2705 Подключено
2026-03-25 10:56:42,055 - INFO -   2026-03-25 10:56:42,054 - INFO -    \U0001f4cb Шаг 3/5: Получение структуры таблицы...
2026-03-25 10:56:42,068 - INFO -   2026-03-25 10:56:42,068 - INFO -       \u2705 Найдено колонок: 51
2026-03-25 10:56:42,068 - INFO -   2026-03-25 10:56:42,068 - INFO -    \U0001f4e5 Шаг 4/5: Чтение данных из источника...
2026-03-25 10:56:42,069 - INFO -   2026-03-25 10:56:42,068 - INFO -       Выполняется запрос...
2026-03-25 10:56:50,107 - INFO -   2026-03-25 10:56:50,107 - INFO -       \u2705 Прочитано строк: 120,218 (за 8.04 сек)
2026-03-25 10:56:50,108 - INFO -   2026-03-25 10:56:50,107 - INFO -    \U0001f5d1\ufe0f Шаг 5/5: Удаление старых данных и вставка новых...
2026-03-25 10:56:52,532 - INFO -   2026-03-25 10:56:52,532 - INFO -       \U0001f5d1\ufe0f Удалено строк: 119,715 (за 2.42 сек)
2026-03-25 10:56:52,533 - INFO -   2026-03-25 10:56:52,532 - INFO -       \u2699\ufe0f Отключение некластеризованных индексов для быстрой вставки...
2026-03-25 10:56:52,540 - INFO -   2026-03-25 10:56:52,540 - INFO -       \u2139\ufe0f Некластеризованные индексы не найдены
2026-03-25 10:56:52,541 - INFO -   2026-03-25 10:56:52,540 - INFO -       \U0001f4ca Вставка 120,218 строк (единым вызовом)...
2026-03-25 11:09:30,736 - INFO -   2026-03-25 11:09:30,729 - INFO -       \u2705 Вставлено: 120,218 строк за 758.18 сек (159 строк/сек)
2026-03-25 11:09:30,739 - INFO -   2026-03-25 11:09:30,733 - INFO -    \U0001f50d Проверка результата...
2026-03-25 11:09:30,930 - INFO -   2026-03-25 11:09:30,930 - INFO -       \u2705 В target за период: 120,218 строк
2026-03-25 11:09:30,931 - INFO -   2026-03-25 11:09:30,930 - INFO -
2026-03-25 11:09:30,931 - INFO -   2026-03-25 11:09:30,930 - INFO -    \u23f1\ufe0f ОБЩЕЕ ВРЕМЯ по таблице TRANSACTION_HISTORY: 768.94 сек (12.82 мин)
2026-03-25 11:09:30,931 - INFO -   2026-03-25 11:09:30,930 - INFO - ============================================================
2026-03-25 11:09:31,345 - INFO -   2026-03-25 11:09:31,344 - INFO -
2026-03-25 11:09:31,346 - INFO -   2026-03-25 11:09:31,344 - INFO - ============================================================
2026-03-25 11:09:31,346 - INFO -   2026-03-25 11:09:31,344 - INFO - ТАБЛИЦА [8/21]: WORK_INSTRUCTION_VIEW2
2026-03-25 11:09:31,346 - INFO -   2026-03-25 11:09:31,345 - INFO - ============================================================
2026-03-25 11:09:31,346 - INFO -   2026-03-25 11:09:31,345 - INFO -    \U0001f4c1 Источник: ils, Поле даты: DATE_TIME_STAMP
2026-03-25 11:09:31,347 - INFO -   2026-03-25 11:09:31,345 - INFO -    \U0001f4c5 Период: 2026-03-22 11:09 - 2026-03-25 11:09
2026-03-25 11:09:31,347 - INFO -   2026-03-25 11:09:31,345 - INFO -    \U0001f50c Шаг 1/5: Подключение к источнику (ils)...
2026-03-25 11:09:31,386 - INFO -   2026-03-25 11:09:31,386 - INFO -       \u2705 Подключено
2026-03-25 11:09:31,386 - INFO -   2026-03-25 11:09:31,386 - INFO -    \U0001f50c Шаг 2/5: Подключение к целевой БД...
2026-03-25 11:09:31,442 - INFO -   2026-03-25 11:09:31,442 - INFO -       \u2705 Подключено
2026-03-25 11:09:31,442 - INFO -   2026-03-25 11:09:31,442 - INFO -    \U0001f4cb Шаг 3/5: Получение структуры таблицы...
2026-03-25 11:09:31,462 - INFO -   2026-03-25 11:09:31,462 - INFO -       \u2705 Найдено колонок: 99
2026-03-25 11:09:31,462 - INFO -   2026-03-25 11:09:31,462 - INFO -    \U0001f4e5 Шаг 4/5: Чтение данных из источника...
2026-03-25 11:09:31,463 - INFO -   2026-03-25 11:09:31,462 - INFO -       Выполняется запрос...
2026-03-25 11:09:35,058 - INFO -   2026-03-25 11:09:35,058 - INFO -       \u2705 Прочитано строк: 28,941 (за 3.60 сек)
2026-03-25 11:09:35,058 - INFO -   2026-03-25 11:09:35,058 - INFO -    \U0001f5d1\ufe0f Шаг 5/5: Удаление старых данных и вставка новых...
2026-03-25 11:09:37,889 - INFO -   2026-03-25 11:09:37,888 - INFO -       \U0001f5d1\ufe0f Удалено строк: 28,679 (за 2.83 сек)
2026-03-25 11:09:37,889 - INFO -   2026-03-25 11:09:37,889 - INFO -       \u2699\ufe0f Отключение некластеризованных индексов для быстрой вставки...
2026-03-25 11:09:37,897 - INFO -   2026-03-25 11:09:37,897 - INFO -       \u2139\ufe0f Некластеризованные индексы не найдены
2026-03-25 11:09:37,897 - INFO -   2026-03-25 11:09:37,897 - INFO -       \U0001f4ca Вставка 28,941 строк (единым вызовом)...
2026-03-25 11:14:52,417 - INFO -   2026-03-25 11:14:52,417 - INFO -       \u2705 Вставлено: 28,941 строк за 314.52 сек (92 строк/сек)
2026-03-25 11:14:52,417 - INFO -   2026-03-25 11:14:52,417 - INFO -    \U0001f50d Проверка результата...
2026-03-25 11:14:53,719 - INFO -   2026-03-25 11:14:53,718 - INFO -       \u2705 В target за период: 28,941 строк
2026-03-25 11:14:53,721 - INFO -   2026-03-25 11:14:53,719 - INFO -
2026-03-25 11:14:53,721 - INFO -   2026-03-25 11:14:53,719 - INFO -    \u23f1\ufe0f ОБЩЕЕ ВРЕМЯ по таблице WORK_INSTRUCTION_VIEW2: 322.37 сек (5.37 мин)
2026-03-25 11:14:53,723 - INFO -   2026-03-25 11:14:53,719 - INFO - ============================================================
2026-03-25 11:14:53,792 - INFO -   2026-03-25 11:14:53,792 - INFO -
2026-03-25 11:14:53,793 - INFO -   2026-03-25 11:14:53,792 - INFO - ============================================================
2026-03-25 11:14:53,793 - INFO -   2026-03-25 11:14:53,792 - INFO - ТАБЛИЦА [9/21]: DOWNLOAD_ORDER_DETAIL
2026-03-25 11:14:53,794 - INFO -   2026-03-25 11:14:53,792 - INFO - ============================================================
2026-03-25 11:14:53,794 - INFO -   2026-03-25 11:14:53,792 - INFO -    \U0001f4c1 Источник: ils, Поле даты: DATE_TIME_STAMP
2026-03-25 11:14:53,794 - INFO -   2026-03-25 11:14:53,792 - INFO -    \U0001f4c5 Период: 2026-03-22 11:14 - 2026-03-25 11:14
2026-03-25 11:14:53,795 - INFO -   2026-03-25 11:14:53,792 - INFO -    \U0001f50c Шаг 1/5: Подключение к источнику (ils)...
2026-03-25 11:14:53,818 - INFO -   2026-03-25 11:14:53,817 - INFO -       \u2705 Подключено
2026-03-25 11:14:53,818 - INFO -   2026-03-25 11:14:53,818 - INFO -    \U0001f50c Шаг 2/5: Подключение к целевой БД...
2026-03-25 11:14:53,855 - INFO -   2026-03-25 11:14:53,855 - INFO -       \u2705 Подключено
2026-03-25 11:14:53,856 - INFO -   2026-03-25 11:14:53,855 - INFO -    \U0001f4cb Шаг 3/5: Получение структуры таблицы...
2026-03-25 11:14:53,886 - INFO -   2026-03-25 11:14:53,885 - INFO -       \u2705 Найдено колонок: 127
2026-03-25 11:14:53,887 - INFO -   2026-03-25 11:14:53,886 - INFO -    \U0001f4e5 Шаг 4/5: Чтение данных из источника...
2026-03-25 11:14:53,887 - INFO -   2026-03-25 11:14:53,886 - INFO -       Выполняется запрос...
2026-03-25 11:14:54,555 - INFO -   2026-03-25 11:14:54,555 - INFO -       \u2705 Прочитано строк: 6,058 (за 0.67 сек)
2026-03-25 11:14:54,555 - INFO -   2026-03-25 11:14:54,555 - INFO -    \U0001f5d1\ufe0f Шаг 5/5: Удаление старых данных и вставка новых...
2026-03-25 11:14:54,651 - INFO -   2026-03-25 11:14:54,651 - INFO -       \U0001f5d1\ufe0f Удалено строк: 6,023 (за 0.10 сек)
2026-03-25 11:14:54,652 - INFO -   2026-03-25 11:14:54,651 - INFO -       \U0001f4ca Вставка 6,058 строк (единым вызовом)...
2026-03-25 11:15:32,741 - INFO -   2026-03-25 11:15:32,740 - INFO -       \u2705 Вставлено: 6,058 строк за 38.09 сек (159 строк/сек)
2026-03-25 11:15:32,741 - INFO -   2026-03-25 11:15:32,740 - INFO -    \U0001f50d Проверка результата...
2026-03-25 11:15:32,745 - INFO -   2026-03-25 11:15:32,744 - INFO -       \u2705 В target за период: 6,058 строк
2026-03-25 11:15:32,745 - INFO -   2026-03-25 11:15:32,745 - INFO -
2026-03-25 11:15:32,746 - INFO -   2026-03-25 11:15:32,745 - INFO -    \u23f1\ufe0f ОБЩЕЕ ВРЕМЯ по таблице DOWNLOAD_ORDER_DETAIL: 38.95 сек (0.65 мин)
2026-03-25 11:15:32,746 - INFO -   2026-03-25 11:15:32,745 - INFO - ============================================================
2026-03-25 11:15:32,758 - INFO -   2026-03-25 11:15:32,758 - INFO -
2026-03-25 11:15:32,759 - INFO -   2026-03-25 11:15:32,758 - INFO - ============================================================
2026-03-25 11:15:32,761 - INFO -   2026-03-25 11:15:32,758 - INFO - ТАБЛИЦА [10/21]: DOWNLOAD_ORDER_HEADER
2026-03-25 11:15:32,762 - INFO -   2026-03-25 11:15:32,759 - INFO - ============================================================
2026-03-25 11:15:32,763 - INFO -   2026-03-25 11:15:32,759 - INFO -    \U0001f4c1 Источник: ils, Поле даты: DATE_TIME_STAMP
2026-03-25 11:15:32,763 - INFO -   2026-03-25 11:15:32,759 - INFO -    \U0001f4c5 Период: 2026-03-22 11:15 - 2026-03-25 11:15
2026-03-25 11:15:32,763 - INFO -   2026-03-25 11:15:32,759 - INFO -    \U0001f50c Шаг 1/5: Подключение к источнику (ils)...
2026-03-25 11:15:32,772 - INFO -   2026-03-25 11:15:32,772 - INFO -       \u2705 Подключено
2026-03-25 11:15:32,773 - INFO -   2026-03-25 11:15:32,772 - INFO -    \U0001f50c Шаг 2/5: Подключение к целевой БД...
2026-03-25 11:15:32,815 - INFO -   2026-03-25 11:15:32,815 - INFO -       \u2705 Подключено
2026-03-25 11:15:32,815 - INFO -   2026-03-25 11:15:32,815 - INFO -    \U0001f4cb Шаг 3/5: Получение структуры таблицы...
2026-03-25 11:15:32,841 - INFO -   2026-03-25 11:15:32,841 - INFO -       \u2705 Найдено колонок: 147
2026-03-25 11:15:32,841 - INFO -   2026-03-25 11:15:32,841 - INFO -    \U0001f4e5 Шаг 4/5: Чтение данных из источника...
2026-03-25 11:15:32,841 - INFO -   2026-03-25 11:15:32,841 - INFO -       Выполняется запрос...
2026-03-25 11:15:33,307 - INFO -   2026-03-25 11:15:33,306 - INFO -       \u2705 Прочитано строк: 865 (за 0.47 сек)
2026-03-25 11:15:33,307 - INFO -   2026-03-25 11:15:33,306 - INFO -    \U0001f5d1\ufe0f Шаг 5/5: Удаление старых данных и вставка новых...
2026-03-25 11:15:33,357 - INFO -   2026-03-25 11:15:33,357 - INFO -       \U0001f5d1\ufe0f Удалено строк: 858 (за 0.05 сек)
2026-03-25 11:15:33,357 - INFO -   2026-03-25 11:15:33,357 - INFO -       \U0001f4ca Вставка 865 строк (единым вызовом)...
2026-03-25 11:15:41,913 - INFO -   2026-03-25 11:15:41,913 - INFO -       \u2705 Вставлено: 865 строк за 8.56 сек (101 строк/сек)
2026-03-25 11:15:41,915 - INFO -   2026-03-25 11:15:41,913 - INFO -    \U0001f50d Проверка результата...
2026-03-25 11:15:41,916 - INFO -   2026-03-25 11:15:41,916 - INFO -       \u2705 В target за период: 865 строк
2026-03-25 11:15:41,918 - INFO -   2026-03-25 11:15:41,916 - INFO -
2026-03-25 11:15:41,918 - INFO -   2026-03-25 11:15:41,916 - INFO -    \u23f1\ufe0f ОБЩЕЕ ВРЕМЯ по таблице DOWNLOAD_ORDER_HEADER: 9.16 сек (0.15 мин)
2026-03-25 11:15:41,919 - INFO -   2026-03-25 11:15:41,916 - INFO - ============================================================
2026-03-25 11:15:41,920 - INFO -   2026-03-25 11:15:41,918 - INFO -
2026-03-25 11:15:41,920 - INFO -   2026-03-25 11:15:41,918 - INFO - ============================================================
2026-03-25 11:15:41,920 - INFO -   2026-03-25 11:15:41,919 - INFO - ТАБЛИЦА [11/21]: DOWNLOAD_RECEIPT_DETAIL
2026-03-25 11:15:41,921 - INFO -   2026-03-25 11:15:41,919 - INFO - ============================================================
2026-03-25 11:15:41,921 - INFO -   2026-03-25 11:15:41,919 - INFO -    \U0001f4c1 Источник: ils, Поле даты: DATE_TIME_STAMP
2026-03-25 11:15:41,922 - INFO -   2026-03-25 11:15:41,919 - INFO -    \U0001f4c5 Период: 2026-03-22 11:15 - 2026-03-25 11:15
2026-03-25 11:15:41,922 - INFO -   2026-03-25 11:15:41,920 - INFO -    \U0001f50c Шаг 1/5: Подключение к источнику (ils)...
2026-03-25 11:15:41,983 - INFO -   2026-03-25 11:15:41,983 - INFO -       \u2705 Подключено
2026-03-25 11:15:41,985 - INFO -   2026-03-25 11:15:41,983 - INFO -    \U0001f50c Шаг 2/5: Подключение к целевой БД...
2026-03-25 11:15:42,023 - INFO -   2026-03-25 11:15:42,023 - INFO -       \u2705 Подключено
2026-03-25 11:15:42,023 - INFO -   2026-03-25 11:15:42,023 - INFO -    \U0001f4cb Шаг 3/5: Получение структуры таблицы...
2026-03-25 11:15:42,041 - INFO -   2026-03-25 11:15:42,041 - INFO -       \u2705 Найдено колонок: 77
2026-03-25 11:15:42,042 - INFO -   2026-03-25 11:15:42,041 - INFO -    \U0001f4e5 Шаг 4/5: Чтение данных из источника...
2026-03-25 11:15:42,042 - INFO -   2026-03-25 11:15:42,041 - INFO -       Выполняется запрос...
2026-03-25 11:15:42,235 - INFO -   2026-03-25 11:15:42,235 - INFO -       \u2705 Прочитано строк: 1,239 (за 0.19 сек)
2026-03-25 11:15:42,235 - INFO -   2026-03-25 11:15:42,235 - INFO -    \U0001f5d1\ufe0f Шаг 5/5: Удаление старых данных и вставка новых...
2026-03-25 11:15:42,269 - INFO -   2026-03-25 11:15:42,269 - INFO -       \U0001f5d1\ufe0f Удалено строк: 1,200 (за 0.03 сек)
2026-03-25 11:15:42,270 - INFO -   2026-03-25 11:15:42,269 - INFO -       \U0001f4ca Вставка 1,239 строк (единым вызовом)...
2026-03-25 11:15:50,793 - INFO -   2026-03-25 11:15:50,793 - INFO -       \u2705 Вставлено: 1,239 строк за 8.52 сек (145 строк/сек)
2026-03-25 11:15:50,794 - INFO -   2026-03-25 11:15:50,793 - INFO -    \U0001f50d Проверка результата...
2026-03-25 11:15:50,796 - INFO -   2026-03-25 11:15:50,796 - INFO -       \u2705 В target за период: 1,239 строк
2026-03-25 11:15:50,797 - INFO -   2026-03-25 11:15:50,796 - INFO -
2026-03-25 11:15:50,797 - INFO -   2026-03-25 11:15:50,796 - INFO -    \u23f1\ufe0f ОБЩЕЕ ВРЕМЯ по таблице DOWNLOAD_RECEIPT_DETAIL: 8.88 сек (0.15 мин)
2026-03-25 11:15:50,797 - INFO -   2026-03-25 11:15:50,797 - INFO - ============================================================
2026-03-25 11:15:50,798 - INFO -   2026-03-25 11:15:50,798 - INFO -
2026-03-25 11:15:50,799 - INFO -   2026-03-25 11:15:50,798 - INFO - ============================================================
2026-03-25 11:15:50,799 - INFO -   2026-03-25 11:15:50,798 - INFO - ТАБЛИЦА [12/21]: DOWNLOAD_RECEIPT_HEADER
2026-03-25 11:15:50,800 - INFO -   2026-03-25 11:15:50,798 - INFO - ============================================================
2026-03-25 11:15:50,800 - INFO -   2026-03-25 11:15:50,798 - INFO -    \U0001f4c1 Источник: ils, Поле даты: DATE_TIME_STAMP
2026-03-25 11:15:50,801 - INFO -   2026-03-25 11:15:50,799 - INFO -    \U0001f4c5 Период: 2026-03-22 11:15 - 2026-03-25 11:15
2026-03-25 11:15:50,801 - INFO -   2026-03-25 11:15:50,799 - INFO -    \U0001f50c Шаг 1/5: Подключение к источнику (ils)...
2026-03-25 11:15:50,811 - INFO -   2026-03-25 11:15:50,811 - INFO -       \u2705 Подключено
2026-03-25 11:15:50,811 - INFO -   2026-03-25 11:15:50,811 - INFO -    \U0001f50c Шаг 2/5: Подключение к целевой БД...
2026-03-25 11:15:50,837 - INFO -   2026-03-25 11:15:50,837 - INFO -       \u2705 Подключено
2026-03-25 11:15:50,838 - INFO -   2026-03-25 11:15:50,837 - INFO -    \U0001f4cb Шаг 3/5: Получение структуры таблицы...
2026-03-25 11:15:50,856 - INFO -   2026-03-25 11:15:50,856 - INFO -       \u2705 Найдено колонок: 66
2026-03-25 11:15:50,859 - INFO -   2026-03-25 11:15:50,856 - INFO -    \U0001f4e5 Шаг 4/5: Чтение данных из источника...
2026-03-25 11:15:50,859 - INFO -   2026-03-25 11:15:50,856 - INFO -       Выполняется запрос...
2026-03-25 11:15:50,883 - INFO -   2026-03-25 11:15:50,883 - INFO -       \u2705 Прочитано строк: 241 (за 0.03 сек)
2026-03-25 11:15:50,884 - INFO -   2026-03-25 11:15:50,883 - INFO -    \U0001f5d1\ufe0f Шаг 5/5: Удаление старых данных и вставка новых...
2026-03-25 11:15:50,895 - INFO -   2026-03-25 11:15:50,895 - INFO -       \U0001f5d1\ufe0f Удалено строк: 235 (за 0.01 сек)
2026-03-25 11:15:50,915 - INFO -   2026-03-25 11:15:50,895 - INFO -       \U0001f4ca Вставка 241 строк (единым вызовом)...
2026-03-25 11:15:52,332 - INFO -   2026-03-25 11:15:52,331 - INFO -       \u2705 Вставлено: 241 строк за 1.44 сек (168 строк/сек)
2026-03-25 11:15:52,332 - INFO -   2026-03-25 11:15:52,332 - INFO -    \U0001f50d Проверка результата...
2026-03-25 11:15:52,336 - INFO -   2026-03-25 11:15:52,336 - INFO -       \u2705 В target за период: 241 строк
2026-03-25 11:15:52,337 - INFO -   2026-03-25 11:15:52,336 - INFO -
2026-03-25 11:15:52,338 - INFO -   2026-03-25 11:15:52,336 - INFO -    \u23f1\ufe0f ОБЩЕЕ ВРЕМЯ по таблице DOWNLOAD_RECEIPT_HEADER: 1.54 сек (0.03 мин)
2026-03-25 11:15:52,338 - INFO -   2026-03-25 11:15:52,336 - INFO - ============================================================
2026-03-25 11:15:52,340 - INFO -   2026-03-25 11:15:52,337 - INFO -
2026-03-25 11:15:52,341 - INFO -   2026-03-25 11:15:52,337 - INFO - ============================================================
2026-03-25 11:15:52,341 - INFO -   2026-03-25 11:15:52,337 - INFO - ТАБЛИЦА [13/21]: UPLOAD_ORDER_DETAIL
2026-03-25 11:15:52,341 - INFO -   2026-03-25 11:15:52,338 - INFO - ============================================================
2026-03-25 11:15:52,342 - INFO -   2026-03-25 11:15:52,338 - INFO -    \U0001f4c1 Источник: ils, Поле даты: DATE_TIME_STAMP
2026-03-25 11:15:52,342 - INFO -   2026-03-25 11:15:52,338 - INFO -    \U0001f4c5 Период: 2026-03-22 11:15 - 2026-03-25 11:15
2026-03-25 11:15:52,342 - INFO -   2026-03-25 11:15:52,338 - INFO -    \U0001f50c Шаг 1/5: Подключение к источнику (ils)...
2026-03-25 11:15:52,352 - INFO -   2026-03-25 11:15:52,351 - INFO -       \u2705 Подключено
2026-03-25 11:15:52,352 - INFO -   2026-03-25 11:15:52,352 - INFO -    \U0001f50c Шаг 2/5: Подключение к целевой БД...
2026-03-25 11:15:52,379 - INFO -   2026-03-25 11:15:52,379 - INFO -       \u2705 Подключено
2026-03-25 11:15:52,379 - INFO -   2026-03-25 11:15:52,379 - INFO -    \U0001f4cb Шаг 3/5: Получение структуры таблицы...
2026-03-25 11:15:52,400 - INFO -   2026-03-25 11:15:52,399 - INFO -       \u2705 Найдено колонок: 137
2026-03-25 11:15:52,401 - INFO -   2026-03-25 11:15:52,400 - INFO -    \U0001f4e5 Шаг 4/5: Чтение данных из источника...
2026-03-25 11:15:52,401 - INFO -   2026-03-25 11:15:52,400 - INFO -       Выполняется запрос...
2026-03-25 11:15:54,223 - INFO -   2026-03-25 11:15:54,223 - INFO -       \u2705 Прочитано строк: 7,378 (за 1.82 сек)
2026-03-25 11:15:54,223 - INFO -   2026-03-25 11:15:54,223 - INFO -    \U0001f5d1\ufe0f Шаг 5/5: Удаление старых данных и вставка новых...
2026-03-25 11:15:54,371 - INFO -   2026-03-25 11:15:54,371 - INFO -       \U0001f5d1\ufe0f Удалено строк: 7,298 (за 0.15 сек)
2026-03-25 11:15:54,372 - INFO -   2026-03-25 11:15:54,371 - INFO -       \U0001f4ca Вставка 7,378 строк (единым вызовом)...
2026-03-25 11:16:50,071 - INFO -   2026-03-25 11:16:50,070 - INFO -       \u2705 Вставлено: 7,378 строк за 55.70 сек (132 строк/сек)
2026-03-25 11:16:50,071 - INFO -   2026-03-25 11:16:50,071 - INFO -    \U0001f50d Проверка результата...
2026-03-25 11:16:50,830 - INFO -   2026-03-25 11:16:50,830 - INFO -       \u2705 В target за период: 7,378 строк
2026-03-25 11:16:50,831 - INFO -   2026-03-25 11:16:50,830 - INFO -
2026-03-25 11:16:50,831 - INFO -   2026-03-25 11:16:50,830 - INFO -    \u23f1\ufe0f ОБЩЕЕ ВРЕМЯ по таблице UPLOAD_ORDER_DETAIL: 58.49 сек (0.97 мин)
2026-03-25 11:16:50,831 - INFO -   2026-03-25 11:16:50,831 - INFO - ============================================================
2026-03-25 11:16:50,844 - INFO -   2026-03-25 11:16:50,844 - INFO -
2026-03-25 11:16:50,850 - INFO -   2026-03-25 11:16:50,844 - INFO - ============================================================
2026-03-25 11:16:50,851 - INFO -   2026-03-25 11:16:50,844 - INFO - ТАБЛИЦА [14/21]: UPLOAD_ORDER_HEADER
2026-03-25 11:16:50,851 - INFO -   2026-03-25 11:16:50,844 - INFO - ============================================================
2026-03-25 11:16:50,851 - INFO -   2026-03-25 11:16:50,845 - INFO -    \U0001f4c1 Источник: ils, Поле даты: DATE_TIME_STAMP
2026-03-25 11:16:50,852 - INFO -   2026-03-25 11:16:50,845 - INFO -    \U0001f4c5 Период: 2026-03-22 11:16 - 2026-03-25 11:16
2026-03-25 11:16:50,852 - INFO -   2026-03-25 11:16:50,845 - INFO -    \U0001f50c Шаг 1/5: Подключение к источнику (ils)...
2026-03-25 11:16:50,862 - INFO -   2026-03-25 11:16:50,862 - INFO -       \u2705 Подключено
2026-03-25 11:16:50,867 - INFO -   2026-03-25 11:16:50,862 - INFO -    \U0001f50c Шаг 2/5: Подключение к целевой БД...
2026-03-25 11:16:50,893 - INFO -   2026-03-25 11:16:50,893 - INFO -       \u2705 Подключено
2026-03-25 11:16:50,894 - INFO -   2026-03-25 11:16:50,893 - INFO -    \U0001f4cb Шаг 3/5: Получение структуры таблицы...
2026-03-25 11:16:50,920 - INFO -   2026-03-25 11:16:50,919 - INFO -       \u2705 Найдено колонок: 158
2026-03-25 11:16:50,920 - INFO -   2026-03-25 11:16:50,920 - INFO -    \U0001f4e5 Шаг 4/5: Чтение данных из источника...
2026-03-25 11:16:50,920 - INFO -   2026-03-25 11:16:50,920 - INFO -       Выполняется запрос...
2026-03-25 11:16:51,440 - INFO -   2026-03-25 11:16:51,439 - INFO -       \u2705 Прочитано строк: 1,102 (за 0.52 сек)
2026-03-25 11:16:51,446 - INFO -   2026-03-25 11:16:51,439 - INFO -    \U0001f5d1\ufe0f Шаг 5/5: Удаление старых данных и вставка новых...
2026-03-25 11:16:51,489 - INFO -   2026-03-25 11:16:51,489 - INFO -       \U0001f5d1\ufe0f Удалено строк: 1,091 (за 0.05 сек)
2026-03-25 11:16:51,490 - INFO -   2026-03-25 11:16:51,489 - INFO -       \U0001f4ca Вставка 1,102 строк (единым вызовом)...
2026-03-25 11:16:59,553 - INFO -   2026-03-25 11:16:59,553 - INFO -       \u2705 Вставлено: 1,102 строк за 8.06 сек (137 строк/сек)
2026-03-25 11:16:59,553 - INFO -   2026-03-25 11:16:59,553 - INFO -    \U0001f50d Проверка результата...
2026-03-25 11:16:59,556 - INFO -   2026-03-25 11:16:59,556 - INFO -       \u2705 В target за период: 1,102 строк
2026-03-25 11:16:59,556 - INFO -   2026-03-25 11:16:59,556 - INFO -
2026-03-25 11:16:59,556 - INFO -   2026-03-25 11:16:59,556 - INFO -    \u23f1\ufe0f ОБЩЕЕ ВРЕМЯ по таблице UPLOAD_ORDER_HEADER: 8.71 сек (0.15 мин)
2026-03-25 11:16:59,556 - INFO -   2026-03-25 11:16:59,556 - INFO - ============================================================
2026-03-25 11:16:59,558 - INFO -   2026-03-25 11:16:59,558 - INFO -
2026-03-25 11:16:59,558 - INFO -   2026-03-25 11:16:59,558 - INFO - ============================================================
2026-03-25 11:16:59,558 - INFO -   2026-03-25 11:16:59,558 - INFO - ТАБЛИЦА [15/21]: UPLOAD_RECEIPT_DETAIL
2026-03-25 11:16:59,559 - INFO -   2026-03-25 11:16:59,558 - INFO - ============================================================
2026-03-25 11:16:59,561 - INFO -   2026-03-25 11:16:59,558 - INFO -    \U0001f4c1 Источник: ils, Поле даты: DATE_TIME_STAMP
2026-03-25 11:16:59,561 - INFO -   2026-03-25 11:16:59,558 - INFO -    \U0001f4c5 Период: 2026-03-22 11:16 - 2026-03-25 11:16
2026-03-25 11:16:59,562 - INFO -   2026-03-25 11:16:59,558 - INFO -    \U0001f50c Шаг 1/5: Подключение к источнику (ils)...
2026-03-25 11:16:59,572 - INFO -   2026-03-25 11:16:59,572 - INFO -       \u2705 Подключено
2026-03-25 11:16:59,573 - INFO -   2026-03-25 11:16:59,572 - INFO -    \U0001f50c Шаг 2/5: Подключение к целевой БД...
2026-03-25 11:16:59,602 - INFO -   2026-03-25 11:16:59,602 - INFO -       \u2705 Подключено
2026-03-25 11:16:59,602 - INFO -   2026-03-25 11:16:59,602 - INFO -    \U0001f4cb Шаг 3/5: Получение структуры таблицы...
2026-03-25 11:16:59,620 - INFO -   2026-03-25 11:16:59,619 - INFO -       \u2705 Найдено колонок: 84
2026-03-25 11:16:59,620 - INFO -   2026-03-25 11:16:59,620 - INFO -    \U0001f4e5 Шаг 4/5: Чтение данных из источника...
2026-03-25 11:16:59,620 - INFO -   2026-03-25 11:16:59,620 - INFO -       Выполняется запрос...
2026-03-25 11:16:59,727 - INFO -   2026-03-25 11:16:59,727 - INFO -       \u2705 Прочитано строк: 1,127 (за 0.11 сек)
2026-03-25 11:16:59,728 - INFO -   2026-03-25 11:16:59,727 - INFO -    \U0001f5d1\ufe0f Шаг 5/5: Удаление старых данных и вставка новых...
2026-03-25 11:16:59,745 - INFO -   2026-03-25 11:16:59,744 - INFO -       \U0001f5d1\ufe0f Удалено строк: 1,127 (за 0.02 сек)
2026-03-25 11:16:59,745 - INFO -   2026-03-25 11:16:59,745 - INFO -       \U0001f4ca Вставка 1,127 строк (единым вызовом)...
2026-03-25 11:17:08,454 - INFO -   2026-03-25 11:17:08,454 - INFO -       \u2705 Вставлено: 1,127 строк за 8.71 сек (129 строк/сек)
2026-03-25 11:17:08,455 - INFO -   2026-03-25 11:17:08,454 - INFO -    \U0001f50d Проверка результата...
2026-03-25 11:17:08,457 - INFO -   2026-03-25 11:17:08,457 - INFO -       \u2705 В target за период: 1,127 строк
2026-03-25 11:17:08,466 - INFO -   2026-03-25 11:17:08,457 - INFO -
2026-03-25 11:17:08,467 - INFO -   2026-03-25 11:17:08,457 - INFO -    \u23f1\ufe0f ОБЩЕЕ ВРЕМЯ по таблице UPLOAD_RECEIPT_DETAIL: 8.90 сек (0.15 мин)
2026-03-25 11:17:08,468 - INFO -   2026-03-25 11:17:08,457 - INFO - ============================================================
2026-03-25 11:17:08,468 - INFO -   2026-03-25 11:17:08,460 - INFO -
2026-03-25 11:17:08,468 - INFO -   2026-03-25 11:17:08,460 - INFO - ============================================================
2026-03-25 11:17:08,468 - INFO -   2026-03-25 11:17:08,460 - INFO - ТАБЛИЦА [16/21]: UPLOAD_RECEIPT_HEADER
2026-03-25 11:17:08,469 - INFO -   2026-03-25 11:17:08,460 - INFO - ============================================================
2026-03-25 11:17:08,469 - INFO -   2026-03-25 11:17:08,460 - INFO -    \U0001f4c1 Источник: ils, Поле даты: DATE_TIME_STAMP
2026-03-25 11:17:08,471 - INFO -   2026-03-25 11:17:08,460 - INFO -    \U0001f4c5 Период: 2026-03-22 11:17 - 2026-03-25 11:17
2026-03-25 11:17:08,471 - INFO -   2026-03-25 11:17:08,460 - INFO -    \U0001f50c Шаг 1/5: Подключение к источнику (ils)...
2026-03-25 11:17:08,475 - INFO -   2026-03-25 11:17:08,472 - INFO -       \u2705 Подключено
2026-03-25 11:17:08,476 - INFO -   2026-03-25 11:17:08,472 - INFO -    \U0001f50c Шаг 2/5: Подключение к целевой БД...
2026-03-25 11:17:08,502 - INFO -   2026-03-25 11:17:08,502 - INFO -       \u2705 Подключено
2026-03-25 11:17:08,503 - INFO -   2026-03-25 11:17:08,502 - INFO -    \U0001f4cb Шаг 3/5: Получение структуры таблицы...
2026-03-25 11:17:08,525 - INFO -   2026-03-25 11:17:08,524 - INFO -       \u2705 Найдено колонок: 76
2026-03-25 11:17:08,526 - INFO -   2026-03-25 11:17:08,525 - INFO -    \U0001f4e5 Шаг 4/5: Чтение данных из источника...
2026-03-25 11:17:08,527 - INFO -   2026-03-25 11:17:08,525 - INFO -       Выполняется запрос...
2026-03-25 11:17:08,559 - INFO -   2026-03-25 11:17:08,559 - INFO -       \u2705 Прочитано строк: 236 (за 0.03 сек)
2026-03-25 11:17:08,560 - INFO -   2026-03-25 11:17:08,559 - INFO -    \U0001f5d1\ufe0f Шаг 5/5: Удаление старых данных и вставка новых...
2026-03-25 11:17:08,581 - INFO -   2026-03-25 11:17:08,580 - INFO -       \U0001f5d1\ufe0f Удалено строк: 236 (за 0.02 сек)
2026-03-25 11:17:08,581 - INFO -   2026-03-25 11:17:08,581 - INFO -       \U0001f4ca Вставка 236 строк (единым вызовом)...
2026-03-25 11:17:09,739 - INFO -   2026-03-25 11:17:09,738 - INFO -       \u2705 Вставлено: 236 строк за 1.16 сек (204 строк/сек)
2026-03-25 11:17:09,739 - INFO -   2026-03-25 11:17:09,739 - INFO -    \U0001f50d Проверка результата...
2026-03-25 11:17:09,743 - INFO -   2026-03-25 11:17:09,743 - INFO -       \u2705 В target за период: 236 строк
2026-03-25 11:17:09,744 - INFO -   2026-03-25 11:17:09,743 - INFO -
2026-03-25 11:17:09,744 - INFO -   2026-03-25 11:17:09,743 - INFO -    \u23f1\ufe0f ОБЩЕЕ ВРЕМЯ по таблице UPLOAD_RECEIPT_HEADER: 1.28 сек (0.02 мин)
2026-03-25 11:17:09,745 - INFO -   2026-03-25 11:17:09,743 - INFO - ============================================================
2026-03-25 11:17:09,746 - INFO -   2026-03-25 11:17:09,744 - INFO -
2026-03-25 11:17:09,747 - INFO -   2026-03-25 11:17:09,744 - INFO - ============================================================
2026-03-25 11:17:09,747 - INFO -   2026-03-25 11:17:09,744 - INFO - ТАБЛИЦА [17/21]: CYCLE_COUNT_REQUEST
2026-03-25 11:17:09,748 - INFO -   2026-03-25 11:17:09,745 - INFO - ============================================================
2026-03-25 11:17:09,748 - INFO -   2026-03-25 11:17:09,745 - INFO -    \U0001f4c1 Источник: ils, Поле даты: DATE_TIME_STAMP
2026-03-25 11:17:09,749 - INFO -   2026-03-25 11:17:09,745 - INFO -    \U0001f4c5 Период: 2026-03-22 11:17 - 2026-03-25 11:17
2026-03-25 11:17:09,749 - INFO -   2026-03-25 11:17:09,745 - INFO -    \U0001f50c Шаг 1/5: Подключение к источнику (ils)...
2026-03-25 11:17:09,801 - INFO -   2026-03-25 11:17:09,801 - INFO -       \u2705 Подключено
2026-03-25 11:17:09,802 - INFO -   2026-03-25 11:17:09,801 - INFO -    \U0001f50c Шаг 2/5: Подключение к целевой БД...
2026-03-25 11:17:09,833 - INFO -   2026-03-25 11:17:09,832 - INFO -       \u2705 Подключено
2026-03-25 11:17:09,833 - INFO -   2026-03-25 11:17:09,833 - INFO -    \U0001f4cb Шаг 3/5: Получение структуры таблицы...
2026-03-25 11:17:09,856 - INFO -   2026-03-25 11:17:09,855 - INFO -       \u2705 Найдено колонок: 39
2026-03-25 11:17:09,857 - INFO -   2026-03-25 11:17:09,855 - INFO -    \U0001f4e5 Шаг 4/5: Чтение данных из источника...
2026-03-25 11:17:09,858 - INFO -   2026-03-25 11:17:09,856 - INFO -       Выполняется запрос...
2026-03-25 11:17:10,343 - INFO -   2026-03-25 11:17:10,343 - INFO -       \u2705 Прочитано строк: 32 (за 0.49 сек)
2026-03-25 11:17:10,344 - INFO -   2026-03-25 11:17:10,343 - INFO -    \U0001f5d1\ufe0f Шаг 5/5: Удаление старых данных и вставка новых...
2026-03-25 11:17:10,359 - INFO -   2026-03-25 11:17:10,359 - INFO -       \U0001f5d1\ufe0f Удалено строк: 32 (за 0.02 сек)
2026-03-25 11:17:10,359 - INFO -   2026-03-25 11:17:10,359 - INFO -       \U0001f4ca Вставка 32 строк (единым вызовом)...
2026-03-25 11:17:10,497 - INFO -   2026-03-25 11:17:10,496 - INFO -       \u2705 Вставлено: 32 строк за 0.14 сек (233 строк/сек)
2026-03-25 11:17:10,498 - INFO -   2026-03-25 11:17:10,497 - INFO -    \U0001f50d Проверка результата...
2026-03-25 11:17:10,501 - INFO -   2026-03-25 11:17:10,500 - INFO -       \u2705 В target за период: 32 строк
2026-03-25 11:17:10,502 - INFO -   2026-03-25 11:17:10,501 - INFO -
2026-03-25 11:17:10,502 - INFO -   2026-03-25 11:17:10,501 - INFO -    \u23f1\ufe0f ОБЩЕЕ ВРЕМЯ по таблице CYCLE_COUNT_REQUEST: 0.76 сек (0.01 мин)
2026-03-25 11:17:10,502 - INFO -   2026-03-25 11:17:10,501 - INFO - ============================================================
2026-03-25 11:17:10,503 - INFO -   2026-03-25 11:17:10,502 - INFO -
2026-03-25 11:17:10,503 - INFO -   2026-03-25 11:17:10,502 - INFO - ============================================================
2026-03-25 11:17:10,504 - INFO -   2026-03-25 11:17:10,502 - INFO - ТАБЛИЦА [18/21]: labor_management_detail_view
2026-03-25 11:17:10,505 - INFO -   2026-03-25 11:17:10,502 - INFO - ============================================================
2026-03-25 11:17:10,505 - INFO -   2026-03-25 11:17:10,502 - INFO -    \U0001f4c1 Источник: ils, Поле даты: DATE_TIME_STAMP
2026-03-25 11:17:10,506 - INFO -   2026-03-25 11:17:10,502 - INFO -    \U0001f4c5 Период: 2026-03-22 11:17 - 2026-03-25 11:17
2026-03-25 11:17:10,506 - INFO -   2026-03-25 11:17:10,502 - INFO -    \U0001f50c Шаг 1/5: Подключение к источнику (ils)...
2026-03-25 11:17:10,518 - INFO -   2026-03-25 11:17:10,518 - INFO -       \u2705 Подключено
2026-03-25 11:17:10,518 - INFO -   2026-03-25 11:17:10,518 - INFO -    \U0001f50c Шаг 2/5: Подключение к целевой БД...
2026-03-25 11:17:10,568 - INFO -   2026-03-25 11:17:10,568 - INFO -       \u2705 Подключено
2026-03-25 11:17:10,568 - INFO -   2026-03-25 11:17:10,568 - INFO -    \U0001f4cb Шаг 3/5: Получение структуры таблицы...
2026-03-25 11:17:10,594 - INFO -   2026-03-25 11:17:10,593 - INFO -       \u2705 Найдено колонок: 54
2026-03-25 11:17:10,594 - INFO -   2026-03-25 11:17:10,594 - INFO -    \U0001f4e5 Шаг 4/5: Чтение данных из источника...
2026-03-25 11:17:10,595 - INFO -   2026-03-25 11:17:10,594 - INFO -       Выполняется запрос...
2026-03-25 11:17:10,785 - INFO -   2026-03-25 11:17:10,785 - INFO -       \u2705 Прочитано строк: 3,598 (за 0.19 сек)
2026-03-25 11:17:10,786 - INFO -   2026-03-25 11:17:10,785 - INFO -    \U0001f5d1\ufe0f Шаг 5/5: Удаление старых данных и вставка новых...
2026-03-25 11:17:10,899 - INFO -   2026-03-25 11:17:10,898 - INFO -       \U0001f5d1\ufe0f Удалено строк: 3,586 (за 0.11 сек)
2026-03-25 11:17:10,900 - INFO -   2026-03-25 11:17:10,899 - INFO -       \U0001f4ca Вставка 3,598 строк (единым вызовом)...
2026-03-25 11:17:26,209 - INFO -   2026-03-25 11:17:26,209 - INFO -       \u2705 Вставлено: 3,598 строк за 15.31 сек (235 строк/сек)
2026-03-25 11:17:26,210 - INFO -   2026-03-25 11:17:26,209 - INFO -    \U0001f50d Проверка результата...
2026-03-25 11:17:26,214 - INFO -   2026-03-25 11:17:26,213 - INFO -       \u2705 В target за период: 3,598 строк
2026-03-25 11:17:26,214 - INFO -   2026-03-25 11:17:26,214 - INFO -
2026-03-25 11:17:26,216 - INFO -   2026-03-25 11:17:26,214 - INFO -    \u23f1\ufe0f ОБЩЕЕ ВРЕМЯ по таблице labor_management_detail_view: 15.71 сек (0.26 мин)
2026-03-25 11:17:26,217 - INFO -   2026-03-25 11:17:26,214 - INFO - ============================================================
2026-03-25 11:17:26,218 - INFO -   2026-03-25 11:17:26,217 - INFO -
2026-03-25 11:17:26,219 - INFO -   2026-03-25 11:17:26,218 - INFO - ============================================================
2026-03-25 11:17:26,219 - INFO -   2026-03-25 11:17:26,218 - INFO - ТАБЛИЦА [19/21]: UPLOAD_RECEIPT_CONTAINER
2026-03-25 11:17:26,220 - INFO -   2026-03-25 11:17:26,218 - INFO - ============================================================
2026-03-25 11:17:26,220 - INFO -   2026-03-25 11:17:26,218 - INFO -    \U0001f4c1 Источник: ils, Поле даты: DATE_TIME_STAMP
2026-03-25 11:17:26,220 - INFO -   2026-03-25 11:17:26,218 - INFO -    \U0001f4c5 Период: 2026-03-22 11:17 - 2026-03-25 11:17
2026-03-25 11:17:26,221 - INFO -   2026-03-25 11:17:26,218 - INFO -    \U0001f50c Шаг 1/5: Подключение к источнику (ils)...
2026-03-25 11:17:26,233 - INFO -   2026-03-25 11:17:26,233 - INFO -       \u2705 Подключено
2026-03-25 11:17:26,233 - INFO -   2026-03-25 11:17:26,233 - INFO -    \U0001f50c Шаг 2/5: Подключение к целевой БД...
2026-03-25 11:17:26,263 - INFO -   2026-03-25 11:17:26,263 - INFO -       \u2705 Подключено
2026-03-25 11:17:26,265 - INFO -   2026-03-25 11:17:26,263 - INFO -    \U0001f4cb Шаг 3/5: Получение структуры таблицы...
2026-03-25 11:17:26,286 - INFO -   2026-03-25 11:17:26,285 - INFO -       \u2705 Найдено колонок: 59
2026-03-25 11:17:26,286 - INFO -   2026-03-25 11:17:26,286 - INFO -    \U0001f4e5 Шаг 4/5: Чтение данных из источника...
2026-03-25 11:17:26,286 - INFO -   2026-03-25 11:17:26,286 - INFO -       Выполняется запрос...
2026-03-25 11:17:26,396 - INFO -   2026-03-25 11:17:26,396 - INFO -       \u2705 Прочитано строк: 1,386 (за 0.11 сек)
2026-03-25 11:17:26,396 - INFO -   2026-03-25 11:17:26,396 - INFO -    \U0001f5d1\ufe0f Шаг 5/5: Удаление старых данных и вставка новых...
2026-03-25 11:17:26,437 - INFO -   2026-03-25 11:17:26,437 - INFO -       \U0001f5d1\ufe0f Удалено строк: 1,386 (за 0.04 сек)
2026-03-25 11:17:26,437 - INFO -   2026-03-25 11:17:26,437 - INFO -       \U0001f4ca Вставка 1,386 строк (единым вызовом)...
2026-03-25 11:17:31,752 - INFO -   2026-03-25 11:17:31,751 - INFO -       \u2705 Вставлено: 1,386 строк за 5.31 сек (261 строк/сек)
2026-03-25 11:17:31,752 - INFO -   2026-03-25 11:17:31,752 - INFO -    \U0001f50d Проверка результата...
2026-03-25 11:17:31,869 - INFO -   2026-03-25 11:17:31,869 - INFO -       \u2705 В target за период: 1,386 строк
2026-03-25 11:17:31,869 - INFO -   2026-03-25 11:17:31,869 - INFO -
2026-03-25 11:17:31,870 - INFO -   2026-03-25 11:17:31,869 - INFO -    \u23f1\ufe0f ОБЩЕЕ ВРЕМЯ по таблице UPLOAD_RECEIPT_CONTAINER: 5.65 сек (0.09 мин)
2026-03-25 11:17:31,870 - INFO -   2026-03-25 11:17:31,869 - INFO - ============================================================
2026-03-25 11:17:31,871 - INFO -   2026-03-25 11:17:31,871 - INFO -
2026-03-25 11:17:31,872 - INFO -   2026-03-25 11:17:31,871 - INFO - ============================================================
2026-03-25 11:17:31,872 - INFO -   2026-03-25 11:17:31,871 - INFO - ТАБЛИЦА [20/21]: eks_peremer_ZX_KPP
2026-03-25 11:17:31,872 - INFO -   2026-03-25 11:17:31,871 - INFO - ============================================================
2026-03-25 11:17:31,872 - INFO -   2026-03-25 11:17:31,871 - INFO -    \U0001f4c1 Источник: sk, Поле даты: date_time_stamp
2026-03-25 11:17:31,873 - INFO -   2026-03-25 11:17:31,871 - INFO -    \U0001f4c5 Период: 2026-03-22 11:17 - 2026-03-25 11:17
2026-03-25 11:17:31,873 - INFO -   2026-03-25 11:17:31,871 - INFO -    \U0001f50c Шаг 1/5: Подключение к источнику (sk)...
2026-03-25 11:17:31,914 - INFO -   2026-03-25 11:17:31,914 - INFO -       \u2705 Подключено
2026-03-25 11:17:31,914 - INFO -   2026-03-25 11:17:31,914 - INFO -    \U0001f50c Шаг 2/5: Подключение к целевой БД...
2026-03-25 11:17:31,952 - INFO -   2026-03-25 11:17:31,952 - INFO -       \u2705 Подключено
2026-03-25 11:17:31,952 - INFO -   2026-03-25 11:17:31,952 - INFO -    \U0001f4cb Шаг 3/5: Получение структуры таблицы...
2026-03-25 11:17:31,967 - INFO -   2026-03-25 11:17:31,967 - INFO -       \u2705 Найдено колонок: 7
2026-03-25 11:17:31,967 - INFO -   2026-03-25 11:17:31,967 - INFO -    \U0001f4e5 Шаг 4/5: Чтение данных из источника...
2026-03-25 11:17:31,967 - INFO -   2026-03-25 11:17:31,967 - INFO -       Выполняется запрос...
2026-03-25 11:17:31,972 - INFO -   2026-03-25 11:17:31,972 - INFO -       \u2705 Прочитано строк: 16 (за 0.00 сек)
2026-03-25 11:17:31,972 - INFO -   2026-03-25 11:17:31,972 - INFO -    \U0001f5d1\ufe0f Шаг 5/5: Удаление старых данных и вставка новых...
2026-03-25 11:17:31,977 - INFO -   2026-03-25 11:17:31,977 - INFO -       \U0001f5d1\ufe0f Удалено строк: 16 (за 0.00 сек)
2026-03-25 11:17:31,977 - INFO -   2026-03-25 11:17:31,977 - INFO -       \U0001f4ca Вставка 16 строк (единым вызовом)...
2026-03-25 11:17:32,026 - INFO -   2026-03-25 11:17:32,026 - INFO -       \u2705 Вставлено: 16 строк за 0.05 сек (326 строк/сек)
2026-03-25 11:17:32,027 - INFO -   2026-03-25 11:17:32,026 - INFO -    \U0001f50d Проверка результата...
2026-03-25 11:17:32,030 - INFO -   2026-03-25 11:17:32,030 - INFO -       \u2705 В target за период: 16 строк
2026-03-25 11:17:32,033 - INFO -   2026-03-25 11:17:32,030 - INFO -
2026-03-25 11:17:32,033 - INFO -   2026-03-25 11:17:32,031 - INFO -    \u23f1\ufe0f ОБЩЕЕ ВРЕМЯ по таблице eks_peremer_ZX_KPP: 0.16 сек (0.00 мин)
2026-03-25 11:17:32,034 - INFO -   2026-03-25 11:17:32,031 - INFO - ============================================================
2026-03-25 11:17:32,034 - INFO -   2026-03-25 11:17:32,031 - INFO -
2026-03-25 11:17:32,034 - INFO -   2026-03-25 11:17:32,031 - INFO - ============================================================
2026-03-25 11:17:32,035 - INFO -   2026-03-25 11:17:32,031 - INFO - ТАБЛИЦА [21/21]: Shtraf_Edit
2026-03-25 11:17:32,035 - INFO -   2026-03-25 11:17:32,031 - INFO - ============================================================
2026-03-25 11:17:32,039 - INFO -   2026-03-25 11:17:32,031 - INFO -    \U0001f4c1 Источник: sk, Поле даты: date_time_stamp
2026-03-25 11:17:32,040 - INFO -   2026-03-25 11:17:32,032 - INFO -    \U0001f4c5 Период: 2026-03-22 11:17 - 2026-03-25 11:17
2026-03-25 11:17:32,041 - INFO -   2026-03-25 11:17:32,032 - INFO -    \U0001f50c Шаг 1/5: Подключение к источнику (sk)...
2026-03-25 11:17:32,046 - INFO -   2026-03-25 11:17:32,046 - INFO -       \u2705 Подключено
2026-03-25 11:17:32,059 - INFO -   2026-03-25 11:17:32,046 - INFO -    \U0001f50c Шаг 2/5: Подключение к целевой БД...
2026-03-25 11:17:32,077 - INFO -   2026-03-25 11:17:32,077 - INFO -       \u2705 Подключено
2026-03-25 11:17:32,077 - INFO -   2026-03-25 11:17:32,077 - INFO -    \U0001f4cb Шаг 3/5: Получение структуры таблицы...
2026-03-25 11:17:32,093 - INFO -   2026-03-25 11:17:32,093 - INFO -       \u2705 Найдено колонок: 12
2026-03-25 11:17:32,094 - INFO -   2026-03-25 11:17:32,093 - INFO -    \U0001f4e5 Шаг 4/5: Чтение данных из источника...
2026-03-25 11:17:32,094 - INFO -   2026-03-25 11:17:32,093 - INFO -       Выполняется запрос...
2026-03-25 11:17:32,098 - INFO -   2026-03-25 11:17:32,098 - INFO -       \u2705 Прочитано строк: 10 (за 0.00 сек)
2026-03-25 11:17:32,098 - INFO -   2026-03-25 11:17:32,098 - INFO -    \U0001f5d1\ufe0f Шаг 5/5: Удаление старых данных и вставка новых...
2026-03-25 11:17:32,103 - INFO -   2026-03-25 11:17:32,103 - INFO -       \U0001f5d1\ufe0f Удалено строк: 10 (за 0.01 сек)
2026-03-25 11:17:32,104 - INFO -   2026-03-25 11:17:32,103 - INFO -       \U0001f4ca Вставка 10 строк (единым вызовом)...
2026-03-25 11:17:32,134 - INFO -   2026-03-25 11:17:32,134 - INFO -       \u2705 Вставлено: 10 строк за 0.03 сек (330 строк/сек)
2026-03-25 11:17:32,134 - INFO -   2026-03-25 11:17:32,134 - INFO -    \U0001f50d Проверка результата...
2026-03-25 11:17:32,137 - INFO -   2026-03-25 11:17:32,137 - INFO -       \u2705 В target за период: 10 строк
2026-03-25 11:17:32,137 - INFO -   2026-03-25 11:17:32,137 - INFO -
2026-03-25 11:17:32,138 - INFO -   2026-03-25 11:17:32,137 - INFO -    \u23f1\ufe0f ОБЩЕЕ ВРЕМЯ по таблице Shtraf_Edit: 0.11 сек (0.00 мин)
2026-03-25 11:17:32,138 - INFO -   2026-03-25 11:17:32,137 - INFO - ============================================================
2026-03-25 11:17:32,138 - INFO -   2026-03-25 11:17:32,137 - INFO -
2026-03-25 11:17:32,138 - INFO -   ================================================================================
2026-03-25 11:17:32,138 - INFO -   2026-03-25 11:17:32,137 - INFO - \U0001f3c1 ПЕРЕЗАПИСЬ ЗАВЕРШЕНА
2026-03-25 11:17:32,138 - INFO -   2026-03-25 11:17:32,137 - INFO - ================================================================================
2026-03-25 11:17:32,138 - INFO -   2026-03-25 11:17:32,137 - INFO - \u2705 Успешно: 21 таблиц
2026-03-25 11:17:32,139 - INFO -   2026-03-25 11:17:32,137 - INFO - \u274c Ошибок: 0 таблиц
2026-03-25 11:17:32,139 - INFO -   2026-03-25 11:17:32,137 - INFO - \u23f1\ufe0f Время выполнения: 1375.54 сек (22.93 мин)
2026-03-25 11:17:32,139 - INFO -   2026-03-25 11:17:32,138 - INFO - \U0001f4c5 Дата запуска: 2026-03-25 10:54:36.600611
2026-03-25 11:17:32,140 - INFO -   2026-03-25 11:17:32,138 - INFO - ================================================================================
2026-03-25 11:17:32,170 - INFO - --------------------------------------------------------------------------------
2026-03-25 11:17:32,170 - INFO - ✅ ШАГ 1 завершён успешно
2026-03-25 11:17:32,174 - INFO - 
2026-03-25 11:17:32,174 - INFO - ================================================================================
2026-03-25 11:17:32,174 - INFO - ШАГ 2: Перезапись LOCATION_INVENTORY (reload_locations.py)
2026-03-25 11:17:32,175 - INFO - ================================================================================
2026-03-25 11:17:32,175 - INFO - 🚀 Запуск: C:\Users\A.Gorbatenko\Documents\Dashboard\script\reload_locations.py
2026-03-25 11:17:32,175 - INFO - --------------------------------------------------------------------------------
2026-03-25 11:17:32,365 - INFO -   2026-03-25 11:17:32,365 - INFO - \U0001f680 ЗАПУСК ПЕРЕЗАПИСИ LOCATION_INVENTORY
2026-03-25 11:17:32,367 - INFO -   2026-03-25 11:17:32,365 - INFO - ВНИМАНИЕ: Будет выполнена ПОЛНАЯ перезапись таблицы!
2026-03-25 11:17:32,367 - INFO -   2026-03-25 11:17:32,365 - INFO - ================================================================================
2026-03-25 11:17:32,368 - INFO -   2026-03-25 11:17:32,365 - INFO - \U0001f504 ПОЛНАЯ ПЕРЕЗАПИСЬ LOCATION_INVENTORY
2026-03-25 11:17:32,368 - INFO -   2026-03-25 11:17:32,365 - INFO - ================================================================================
2026-03-25 11:17:32,368 - INFO -   2026-03-25 11:17:32,365 - INFO - 1. Подключение к источнику (ils)...
2026-03-25 11:17:32,395 - INFO -   2026-03-25 11:17:32,394 - INFO -    \u2713 Подключение к источнику установлено
2026-03-25 11:17:32,395 - INFO -   2026-03-25 11:17:32,395 - INFO - 2. Подключение к целевой БД...
2026-03-25 11:17:32,431 - INFO -   2026-03-25 11:17:32,431 - INFO -    \u2713 Подключение к целевой БД установлено
2026-03-25 11:17:32,431 - INFO -   2026-03-25 11:17:32,431 - INFO -
2026-03-25 11:17:32,431 - INFO -   3. Получение структуры таблицы...
2026-03-25 11:17:32,448 - INFO -   2026-03-25 11:17:32,448 - INFO -    \u2713 Найдено колонок: 47
2026-03-25 11:17:32,448 - INFO -   2026-03-25 11:17:32,448 - INFO -
2026-03-25 11:17:32,449 - INFO -   4. Чтение данных из источника...
2026-03-25 11:17:32,449 - INFO -   2026-03-25 11:17:32,448 - INFO -    Выполняется запрос: SELECT INTERNAL_LOCATION_INV, LOCATION_TEMPLATE, TEMPLATE_FIELD1, TEMPLATE_FIELD2, TEMPLATE_FIELD3, TEMPLATE_FIELD4, TEMPLATE_FIELD5, ITEM, COMPANY, PERMANENT, LOT, ON_HAND_QTY, IN_TRANSIT_QTY, ALLOCATED_QTY, SUSPENSE_QTY, QUANTITY_UM, INVENTORY_STS, AGING_DATE, EXPIRATION_DATE, MANUFACTURED_DATE, RECEIVED_DATE, TOTAL_VALUE, TOTAL_COST, TOTAL_WEIGHT, TOTAL_VOLUME, VOLUME_UM, USER_DEF1, USER_DEF2, USER_DEF3, USER_DEF4, USER_DEF5, USER_DEF6, USER_DEF7, USER_DEF8, USER_STAMP, PROCESS_STAMP, DATE_TIME_STAMP, WEIGHT_UM, warehouse, LOCATION, ITEM_DESC, ITEM_SIZE, ITEM_COLOR, ITEM_STYLE, LOGISTICS_UNIT, PARENT_LOGISTICS_UNIT, LOC_INV_ATTRIBUTES_ID FROM LOCATION_INVENTORY
2026-03-25 11:17:34,200 - INFO -   2026-03-25 11:17:34,199 - INFO -    \u2713 Прочитано строк: 30,535
2026-03-25 11:17:34,200 - INFO -   2026-03-25 11:17:34,199 - INFO -
2026-03-25 11:17:34,200 - INFO -   5. Очистка целевой таблицы...
2026-03-25 11:17:34,215 - INFO -   2026-03-25 11:17:34,215 - INFO -    \u2713 Таблица raw_.LOCATION_INVENTORY очищена
2026-03-25 11:17:34,216 - INFO -   2026-03-25 11:17:34,215 - INFO -
2026-03-25 11:17:34,216 - INFO -   6. Загрузка 30,535 строк...
2026-03-25 11:17:57,882 - INFO -   2026-03-25 11:17:57,882 - INFO -    Пакет 1/7: 5,000 строк
2026-03-25 11:18:23,377 - INFO -   2026-03-25 11:18:23,377 - INFO -    Пакет 2/7: 5,000 строк
2026-03-25 11:18:44,995 - INFO -   2026-03-25 11:18:44,995 - INFO -    Пакет 3/7: 5,000 строк
2026-03-25 11:19:04,766 - INFO -   2026-03-25 11:19:04,765 - INFO -    Пакет 4/7: 5,000 строк
2026-03-25 11:19:26,826 - INFO -   2026-03-25 11:19:26,825 - INFO -    Пакет 5/7: 5,000 строк
2026-03-25 11:19:54,863 - INFO -   2026-03-25 11:19:54,863 - INFO -    Пакет 6/7: 5,000 строк
2026-03-25 11:19:57,415 - INFO -   2026-03-25 11:19:57,414 - INFO -    Пакет 7/7: 535 строк
2026-03-25 11:19:57,415 - INFO -   2026-03-25 11:19:57,415 - INFO -
2026-03-25 11:19:57,415 - INFO -   7. Проверка загрузки...
2026-03-25 11:19:57,422 - INFO -   2026-03-25 11:19:57,421 - INFO -    Загружено строк: 30,535
2026-03-25 11:19:57,422 - INFO -   2026-03-25 11:19:57,422 - INFO -    Строк в target: 30,535
2026-03-25 11:19:57,423 - INFO -   2026-03-25 11:19:57,422 - INFO -    \u2705 ПОЛНОЕ СООТВЕТСТВИЕ: все данные загружены
2026-03-25 11:19:57,423 - INFO -   2026-03-25 11:19:57,422 - INFO -
2026-03-25 11:19:57,423 - INFO -   8. Логирование в etl_log...
2026-03-25 11:19:57,454 - INFO -   2026-03-25 11:19:57,454 - INFO -    \u2705 Лог записан
2026-03-25 11:19:57,455 - INFO -   2026-03-25 11:19:57,454 - INFO -
2026-03-25 11:19:57,455 - INFO -   ================================================================================
2026-03-25 11:19:57,456 - INFO -   2026-03-25 11:19:57,454 - INFO - \u2705 ПОЛНАЯ ПЕРЕЗАПИСЬ ЗАВЕРШЕНА
2026-03-25 11:19:57,456 - INFO -   2026-03-25 11:19:57,454 - INFO - ================================================================================
2026-03-25 11:19:57,456 - INFO -   2026-03-25 11:19:57,454 - INFO - Таблица: LOCATION_INVENTORY
2026-03-25 11:19:57,456 - INFO -   2026-03-25 11:19:57,454 - INFO - Загружено записей: 30,535
2026-03-25 11:19:57,456 - INFO -   2026-03-25 11:19:57,455 - INFO - Время выполнения: 145.09 сек
2026-03-25 11:19:57,457 - INFO -   2026-03-25 11:19:57,455 - INFO - Скорость: 210 записей/сек
2026-03-25 11:19:57,457 - INFO -   2026-03-25 11:19:57,455 - INFO - Дата загрузки: 2026-03-25 11:17:32.365602
2026-03-25 11:19:57,457 - INFO -   2026-03-25 11:19:57,455 - INFO - ================================================================================
2026-03-25 11:19:57,486 - INFO -   2026-03-25 11:19:57,486 - INFO -
2026-03-25 11:19:57,487 - INFO -   \u2705 ГОТОВО! LOCATION_INVENTORY полностью обновлён
2026-03-25 11:19:57,499 - INFO - --------------------------------------------------------------------------------
2026-03-25 11:19:57,500 - INFO - ✅ ШАГ 2 завершён успешно
2026-03-25 11:19:57,500 - INFO - 
2026-03-25 11:19:57,500 - INFO - ================================================================================
2026-03-25 11:19:57,501 - INFO - ШАГ 3: Обновление DWH таблиц (run_update_dwh.py 3)
2026-03-25 11:19:57,501 - INFO - ================================================================================
2026-03-25 11:19:57,502 - INFO - 🚀 Запуск: C:\Users\A.Gorbatenko\Documents\Dashboard\script\run_update_dwh.py 3
2026-03-25 11:19:57,502 - INFO - --------------------------------------------------------------------------------
2026-03-25 11:19:57,613 - INFO -   2026-03-25 11:19:57,613 - INFO - ================================================================================
2026-03-25 11:19:57,613 - INFO -   2026-03-25 11:19:57,613 - INFO - \U0001f680 ЗАПУСК ОБНОВЛЕНИЯ DWH ЗА 3 ДНЯ
2026-03-25 11:19:57,613 - INFO -   2026-03-25 11:19:57,613 - INFO - ================================================================================
2026-03-25 11:19:57,613 - INFO -   2026-03-25 11:19:57,613 - INFO - \U0001f4c1 SQL-файл: C:\Users\A.Gorbatenko\Documents\Dashboard\script\update_dwh_3days.sql
2026-03-25 11:19:57,614 - INFO -   2026-03-25 11:19:57,613 - INFO - \U0001f4c5 Время запуска: 2026-03-25 11:19:57
2026-03-25 11:19:57,614 - INFO -   2026-03-25 11:19:57,613 - INFO - ================================================================================
2026-03-25 11:19:57,614 - INFO -   2026-03-25 11:19:57,614 - INFO - \U0001f4c4 Чтение SQL-файла: C:\Users\A.Gorbatenko\Documents\Dashboard\script\update_dwh_3days.sql
2026-03-25 11:19:57,636 - INFO -   2026-03-25 11:19:57,636 - INFO - \u2705 SQL-файл прочитан. Размер: 48,172 символов
2026-03-25 11:19:57,636 - INFO -   2026-03-25 11:19:57,636 - INFO - \U0001f50c Подключение к базе данных 10.7.0.27/olap2_fixed...
2026-03-25 11:19:57,690 - INFO -   2026-03-25 11:19:57,690 - INFO - \u2705 Подключение установлено
2026-03-25 11:19:57,691 - INFO -   2026-03-25 11:19:57,690 - INFO - \U0001f504 Начало транзакции...
2026-03-25 11:19:57,693 - INFO -   2026-03-25 11:19:57,693 - INFO - \U0001f4cb Выполнение SQL-скрипта (единым блоком)...
2026-03-25 11:19:58,041 - INFO -   2026-03-25 11:19:58,041 - ERROR - \u274c КРИТИЧЕСКАЯ ОШИБКА: (102, b"Incorrect syntax near 'GO'.DB-Lib error message 20018, severity 15:\nGeneral SQL Server error: Check messages from the SQL Server\nDB-Lib error message 20018, severity 15:\nGeneral SQL Server error: Check messages from the SQL Server\nDB-Lib error message 20018, severity 15:\nGeneral SQL Server error: Check messages from the SQL Server\nDB-Lib error message 20018, severity 15:\nGeneral SQL Server error: Check messages from the SQL Server\n")
2026-03-25 11:19:58,042 - INFO -   2026-03-25 11:19:58,041 - INFO - \U0001f504 Откат транзакции...
2026-03-25 11:19:58,045 - INFO -   2026-03-25 11:19:58,045 - INFO - \U0001f50c Подключение закрыто
2026-03-25 11:19:58,046 - INFO -   2026-03-25 11:19:58,045 - INFO - ================================================================================
2026-03-25 11:19:58,048 - INFO -   2026-03-25 11:19:58,045 - ERROR - \u274c ОБНОВЛЕНИЕ ЗА 3 ДНЯ ЗАВЕРШЕНО С ОШИБКАМИ
2026-03-25 11:19:58,049 - INFO -   2026-03-25 11:19:58,045 - INFO - ================================================================================
2026-03-25 11:19:58,064 - INFO - --------------------------------------------------------------------------------
2026-03-25 11:19:58,065 - ERROR - ❌ ШАГ 3 завершился с ошибкой (код 1)
2026-03-25 11:19:58,066 - ERROR - 🛑 ПАЙПЛАЙН ОСТАНОВЛЕН на ШАГЕ 3: run_update_dwh.py failed with code 1
