2026-03-25 10:28:42,664 - INFO - ╔==============================================================================╗
2026-03-25 10:28:42,664 - INFO - ║                    3-ДНЕВНЫЙ ETL ПАЙПЛАЙН                                 ║
2026-03-25 10:28:42,665 - INFO - ╚==============================================================================╝
2026-03-25 10:28:42,665 - INFO - 📅 Время запуска: 2026-03-25 10:28:42
2026-03-25 10:28:42,665 - INFO - 📁 Директория: C:\Users\A.Gorbatenko\Documents\Dashboard\script
2026-03-25 10:28:42,665 - INFO - ================================================================================
2026-03-25 10:28:42,665 - INFO - ================================================================================
2026-03-25 10:28:42,666 - INFO - ШАГ 1: Обновление сырых данных (reload_3days.py)
2026-03-25 10:28:42,666 - INFO - ================================================================================
2026-03-25 10:28:42,666 - INFO - 🚀 Запуск: C:\Users\A.Gorbatenko\Documents\Dashboard\script\reload_3days.py
2026-03-25 10:28:42,666 - INFO - --------------------------------------------------------------------------------
2026-03-25 10:28:42,770 - INFO -   2026-03-25 10:28:42,770 - INFO - ================================================================================
2026-03-25 10:28:42,771 - INFO -   2026-03-25 10:28:42,770 - INFO - \U0001f680 ПЕРЕЗАПИСЬ ДАННЫХ ЗА ПОСЛЕДНИЕ 3 ДНЯ
2026-03-25 10:28:42,772 - INFO -   2026-03-25 10:28:42,770 - INFO - ================================================================================
2026-03-25 10:28:42,774 - INFO -   2026-03-25 10:28:42,770 - INFO - \U0001f4ca Всего таблиц: 21
2026-03-25 10:28:42,775 - INFO -   2026-03-25 10:28:42,770 - INFO - \U0001f4c1 Источники: ils (19 таблиц), sk (2 таблицы)
2026-03-25 10:28:42,775 - INFO -   2026-03-25 10:28:42,770 - INFO - \U0001f3af Целевая БД: olap2_fixed.raw_
2026-03-25 10:28:42,775 - INFO -   2026-03-25 10:28:42,771 - INFO - \U0001f4c5 Период: 2026-03-22 - 2026-03-25
2026-03-25 10:28:42,775 - INFO -   2026-03-25 10:28:42,771 - INFO - ================================================================================
2026-03-25 10:28:42,776 - INFO -   2026-03-25 10:28:42,771 - INFO -
2026-03-25 10:28:42,776 - INFO -   2026-03-25 10:28:42,771 - INFO - ============================================================
2026-03-25 10:28:42,776 - INFO -   2026-03-25 10:28:42,771 - INFO - ТАБЛИЦА [1/21]: ORDER_DETAIL
2026-03-25 10:28:42,777 - INFO -   2026-03-25 10:28:42,771 - INFO - ============================================================
2026-03-25 10:28:42,777 - INFO -   2026-03-25 10:28:42,771 - INFO -    \U0001f4c1 Источник: ils, Поле даты: DATE_TIME_STAMP
2026-03-25 10:28:42,777 - INFO -   2026-03-25 10:28:42,771 - INFO -    \U0001f4c5 Период: 2026-03-22 10:28 - 2026-03-25 10:28
2026-03-25 10:28:42,778 - INFO -   2026-03-25 10:28:42,772 - INFO -    \U0001f50c Шаг 1/5: Подключение к источнику (ils)...
2026-03-25 10:28:42,807 - INFO -   2026-03-25 10:28:42,807 - INFO -       \u2705 Подключено
2026-03-25 10:28:42,807 - INFO -   2026-03-25 10:28:42,807 - INFO -    \U0001f50c Шаг 2/5: Подключение к целевой БД...
2026-03-25 10:28:42,849 - INFO -   2026-03-25 10:28:42,849 - INFO -       \u2705 Подключено
2026-03-25 10:28:42,854 - INFO -   2026-03-25 10:28:42,849 - INFO -    \U0001f4cb Шаг 3/5: Получение структуры таблицы...
2026-03-25 10:28:42,867 - INFO -   2026-03-25 10:28:42,866 - INFO -       \u2705 Найдено колонок: 126
2026-03-25 10:28:42,893 - INFO -   2026-03-25 10:28:42,867 - INFO -    \U0001f4e5 Шаг 4/5: Чтение данных из источника...
2026-03-25 10:28:42,904 - INFO -   2026-03-25 10:28:42,867 - INFO -       Выполняется запрос...
2026-03-25 10:28:42,929 - INFO -   2026-03-25 10:28:42,871 - INFO -       \u2705 Прочитано строк: 0 (за 0.00 сек)
2026-03-25 10:28:42,930 - INFO -   2026-03-25 10:28:42,871 - INFO -    \U0001f5d1\ufe0f Шаг 5/5: Удаление старых данных и вставка новых...
2026-03-25 10:28:42,931 - INFO -   2026-03-25 10:28:42,875 - INFO -       \U0001f5d1\ufe0f Удалено строк: 0 (за 0.00 сек)
2026-03-25 10:28:42,933 - INFO -   2026-03-25 10:28:42,880 - INFO -       \u2139\ufe0f Нет данных для вставки
2026-03-25 10:28:42,935 - INFO -   2026-03-25 10:28:42,880 - INFO -    \U0001f50d Проверка результата...
2026-03-25 10:28:42,936 - INFO -   2026-03-25 10:28:42,884 - INFO -       \u2705 В target за период: 0 строк
2026-03-25 10:28:42,936 - INFO -   2026-03-25 10:28:42,884 - INFO -
2026-03-25 10:28:42,936 - INFO -   2026-03-25 10:28:42,884 - INFO -    \u23f1\ufe0f ОБЩЕЕ ВРЕМЯ по таблице ORDER_DETAIL: 0.11 сек (0.00 мин)
2026-03-25 10:28:42,937 - INFO -   2026-03-25 10:28:42,884 - INFO - ============================================================
2026-03-25 10:28:42,937 - INFO -   2026-03-25 10:28:42,884 - INFO -
2026-03-25 10:28:42,937 - INFO -   2026-03-25 10:28:42,884 - INFO - ============================================================
2026-03-25 10:28:42,938 - INFO -   2026-03-25 10:28:42,885 - INFO - ТАБЛИЦА [2/21]: ORDER_HEADER
2026-03-25 10:28:42,938 - INFO -   2026-03-25 10:28:42,885 - INFO - ============================================================
2026-03-25 10:28:42,942 - INFO -   2026-03-25 10:28:42,885 - INFO -    \U0001f4c1 Источник: ils, Поле даты: ORDER_DATE
2026-03-25 10:28:42,946 - INFO -   2026-03-25 10:28:42,885 - INFO -    \U0001f4c5 Период: 2026-03-22 10:28 - 2026-03-25 10:28
2026-03-25 10:28:42,947 - INFO -   2026-03-25 10:28:42,885 - INFO -    \U0001f50c Шаг 1/5: Подключение к источнику (ils)...
2026-03-25 10:28:42,947 - INFO -   2026-03-25 10:28:42,899 - INFO -       \u2705 Подключено
2026-03-25 10:28:42,947 - INFO -   2026-03-25 10:28:42,899 - INFO -    \U0001f50c Шаг 2/5: Подключение к целевой БД...
2026-03-25 10:28:42,947 - INFO -   2026-03-25 10:28:42,929 - INFO -       \u2705 Подключено
2026-03-25 10:28:42,947 - INFO -   2026-03-25 10:28:42,929 - INFO -    \U0001f4cb Шаг 3/5: Получение структуры таблицы...
2026-03-25 10:28:42,948 - INFO -   2026-03-25 10:28:42,947 - INFO -       \u2705 Найдено колонок: 114
2026-03-25 10:28:42,948 - INFO -   2026-03-25 10:28:42,947 - INFO -    \U0001f4e5 Шаг 4/5: Чтение данных из источника...
2026-03-25 10:28:42,949 - INFO -   2026-03-25 10:28:42,947 - INFO -       Выполняется запрос...
2026-03-25 10:28:42,952 - INFO -   2026-03-25 10:28:42,951 - INFO -       \u2705 Прочитано строк: 0 (за 0.00 сек)
2026-03-25 10:28:42,952 - INFO -   2026-03-25 10:28:42,952 - INFO -    \U0001f5d1\ufe0f Шаг 5/5: Удаление старых данных и вставка новых...
2026-03-25 10:28:42,955 - INFO -   2026-03-25 10:28:42,955 - INFO -       \U0001f5d1\ufe0f Удалено строк: 0 (за 0.00 сек)
2026-03-25 10:28:42,960 - INFO -   2026-03-25 10:28:42,960 - INFO -       \u2139\ufe0f Нет данных для вставки
2026-03-25 10:28:42,960 - INFO -   2026-03-25 10:28:42,960 - INFO -    \U0001f50d Проверка результата...
2026-03-25 10:28:42,963 - INFO -   2026-03-25 10:28:42,963 - INFO -       \u2705 В target за период: 0 строк
2026-03-25 10:28:42,984 - INFO -   2026-03-25 10:28:42,963 - INFO -
2026-03-25 10:28:42,984 - INFO -   2026-03-25 10:28:42,963 - INFO -    \u23f1\ufe0f ОБЩЕЕ ВРЕМЯ по таблице ORDER_HEADER: 0.08 сек (0.00 мин)
2026-03-25 10:28:42,985 - INFO -   2026-03-25 10:28:42,963 - INFO - ============================================================
2026-03-25 10:28:42,986 - INFO -   2026-03-25 10:28:42,963 - INFO -
2026-03-25 10:28:42,986 - INFO -   2026-03-25 10:28:42,964 - INFO - ============================================================
2026-03-25 10:28:42,986 - INFO -   2026-03-25 10:28:42,964 - INFO - ТАБЛИЦА [3/21]: RECEIPT_DETAIL
2026-03-25 10:28:42,986 - INFO -   2026-03-25 10:28:42,964 - INFO - ============================================================
2026-03-25 10:28:42,987 - INFO -   2026-03-25 10:28:42,964 - INFO -    \U0001f4c1 Источник: ils, Поле даты: DATE_TIME_STAMP
2026-03-25 10:28:42,987 - INFO -   2026-03-25 10:28:42,964 - INFO -    \U0001f4c5 Период: 2026-03-22 10:28 - 2026-03-25 10:28
2026-03-25 10:28:42,987 - INFO -   2026-03-25 10:28:42,964 - INFO -    \U0001f50c Шаг 1/5: Подключение к источнику (ils)...
2026-03-25 10:28:42,988 - INFO -   2026-03-25 10:28:42,979 - INFO -       \u2705 Подключено
2026-03-25 10:28:42,990 - INFO -   2026-03-25 10:28:42,979 - INFO -    \U0001f50c Шаг 2/5: Подключение к целевой БД...
2026-03-25 10:28:43,012 - INFO -   2026-03-25 10:28:43,011 - INFO -       \u2705 Подключено
2026-03-25 10:28:43,012 - INFO -   2026-03-25 10:28:43,011 - INFO -    \U0001f4cb Шаг 3/5: Получение структуры таблицы...
2026-03-25 10:28:43,034 - INFO -   2026-03-25 10:28:43,034 - INFO -       \u2705 Найдено колонок: 83
2026-03-25 10:28:43,034 - INFO -   2026-03-25 10:28:43,034 - INFO -    \U0001f4e5 Шаг 4/5: Чтение данных из источника...
2026-03-25 10:28:43,035 - INFO -   2026-03-25 10:28:43,034 - INFO -       Выполняется запрос...
2026-03-25 10:28:43,373 - INFO -   2026-03-25 10:28:43,373 - INFO -       \u2705 Прочитано строк: 1,218 (за 0.34 сек)
2026-03-25 10:28:43,373 - INFO -   2026-03-25 10:28:43,373 - INFO -    \U0001f5d1\ufe0f Шаг 5/5: Удаление старых данных и вставка новых...
2026-03-25 10:28:43,390 - INFO -   2026-03-25 10:28:43,390 - INFO -       \U0001f5d1\ufe0f Удалено строк: 1,190 (за 0.02 сек)
2026-03-25 10:28:43,390 - INFO -   2026-03-25 10:28:43,390 - INFO -       \U0001f4ca Вставка 1,218 строк (единым вызовом)...
2026-03-25 10:28:53,749 - INFO -   2026-03-25 10:28:53,748 - INFO -       \u2705 Вставлено: 1,218 строк за 10.36 сек (118 строк/сек)
2026-03-25 10:28:53,749 - INFO -   2026-03-25 10:28:53,749 - INFO -    \U0001f50d Проверка результата...
2026-03-25 10:28:53,752 - INFO -   2026-03-25 10:28:53,751 - INFO -       \u2705 В target за период: 1,218 строк
2026-03-25 10:28:53,752 - INFO -   2026-03-25 10:28:53,752 - INFO -
2026-03-25 10:28:53,752 - INFO -   2026-03-25 10:28:53,752 - INFO -    \u23f1\ufe0f ОБЩЕЕ ВРЕМЯ по таблице RECEIPT_DETAIL: 10.79 сек (0.18 мин)
2026-03-25 10:28:53,753 - INFO -   2026-03-25 10:28:53,752 - INFO - ============================================================
2026-03-25 10:28:53,754 - INFO -   2026-03-25 10:28:53,754 - INFO -
2026-03-25 10:28:53,754 - INFO -   2026-03-25 10:28:53,754 - INFO - ============================================================
2026-03-25 10:28:53,755 - INFO -   2026-03-25 10:28:53,754 - INFO - ТАБЛИЦА [4/21]: RECEIPT_HEADER
2026-03-25 10:28:53,755 - INFO -   2026-03-25 10:28:53,754 - INFO - ============================================================
2026-03-25 10:28:53,756 - INFO -   2026-03-25 10:28:53,754 - INFO -    \U0001f4c1 Источник: ils, Поле даты: RECEIPT_DATE
2026-03-25 10:28:53,756 - INFO -   2026-03-25 10:28:53,754 - INFO -    \U0001f4c5 Период: 2026-03-22 10:28 - 2026-03-25 10:28
2026-03-25 10:28:53,756 - INFO -   2026-03-25 10:28:53,754 - INFO -    \U0001f50c Шаг 1/5: Подключение к источнику (ils)...
2026-03-25 10:28:53,840 - INFO -   2026-03-25 10:28:53,840 - INFO -       \u2705 Подключено
2026-03-25 10:28:53,841 - INFO -   2026-03-25 10:28:53,840 - INFO -    \U0001f50c Шаг 2/5: Подключение к целевой БД...
2026-03-25 10:28:53,888 - INFO -   2026-03-25 10:28:53,888 - INFO -       \u2705 Подключено
2026-03-25 10:28:53,889 - INFO -   2026-03-25 10:28:53,888 - INFO -    \U0001f4cb Шаг 3/5: Получение структуры таблицы...
2026-03-25 10:28:53,904 - INFO -   2026-03-25 10:28:53,904 - INFO -       \u2705 Найдено колонок: 81
2026-03-25 10:28:53,904 - INFO -   2026-03-25 10:28:53,904 - INFO -    \U0001f4e5 Шаг 4/5: Чтение данных из источника...
2026-03-25 10:28:53,905 - INFO -   2026-03-25 10:28:53,904 - INFO -       Выполняется запрос...
2026-03-25 10:28:53,967 - INFO -   2026-03-25 10:28:53,967 - INFO -       \u2705 Прочитано строк: 269 (за 0.06 сек)
2026-03-25 10:28:53,968 - INFO -   2026-03-25 10:28:53,967 - INFO -    \U0001f5d1\ufe0f Шаг 5/5: Удаление старых данных и вставка новых...
2026-03-25 10:28:53,978 - INFO -   2026-03-25 10:28:53,977 - INFO -       \U0001f5d1\ufe0f Удалено строк: 268 (за 0.01 сек)
2026-03-25 10:28:53,978 - INFO -   2026-03-25 10:28:53,978 - INFO -       \U0001f4ca Вставка 269 строк (единым вызовом)...
2026-03-25 10:28:55,675 - INFO -   2026-03-25 10:28:55,675 - INFO -       \u2705 Вставлено: 269 строк за 1.70 сек (159 строк/сек)
2026-03-25 10:28:55,675 - INFO -   2026-03-25 10:28:55,675 - INFO -    \U0001f50d Проверка результата...
2026-03-25 10:28:55,679 - INFO -   2026-03-25 10:28:55,679 - INFO -       \u2705 В target за период: 269 строк
2026-03-25 10:28:55,679 - INFO -   2026-03-25 10:28:55,679 - INFO -
2026-03-25 10:28:55,679 - INFO -   2026-03-25 10:28:55,679 - INFO -    \u23f1\ufe0f ОБЩЕЕ ВРЕМЯ по таблице RECEIPT_HEADER: 1.92 сек (0.03 мин)
2026-03-25 10:28:55,680 - INFO -   2026-03-25 10:28:55,679 - INFO - ============================================================
2026-03-25 10:28:55,680 - INFO -   2026-03-25 10:28:55,680 - INFO -
2026-03-25 10:28:55,680 - INFO -   2026-03-25 10:28:55,680 - INFO - ============================================================
2026-03-25 10:28:55,680 - INFO -   2026-03-25 10:28:55,680 - INFO - ТАБЛИЦА [5/21]: SHIPMENT_DETAIL
2026-03-25 10:28:55,682 - INFO -   2026-03-25 10:28:55,680 - INFO - ============================================================
2026-03-25 10:28:55,683 - INFO -   2026-03-25 10:28:55,680 - INFO -    \U0001f4c1 Источник: ils, Поле даты: DATE_TIME_STAMP
2026-03-25 10:28:55,683 - INFO -   2026-03-25 10:28:55,680 - INFO -    \U0001f4c5 Период: 2026-03-22 10:28 - 2026-03-25 10:28
2026-03-25 10:28:55,683 - INFO -   2026-03-25 10:28:55,680 - INFO -    \U0001f50c Шаг 1/5: Подключение к источнику (ils)...
2026-03-25 10:28:55,696 - INFO -   2026-03-25 10:28:55,696 - INFO -       \u2705 Подключено
2026-03-25 10:28:55,697 - INFO -   2026-03-25 10:28:55,696 - INFO -    \U0001f50c Шаг 2/5: Подключение к целевой БД...
2026-03-25 10:28:55,761 - INFO -   2026-03-25 10:28:55,761 - INFO -       \u2705 Подключено
2026-03-25 10:28:55,762 - INFO -   2026-03-25 10:28:55,761 - INFO -    \U0001f4cb Шаг 3/5: Получение структуры таблицы...
2026-03-25 10:28:55,781 - INFO -   2026-03-25 10:28:55,781 - INFO -       \u2705 Найдено колонок: 154
2026-03-25 10:28:55,781 - INFO -   2026-03-25 10:28:55,781 - INFO -    \U0001f4e5 Шаг 4/5: Чтение данных из источника...
2026-03-25 10:28:55,781 - INFO -   2026-03-25 10:28:55,781 - INFO -       Выполняется запрос...
2026-03-25 10:29:03,198 - INFO -   2026-03-25 10:29:03,198 - INFO -       \u2705 Прочитано строк: 9,071 (за 7.42 сек)
2026-03-25 10:29:03,199 - INFO -   2026-03-25 10:29:03,198 - INFO -    \U0001f5d1\ufe0f Шаг 5/5: Удаление старых данных и вставка новых...
2026-03-25 10:29:03,319 - INFO -   2026-03-25 10:29:03,318 - INFO -       \U0001f5d1\ufe0f Удалено строк: 8,933 (за 0.12 сек)
2026-03-25 10:29:03,319 - INFO -   2026-03-25 10:29:03,319 - INFO -       \U0001f4ca Вставка 9,071 строк (единым вызовом)...
2026-03-25 10:30:34,296 - INFO -   2026-03-25 10:30:34,296 - INFO -       \u2705 Вставлено: 9,071 строк за 90.98 сек (100 строк/сек)
2026-03-25 10:30:34,297 - INFO -   2026-03-25 10:30:34,296 - INFO -    \U0001f50d Проверка результата...
2026-03-25 10:30:34,301 - INFO -   2026-03-25 10:30:34,301 - INFO -       \u2705 В target за период: 9,071 строк
2026-03-25 10:30:34,301 - INFO -   2026-03-25 10:30:34,301 - INFO -
2026-03-25 10:30:34,301 - INFO -   2026-03-25 10:30:34,301 - INFO -    \u23f1\ufe0f ОБЩЕЕ ВРЕМЯ по таблице SHIPMENT_DETAIL: 98.62 сек (1.64 мин)
2026-03-25 10:30:34,302 - INFO -   2026-03-25 10:30:34,301 - INFO - ============================================================
2026-03-25 10:30:34,328 - INFO -   2026-03-25 10:30:34,327 - INFO -
2026-03-25 10:30:34,328 - INFO -   2026-03-25 10:30:34,328 - INFO - ============================================================
2026-03-25 10:30:34,328 - INFO -   2026-03-25 10:30:34,328 - INFO - ТАБЛИЦА [6/21]: SHIPMENT_HEADER
2026-03-25 10:30:34,328 - INFO -   2026-03-25 10:30:34,328 - INFO - ============================================================
2026-03-25 10:30:34,329 - INFO -   2026-03-25 10:30:34,328 - INFO -    \U0001f4c1 Источник: ils, Поле даты: PLANNED_SHIP_DATE
2026-03-25 10:30:34,329 - INFO -   2026-03-25 10:30:34,328 - INFO -    \U0001f4c5 Период: 2026-03-22 10:30 - 2026-03-25 10:30
2026-03-25 10:30:34,329 - INFO -   2026-03-25 10:30:34,328 - INFO -    \U0001f50c Шаг 1/5: Подключение к источнику (ils)...
2026-03-25 10:30:34,346 - INFO -   2026-03-25 10:30:34,345 - INFO -       \u2705 Подключено
2026-03-25 10:30:34,346 - INFO -   2026-03-25 10:30:34,346 - INFO -    \U0001f50c Шаг 2/5: Подключение к целевой БД...
2026-03-25 10:30:34,379 - INFO -   2026-03-25 10:30:34,378 - INFO -       \u2705 Подключено
2026-03-25 10:30:34,379 - INFO -   2026-03-25 10:30:34,379 - INFO -    \U0001f4cb Шаг 3/5: Получение структуры таблицы...
2026-03-25 10:30:34,398 - INFO -   2026-03-25 10:30:34,398 - INFO -       \u2705 Найдено колонок: 155
2026-03-25 10:30:34,398 - INFO -   2026-03-25 10:30:34,398 - INFO -    \U0001f4e5 Шаг 4/5: Чтение данных из источника...
2026-03-25 10:30:34,398 - INFO -   2026-03-25 10:30:34,398 - INFO -       Выполняется запрос...
2026-03-25 10:30:34,584 - INFO -   2026-03-25 10:30:34,584 - INFO -       \u2705 Прочитано строк: 969 (за 0.19 сек)
2026-03-25 10:30:34,584 - INFO -   2026-03-25 10:30:34,584 - INFO -    \U0001f5d1\ufe0f Шаг 5/5: Удаление старых данных и вставка новых...
2026-03-25 10:30:34,642 - INFO -   2026-03-25 10:30:34,641 - INFO -       \U0001f5d1\ufe0f Удалено строк: 946 (за 0.06 сек)
2026-03-25 10:30:34,642 - INFO -   2026-03-25 10:30:34,642 - INFO -       \U0001f4ca Вставка 969 строк (единым вызовом)...
2026-03-25 10:30:43,373 - INFO -   2026-03-25 10:30:43,372 - INFO -       \u2705 Вставлено: 969 строк за 8.73 сек (111 строк/сек)
2026-03-25 10:30:43,373 - INFO -   2026-03-25 10:30:43,373 - INFO -    \U0001f50d Проверка результата...
2026-03-25 10:30:43,378 - INFO -   2026-03-25 10:30:43,377 - INFO -       \u2705 В target за период: 969 строк
2026-03-25 10:30:43,384 - INFO -   2026-03-25 10:30:43,377 - INFO -
2026-03-25 10:30:43,388 - INFO -   2026-03-25 10:30:43,377 - INFO -    \u23f1\ufe0f ОБЩЕЕ ВРЕМЯ по таблице SHIPMENT_HEADER: 9.05 сек (0.15 мин)
2026-03-25 10:30:43,403 - INFO -   2026-03-25 10:30:43,377 - INFO - ============================================================
2026-03-25 10:30:43,403 - INFO -   2026-03-25 10:30:43,383 - INFO -
2026-03-25 10:30:43,404 - INFO -   2026-03-25 10:30:43,384 - INFO - ============================================================
2026-03-25 10:30:43,404 - INFO -   2026-03-25 10:30:43,384 - INFO - ТАБЛИЦА [7/21]: TRANSACTION_HISTORY
2026-03-25 10:30:43,404 - INFO -   2026-03-25 10:30:43,384 - INFO - ============================================================
2026-03-25 10:30:43,405 - INFO -   2026-03-25 10:30:43,384 - INFO -    \U0001f4c1 Источник: ils, Поле даты: DATE_TIME_STAMP
2026-03-25 10:30:43,405 - INFO -   2026-03-25 10:30:43,385 - INFO -    \U0001f4c5 Период: 2026-03-22 10:30 - 2026-03-25 10:30
2026-03-25 10:30:43,405 - INFO -   2026-03-25 10:30:43,385 - INFO -    \U0001f50c Шаг 1/5: Подключение к источнику (ils)...
2026-03-25 10:30:43,407 - INFO -   2026-03-25 10:30:43,407 - INFO -       \u2705 Подключено
2026-03-25 10:30:43,408 - INFO -   2026-03-25 10:30:43,407 - INFO -    \U0001f50c Шаг 2/5: Подключение к целевой БД...
2026-03-25 10:30:43,441 - INFO -   2026-03-25 10:30:43,441 - INFO -       \u2705 Подключено
2026-03-25 10:30:43,442 - INFO -   2026-03-25 10:30:43,441 - INFO -    \U0001f4cb Шаг 3/5: Получение структуры таблицы...
2026-03-25 10:30:43,457 - INFO -   2026-03-25 10:30:43,457 - INFO -       \u2705 Найдено колонок: 51
2026-03-25 10:30:43,458 - INFO -   2026-03-25 10:30:43,457 - INFO -    \U0001f4e5 Шаг 4/5: Чтение данных из источника...
2026-03-25 10:30:43,458 - INFO -   2026-03-25 10:30:43,457 - INFO -       Выполняется запрос...
2026-03-25 10:30:52,437 - INFO -   2026-03-25 10:30:52,437 - INFO -       \u2705 Прочитано строк: 119,868 (за 8.98 сек)
2026-03-25 10:30:52,438 - INFO -   2026-03-25 10:30:52,437 - INFO -    \U0001f5d1\ufe0f Шаг 5/5: Удаление старых данных и вставка новых...
2026-03-25 10:30:55,091 - INFO -   2026-03-25 10:30:55,091 - INFO -       \U0001f5d1\ufe0f Удалено строк: 115,499 (за 2.65 сек)
2026-03-25 10:30:55,092 - INFO -   2026-03-25 10:30:55,091 - INFO -       \U0001f4ca Вставка 119,868 строк (единым вызовом)...
