2026-03-25 12:43:01,345 - INFO - ╔==============================================================================╗
2026-03-25 12:43:01,346 - INFO - ║                    3-ДНЕВНЫЙ ETL ПАЙПЛАЙН                                 ║
2026-03-25 12:43:01,346 - INFO - ╚==============================================================================╝
2026-03-25 12:43:01,346 - INFO - 📅 Время запуска: 2026-03-25 12:43:01
2026-03-25 12:43:01,346 - INFO - 📁 Директория: C:\Users\A.Gorbatenko\Documents\Dashboard\script
2026-03-25 12:43:01,346 - INFO - ================================================================================
2026-03-25 12:43:01,347 - INFO - ================================================================================
2026-03-25 12:43:01,348 - INFO - ШАГ 1: Обновление сырых данных (reload_3days.py)
2026-03-25 12:43:01,348 - INFO - ================================================================================
2026-03-25 12:43:01,348 - INFO - 🚀 Запуск: C:\Users\A.Gorbatenko\Documents\Dashboard\script\reload_3days_watermark.py
2026-03-25 12:43:01,348 - INFO - --------------------------------------------------------------------------------
2026-03-25 12:43:01,889 - INFO -   2026-03-25 12:43:01,889 - INFO - ================================================================================
2026-03-25 12:43:01,890 - INFO -   2026-03-25 12:43:01,889 - INFO - \U0001f680 WATERMARK: ОБНОВЛЕНИЕ ДАННЫХ (ТОЛЬКО ИЗМЕНЕНИЯ)
2026-03-25 12:43:01,890 - INFO -   2026-03-25 12:43:01,890 - INFO - ================================================================================
2026-03-25 12:43:01,891 - INFO -   2026-03-25 12:43:01,890 - INFO - \U0001f4ca Всего таблиц: 21
2026-03-25 12:43:01,891 - INFO -   2026-03-25 12:43:01,890 - INFO - \U0001f4c1 Источники: ils (19 таблиц), sk (2 таблицы)
2026-03-25 12:43:01,891 - INFO -   2026-03-25 12:43:01,890 - INFO - \U0001f3af Целевая БД: olap2_fixed.raw_
2026-03-25 12:43:01,892 - INFO -   2026-03-25 12:43:01,890 - INFO - \U0001f4c5 Время запуска: 2026-03-25 12:43:01
2026-03-25 12:43:01,892 - INFO -   2026-03-25 12:43:01,890 - INFO - ================================================================================
2026-03-25 12:43:01,991 - INFO -   2026-03-25 12:43:01,991 - ERROR - \u274c Ошибка создания watermark: (2760, b'The specified schema name "etl" either does not exist or you do not have permission to use it.DB-Lib error message 20018, severity 16:\nGeneral SQL Server error: Check messages from the SQL Server\n')
2026-03-25 12:43:02,020 - INFO -   Traceback (most recent call last):
2026-03-25 12:43:02,021 - INFO -   File "src/pymssql/_pymssql.pyx", line 447, in pymssql._pymssql.Cursor.execute
2026-03-25 12:43:02,021 - INFO -   File "src/pymssql/_mssql.pyx", line 1125, in pymssql._mssql.MSSQLConnection.execute_query
2026-03-25 12:43:02,021 - INFO -   File "src/pymssql/_mssql.pyx", line 1157, in pymssql._mssql.MSSQLConnection.execute_query
2026-03-25 12:43:02,021 - INFO -   File "src/pymssql/_mssql.pyx", line 1379, in pymssql._mssql.MSSQLConnection.get_result
2026-03-25 12:43:02,022 - INFO -   File "src/pymssql/_mssql.pyx", line 1855, in pymssql._mssql.check_cancel_and_raise
2026-03-25 12:43:02,022 - INFO -   File "src/pymssql/_mssql.pyx", line 1901, in pymssql._mssql.raise_MSSQLDatabaseException
2026-03-25 12:43:02,022 - INFO -   pymssql._mssql.MSSQLDatabaseException: (2760, b'The specified schema name "etl" either does not exist or you do not have permission to use it.DB-Lib error message 20018, severity 16:\nGeneral SQL Server error: Check messages from the SQL Server\n')
2026-03-25 12:43:02,023 - INFO -   During handling of the above exception, another exception occurred:
2026-03-25 12:43:02,023 - INFO -   Traceback (most recent call last):
2026-03-25 12:43:02,034 - INFO -   File "C:\Users\A.Gorbatenko\Documents\Dashboard\script\reload_3days_watermark.py", line 497, in <module>
2026-03-25 12:43:02,034 - INFO -   success = main()
2026-03-25 12:43:02,035 - INFO -   File "C:\Users\A.Gorbatenko\Documents\Dashboard\script\reload_3days_watermark.py", line 463, in main
2026-03-25 12:43:02,036 - INFO -   init_watermark_table(logger)
2026-03-25 12:43:02,036 - INFO -   ~~~~~~~~~~~~~~~~~~~~^^^^^^^^
2026-03-25 12:43:02,036 - INFO -   File "C:\Users\A.Gorbatenko\Documents\Dashboard\script\reload_3days_watermark.py", line 132, in init_watermark_table
2026-03-25 12:43:02,037 - INFO -   cursor.execute("""
2026-03-25 12:43:02,037 - INFO -   ~~~~~~~~~~~~~~^^^^
2026-03-25 12:43:02,037 - INFO -   IF NOT EXISTS (SELECT * FROM sys.tables
2026-03-25 12:43:02,037 - INFO -   ^^^^^^^^^^^^^^^^^^^^^^^^^^^^^^^^^^^^^^^
2026-03-25 12:43:02,037 - INFO -   ...<32 lines>...
2026-03-25 12:43:02,037 - INFO -   END
2026-03-25 12:43:02,037 - INFO -   ^^^
2026-03-25 12:43:02,038 - INFO -   """)
2026-03-25 12:43:02,038 - INFO -   ^^^^
2026-03-25 12:43:02,038 - INFO -   File "src/pymssql/_pymssql.pyx", line 465, in pymssql._pymssql.Cursor.execute
2026-03-25 12:43:02,038 - INFO -   pymssql.exceptions.OperationalError: (2760, b'The specified schema name "etl" either does not exist or you do not have permission to use it.DB-Lib error message 20018, severity 16:\nGeneral SQL Server error: Check messages from the SQL Server\n')
2026-03-25 12:43:02,052 - INFO - --------------------------------------------------------------------------------
2026-03-25 12:43:02,053 - ERROR - ❌ ШАГ 1 завершился с ошибкой (код 1)
2026-03-25 12:43:02,054 - ERROR - 🛑 ПАЙПЛАЙН ОСТАНОВЛЕН на ШАГЕ 1: reload_3days.py failed with code 1
