2026-03-25 13:57:06,503 - INFO - ╔==============================================================================╗
2026-03-25 13:57:06,504 - INFO - ║                    3-ДНЕВНЫЙ ETL ПАЙПЛАЙН                                 ║
2026-03-25 13:57:06,504 - INFO - ╚==============================================================================╝
2026-03-25 13:57:06,504 - INFO - 📅 Время запуска: 2026-03-25 13:57:06
2026-03-25 13:57:06,504 - INFO - 📁 Директория: C:\Users\A.Gorbatenko\Documents\Dashboard\script
2026-03-25 13:57:06,504 - INFO - ================================================================================
2026-03-25 13:57:06,505 - INFO - ================================================================================
2026-03-25 13:57:06,505 - INFO - ШАГ 1: Обновление сырых данных (reload_3days.py)
2026-03-25 13:57:06,505 - INFO - ================================================================================
2026-03-25 13:57:06,505 - INFO - 🚀 Запуск: C:\Users\A.Gorbatenko\Documents\Dashboard\script\reload_3days.py
2026-03-25 13:57:06,505 - INFO - --------------------------------------------------------------------------------
2026-03-25 13:57:06,604 - INFO -   2026-03-25 13:57:06,604 - INFO - ================================================================================
2026-03-25 13:57:06,608 - INFO -   2026-03-25 13:57:06,604 - INFO - \U0001f680 ПЕРЕЗАПИСЬ ДАННЫХ ЗА ПОСЛЕДНИЕ 3 ДНЯ
2026-03-25 13:57:06,609 - INFO -   2026-03-25 13:57:06,604 - INFO - ================================================================================
2026-03-25 13:57:06,609 - INFO -   2026-03-25 13:57:06,604 - INFO - \U0001f4ca Всего таблиц: 21
2026-03-25 13:57:06,609 - INFO -   2026-03-25 13:57:06,604 - INFO - \U0001f4c1 Источники: ils (19 таблиц), sk (2 таблицы)
2026-03-25 13:57:06,610 - INFO -   2026-03-25 13:57:06,604 - INFO - \U0001f3af Целевая БД: olap2_fixed.raw_
2026-03-25 13:57:06,610 - INFO -   2026-03-25 13:57:06,605 - INFO - \U0001f4c5 Период: 2026-03-22 - 2026-03-25
2026-03-25 13:57:06,611 - INFO -   2026-03-25 13:57:06,605 - INFO - ================================================================================
2026-03-25 13:57:06,611 - INFO -   2026-03-25 13:57:06,605 - INFO -
2026-03-25 13:57:06,611 - INFO -   \U0001f4cc [1/21] Обработка таблицы: ORDER_DETAIL
2026-03-25 13:57:06,611 - INFO -   2026-03-25 13:57:06,605 - INFO - \U0001f504 Перезапись ORDER_DETAIL -> raw_.ORDER_DETAIL за последние 3 дн.
2026-03-25 13:57:06,612 - INFO -   2026-03-25 13:57:06,605 - INFO -    \U0001f4c1 Источник: ils, поле даты: DATE_TIME_STAMP
2026-03-25 13:57:06,698 - INFO -   2026-03-25 13:57:06,698 - INFO -    \U0001f4cb Колонок для выгрузки: 126
2026-03-25 13:57:06,702 - INFO -   2026-03-25 13:57:06,702 - INFO -    \U0001f4e5 Найдено в источнике: 0 строк
2026-03-25 13:57:06,711 - INFO -   2026-03-25 13:57:06,710 - INFO -    \U0001f5d1\ufe0f Удалено из target: 0 строк
2026-03-25 13:57:06,718 - INFO -   2026-03-25 13:57:06,717 - INFO -    \u2139\ufe0f Нет данных для вставки
2026-03-25 13:57:06,724 - INFO -   2026-03-25 13:57:06,724 - INFO -    \U0001f50d Проверка: в target за период 0 строк
2026-03-25 13:57:06,725 - INFO -   2026-03-25 13:57:06,724 - INFO -
2026-03-25 13:57:06,725 - INFO -   \U0001f4cc [2/21] Обработка таблицы: ORDER_HEADER
2026-03-25 13:57:06,725 - INFO -   2026-03-25 13:57:06,724 - INFO - \U0001f504 Перезапись ORDER_HEADER -> raw_.ORDER_HEADER за последние 3 дн.
2026-03-25 13:57:06,726 - INFO -   2026-03-25 13:57:06,724 - INFO -    \U0001f4c1 Источник: ils, поле даты: ORDER_DATE
2026-03-25 13:57:06,786 - INFO -   2026-03-25 13:57:06,786 - INFO -    \U0001f4cb Колонок для выгрузки: 114
2026-03-25 13:57:07,295 - INFO -   2026-03-25 13:57:07,294 - INFO -    \U0001f4e5 Найдено в источнике: 0 строк
2026-03-25 13:57:07,306 - INFO -   2026-03-25 13:57:07,305 - INFO -    \U0001f5d1\ufe0f Удалено из target: 0 строк
2026-03-25 13:57:07,315 - INFO -   2026-03-25 13:57:07,314 - INFO -    \u2139\ufe0f Нет данных для вставки
2026-03-25 13:57:07,321 - INFO -   2026-03-25 13:57:07,320 - INFO -    \U0001f50d Проверка: в target за период 0 строк
2026-03-25 13:57:07,321 - INFO -   2026-03-25 13:57:07,321 - INFO -
2026-03-25 13:57:07,321 - INFO -   \U0001f4cc [3/21] Обработка таблицы: RECEIPT_DETAIL
2026-03-25 13:57:07,322 - INFO -   2026-03-25 13:57:07,321 - INFO - \U0001f504 Перезапись RECEIPT_DETAIL -> raw_.RECEIPT_DETAIL за последние 3 дн.
2026-03-25 13:57:07,322 - INFO -   2026-03-25 13:57:07,321 - INFO -    \U0001f4c1 Источник: ils, поле даты: DATE_TIME_STAMP
2026-03-25 13:57:07,416 - INFO -   2026-03-25 13:57:07,416 - INFO -    \U0001f4cb Колонок для выгрузки: 83
2026-03-25 13:57:07,562 - INFO -   2026-03-25 13:57:07,562 - INFO -    \U0001f4e5 Найдено в источнике: 1563 строк
2026-03-25 13:57:07,592 - INFO -   2026-03-25 13:57:07,592 - INFO -    \U0001f5d1\ufe0f Удалено из target: 1563 строк
2026-03-25 13:57:22,405 - INFO -   2026-03-25 13:57:22,404 - INFO -    \u2705 Вставлено: 1563 строк
2026-03-25 13:57:22,409 - INFO -   2026-03-25 13:57:22,408 - INFO -    \U0001f50d Проверка: в target за период 1563 строк
2026-03-25 13:57:22,412 - INFO -   2026-03-25 13:57:22,412 - INFO -
2026-03-25 13:57:22,413 - INFO -   \U0001f4cc [4/21] Обработка таблицы: RECEIPT_HEADER
2026-03-25 13:57:22,413 - INFO -   2026-03-25 13:57:22,412 - INFO - \U0001f504 Перезапись RECEIPT_HEADER -> raw_.RECEIPT_HEADER за последние 3 дн.
2026-03-25 13:57:22,413 - INFO -   2026-03-25 13:57:22,412 - INFO -    \U0001f4c1 Источник: ils, поле даты: RECEIPT_DATE
2026-03-25 13:57:22,483 - INFO -   2026-03-25 13:57:22,483 - INFO -    \U0001f4cb Колонок для выгрузки: 81
2026-03-25 13:57:22,542 - INFO -   2026-03-25 13:57:22,541 - INFO -    \U0001f4e5 Найдено в источнике: 341 строк
2026-03-25 13:57:22,562 - INFO -   2026-03-25 13:57:22,562 - INFO -    \U0001f5d1\ufe0f Удалено из target: 341 строк
2026-03-25 13:57:26,235 - INFO -   2026-03-25 13:57:26,235 - INFO -    \u2705 Вставлено: 341 строк
2026-03-25 13:57:26,242 - INFO -   2026-03-25 13:57:26,241 - INFO -    \U0001f50d Проверка: в target за период 341 строк
2026-03-25 13:57:26,243 - INFO -   2026-03-25 13:57:26,243 - INFO -
2026-03-25 13:57:26,245 - INFO -   \U0001f4cc [5/21] Обработка таблицы: SHIPMENT_DETAIL
2026-03-25 13:57:26,245 - INFO -   2026-03-25 13:57:26,243 - INFO - \U0001f504 Перезапись SHIPMENT_DETAIL -> raw_.SHIPMENT_DETAIL за последние 3 дн.
2026-03-25 13:57:26,246 - INFO -   2026-03-25 13:57:26,243 - INFO -    \U0001f4c1 Источник: ils, поле даты: DATE_TIME_STAMP
2026-03-25 13:57:26,323 - INFO -   2026-03-25 13:57:26,322 - INFO -    \U0001f4cb Колонок для выгрузки: 154
2026-03-25 13:57:27,638 - INFO -   2026-03-25 13:57:27,638 - INFO -    \U0001f4e5 Найдено в источнике: 9187 строк
2026-03-25 13:57:27,770 - INFO -   2026-03-25 13:57:27,769 - INFO -    \U0001f5d1\ufe0f Удалено из target: 9183 строк
2026-03-25 13:59:41,736 - INFO -   2026-03-25 13:59:41,735 - INFO -    \u2705 Вставлено: 9187 строк
2026-03-25 13:59:41,797 - INFO -   2026-03-25 13:59:41,797 - INFO -    \U0001f50d Проверка: в target за период 9187 строк
2026-03-25 13:59:41,828 - INFO -   2026-03-25 13:59:41,827 - INFO -
2026-03-25 13:59:41,828 - INFO -   \U0001f4cc [6/21] Обработка таблицы: SHIPMENT_HEADER
2026-03-25 13:59:41,828 - INFO -   2026-03-25 13:59:41,828 - INFO - \U0001f504 Перезапись SHIPMENT_HEADER -> raw_.SHIPMENT_HEADER за последние 3 дн.
2026-03-25 13:59:41,829 - INFO -   2026-03-25 13:59:41,828 - INFO -    \U0001f4c1 Источник: ils, поле даты: PLANNED_SHIP_DATE
2026-03-25 13:59:41,911 - INFO -   2026-03-25 13:59:41,910 - INFO -    \U0001f4cb Колонок для выгрузки: 155
2026-03-25 13:59:42,440 - INFO -   2026-03-25 13:59:42,440 - INFO -    \U0001f4e5 Найдено в источнике: 1076 строк
2026-03-25 13:59:42,470 - INFO -   2026-03-25 13:59:42,470 - INFO -    \U0001f5d1\ufe0f Удалено из target: 1074 строк
2026-03-25 14:00:12,922 - INFO -   2026-03-25 14:00:12,922 - INFO -    \u2705 Вставлено: 1076 строк
2026-03-25 14:00:12,926 - INFO -   2026-03-25 14:00:12,926 - INFO -    \U0001f50d Проверка: в target за период 1076 строк
2026-03-25 14:00:12,929 - INFO -   2026-03-25 14:00:12,929 - INFO -
2026-03-25 14:00:12,929 - INFO -   \U0001f4cc [7/21] Обработка таблицы: TRANSACTION_HISTORY
2026-03-25 14:00:12,930 - INFO -   2026-03-25 14:00:12,929 - INFO - \U0001f504 Перезапись TRANSACTION_HISTORY -> raw_.TRANSACTION_HISTORY за последние 3 дн.
2026-03-25 14:00:12,930 - INFO -   2026-03-25 14:00:12,929 - INFO -    \U0001f4c1 Источник: ils, поле даты: DATE_TIME_STAMP
2026-03-25 14:00:13,017 - INFO -   2026-03-25 14:00:13,017 - INFO -    \U0001f4cb Колонок для выгрузки: 51
2026-03-25 14:00:24,062 - INFO -   2026-03-25 14:00:24,062 - INFO -    \U0001f4e5 Найдено в источнике: 125168 строк
2026-03-25 14:00:24,324 - INFO -   2026-03-25 14:00:24,323 - INFO -    \U0001f5d1\ufe0f Удалено из target: 5821 строк
