2026-03-25 13:06:02,932 - INFO - ╔==============================================================================╗
2026-03-25 13:06:02,933 - INFO - ║                    3-ДНЕВНЫЙ ETL ПАЙПЛАЙН                                 ║
2026-03-25 13:06:02,933 - INFO - ╚==============================================================================╝
2026-03-25 13:06:02,934 - INFO - 📅 Время запуска: 2026-03-25 13:06:02
2026-03-25 13:06:02,934 - INFO - 📁 Директория: C:\Users\A.Gorbatenko\Documents\Dashboard\script
2026-03-25 13:06:02,934 - INFO - ================================================================================
2026-03-25 13:06:02,934 - INFO - ================================================================================
2026-03-25 13:06:02,935 - INFO - ШАГ 1: Обновление сырых данных (reload_3days.py)
2026-03-25 13:06:02,935 - INFO - ================================================================================
2026-03-25 13:06:02,935 - INFO - 🚀 Запуск: C:\Users\A.Gorbatenko\Documents\Dashboard\script\reload_3days_hash.py
2026-03-25 13:06:02,935 - INFO - --------------------------------------------------------------------------------
2026-03-25 13:06:03,093 - INFO -   2026-03-25 13:06:03,093 - INFO - ================================================================================
2026-03-25 13:06:03,093 - INFO -   2026-03-25 13:06:03,093 - INFO - \U0001f680 WATERMARK + HASH: ОБНОВЛЕНИЕ ТОЛЬКО ИЗМЕНЁННЫХ ДАННЫХ
2026-03-25 13:06:03,094 - INFO -   2026-03-25 13:06:03,093 - INFO - ================================================================================
2026-03-25 13:06:03,094 - INFO -   2026-03-25 13:06:03,094 - INFO - \U0001f4ca Всего таблиц: 21
2026-03-25 13:06:03,094 - INFO -   2026-03-25 13:06:03,094 - INFO - \U0001f4c1 Источники: ils, sk
2026-03-25 13:06:03,094 - INFO -   2026-03-25 13:06:03,094 - INFO - \U0001f3af Целевая БД: olap2_fixed.raw_
2026-03-25 13:06:03,094 - INFO -   2026-03-25 13:06:03,094 - INFO - \U0001f4c5 Период: 2026-03-22 - 2026-03-25
2026-03-25 13:06:03,095 - INFO -   2026-03-25 13:06:03,094 - INFO - ================================================================================
2026-03-25 13:06:03,095 - INFO -   2026-03-25 13:06:03,094 - INFO -
2026-03-25 13:06:03,095 - INFO -   \U0001f4cc [1/21] Обработка: ORDER_DETAIL
2026-03-25 13:06:03,095 - INFO -   2026-03-25 13:06:03,094 - INFO -
2026-03-25 13:06:03,095 - INFO -   2026-03-25 13:06:03,094 - INFO - ============================================================
2026-03-25 13:06:03,096 - INFO -   2026-03-25 13:06:03,094 - INFO - ТАБЛИЦА [1/21]: ORDER_DETAIL
2026-03-25 13:06:03,096 - INFO -   2026-03-25 13:06:03,094 - INFO - ============================================================
2026-03-25 13:06:03,096 - INFO -   2026-03-25 13:06:03,094 - INFO -    \U0001f4c1 Источник: ils, Поле даты: DATE_TIME_STAMP
2026-03-25 13:06:03,096 - INFO -   2026-03-25 13:06:03,094 - INFO -    \U0001f4c5 Период: 2026-03-22 13:06 - 2026-03-25 13:06
2026-03-25 13:06:03,096 - INFO -   2026-03-25 13:06:03,095 - INFO -    \U0001f50c Шаг 1/7: Подключение к источнику (ils)...
2026-03-25 13:06:03,133 - INFO -   2026-03-25 13:06:03,133 - INFO -       \u2705 Подключено
2026-03-25 13:06:03,133 - INFO -   2026-03-25 13:06:03,133 - INFO -    \U0001f50c Шаг 2/7: Подключение к целевой БД...
2026-03-25 13:06:03,196 - INFO -   2026-03-25 13:06:03,196 - INFO -       \u2705 Подключено
2026-03-25 13:06:03,196 - INFO -   2026-03-25 13:06:03,196 - INFO -    \U0001f4cb Шаг 3/7: Получение структуры таблицы...
2026-03-25 13:06:03,230 - INFO -   2026-03-25 13:06:03,230 - INFO -       \u2705 Найдено колонок: 126
2026-03-25 13:06:03,231 - INFO -   2026-03-25 13:06:03,230 - INFO -    \U0001f4cb Шаг 4/7: Инициализация таблицы хэшей...
2026-03-25 13:06:03,283 - INFO -   2026-03-25 13:06:03,283 - WARNING - \u26a0\ufe0f Не удалось создать таблицу хэшей: (173, b"The definition for column 'ORDER_ID' must include a data type.DB-Lib error message 20018, severity 15:\nGeneral SQL Server error: Check messages from the SQL Server\n")
2026-03-25 13:06:03,288 - INFO -   2026-03-25 13:06:03,287 - INFO -    \U0001f4e5 Шаг 5/7: Чтение данных из источника...
2026-03-25 13:06:03,288 - INFO -   2026-03-25 13:06:03,288 - INFO -       Выполняется запрос...
2026-03-25 13:06:03,603 - INFO -   2026-03-25 13:06:03,603 - INFO -       \u2705 Прочитано строк: 0 (за 0.31 сек)
2026-03-25 13:06:03,604 - INFO -   2026-03-25 13:06:03,603 - INFO -       \u2139\ufe0f Нет данных для обновления
2026-03-25 13:06:03,605 - INFO -   2026-03-25 13:06:03,604 - INFO -
2026-03-25 13:06:03,606 - INFO -   \U0001f4cc [2/21] Обработка: ORDER_HEADER
2026-03-25 13:06:03,606 - INFO -   2026-03-25 13:06:03,604 - INFO -
2026-03-25 13:06:03,607 - INFO -   2026-03-25 13:06:03,604 - INFO - ============================================================
2026-03-25 13:06:03,607 - INFO -   2026-03-25 13:06:03,604 - INFO - ТАБЛИЦА [2/21]: ORDER_HEADER
2026-03-25 13:06:03,608 - INFO -   2026-03-25 13:06:03,605 - INFO - ============================================================
2026-03-25 13:06:03,608 - INFO -   2026-03-25 13:06:03,605 - INFO -    \U0001f4c1 Источник: ils, Поле даты: ORDER_DATE
2026-03-25 13:06:03,609 - INFO -   2026-03-25 13:06:03,605 - INFO -    \U0001f4c5 Период: 2026-03-22 13:06 - 2026-03-25 13:06
2026-03-25 13:06:03,609 - INFO -   2026-03-25 13:06:03,605 - INFO -    \U0001f50c Шаг 1/7: Подключение к источнику (ils)...
2026-03-25 13:06:03,637 - INFO -   2026-03-25 13:06:03,637 - INFO -       \u2705 Подключено
2026-03-25 13:06:03,639 - INFO -   2026-03-25 13:06:03,637 - INFO -    \U0001f50c Шаг 2/7: Подключение к целевой БД...
2026-03-25 13:06:03,672 - INFO -   2026-03-25 13:06:03,671 - INFO -       \u2705 Подключено
2026-03-25 13:06:03,672 - INFO -   2026-03-25 13:06:03,671 - INFO -    \U0001f4cb Шаг 3/7: Получение структуры таблицы...
2026-03-25 13:06:03,686 - INFO -   2026-03-25 13:06:03,686 - INFO -       \u2705 Найдено колонок: 114
2026-03-25 13:06:03,686 - INFO -   2026-03-25 13:06:03,686 - INFO -    \U0001f4cb Шаг 4/7: Инициализация таблицы хэшей...
2026-03-25 13:06:03,718 - INFO -   2026-03-25 13:06:03,718 - WARNING - \u26a0\ufe0f Не удалось создать таблицу хэшей: (173, b"The definition for column 'ORDER_ID' must include a data type.DB-Lib error message 20018, severity 15:\nGeneral SQL Server error: Check messages from the SQL Server\n")
2026-03-25 13:06:03,722 - INFO -   2026-03-25 13:06:03,722 - INFO -    \U0001f4e5 Шаг 5/7: Чтение данных из источника...
2026-03-25 13:06:03,724 - INFO -   2026-03-25 13:06:03,722 - INFO -       Выполняется запрос...
2026-03-25 13:06:04,039 - INFO -   2026-03-25 13:06:04,038 - INFO -       \u2705 Прочитано строк: 0 (за 0.32 сек)
2026-03-25 13:06:04,040 - INFO -   2026-03-25 13:06:04,039 - INFO -       \u2139\ufe0f Нет данных для обновления
2026-03-25 13:06:04,040 - INFO -   2026-03-25 13:06:04,039 - INFO -
2026-03-25 13:06:04,041 - INFO -   \U0001f4cc [3/21] Обработка: RECEIPT_DETAIL
2026-03-25 13:06:04,041 - INFO -   2026-03-25 13:06:04,040 - INFO -
2026-03-25 13:06:04,042 - INFO -   2026-03-25 13:06:04,040 - INFO - ============================================================
2026-03-25 13:06:04,042 - INFO -   2026-03-25 13:06:04,040 - INFO - ТАБЛИЦА [3/21]: RECEIPT_DETAIL
2026-03-25 13:06:04,043 - INFO -   2026-03-25 13:06:04,040 - INFO - ============================================================
2026-03-25 13:06:04,044 - INFO -   2026-03-25 13:06:04,040 - INFO -    \U0001f4c1 Источник: ils, Поле даты: DATE_TIME_STAMP
2026-03-25 13:06:04,044 - INFO -   2026-03-25 13:06:04,041 - INFO -    \U0001f4c5 Период: 2026-03-22 13:06 - 2026-03-25 13:06
2026-03-25 13:06:04,045 - INFO -   2026-03-25 13:06:04,041 - INFO -    \U0001f50c Шаг 1/7: Подключение к источнику (ils)...
2026-03-25 13:06:04,059 - INFO -   2026-03-25 13:06:04,059 - INFO -       \u2705 Подключено
2026-03-25 13:06:04,061 - INFO -   2026-03-25 13:06:04,059 - INFO -    \U0001f50c Шаг 2/7: Подключение к целевой БД...
2026-03-25 13:06:04,093 - INFO -   2026-03-25 13:06:04,093 - INFO -       \u2705 Подключено
2026-03-25 13:06:04,094 - INFO -   2026-03-25 13:06:04,093 - INFO -    \U0001f4cb Шаг 3/7: Получение структуры таблицы...
2026-03-25 13:06:04,107 - INFO -   2026-03-25 13:06:04,106 - INFO -       \u2705 Найдено колонок: 83
2026-03-25 13:06:04,107 - INFO -   2026-03-25 13:06:04,107 - INFO -    \U0001f4cb Шаг 4/7: Инициализация таблицы хэшей...
2026-03-25 13:06:04,141 - INFO -   2026-03-25 13:06:04,140 - WARNING - \u26a0\ufe0f Не удалось создать таблицу хэшей: (173, b"The definition for column 'RECEIPT_ID' must include a data type.DB-Lib error message 20018, severity 15:\nGeneral SQL Server error: Check messages from the SQL Server\n")
2026-03-25 13:06:04,145 - INFO -   2026-03-25 13:06:04,145 - INFO -    \U0001f4e5 Шаг 5/7: Чтение данных из источника...
2026-03-25 13:06:04,145 - INFO -   2026-03-25 13:06:04,145 - INFO -       Выполняется запрос...
2026-03-25 13:06:04,730 - INFO -   2026-03-25 13:06:04,730 - INFO -       \u2705 Прочитано строк: 1,562 (за 0.58 сек)
2026-03-25 13:06:04,730 - INFO -   2026-03-25 13:06:04,730 - INFO -    \U0001f50d Шаг 6/7: Сравнение хэшей...
2026-03-25 13:06:05,094 - INFO -   2026-03-25 13:06:05,094 - WARNING - \u26a0\ufe0f Ошибка получения хэшей: (208, b"Invalid object name 'raw_.RECEIPT_DETAIL_hash'.DB-Lib error message 20018, severity 16:\nGeneral SQL Server error: Check messages from the SQL Server\n")
2026-03-25 13:06:05,122 - INFO -   2026-03-25 13:06:05,121 - INFO -       \U0001f4ca Изменилось записей: 0
2026-03-25 13:06:05,155 - INFO -   2026-03-25 13:06:05,122 - INFO -       \U0001f4ca Новых записей: 1562
2026-03-25 13:06:05,155 - INFO -   2026-03-25 13:06:05,122 - INFO -       \U0001f4ca Без изменений: 0
2026-03-25 13:06:05,159 - INFO -   2026-03-25 13:06:05,122 - INFO -    \U0001f4ca Шаг 7/7: Обновление/вставка данных...
2026-03-25 13:06:16,417 - INFO -   2026-03-25 13:06:16,416 - INFO -       \u2705 Вставлено: 1,562 строк (за 11.29 сек)
2026-03-25 13:06:16,458 - INFO -   2026-03-25 13:06:16,458 - ERROR - \u274c Ошибка обновления хэшей: (208, b"Invalid object name 'raw_.RECEIPT_DETAIL_hash'.DB-Lib error message 20018, severity 16:\nGeneral SQL Server error: Check messages from the SQL Server\n")
2026-03-25 13:06:16,463 - INFO -   2026-03-25 13:06:16,462 - INFO -    \U0001f50d Проверка результата...
2026-03-25 13:06:16,466 - INFO -   2026-03-25 13:06:16,466 - INFO -       \u2705 В target за период: 4,356 строк
2026-03-25 13:06:16,467 - INFO -   2026-03-25 13:06:16,466 - INFO -
2026-03-25 13:06:16,469 - INFO -   2026-03-25 13:06:16,466 - INFO -    \u23f1\ufe0f ОБЩЕЕ ВРЕМЯ: 12.43 сек (0.21 мин)
2026-03-25 13:06:16,469 - INFO -   2026-03-25 13:06:16,466 - INFO - ============================================================
2026-03-25 13:06:16,470 - INFO -   2026-03-25 13:06:16,469 - INFO -
2026-03-25 13:06:16,470 - INFO -   \U0001f4cc [4/21] Обработка: RECEIPT_HEADER
2026-03-25 13:06:16,470 - INFO -   2026-03-25 13:06:16,470 - INFO -
2026-03-25 13:06:16,470 - INFO -   2026-03-25 13:06:16,470 - INFO - ============================================================
2026-03-25 13:06:16,470 - INFO -   2026-03-25 13:06:16,470 - INFO - ТАБЛИЦА [4/21]: RECEIPT_HEADER
2026-03-25 13:06:16,471 - INFO -   2026-03-25 13:06:16,470 - INFO - ============================================================
2026-03-25 13:06:16,471 - INFO -   2026-03-25 13:06:16,470 - INFO -    \U0001f4c1 Источник: ils, Поле даты: RECEIPT_DATE
2026-03-25 13:06:16,471 - INFO -   2026-03-25 13:06:16,470 - INFO -    \U0001f4c5 Период: 2026-03-22 13:06 - 2026-03-25 13:06
2026-03-25 13:06:16,471 - INFO -   2026-03-25 13:06:16,470 - INFO -    \U0001f50c Шаг 1/7: Подключение к источнику (ils)...
2026-03-25 13:06:16,482 - INFO -   2026-03-25 13:06:16,482 - INFO -       \u2705 Подключено
2026-03-25 13:06:16,483 - INFO -   2026-03-25 13:06:16,482 - INFO -    \U0001f50c Шаг 2/7: Подключение к целевой БД...
2026-03-25 13:06:16,512 - INFO -   2026-03-25 13:06:16,512 - INFO -       \u2705 Подключено
2026-03-25 13:06:16,512 - INFO -   2026-03-25 13:06:16,512 - INFO -    \U0001f4cb Шаг 3/7: Получение структуры таблицы...
2026-03-25 13:06:16,527 - INFO -   2026-03-25 13:06:16,527 - INFO -       \u2705 Найдено колонок: 81
2026-03-25 13:06:16,527 - INFO -   2026-03-25 13:06:16,527 - INFO -    \U0001f4cb Шаг 4/7: Инициализация таблицы хэшей...
2026-03-25 13:06:16,556 - INFO -   2026-03-25 13:06:16,555 - WARNING - \u26a0\ufe0f Не удалось создать таблицу хэшей: (173, b"The definition for column 'RECEIPT_ID' must include a data type.DB-Lib error message 20018, severity 15:\nGeneral SQL Server error: Check messages from the SQL Server\n")
2026-03-25 13:06:16,560 - INFO -   2026-03-25 13:06:16,560 - INFO -    \U0001f4e5 Шаг 5/7: Чтение данных из источника...
2026-03-25 13:06:16,560 - INFO -   2026-03-25 13:06:16,560 - INFO -       Выполняется запрос...
2026-03-25 13:06:16,606 - INFO -   2026-03-25 13:06:16,606 - INFO -       \u2705 Прочитано строк: 341 (за 0.05 сек)
2026-03-25 13:06:16,606 - INFO -   2026-03-25 13:06:16,606 - INFO -    \U0001f50d Шаг 6/7: Сравнение хэшей...
2026-03-25 13:06:16,649 - INFO -   2026-03-25 13:06:16,648 - WARNING - \u26a0\ufe0f Ошибка получения хэшей: (208, b"Invalid object name 'raw_.RECEIPT_HEADER_hash'.DB-Lib error message 20018, severity 16:\nGeneral SQL Server error: Check messages from the SQL Server\n")
2026-03-25 13:06:16,656 - INFO -   2026-03-25 13:06:16,656 - INFO -       \U0001f4ca Изменилось записей: 0
2026-03-25 13:06:16,656 - INFO -   2026-03-25 13:06:16,656 - INFO -       \U0001f4ca Новых записей: 341
2026-03-25 13:06:16,657 - INFO -   2026-03-25 13:06:16,656 - INFO -       \U0001f4ca Без изменений: 0
2026-03-25 13:06:16,657 - INFO -   2026-03-25 13:06:16,656 - INFO -    \U0001f4ca Шаг 7/7: Обновление/вставка данных...
2026-03-25 13:06:19,646 - INFO -   2026-03-25 13:06:19,646 - INFO -       \u2705 Вставлено: 341 строк (за 2.99 сек)
2026-03-25 13:06:19,678 - INFO -   2026-03-25 13:06:19,678 - ERROR - \u274c Ошибка обновления хэшей: (208, b"Invalid object name 'raw_.RECEIPT_HEADER_hash'.DB-Lib error message 20018, severity 16:\nGeneral SQL Server error: Check messages from the SQL Server\n")
2026-03-25 13:06:19,712 - INFO -   2026-03-25 13:06:19,682 - INFO -    \U0001f50d Проверка результата...
2026-03-25 13:06:19,718 - INFO -   2026-03-25 13:06:19,685 - INFO -       \u2705 В target за период: 898 строк
2026-03-25 13:06:19,718 - INFO -   2026-03-25 13:06:19,685 - INFO -
2026-03-25 13:06:19,756 - INFO -   2026-03-25 13:06:19,685 - INFO -    \u23f1\ufe0f ОБЩЕЕ ВРЕМЯ: 3.22 сек (0.05 мин)
2026-03-25 13:06:19,773 - INFO -   2026-03-25 13:06:19,685 - INFO - ============================================================
2026-03-25 13:06:19,796 - INFO -   2026-03-25 13:06:19,686 - INFO -
2026-03-25 13:06:19,801 - INFO -   \U0001f4cc [5/21] Обработка: SHIPMENT_DETAIL
2026-03-25 13:06:19,801 - INFO -   2026-03-25 13:06:19,687 - INFO -
2026-03-25 13:06:19,802 - INFO -   2026-03-25 13:06:19,687 - INFO - ============================================================
2026-03-25 13:06:19,802 - INFO -   2026-03-25 13:06:19,687 - INFO - ТАБЛИЦА [5/21]: SHIPMENT_DETAIL
2026-03-25 13:06:19,802 - INFO -   2026-03-25 13:06:19,687 - INFO - ============================================================
2026-03-25 13:06:19,803 - INFO -   2026-03-25 13:06:19,687 - INFO -    \U0001f4c1 Источник: ils, Поле даты: DATE_TIME_STAMP
2026-03-25 13:06:19,803 - INFO -   2026-03-25 13:06:19,687 - INFO -    \U0001f4c5 Период: 2026-03-22 13:06 - 2026-03-25 13:06
2026-03-25 13:06:19,803 - INFO -   2026-03-25 13:06:19,687 - INFO -    \U0001f50c Шаг 1/7: Подключение к источнику (ils)...
2026-03-25 13:06:19,803 - INFO -   2026-03-25 13:06:19,699 - INFO -       \u2705 Подключено
2026-03-25 13:06:19,804 - INFO -   2026-03-25 13:06:19,699 - INFO -    \U0001f50c Шаг 2/7: Подключение к целевой БД...
2026-03-25 13:06:19,804 - INFO -   2026-03-25 13:06:19,727 - INFO -       \u2705 Подключено
2026-03-25 13:06:19,804 - INFO -   2026-03-25 13:06:19,727 - INFO -    \U0001f4cb Шаг 3/7: Получение структуры таблицы...
2026-03-25 13:06:19,805 - INFO -   2026-03-25 13:06:19,743 - INFO -       \u2705 Найдено колонок: 154
2026-03-25 13:06:19,805 - INFO -   2026-03-25 13:06:19,743 - INFO -    \U0001f4cb Шаг 4/7: Инициализация таблицы хэшей...
2026-03-25 13:06:19,805 - INFO -   2026-03-25 13:06:19,771 - WARNING - \u26a0\ufe0f Не удалось создать таблицу хэшей: (173, b"The definition for column 'SHIPMENT_ID' must include a data type.DB-Lib error message 20018, severity 15:\nGeneral SQL Server error: Check messages from the SQL Server\n")
2026-03-25 13:06:19,806 - INFO -   2026-03-25 13:06:19,775 - INFO -    \U0001f4e5 Шаг 5/7: Чтение данных из источника...
2026-03-25 13:06:19,806 - INFO -   2026-03-25 13:06:19,775 - INFO -       Выполняется запрос...
2026-03-25 13:06:21,883 - INFO -   2026-03-25 13:06:21,883 - INFO -       \u2705 Прочитано строк: 9,067 (за 2.11 сек)
2026-03-25 13:06:21,884 - INFO -   2026-03-25 13:06:21,884 - INFO -    \U0001f50d Шаг 6/7: Сравнение хэшей...
2026-03-25 13:06:23,974 - INFO -   2026-03-25 13:06:23,974 - WARNING - \u26a0\ufe0f Ошибка получения хэшей: (208, b"Invalid object name 'raw_.SHIPMENT_DETAIL_hash'.DB-Lib error message 20018, severity 16:\nGeneral SQL Server error: Check messages from the SQL Server\n")
2026-03-25 13:06:24,286 - INFO -   2026-03-25 13:06:24,286 - INFO -       \U0001f4ca Изменилось записей: 0
2026-03-25 13:06:24,286 - INFO -   2026-03-25 13:06:24,286 - INFO -       \U0001f4ca Новых записей: 9067
2026-03-25 13:06:24,286 - INFO -   2026-03-25 13:06:24,286 - INFO -       \U0001f4ca Без изменений: 0
2026-03-25 13:06:24,287 - INFO -   2026-03-25 13:06:24,286 - INFO -    \U0001f4ca Шаг 7/7: Обновление/вставка данных...
