2026-03-25 13:51:51,869 - INFO - ╔==============================================================================╗
2026-03-25 13:51:51,869 - INFO - ║                    3-ДНЕВНЫЙ ETL ПАЙПЛАЙН                                 ║
2026-03-25 13:51:51,869 - INFO - ╚==============================================================================╝
2026-03-25 13:51:51,870 - INFO - 📅 Время запуска: 2026-03-25 13:51:51
2026-03-25 13:51:51,870 - INFO - 📁 Директория: C:\Users\A.Gorbatenko\Documents\Dashboard\script
2026-03-25 13:51:51,870 - INFO - ================================================================================
2026-03-25 13:51:51,871 - INFO - ================================================================================
2026-03-25 13:51:51,871 - INFO - ШАГ 1: Обновление сырых данных (reload_3days.py)
2026-03-25 13:51:51,871 - INFO - ================================================================================
2026-03-25 13:51:51,871 - INFO - 🚀 Запуск: C:\Users\A.Gorbatenko\Documents\Dashboard\script\reload_3days.py
2026-03-25 13:51:51,871 - INFO - --------------------------------------------------------------------------------
2026-03-25 13:51:51,989 - INFO -   2026-03-25 13:51:51,989 - INFO - ================================================================================
2026-03-25 13:51:51,990 - INFO -   2026-03-25 13:51:51,989 - INFO - \U0001f680 БЫСТРОЕ ОБНОВЛЕНИЕ ЗА 3 ДНЯ
2026-03-25 13:51:51,990 - INFO -   2026-03-25 13:51:51,990 - INFO - ================================================================================
2026-03-25 13:51:51,990 - INFO -   2026-03-25 13:51:51,990 - INFO - \U0001f4ca Всего таблиц: 21
2026-03-25 13:51:51,990 - INFO -   2026-03-25 13:51:51,990 - INFO - \U0001f3af Целевая БД: olap2_fixed.raw_
2026-03-25 13:51:51,991 - INFO -   2026-03-25 13:51:51,990 - INFO - ================================================================================
2026-03-25 13:51:51,991 - INFO -   2026-03-25 13:51:51,990 - INFO -
2026-03-25 13:51:51,991 - INFO -   \U0001f4cc [1/21] Обработка: ORDER_DETAIL
2026-03-25 13:51:51,991 - INFO -   2026-03-25 13:51:51,990 - INFO -
2026-03-25 13:51:51,991 - INFO -   2026-03-25 13:51:51,990 - INFO - ============================================================
2026-03-25 13:51:51,991 - INFO -   2026-03-25 13:51:51,990 - INFO - ТАБЛИЦА [1/21]: ORDER_DETAIL
2026-03-25 13:51:51,992 - INFO -   2026-03-25 13:51:51,990 - INFO - ============================================================
2026-03-25 13:51:51,992 - INFO -   2026-03-25 13:51:51,990 - INFO -    \U0001f4c1 Источник: ils, Поле даты: DATE_TIME_STAMP
2026-03-25 13:51:51,992 - INFO -   2026-03-25 13:51:51,990 - INFO -    \U0001f50c Шаг 1/5: Подключение к источнику (ils)...
2026-03-25 13:51:52,032 - INFO -   2026-03-25 13:51:52,032 - INFO -       \u2705 Подключено
2026-03-25 13:51:52,032 - INFO -   2026-03-25 13:51:52,032 - INFO -    \U0001f50c Шаг 2/5: Подключение к целевой БД...
2026-03-25 13:51:52,097 - INFO -   2026-03-25 13:51:52,096 - INFO -       \u2705 Подключено
2026-03-25 13:51:52,097 - INFO -   2026-03-25 13:51:52,097 - INFO -    \U0001f4cb Шаг 3/5: Получение структуры таблицы...
2026-03-25 13:51:52,118 - INFO -   2026-03-25 13:51:52,118 - INFO -       \u2705 Найдено колонок: 126
2026-03-25 13:51:52,118 - INFO -   2026-03-25 13:51:52,118 - INFO -    \U0001f4e5 Шаг 4/5: Чтение данных из источника...
2026-03-25 13:51:52,120 - INFO -   2026-03-25 13:51:52,118 - INFO -       Выполняется запрос...
2026-03-25 13:51:52,127 - INFO -   2026-03-25 13:51:52,126 - INFO -       \u2705 Прочитано: 0 строк (за 0.01 сек)
2026-03-25 13:51:52,127 - INFO -   2026-03-25 13:51:52,126 - INFO -    \U0001f5d1\ufe0f Шаг 5/5: Удаление и вставка...
2026-03-25 13:51:52,144 - INFO -   2026-03-25 13:51:52,143 - INFO -       \U0001f5d1\ufe0f Удалено: 0 строк (за 0.02 сек)
2026-03-25 13:51:52,151 - INFO -   2026-03-25 13:51:52,150 - INFO -       \u2139\ufe0f Нет данных
2026-03-25 13:51:52,151 - INFO -   2026-03-25 13:51:52,151 - INFO -    \U0001f50d Проверка...
2026-03-25 13:51:52,154 - INFO -   2026-03-25 13:51:52,154 - INFO -       \u2705 В target: 0 строк
2026-03-25 13:51:52,154 - INFO -   2026-03-25 13:51:52,154 - INFO -
2026-03-25 13:51:52,155 - INFO -   2026-03-25 13:51:52,154 - INFO -    \u23f1\ufe0f ОБЩЕЕ ВРЕМЯ: 0.16 сек (0.00 мин)
2026-03-25 13:51:52,155 - INFO -   2026-03-25 13:51:52,154 - INFO - ============================================================
2026-03-25 13:51:52,155 - INFO -   2026-03-25 13:51:52,154 - INFO -
2026-03-25 13:51:52,157 - INFO -   \U0001f4cc [2/21] Обработка: ORDER_HEADER
2026-03-25 13:51:52,159 - INFO -   2026-03-25 13:51:52,154 - INFO -
2026-03-25 13:51:52,160 - INFO -   2026-03-25 13:51:52,155 - INFO - ============================================================
2026-03-25 13:51:52,160 - INFO -   2026-03-25 13:51:52,155 - INFO - ТАБЛИЦА [2/21]: ORDER_HEADER
2026-03-25 13:51:52,160 - INFO -   2026-03-25 13:51:52,155 - INFO - ============================================================
2026-03-25 13:51:52,160 - INFO -   2026-03-25 13:51:52,155 - INFO -    \U0001f4c1 Источник: ils, Поле даты: ORDER_DATE
2026-03-25 13:51:52,160 - INFO -   2026-03-25 13:51:52,155 - INFO -    \U0001f50c Шаг 1/5: Подключение к источнику (ils)...
2026-03-25 13:51:52,190 - INFO -   2026-03-25 13:51:52,190 - INFO -       \u2705 Подключено
2026-03-25 13:51:52,191 - INFO -   2026-03-25 13:51:52,190 - INFO -    \U0001f50c Шаг 2/5: Подключение к целевой БД...
2026-03-25 13:51:52,238 - INFO -   2026-03-25 13:51:52,237 - INFO -       \u2705 Подключено
2026-03-25 13:51:52,239 - INFO -   2026-03-25 13:51:52,238 - INFO -    \U0001f4cb Шаг 3/5: Получение структуры таблицы...
2026-03-25 13:51:52,254 - INFO -   2026-03-25 13:51:52,254 - INFO -       \u2705 Найдено колонок: 114
2026-03-25 13:51:52,254 - INFO -   2026-03-25 13:51:52,254 - INFO -    \U0001f4e5 Шаг 4/5: Чтение данных из источника...
2026-03-25 13:51:52,255 - INFO -   2026-03-25 13:51:52,254 - INFO -       Выполняется запрос...
2026-03-25 13:51:52,264 - INFO -   2026-03-25 13:51:52,264 - INFO -       \u2705 Прочитано: 0 строк (за 0.01 сек)
2026-03-25 13:51:52,264 - INFO -   2026-03-25 13:51:52,264 - INFO -    \U0001f5d1\ufe0f Шаг 5/5: Удаление и вставка...
2026-03-25 13:51:52,276 - INFO -   2026-03-25 13:51:52,276 - INFO -       \U0001f5d1\ufe0f Удалено: 0 строк (за 0.01 сек)
2026-03-25 13:51:52,281 - INFO -   2026-03-25 13:51:52,281 - INFO -       \u2139\ufe0f Нет данных
2026-03-25 13:51:52,281 - INFO -   2026-03-25 13:51:52,281 - INFO -    \U0001f50d Проверка...
2026-03-25 13:51:52,285 - INFO -   2026-03-25 13:51:52,284 - INFO -       \u2705 В target: 0 строк
2026-03-25 13:51:52,285 - INFO -   2026-03-25 13:51:52,285 - INFO -
2026-03-25 13:51:52,286 - INFO -   2026-03-25 13:51:52,285 - INFO -    \u23f1\ufe0f ОБЩЕЕ ВРЕМЯ: 0.13 сек (0.00 мин)
2026-03-25 13:51:52,287 - INFO -   2026-03-25 13:51:52,285 - INFO - ============================================================
2026-03-25 13:51:52,288 - INFO -   2026-03-25 13:51:52,285 - INFO -
2026-03-25 13:51:52,288 - INFO -   \U0001f4cc [3/21] Обработка: RECEIPT_DETAIL
2026-03-25 13:51:52,288 - INFO -   2026-03-25 13:51:52,285 - INFO -
2026-03-25 13:51:52,289 - INFO -   2026-03-25 13:51:52,285 - INFO - ============================================================
2026-03-25 13:51:52,290 - INFO -   2026-03-25 13:51:52,286 - INFO - ТАБЛИЦА [3/21]: RECEIPT_DETAIL
2026-03-25 13:51:52,290 - INFO -   2026-03-25 13:51:52,286 - INFO - ============================================================
2026-03-25 13:51:52,291 - INFO -   2026-03-25 13:51:52,286 - INFO -    \U0001f4c1 Источник: ils, Поле даты: DATE_TIME_STAMP
2026-03-25 13:51:52,291 - INFO -   2026-03-25 13:51:52,286 - INFO -    \U0001f50c Шаг 1/5: Подключение к источнику (ils)...
2026-03-25 13:51:52,303 - INFO -   2026-03-25 13:51:52,302 - INFO -       \u2705 Подключено
2026-03-25 13:51:52,303 - INFO -   2026-03-25 13:51:52,302 - INFO -    \U0001f50c Шаг 2/5: Подключение к целевой БД...
2026-03-25 13:51:52,346 - INFO -   2026-03-25 13:51:52,346 - INFO -       \u2705 Подключено
2026-03-25 13:51:52,347 - INFO -   2026-03-25 13:51:52,346 - INFO -    \U0001f4cb Шаг 3/5: Получение структуры таблицы...
2026-03-25 13:51:52,360 - INFO -   2026-03-25 13:51:52,359 - INFO -       \u2705 Найдено колонок: 83
2026-03-25 13:51:52,361 - INFO -   2026-03-25 13:51:52,360 - INFO -    \U0001f4e5 Шаг 4/5: Чтение данных из источника...
2026-03-25 13:51:52,361 - INFO -   2026-03-25 13:51:52,360 - INFO -       Выполняется запрос...
2026-03-25 13:51:52,594 - INFO -   2026-03-25 13:51:52,593 - INFO -       \u2705 Прочитано: 1,563 строк (за 0.23 сек)
2026-03-25 13:51:52,594 - INFO -   2026-03-25 13:51:52,593 - INFO -    \U0001f5d1\ufe0f Шаг 5/5: Удаление и вставка...
2026-03-25 13:51:52,650 - INFO -   2026-03-25 13:51:52,650 - INFO -       \U0001f5d1\ufe0f Удалено: 1,563 строк (за 0.06 сек)
2026-03-25 13:52:09,297 - INFO -   2026-03-25 13:52:09,296 - INFO -       \u2705 Вставлено: 1,563 строк за 16.65 сек (94 строк/сек)
2026-03-25 13:52:09,297 - INFO -   2026-03-25 13:52:09,297 - INFO -    \U0001f50d Проверка...
2026-03-25 13:52:09,300 - INFO -   2026-03-25 13:52:09,300 - INFO -       \u2705 В target: 1,563 строк
2026-03-25 13:52:09,300 - INFO -   2026-03-25 13:52:09,300 - INFO -
2026-03-25 13:52:09,301 - INFO -   2026-03-25 13:52:09,300 - INFO -    \u23f1\ufe0f ОБЩЕЕ ВРЕМЯ: 17.01 сек (0.28 мин)
2026-03-25 13:52:09,301 - INFO -   2026-03-25 13:52:09,300 - INFO - ============================================================
2026-03-25 13:52:09,303 - INFO -   2026-03-25 13:52:09,303 - INFO -
2026-03-25 13:52:09,303 - INFO -   \U0001f4cc [4/21] Обработка: RECEIPT_HEADER
2026-03-25 13:52:09,304 - INFO -   2026-03-25 13:52:09,303 - INFO -
2026-03-25 13:52:09,304 - INFO -   2026-03-25 13:52:09,303 - INFO - ============================================================
2026-03-25 13:52:09,304 - INFO -   2026-03-25 13:52:09,303 - INFO - ТАБЛИЦА [4/21]: RECEIPT_HEADER
2026-03-25 13:52:09,305 - INFO -   2026-03-25 13:52:09,303 - INFO - ============================================================
2026-03-25 13:52:09,305 - INFO -   2026-03-25 13:52:09,303 - INFO -    \U0001f4c1 Источник: ils, Поле даты: RECEIPT_DATE
2026-03-25 13:52:09,307 - INFO -   2026-03-25 13:52:09,303 - INFO -    \U0001f50c Шаг 1/5: Подключение к источнику (ils)...
2026-03-25 13:52:09,316 - INFO -   2026-03-25 13:52:09,316 - INFO -       \u2705 Подключено
2026-03-25 13:52:09,317 - INFO -   2026-03-25 13:52:09,316 - INFO -    \U0001f50c Шаг 2/5: Подключение к целевой БД...
2026-03-25 13:52:09,351 - INFO -   2026-03-25 13:52:09,351 - INFO -       \u2705 Подключено
2026-03-25 13:52:09,352 - INFO -   2026-03-25 13:52:09,351 - INFO -    \U0001f4cb Шаг 3/5: Получение структуры таблицы...
2026-03-25 13:52:09,373 - INFO -   2026-03-25 13:52:09,373 - INFO -       \u2705 Найдено колонок: 81
2026-03-25 13:52:09,373 - INFO -   2026-03-25 13:52:09,373 - INFO -    \U0001f4e5 Шаг 4/5: Чтение данных из источника...
2026-03-25 13:52:09,373 - INFO -   2026-03-25 13:52:09,373 - INFO -       Выполняется запрос...
2026-03-25 13:52:09,428 - INFO -   2026-03-25 13:52:09,427 - INFO -       \u2705 Прочитано: 341 строк (за 0.05 сек)
2026-03-25 13:52:09,430 - INFO -   2026-03-25 13:52:09,428 - INFO -    \U0001f5d1\ufe0f Шаг 5/5: Удаление и вставка...
2026-03-25 13:52:09,458 - INFO -   2026-03-25 13:52:09,458 - INFO -       \U0001f5d1\ufe0f Удалено: 341 строк (за 0.03 сек)
2026-03-25 13:52:14,047 - INFO -   2026-03-25 13:52:14,047 - INFO -       \u2705 Вставлено: 341 строк за 4.59 сек (74 строк/сек)
2026-03-25 13:52:14,048 - INFO -   2026-03-25 13:52:14,047 - INFO -    \U0001f50d Проверка...
2026-03-25 13:52:14,052 - INFO -   2026-03-25 13:52:14,052 - INFO -       \u2705 В target: 341 строк
2026-03-25 13:52:14,053 - INFO -   2026-03-25 13:52:14,052 - INFO -
2026-03-25 13:52:14,054 - INFO -   2026-03-25 13:52:14,052 - INFO -    \u23f1\ufe0f ОБЩЕЕ ВРЕМЯ: 4.75 сек (0.08 мин)
2026-03-25 13:52:14,056 - INFO -   2026-03-25 13:52:14,052 - INFO - ============================================================
2026-03-25 13:52:14,057 - INFO -   2026-03-25 13:52:14,054 - INFO -
2026-03-25 13:52:14,058 - INFO -   \U0001f4cc [5/21] Обработка: SHIPMENT_DETAIL
2026-03-25 13:52:14,058 - INFO -   2026-03-25 13:52:14,054 - INFO -
2026-03-25 13:52:14,059 - INFO -   2026-03-25 13:52:14,055 - INFO - ============================================================
2026-03-25 13:52:14,061 - INFO -   2026-03-25 13:52:14,055 - INFO - ТАБЛИЦА [5/21]: SHIPMENT_DETAIL
2026-03-25 13:52:14,061 - INFO -   2026-03-25 13:52:14,055 - INFO - ============================================================
2026-03-25 13:52:14,064 - INFO -   2026-03-25 13:52:14,055 - INFO -    \U0001f4c1 Источник: ils, Поле даты: DATE_TIME_STAMP
2026-03-25 13:52:14,065 - INFO -   2026-03-25 13:52:14,055 - INFO -    \U0001f50c Шаг 1/5: Подключение к источнику (ils)...
2026-03-25 13:52:14,079 - INFO -   2026-03-25 13:52:14,078 - INFO -       \u2705 Подключено
2026-03-25 13:52:14,079 - INFO -   2026-03-25 13:52:14,079 - INFO -    \U0001f50c Шаг 2/5: Подключение к целевой БД...
2026-03-25 13:52:14,135 - INFO -   2026-03-25 13:52:14,135 - INFO -       \u2705 Подключено
2026-03-25 13:52:14,136 - INFO -   2026-03-25 13:52:14,135 - INFO -    \U0001f4cb Шаг 3/5: Получение структуры таблицы...
2026-03-25 13:52:14,155 - INFO -   2026-03-25 13:52:14,155 - INFO -       \u2705 Найдено колонок: 154
2026-03-25 13:52:14,155 - INFO -   2026-03-25 13:52:14,155 - INFO -    \U0001f4e5 Шаг 4/5: Чтение данных из источника...
2026-03-25 13:52:14,155 - INFO -   2026-03-25 13:52:14,155 - INFO -       Выполняется запрос...
2026-03-25 13:52:15,687 - INFO -   2026-03-25 13:52:15,687 - INFO -       \u2705 Прочитано: 9,183 строк (за 1.53 сек)
2026-03-25 13:52:15,687 - INFO -   2026-03-25 13:52:15,687 - INFO -    \U0001f5d1\ufe0f Шаг 5/5: Удаление и вставка...
2026-03-25 13:52:16,004 - INFO -   2026-03-25 13:52:16,004 - INFO -       \U0001f5d1\ufe0f Удалено: 9,134 строк (за 0.32 сек)
2026-03-25 13:55:38,637 - INFO -   2026-03-25 13:55:38,637 - INFO -       \u2705 Вставлено: 9,183 строк за 202.63 сек (45 строк/сек)
2026-03-25 13:55:38,638 - INFO -   2026-03-25 13:55:38,637 - INFO -    \U0001f50d Проверка...
2026-03-25 13:55:38,643 - INFO -   2026-03-25 13:55:38,643 - INFO -       \u2705 В target: 9,183 строк
2026-03-25 13:55:38,644 - INFO -   2026-03-25 13:55:38,643 - INFO -
2026-03-25 13:55:38,644 - INFO -   2026-03-25 13:55:38,643 - INFO -    \u23f1\ufe0f ОБЩЕЕ ВРЕМЯ: 204.59 сек (3.41 мин)
2026-03-25 13:55:38,645 - INFO -   2026-03-25 13:55:38,643 - INFO - ============================================================
2026-03-25 13:55:38,710 - INFO -   2026-03-25 13:55:38,709 - INFO -
2026-03-25 13:55:38,710 - INFO -   \U0001f4cc [6/21] Обработка: SHIPMENT_HEADER
2026-03-25 13:55:38,711 - INFO -   2026-03-25 13:55:38,710 - INFO -
2026-03-25 13:55:38,711 - INFO -   2026-03-25 13:55:38,710 - INFO - ============================================================
2026-03-25 13:55:38,712 - INFO -   2026-03-25 13:55:38,710 - INFO - ТАБЛИЦА [6/21]: SHIPMENT_HEADER
2026-03-25 13:55:38,712 - INFO -   2026-03-25 13:55:38,710 - INFO - ============================================================
2026-03-25 13:55:38,713 - INFO -   2026-03-25 13:55:38,710 - INFO -    \U0001f4c1 Источник: ils, Поле даты: PLANNED_SHIP_DATE
2026-03-25 13:55:38,713 - INFO -   2026-03-25 13:55:38,710 - INFO -    \U0001f50c Шаг 1/5: Подключение к источнику (ils)...
2026-03-25 13:55:38,726 - INFO -   2026-03-25 13:55:38,725 - INFO -       \u2705 Подключено
2026-03-25 13:55:38,726 - INFO -   2026-03-25 13:55:38,725 - INFO -    \U0001f50c Шаг 2/5: Подключение к целевой БД...
2026-03-25 13:55:38,789 - INFO -   2026-03-25 13:55:38,789 - INFO -       \u2705 Подключено
2026-03-25 13:55:38,790 - INFO -   2026-03-25 13:55:38,789 - INFO -    \U0001f4cb Шаг 3/5: Получение структуры таблицы...
2026-03-25 13:55:38,822 - INFO -   2026-03-25 13:55:38,822 - INFO -       \u2705 Найдено колонок: 155
2026-03-25 13:55:38,825 - INFO -   2026-03-25 13:55:38,822 - INFO -    \U0001f4e5 Шаг 4/5: Чтение данных из источника...
2026-03-25 13:55:38,825 - INFO -   2026-03-25 13:55:38,822 - INFO -       Выполняется запрос...
2026-03-25 13:55:39,366 - INFO -   2026-03-25 13:55:39,366 - INFO -       \u2705 Прочитано: 1,074 строк (за 0.54 сек)
2026-03-25 13:55:39,367 - INFO -   2026-03-25 13:55:39,366 - INFO -    \U0001f5d1\ufe0f Шаг 5/5: Удаление и вставка...
2026-03-25 13:55:39,429 - INFO -   2026-03-25 13:55:39,429 - INFO -       \U0001f5d1\ufe0f Удалено: 1,065 строк (за 0.06 сек)
2026-03-25 13:56:08,641 - INFO -   2026-03-25 13:56:08,641 - INFO -       \u2705 Вставлено: 1,074 строк за 29.21 сек (37 строк/сек)
2026-03-25 13:56:08,642 - INFO -   2026-03-25 13:56:08,641 - INFO -    \U0001f50d Проверка...
2026-03-25 13:56:08,645 - INFO -   2026-03-25 13:56:08,645 - INFO -       \u2705 В target: 1,074 строк
2026-03-25 13:56:08,645 - INFO -   2026-03-25 13:56:08,645 - INFO -
2026-03-25 13:56:08,645 - INFO -   2026-03-25 13:56:08,645 - INFO -    \u23f1\ufe0f ОБЩЕЕ ВРЕМЯ: 29.93 сек (0.50 мин)
2026-03-25 13:56:08,646 - INFO -   2026-03-25 13:56:08,645 - INFO - ============================================================
2026-03-25 13:56:08,647 - INFO -   2026-03-25 13:56:08,647 - INFO -
2026-03-25 13:56:08,647 - INFO -   \U0001f4cc [7/21] Обработка: TRANSACTION_HISTORY
2026-03-25 13:56:08,648 - INFO -   2026-03-25 13:56:08,647 - INFO -
2026-03-25 13:56:08,648 - INFO -   2026-03-25 13:56:08,647 - INFO - ============================================================
2026-03-25 13:56:08,648 - INFO -   2026-03-25 13:56:08,647 - INFO - ТАБЛИЦА [7/21]: TRANSACTION_HISTORY
2026-03-25 13:56:08,649 - INFO -   2026-03-25 13:56:08,647 - INFO - ============================================================
2026-03-25 13:56:08,649 - INFO -   2026-03-25 13:56:08,647 - INFO -    \U0001f4c1 Источник: ils, Поле даты: DATE_TIME_STAMP
2026-03-25 13:56:08,649 - INFO -   2026-03-25 13:56:08,647 - INFO -    \U0001f50c Шаг 1/5: Подключение к источнику (ils)...
2026-03-25 13:56:08,668 - INFO -   2026-03-25 13:56:08,668 - INFO -       \u2705 Подключено
2026-03-25 13:56:08,670 - INFO -   2026-03-25 13:56:08,668 - INFO -    \U0001f50c Шаг 2/5: Подключение к целевой БД...
2026-03-25 13:56:08,720 - INFO -   2026-03-25 13:56:08,720 - INFO -       \u2705 Подключено
2026-03-25 13:56:08,721 - INFO -   2026-03-25 13:56:08,720 - INFO -    \U0001f4cb Шаг 3/5: Получение структуры таблицы...
2026-03-25 13:56:08,744 - INFO -   2026-03-25 13:56:08,744 - INFO -       \u2705 Найдено колонок: 51
2026-03-25 13:56:08,745 - INFO -   2026-03-25 13:56:08,744 - INFO -    \U0001f4e5 Шаг 4/5: Чтение данных из источника...
2026-03-25 13:56:08,745 - INFO -   2026-03-25 13:56:08,744 - INFO -       Выполняется запрос...
2026-03-25 13:56:18,746 - INFO -   2026-03-25 13:56:18,746 - INFO -       \u2705 Прочитано: 125,195 строк (за 10.00 сек)
2026-03-25 13:56:18,747 - INFO -   2026-03-25 13:56:18,746 - INFO -    \U0001f5d1\ufe0f Шаг 5/5: Удаление и вставка...
2026-03-25 13:56:19,452 - INFO -   2026-03-25 13:56:19,450 - INFO -       \U0001f5d1\ufe0f Удалено: 29,617 строк (за 0.70 сек)
