2026-03-25 13:29:10,174 - INFO - ╔==============================================================================╗
2026-03-25 13:29:10,174 - INFO - ║                    3-ДНЕВНЫЙ ETL ПАЙПЛАЙН                                 ║
2026-03-25 13:29:10,174 - INFO - ╚==============================================================================╝
2026-03-25 13:29:10,175 - INFO - 📅 Время запуска: 2026-03-25 13:29:10
2026-03-25 13:29:10,175 - INFO - 📁 Директория: C:\Users\A.Gorbatenko\Documents\Dashboard\script
2026-03-25 13:29:10,175 - INFO - ================================================================================
2026-03-25 13:29:10,176 - INFO - ================================================================================
2026-03-25 13:29:10,176 - INFO - ШАГ 1: Обновление сырых данных (reload_3days.py)
2026-03-25 13:29:10,176 - INFO - ================================================================================
2026-03-25 13:29:10,176 - INFO - 🚀 Запуск: C:\Users\A.Gorbatenko\Documents\Dashboard\script\reload_3days_bulk.py
2026-03-25 13:29:10,176 - INFO - --------------------------------------------------------------------------------
2026-03-25 13:29:10,445 - INFO -   2026-03-25 13:29:10,444 - INFO - ================================================================================
2026-03-25 13:29:10,445 - INFO -   2026-03-25 13:29:10,444 - INFO - \U0001f680 BULK INSERT: ОЧЕНЬ БЫСТРОЕ ОБНОВЛЕНИЕ ЗА 3 ДНЯ
2026-03-25 13:29:10,445 - INFO -   2026-03-25 13:29:10,445 - INFO - ================================================================================
2026-03-25 13:29:10,445 - INFO -   2026-03-25 13:29:10,445 - INFO - \U0001f4ca Всего таблиц: 21
2026-03-25 13:29:10,446 - INFO -   2026-03-25 13:29:10,445 - INFO - \U0001f3af Целевая БД: olap2_fixed.raw_
2026-03-25 13:29:10,446 - INFO -   2026-03-25 13:29:10,445 - INFO - ================================================================================
2026-03-25 13:29:10,446 - INFO -   2026-03-25 13:29:10,445 - INFO -
2026-03-25 13:29:10,446 - INFO -   \U0001f4cc [1/21] Обработка: ORDER_DETAIL
2026-03-25 13:29:10,446 - INFO -   2026-03-25 13:29:10,445 - INFO -
2026-03-25 13:29:10,446 - INFO -   2026-03-25 13:29:10,445 - INFO - ============================================================
2026-03-25 13:29:10,446 - INFO -   2026-03-25 13:29:10,445 - INFO - ТАБЛИЦА [1/21]: ORDER_DETAIL
2026-03-25 13:29:10,447 - INFO -   2026-03-25 13:29:10,446 - INFO - ============================================================
2026-03-25 13:29:10,447 - INFO -   2026-03-25 13:29:10,446 - INFO -    \U0001f4c1 Источник: ils, Поле даты: DATE_TIME_STAMP
2026-03-25 13:29:10,447 - INFO -   2026-03-25 13:29:10,446 - INFO -    \U0001f50c Шаг 1/6: Подключение к источнику (ils)...
2026-03-25 13:29:10,493 - INFO -   2026-03-25 13:29:10,493 - INFO -       \u2705 Подключено
2026-03-25 13:29:10,493 - INFO -   2026-03-25 13:29:10,493 - INFO -    \U0001f50c Шаг 2/6: Подключение к целевой БД...
2026-03-25 13:29:10,561 - INFO -   2026-03-25 13:29:10,561 - INFO -       \u2705 Подключено
2026-03-25 13:29:10,561 - INFO -   2026-03-25 13:29:10,561 - INFO -    \U0001f4cb Шаг 3/6: Получение структуры таблицы...
2026-03-25 13:29:10,577 - INFO -   2026-03-25 13:29:10,577 - INFO -       \u2705 Найдено колонок: 126
2026-03-25 13:29:10,577 - INFO -   2026-03-25 13:29:10,577 - INFO -    \U0001f4e5 Шаг 4/6: Чтение данных из источника...
2026-03-25 13:29:10,582 - INFO -   2026-03-25 13:29:10,582 - INFO -       \u2705 Прочитано: 0 строк (за 0.00 сек)
2026-03-25 13:29:10,583 - INFO -   2026-03-25 13:29:10,582 - INFO -       \u2139\ufe0f Нет данных
2026-03-25 13:29:10,585 - INFO -   2026-03-25 13:29:10,582 - INFO -
2026-03-25 13:29:10,585 - INFO -   \U0001f4cc [2/21] Обработка: ORDER_HEADER
2026-03-25 13:29:10,586 - INFO -   2026-03-25 13:29:10,583 - INFO -
2026-03-25 13:29:10,586 - INFO -   2026-03-25 13:29:10,583 - INFO - ============================================================
2026-03-25 13:29:10,586 - INFO -   2026-03-25 13:29:10,583 - INFO - ТАБЛИЦА [2/21]: ORDER_HEADER
2026-03-25 13:29:10,586 - INFO -   2026-03-25 13:29:10,583 - INFO - ============================================================
2026-03-25 13:29:10,586 - INFO -   2026-03-25 13:29:10,583 - INFO -    \U0001f4c1 Источник: ils, Поле даты: ORDER_DATE
2026-03-25 13:29:10,587 - INFO -   2026-03-25 13:29:10,583 - INFO -    \U0001f50c Шаг 1/6: Подключение к источнику (ils)...
2026-03-25 13:29:10,597 - INFO -   2026-03-25 13:29:10,597 - INFO -       \u2705 Подключено
2026-03-25 13:29:10,598 - INFO -   2026-03-25 13:29:10,597 - INFO -    \U0001f50c Шаг 2/6: Подключение к целевой БД...
2026-03-25 13:29:10,664 - INFO -   2026-03-25 13:29:10,663 - INFO -       \u2705 Подключено
2026-03-25 13:29:10,664 - INFO -   2026-03-25 13:29:10,664 - INFO -    \U0001f4cb Шаг 3/6: Получение структуры таблицы...
2026-03-25 13:29:10,679 - INFO -   2026-03-25 13:29:10,678 - INFO -       \u2705 Найдено колонок: 114
2026-03-25 13:29:10,680 - INFO -   2026-03-25 13:29:10,679 - INFO -    \U0001f4e5 Шаг 4/6: Чтение данных из источника...
2026-03-25 13:29:10,685 - INFO -   2026-03-25 13:29:10,684 - INFO -       \u2705 Прочитано: 0 строк (за 0.00 сек)
2026-03-25 13:29:10,687 - INFO -   2026-03-25 13:29:10,684 - INFO -       \u2139\ufe0f Нет данных
2026-03-25 13:29:10,688 - INFO -   2026-03-25 13:29:10,685 - INFO -
2026-03-25 13:29:10,688 - INFO -   \U0001f4cc [3/21] Обработка: RECEIPT_DETAIL
2026-03-25 13:29:10,688 - INFO -   2026-03-25 13:29:10,685 - INFO -
2026-03-25 13:29:10,688 - INFO -   2026-03-25 13:29:10,685 - INFO - ============================================================
2026-03-25 13:29:10,689 - INFO -   2026-03-25 13:29:10,685 - INFO - ТАБЛИЦА [3/21]: RECEIPT_DETAIL
2026-03-25 13:29:10,689 - INFO -   2026-03-25 13:29:10,685 - INFO - ============================================================
2026-03-25 13:29:10,689 - INFO -   2026-03-25 13:29:10,686 - INFO -    \U0001f4c1 Источник: ils, Поле даты: DATE_TIME_STAMP
2026-03-25 13:29:10,689 - INFO -   2026-03-25 13:29:10,686 - INFO -    \U0001f50c Шаг 1/6: Подключение к источнику (ils)...
2026-03-25 13:29:10,721 - INFO -   2026-03-25 13:29:10,721 - INFO -       \u2705 Подключено
2026-03-25 13:29:10,722 - INFO -   2026-03-25 13:29:10,721 - INFO -    \U0001f50c Шаг 2/6: Подключение к целевой БД...
2026-03-25 13:29:10,765 - INFO -   2026-03-25 13:29:10,765 - INFO -       \u2705 Подключено
2026-03-25 13:29:10,766 - INFO -   2026-03-25 13:29:10,765 - INFO -    \U0001f4cb Шаг 3/6: Получение структуры таблицы...
2026-03-25 13:29:10,780 - INFO -   2026-03-25 13:29:10,779 - INFO -       \u2705 Найдено колонок: 83
2026-03-25 13:29:10,781 - INFO -   2026-03-25 13:29:10,780 - INFO -    \U0001f4e5 Шаг 4/6: Чтение данных из источника...
2026-03-25 13:29:10,939 - INFO -   2026-03-25 13:29:10,938 - INFO -       \u2705 Прочитано: 1,562 строк (за 0.16 сек)
2026-03-25 13:29:10,939 - INFO -   2026-03-25 13:29:10,939 - INFO -    \U0001f5d1\ufe0f Шаг 5/6: Удаление старых данных...
2026-03-25 13:29:10,991 - INFO -   2026-03-25 13:29:10,990 - INFO -       \U0001f5d1\ufe0f Удалено: 1,562 строк (за 0.05 сек)
2026-03-25 13:29:11,004 - INFO -   2026-03-25 13:29:10,991 - INFO -    \U0001f4ca Шаг 6/6: BULK INSERT...
2026-03-25 13:29:11,037 - INFO -   2026-03-25 13:29:11,037 - INFO -       \U0001f4c1 CSV создан: 0.85 MB (за 0.05 сек)
2026-03-25 13:29:11,128 - INFO -   2026-03-25 13:29:11,127 - INFO -       Выполняется BULK INSERT...
2026-03-25 13:29:11,131 - INFO -   2026-03-25 13:29:11,131 - ERROR -       \u274c Ошибка BULK INSERT: (102, b"Incorrect syntax near '('.DB-Lib error message 20018, severity 15:\nGeneral SQL Server error: Check messages from the SQL Server\n")
2026-03-25 13:29:11,136 - INFO -   2026-03-25 13:29:11,136 - ERROR -    \u274c ОШИБКА: (102, b"Incorrect syntax near '('.DB-Lib error message 20018, severity 15:\nGeneral SQL Server error: Check messages from the SQL Server\n")
2026-03-25 13:29:11,152 - INFO -   Traceback (most recent call last):
2026-03-25 13:29:11,152 - INFO -   File "src/pymssql/_pymssql.pyx", line 447, in pymssql._pymssql.Cursor.execute
2026-03-25 13:29:11,153 - INFO -   File "src/pymssql/_mssql.pyx", line 1125, in pymssql._mssql.MSSQLConnection.execute_query
2026-03-25 13:29:11,153 - INFO -   File "src/pymssql/_mssql.pyx", line 1156, in pymssql._mssql.MSSQLConnection.execute_query
2026-03-25 13:29:11,153 - INFO -   File "src/pymssql/_mssql.pyx", line 1289, in pymssql._mssql.MSSQLConnection.format_and_run_query
2026-03-25 13:29:11,154 - INFO -   File "src/pymssql/_mssql.pyx", line 1855, in pymssql._mssql.check_cancel_and_raise
2026-03-25 13:29:11,160 - INFO -   File "src/pymssql/_mssql.pyx", line 1901, in pymssql._mssql.raise_MSSQLDatabaseException
2026-03-25 13:29:11,160 - INFO -   pymssql._mssql.MSSQLDatabaseException: (102, b"Incorrect syntax near '('.DB-Lib error message 20018, severity 15:\nGeneral SQL Server error: Check messages from the SQL Server\n")
2026-03-25 13:29:11,161 - INFO -   During handling of the above exception, another exception occurred:
2026-03-25 13:29:11,162 - INFO -   Traceback (most recent call last):
2026-03-25 13:29:11,162 - INFO -   File "C:\Users\A.Gorbatenko\Documents\Dashboard\script\reload_3days_bulk.py", line 290, in reload_table_bulk
2026-03-25 13:29:11,162 - INFO -   inserted = bulk_insert_table(csv_file, target_table, columns, logger)
2026-03-25 13:29:11,162 - INFO -   File "C:\Users\A.Gorbatenko\Documents\Dashboard\script\reload_3days_bulk.py", line 154, in bulk_insert_table
2026-03-25 13:29:11,163 - INFO -   cursor.execute(bulk_sql)
2026-03-25 13:29:11,166 - INFO -   ~~~~~~~~~~~~~~^^^^^^^^^^
2026-03-25 13:29:11,166 - INFO -   File "src/pymssql/_pymssql.pyx", line 462, in pymssql._pymssql.Cursor.execute
2026-03-25 13:29:11,167 - INFO -   pymssql.exceptions.ProgrammingError: (102, b"Incorrect syntax near '('.DB-Lib error message 20018, severity 15:\nGeneral SQL Server error: Check messages from the SQL Server\n")
2026-03-25 13:29:11,167 - INFO -   2026-03-25 13:29:11,164 - INFO -
2026-03-25 13:29:11,167 - INFO -   \U0001f4cc [4/21] Обработка: RECEIPT_HEADER
2026-03-25 13:29:11,167 - INFO -   2026-03-25 13:29:11,164 - INFO -
2026-03-25 13:29:11,168 - INFO -   2026-03-25 13:29:11,165 - INFO - ============================================================
2026-03-25 13:29:11,168 - INFO -   2026-03-25 13:29:11,165 - INFO - ТАБЛИЦА [4/21]: RECEIPT_HEADER
2026-03-25 13:29:11,168 - INFO -   2026-03-25 13:29:11,165 - INFO - ============================================================
2026-03-25 13:29:11,168 - INFO -   2026-03-25 13:29:11,165 - INFO -    \U0001f4c1 Источник: ils, Поле даты: RECEIPT_DATE
2026-03-25 13:29:11,168 - INFO -   2026-03-25 13:29:11,165 - INFO -    \U0001f50c Шаг 1/6: Подключение к источнику (ils)...
2026-03-25 13:29:11,178 - INFO -   2026-03-25 13:29:11,178 - INFO -       \u2705 Подключено
2026-03-25 13:29:11,178 - INFO -   2026-03-25 13:29:11,178 - INFO -    \U0001f50c Шаг 2/6: Подключение к целевой БД...
2026-03-25 13:29:11,223 - INFO -   2026-03-25 13:29:11,223 - INFO -       \u2705 Подключено
2026-03-25 13:29:11,224 - INFO -   2026-03-25 13:29:11,223 - INFO -    \U0001f4cb Шаг 3/6: Получение структуры таблицы...
2026-03-25 13:29:11,239 - INFO -   2026-03-25 13:29:11,238 - INFO -       \u2705 Найдено колонок: 81
2026-03-25 13:29:11,240 - INFO -   2026-03-25 13:29:11,239 - INFO -    \U0001f4e5 Шаг 4/6: Чтение данных из источника...
2026-03-25 13:29:11,306 - INFO -   2026-03-25 13:29:11,306 - INFO -       \u2705 Прочитано: 341 строк (за 0.07 сек)
2026-03-25 13:29:11,306 - INFO -   2026-03-25 13:29:11,306 - INFO -    \U0001f5d1\ufe0f Шаг 5/6: Удаление старых данных...
2026-03-25 13:29:11,335 - INFO -   2026-03-25 13:29:11,334 - INFO -       \U0001f5d1\ufe0f Удалено: 341 строк (за 0.03 сек)
2026-03-25 13:29:11,335 - INFO -   2026-03-25 13:29:11,335 - INFO -    \U0001f4ca Шаг 6/6: BULK INSERT...
2026-03-25 13:29:11,356 - INFO -   2026-03-25 13:29:11,356 - INFO -       \U0001f4c1 CSV создан: 0.23 MB (за 0.02 сек)
2026-03-25 13:29:11,410 - INFO -   2026-03-25 13:29:11,409 - INFO -       Выполняется BULK INSERT...
2026-03-25 13:29:11,415 - INFO -   2026-03-25 13:29:11,415 - ERROR -       \u274c Ошибка BULK INSERT: (102, b"Incorrect syntax near '('.DB-Lib error message 20018, severity 15:\nGeneral SQL Server error: Check messages from the SQL Server\n")
2026-03-25 13:29:11,421 - INFO -   2026-03-25 13:29:11,421 - ERROR -    \u274c ОШИБКА: (102, b"Incorrect syntax near '('.DB-Lib error message 20018, severity 15:\nGeneral SQL Server error: Check messages from the SQL Server\n")
2026-03-25 13:29:11,425 - INFO -   Traceback (most recent call last):
2026-03-25 13:29:11,425 - INFO -   File "src/pymssql/_pymssql.pyx", line 447, in pymssql._pymssql.Cursor.execute
2026-03-25 13:29:11,426 - INFO -   File "src/pymssql/_mssql.pyx", line 1125, in pymssql._mssql.MSSQLConnection.execute_query
2026-03-25 13:29:11,427 - INFO -   File "src/pymssql/_mssql.pyx", line 1156, in pymssql._mssql.MSSQLConnection.execute_query
2026-03-25 13:29:11,427 - INFO -   File "src/pymssql/_mssql.pyx", line 1289, in pymssql._mssql.MSSQLConnection.format_and_run_query
2026-03-25 13:29:11,433 - INFO -   File "src/pymssql/_mssql.pyx", line 1855, in pymssql._mssql.check_cancel_and_raise
2026-03-25 13:29:11,433 - INFO -   File "src/pymssql/_mssql.pyx", line 1901, in pymssql._mssql.raise_MSSQLDatabaseException
2026-03-25 13:29:11,434 - INFO -   pymssql._mssql.MSSQLDatabaseException: (102, b"Incorrect syntax near '('.DB-Lib error message 20018, severity 15:\nGeneral SQL Server error: Check messages from the SQL Server\n")
2026-03-25 13:29:11,435 - INFO -   During handling of the above exception, another exception occurred:
2026-03-25 13:29:11,435 - INFO -   Traceback (most recent call last):
2026-03-25 13:29:11,436 - INFO -   File "C:\Users\A.Gorbatenko\Documents\Dashboard\script\reload_3days_bulk.py", line 290, in reload_table_bulk
2026-03-25 13:29:11,436 - INFO -   inserted = bulk_insert_table(csv_file, target_table, columns, logger)
2026-03-25 13:29:11,436 - INFO -   File "C:\Users\A.Gorbatenko\Documents\Dashboard\script\reload_3days_bulk.py", line 154, in bulk_insert_table
2026-03-25 13:29:11,437 - INFO -   cursor.execute(bulk_sql)
2026-03-25 13:29:11,437 - INFO -   ~~~~~~~~~~~~~~^^^^^^^^^^
2026-03-25 13:29:11,438 - INFO -   File "src/pymssql/_pymssql.pyx", line 462, in pymssql._pymssql.Cursor.execute
2026-03-25 13:29:11,438 - INFO -   pymssql.exceptions.ProgrammingError: (102, b"Incorrect syntax near '('.DB-Lib error message 20018, severity 15:\nGeneral SQL Server error: Check messages from the SQL Server\n")
2026-03-25 13:29:11,438 - INFO -   2026-03-25 13:29:11,427 - INFO -
2026-03-25 13:29:11,438 - INFO -   \U0001f4cc [5/21] Обработка: SHIPMENT_DETAIL
2026-03-25 13:29:11,439 - INFO -   2026-03-25 13:29:11,427 - INFO -
2026-03-25 13:29:11,439 - INFO -   2026-03-25 13:29:11,427 - INFO - ============================================================
2026-03-25 13:29:11,439 - INFO -   2026-03-25 13:29:11,427 - INFO - ТАБЛИЦА [5/21]: SHIPMENT_DETAIL
2026-03-25 13:29:11,440 - INFO -   2026-03-25 13:29:11,428 - INFO - ============================================================
2026-03-25 13:29:11,440 - INFO -   2026-03-25 13:29:11,428 - INFO -    \U0001f4c1 Источник: ils, Поле даты: DATE_TIME_STAMP
2026-03-25 13:29:11,440 - INFO -   2026-03-25 13:29:11,428 - INFO -    \U0001f50c Шаг 1/6: Подключение к источнику (ils)...
2026-03-25 13:29:11,447 - INFO -   2026-03-25 13:29:11,447 - INFO -       \u2705 Подключено
2026-03-25 13:29:11,449 - INFO -   2026-03-25 13:29:11,447 - INFO -    \U0001f50c Шаг 2/6: Подключение к целевой БД...
2026-03-25 13:29:11,485 - INFO -   2026-03-25 13:29:11,485 - INFO -       \u2705 Подключено
2026-03-25 13:29:11,485 - INFO -   2026-03-25 13:29:11,485 - INFO -    \U0001f4cb Шаг 3/6: Получение структуры таблицы...
2026-03-25 13:29:11,505 - INFO -   2026-03-25 13:29:11,505 - INFO -       \u2705 Найдено колонок: 154
2026-03-25 13:29:11,505 - INFO -   2026-03-25 13:29:11,505 - INFO -    \U0001f4e5 Шаг 4/6: Чтение данных из источника...
2026-03-25 13:29:13,769 - INFO -   2026-03-25 13:29:13,768 - INFO -       \u2705 Прочитано: 9,127 строк (за 2.26 сек)
2026-03-25 13:29:13,769 - INFO -   2026-03-25 13:29:13,769 - INFO -    \U0001f5d1\ufe0f Шаг 5/6: Удаление старых данных...
2026-03-25 13:29:14,022 - INFO -   2026-03-25 13:29:14,022 - INFO -       \U0001f5d1\ufe0f Удалено: 9,101 строк (за 0.25 сек)
2026-03-25 13:29:14,023 - INFO -   2026-03-25 13:29:14,022 - INFO -    \U0001f4ca Шаг 6/6: BULK INSERT...
2026-03-25 13:29:14,411 - INFO -   2026-03-25 13:29:14,411 - INFO -       \U0001f4c1 CSV создан: 7.57 MB (за 0.39 сек)
2026-03-25 13:29:14,454 - INFO -   2026-03-25 13:29:14,454 - INFO -       Выполняется BULK INSERT...
2026-03-25 13:29:14,458 - INFO -   2026-03-25 13:29:14,458 - ERROR -       \u274c Ошибка BULK INSERT: (102, b"Incorrect syntax near '('.DB-Lib error message 20018, severity 15:\nGeneral SQL Server error: Check messages from the SQL Server\n")
2026-03-25 13:29:14,463 - INFO -   2026-03-25 13:29:14,463 - ERROR -    \u274c ОШИБКА: (102, b"Incorrect syntax near '('.DB-Lib error message 20018, severity 15:\nGeneral SQL Server error: Check messages from the SQL Server\n")
2026-03-25 13:29:14,464 - INFO -   Traceback (most recent call last):
2026-03-25 13:29:14,465 - INFO -   File "src/pymssql/_pymssql.pyx", line 447, in pymssql._pymssql.Cursor.execute
2026-03-25 13:29:14,465 - INFO -   File "src/pymssql/_mssql.pyx", line 1125, in pymssql._mssql.MSSQLConnection.execute_query
2026-03-25 13:29:14,465 - INFO -   File "src/pymssql/_mssql.pyx", line 1156, in pymssql._mssql.MSSQLConnection.execute_query
2026-03-25 13:29:14,465 - INFO -   File "src/pymssql/_mssql.pyx", line 1289, in pymssql._mssql.MSSQLConnection.format_and_run_query
2026-03-25 13:29:14,465 - INFO -   File "src/pymssql/_mssql.pyx", line 1855, in pymssql._mssql.check_cancel_and_raise
2026-03-25 13:29:14,466 - INFO -   File "src/pymssql/_mssql.pyx", line 1901, in pymssql._mssql.raise_MSSQLDatabaseException
2026-03-25 13:29:14,466 - INFO -   pymssql._mssql.MSSQLDatabaseException: (102, b"Incorrect syntax near '('.DB-Lib error message 20018, severity 15:\nGeneral SQL Server error: Check messages from the SQL Server\n")
2026-03-25 13:29:14,466 - INFO -   During handling of the above exception, another exception occurred:
2026-03-25 13:29:14,467 - INFO -   Traceback (most recent call last):
2026-03-25 13:29:14,467 - INFO -   File "C:\Users\A.Gorbatenko\Documents\Dashboard\script\reload_3days_bulk.py", line 290, in reload_table_bulk
2026-03-25 13:29:14,467 - INFO -   inserted = bulk_insert_table(csv_file, target_table, columns, logger)
2026-03-25 13:29:14,468 - INFO -   File "C:\Users\A.Gorbatenko\Documents\Dashboard\script\reload_3days_bulk.py", line 154, in bulk_insert_table
2026-03-25 13:29:14,468 - INFO -   cursor.execute(bulk_sql)
2026-03-25 13:29:14,470 - INFO -   ~~~~~~~~~~~~~~^^^^^^^^^^
2026-03-25 13:29:14,471 - INFO -   File "src/pymssql/_pymssql.pyx", line 462, in pymssql._pymssql.Cursor.execute
2026-03-25 13:29:14,471 - INFO -   pymssql.exceptions.ProgrammingError: (102, b"Incorrect syntax near '('.DB-Lib error message 20018, severity 15:\nGeneral SQL Server error: Check messages from the SQL Server\n")
2026-03-25 13:29:14,491 - INFO -   2026-03-25 13:29:14,490 - INFO -
2026-03-25 13:29:14,491 - INFO -   \U0001f4cc [6/21] Обработка: SHIPMENT_HEADER
2026-03-25 13:29:14,491 - INFO -   2026-03-25 13:29:14,491 - INFO -
2026-03-25 13:29:14,491 - INFO -   2026-03-25 13:29:14,491 - INFO - ============================================================
2026-03-25 13:29:14,491 - INFO -   2026-03-25 13:29:14,491 - INFO - ТАБЛИЦА [6/21]: SHIPMENT_HEADER
2026-03-25 13:29:14,492 - INFO -   2026-03-25 13:29:14,491 - INFO - ============================================================
2026-03-25 13:29:14,492 - INFO -   2026-03-25 13:29:14,491 - INFO -    \U0001f4c1 Источник: ils, Поле даты: PLANNED_SHIP_DATE
2026-03-25 13:29:14,492 - INFO -   2026-03-25 13:29:14,491 - INFO -    \U0001f50c Шаг 1/6: Подключение к источнику (ils)...
2026-03-25 13:29:14,510 - INFO -   2026-03-25 13:29:14,510 - INFO -       \u2705 Подключено
2026-03-25 13:29:14,513 - INFO -   2026-03-25 13:29:14,510 - INFO -    \U0001f50c Шаг 2/6: Подключение к целевой БД...
2026-03-25 13:29:14,559 - INFO -   2026-03-25 13:29:14,558 - INFO -       \u2705 Подключено
2026-03-25 13:29:14,559 - INFO -   2026-03-25 13:29:14,559 - INFO -    \U0001f4cb Шаг 3/6: Получение структуры таблицы...
2026-03-25 13:29:14,577 - INFO -   2026-03-25 13:29:14,577 - INFO -       \u2705 Найдено колонок: 155
2026-03-25 13:29:14,577 - INFO -   2026-03-25 13:29:14,577 - INFO -    \U0001f4e5 Шаг 4/6: Чтение данных из источника...
2026-03-25 13:29:15,087 - INFO -   2026-03-25 13:29:15,087 - INFO -       \u2705 Прочитано: 1,064 строк (за 0.51 сек)
2026-03-25 13:29:15,087 - INFO -   2026-03-25 13:29:15,087 - INFO -    \U0001f5d1\ufe0f Шаг 5/6: Удаление старых данных...
2026-03-25 13:29:15,169 - INFO -   2026-03-25 13:29:15,169 - INFO -       \U0001f5d1\ufe0f Удалено: 1,057 строк (за 0.08 сек)
2026-03-25 13:29:15,170 - INFO -   2026-03-25 13:29:15,169 - INFO -    \U0001f4ca Шаг 6/6: BULK INSERT...
2026-03-25 13:29:15,225 - INFO -   2026-03-25 13:29:15,225 - INFO -       \U0001f4c1 CSV создан: 1.27 MB (за 0.06 сек)
2026-03-25 13:29:15,268 - INFO -   2026-03-25 13:29:15,268 - INFO -       Выполняется BULK INSERT...
2026-03-25 13:29:15,271 - INFO -   2026-03-25 13:29:15,271 - ERROR -       \u274c Ошибка BULK INSERT: (102, b"Incorrect syntax near '('.DB-Lib error message 20018, severity 15:\nGeneral SQL Server error: Check messages from the SQL Server\n")
2026-03-25 13:29:15,276 - INFO -   2026-03-25 13:29:15,276 - ERROR -    \u274c ОШИБКА: (102, b"Incorrect syntax near '('.DB-Lib error message 20018, severity 15:\nGeneral SQL Server error: Check messages from the SQL Server\n")
2026-03-25 13:29:15,279 - INFO -   Traceback (most recent call last):
2026-03-25 13:29:15,279 - INFO -   File "src/pymssql/_pymssql.pyx", line 447, in pymssql._pymssql.Cursor.execute
2026-03-25 13:29:15,279 - INFO -   File "src/pymssql/_mssql.pyx", line 1125, in pymssql._mssql.MSSQLConnection.execute_query
2026-03-25 13:29:15,280 - INFO -   File "src/pymssql/_mssql.pyx", line 1156, in pymssql._mssql.MSSQLConnection.execute_query
2026-03-25 13:29:15,280 - INFO -   File "src/pymssql/_mssql.pyx", line 1289, in pymssql._mssql.MSSQLConnection.format_and_run_query
2026-03-25 13:29:15,280 - INFO -   File "src/pymssql/_mssql.pyx", line 1855, in pymssql._mssql.check_cancel_and_raise
2026-03-25 13:29:15,280 - INFO -   File "src/pymssql/_mssql.pyx", line 1901, in pymssql._mssql.raise_MSSQLDatabaseException
2026-03-25 13:29:15,281 - INFO -   pymssql._mssql.MSSQLDatabaseException: (102, b"Incorrect syntax near '('.DB-Lib error message 20018, severity 15:\nGeneral SQL Server error: Check messages from the SQL Server\n")
2026-03-25 13:29:15,281 - INFO -   During handling of the above exception, another exception occurred:
2026-03-25 13:29:15,281 - INFO -   Traceback (most recent call last):
2026-03-25 13:29:15,281 - INFO -   File "C:\Users\A.Gorbatenko\Documents\Dashboard\script\reload_3days_bulk.py", line 290, in reload_table_bulk
2026-03-25 13:29:15,281 - INFO -   inserted = bulk_insert_table(csv_file, target_table, columns, logger)
2026-03-25 13:29:15,281 - INFO -   File "C:\Users\A.Gorbatenko\Documents\Dashboard\script\reload_3days_bulk.py", line 154, in bulk_insert_table
2026-03-25 13:29:15,282 - INFO -   cursor.execute(bulk_sql)
2026-03-25 13:29:15,282 - INFO -   ~~~~~~~~~~~~~~^^^^^^^^^^
2026-03-25 13:29:15,283 - INFO -   File "src/pymssql/_pymssql.pyx", line 462, in pymssql._pymssql.Cursor.execute
2026-03-25 13:29:15,283 - INFO -   pymssql.exceptions.ProgrammingError: (102, b"Incorrect syntax near '('.DB-Lib error message 20018, severity 15:\nGeneral SQL Server error: Check messages from the SQL Server\n")
2026-03-25 13:29:15,283 - INFO -   2026-03-25 13:29:15,281 - INFO -
2026-03-25 13:29:15,283 - INFO -   \U0001f4cc [7/21] Обработка: TRANSACTION_HISTORY
2026-03-25 13:29:15,285 - INFO -   2026-03-25 13:29:15,281 - INFO -
2026-03-25 13:29:15,285 - INFO -   2026-03-25 13:29:15,281 - INFO - ============================================================
2026-03-25 13:29:15,286 - INFO -   2026-03-25 13:29:15,281 - INFO - ТАБЛИЦА [7/21]: TRANSACTION_HISTORY
2026-03-25 13:29:15,286 - INFO -   2026-03-25 13:29:15,281 - INFO - ============================================================
2026-03-25 13:29:15,286 - INFO -   2026-03-25 13:29:15,281 - INFO -    \U0001f4c1 Источник: ils, Поле даты: DATE_TIME_STAMP
2026-03-25 13:29:15,286 - INFO -   2026-03-25 13:29:15,282 - INFO -    \U0001f50c Шаг 1/6: Подключение к источнику (ils)...
2026-03-25 13:29:15,299 - INFO -   2026-03-25 13:29:15,299 - INFO -       \u2705 Подключено
2026-03-25 13:29:15,299 - INFO -   2026-03-25 13:29:15,299 - INFO -    \U0001f50c Шаг 2/6: Подключение к целевой БД...
2026-03-25 13:29:15,359 - INFO -   2026-03-25 13:29:15,359 - INFO -       \u2705 Подключено
2026-03-25 13:29:15,360 - INFO -   2026-03-25 13:29:15,359 - INFO -    \U0001f4cb Шаг 3/6: Получение структуры таблицы...
2026-03-25 13:29:15,382 - INFO -   2026-03-25 13:29:15,382 - INFO -       \u2705 Найдено колонок: 51
2026-03-25 13:29:15,383 - INFO -   2026-03-25 13:29:15,382 - INFO -    \U0001f4e5 Шаг 4/6: Чтение данных из источника...
2026-03-25 13:29:23,728 - INFO -   2026-03-25 13:29:23,728 - INFO -       \u2705 Прочитано: 124,599 строк (за 8.35 сек)
2026-03-25 13:29:23,728 - INFO -   2026-03-25 13:29:23,728 - INFO -    \U0001f5d1\ufe0f Шаг 5/6: Удаление старых данных...
2026-03-25 13:29:26,805 - INFO -   2026-03-25 13:29:26,804 - INFO -       \U0001f5d1\ufe0f Удалено: 123,857 строк (за 3.08 сек)
2026-03-25 13:29:26,805 - INFO -   2026-03-25 13:29:26,805 - INFO -    \U0001f4ca Шаг 6/6: BULK INSERT...
2026-03-25 13:29:29,580 - INFO -   2026-03-25 13:29:29,579 - INFO -       \U0001f4c1 CSV создан: 47.48 MB (за 2.77 сек)
2026-03-25 13:29:29,632 - INFO -   2026-03-25 13:29:29,632 - INFO -       Выполняется BULK INSERT...
2026-03-25 13:29:29,637 - INFO -   2026-03-25 13:29:29,637 - ERROR -       \u274c Ошибка BULK INSERT: (102, b"Incorrect syntax near '('.DB-Lib error message 20018, severity 15:\nGeneral SQL Server error: Check messages from the SQL Server\n")
2026-03-25 13:29:29,642 - INFO -   2026-03-25 13:29:29,642 - ERROR -    \u274c ОШИБКА: (102, b"Incorrect syntax near '('.DB-Lib error message 20018, severity 15:\nGeneral SQL Server error: Check messages from the SQL Server\n")
2026-03-25 13:29:29,646 - INFO -   Traceback (most recent call last):
2026-03-25 13:29:29,646 - INFO -   File "src/pymssql/_pymssql.pyx", line 447, in pymssql._pymssql.Cursor.execute
2026-03-25 13:29:29,646 - INFO -   File "src/pymssql/_mssql.pyx", line 1125, in pymssql._mssql.MSSQLConnection.execute_query
2026-03-25 13:29:29,647 - INFO -   File "src/pymssql/_mssql.pyx", line 1156, in pymssql._mssql.MSSQLConnection.execute_query
2026-03-25 13:29:29,647 - INFO -   File "src/pymssql/_mssql.pyx", line 1289, in pymssql._mssql.MSSQLConnection.format_and_run_query
2026-03-25 13:29:29,647 - INFO -   File "src/pymssql/_mssql.pyx", line 1855, in pymssql._mssql.check_cancel_and_raise
2026-03-25 13:29:29,647 - INFO -   File "src/pymssql/_mssql.pyx", line 1901, in pymssql._mssql.raise_MSSQLDatabaseException
2026-03-25 13:29:29,648 - INFO -   pymssql._mssql.MSSQLDatabaseException: (102, b"Incorrect syntax near '('.DB-Lib error message 20018, severity 15:\nGeneral SQL Server error: Check messages from the SQL Server\n")
2026-03-25 13:29:29,648 - INFO -   During handling of the above exception, another exception occurred:
2026-03-25 13:29:29,648 - INFO -   Traceback (most recent call last):
2026-03-25 13:29:29,648 - INFO -   File "C:\Users\A.Gorbatenko\Documents\Dashboard\script\reload_3days_bulk.py", line 290, in reload_table_bulk
2026-03-25 13:29:29,648 - INFO -   inserted = bulk_insert_table(csv_file, target_table, columns, logger)
2026-03-25 13:29:29,649 - INFO -   File "C:\Users\A.Gorbatenko\Documents\Dashboard\script\reload_3days_bulk.py", line 154, in bulk_insert_table
2026-03-25 13:29:29,649 - INFO -   cursor.execute(bulk_sql)
2026-03-25 13:29:29,649 - INFO -   ~~~~~~~~~~~~~~^^^^^^^^^^
2026-03-25 13:29:29,649 - INFO -   File "src/pymssql/_pymssql.pyx", line 462, in pymssql._pymssql.Cursor.execute
2026-03-25 13:29:29,649 - INFO -   pymssql.exceptions.ProgrammingError: (102, b"Incorrect syntax near '('.DB-Lib error message 20018, severity 15:\nGeneral SQL Server error: Check messages from the SQL Server\n")
2026-03-25 13:29:29,760 - INFO -   2026-03-25 13:29:29,759 - INFO -
2026-03-25 13:29:29,760 - INFO -   \U0001f4cc [8/21] Обработка: WORK_INSTRUCTION_VIEW2
2026-03-25 13:29:29,760 - INFO -   2026-03-25 13:29:29,759 - INFO -
2026-03-25 13:29:29,761 - INFO -   2026-03-25 13:29:29,759 - INFO - ============================================================
2026-03-25 13:29:29,761 - INFO -   2026-03-25 13:29:29,759 - INFO - ТАБЛИЦА [8/21]: WORK_INSTRUCTION_VIEW2
2026-03-25 13:29:29,761 - INFO -   2026-03-25 13:29:29,760 - INFO - ============================================================
2026-03-25 13:29:29,761 - INFO -   2026-03-25 13:29:29,760 - INFO -    \U0001f4c1 Источник: ils, Поле даты: DATE_TIME_STAMP
2026-03-25 13:29:29,762 - INFO -   2026-03-25 13:29:29,760 - INFO -    \U0001f50c Шаг 1/6: Подключение к источнику (ils)...
2026-03-25 13:29:29,794 - INFO -   2026-03-25 13:29:29,794 - INFO -       \u2705 Подключено
2026-03-25 13:29:29,794 - INFO -   2026-03-25 13:29:29,794 - INFO -    \U0001f50c Шаг 2/6: Подключение к целевой БД...
2026-03-25 13:29:29,853 - INFO -   2026-03-25 13:29:29,853 - INFO -       \u2705 Подключено
2026-03-25 13:29:29,853 - INFO -   2026-03-25 13:29:29,853 - INFO -    \U0001f4cb Шаг 3/6: Получение структуры таблицы...
2026-03-25 13:29:29,871 - INFO -   2026-03-25 13:29:29,871 - INFO -       \u2705 Найдено колонок: 99
2026-03-25 13:29:29,872 - INFO -   2026-03-25 13:29:29,871 - INFO -    \U0001f4e5 Шаг 4/6: Чтение данных из источника...
2026-03-25 13:29:34,073 - INFO -   2026-03-25 13:29:34,073 - INFO -       \u2705 Прочитано: 29,889 строк (за 4.20 сек)
2026-03-25 13:29:34,074 - INFO -   2026-03-25 13:29:34,073 - INFO -    \U0001f5d1\ufe0f Шаг 5/6: Удаление старых данных...
2026-03-25 13:29:38,643 - INFO -   2026-03-25 13:29:38,643 - INFO -       \U0001f5d1\ufe0f Удалено: 29,786 строк (за 4.57 сек)
2026-03-25 13:29:38,644 - INFO -   2026-03-25 13:29:38,643 - INFO -    \U0001f4ca Шаг 6/6: BULK INSERT...
2026-03-25 13:29:39,643 - INFO -   2026-03-25 13:29:39,643 - INFO -       \U0001f4c1 CSV создан: 21.75 MB (за 1.00 сек)
2026-03-25 13:29:39,704 - INFO -   2026-03-25 13:29:39,704 - INFO -       Выполняется BULK INSERT...
2026-03-25 13:29:39,707 - INFO -   2026-03-25 13:29:39,707 - ERROR -       \u274c Ошибка BULK INSERT: (102, b"Incorrect syntax near '('.DB-Lib error message 20018, severity 15:\nGeneral SQL Server error: Check messages from the SQL Server\n")
2026-03-25 13:29:39,711 - INFO -   2026-03-25 13:29:39,711 - ERROR -    \u274c ОШИБКА: (102, b"Incorrect syntax near '('.DB-Lib error message 20018, severity 15:\nGeneral SQL Server error: Check messages from the SQL Server\n")
2026-03-25 13:29:39,713 - INFO -   Traceback (most recent call last):
2026-03-25 13:29:39,714 - INFO -   File "src/pymssql/_pymssql.pyx", line 447, in pymssql._pymssql.Cursor.execute
2026-03-25 13:29:39,714 - INFO -   File "src/pymssql/_mssql.pyx", line 1125, in pymssql._mssql.MSSQLConnection.execute_query
2026-03-25 13:29:39,714 - INFO -   File "src/pymssql/_mssql.pyx", line 1156, in pymssql._mssql.MSSQLConnection.execute_query
2026-03-25 13:29:39,714 - INFO -   File "src/pymssql/_mssql.pyx", line 1289, in pymssql._mssql.MSSQLConnection.format_and_run_query
2026-03-25 13:29:39,715 - INFO -   File "src/pymssql/_mssql.pyx", line 1855, in pymssql._mssql.check_cancel_and_raise
2026-03-25 13:29:39,715 - INFO -   File "src/pymssql/_mssql.pyx", line 1901, in pymssql._mssql.raise_MSSQLDatabaseException
2026-03-25 13:29:39,715 - INFO -   pymssql._mssql.MSSQLDatabaseException: (102, b"Incorrect syntax near '('.DB-Lib error message 20018, severity 15:\nGeneral SQL Server error: Check messages from the SQL Server\n")
2026-03-25 13:29:39,715 - INFO -   During handling of the above exception, another exception occurred:
2026-03-25 13:29:39,715 - INFO -   Traceback (most recent call last):
2026-03-25 13:29:39,716 - INFO -   File "C:\Users\A.Gorbatenko\Documents\Dashboard\script\reload_3days_bulk.py", line 290, in reload_table_bulk
2026-03-25 13:29:39,716 - INFO -   inserted = bulk_insert_table(csv_file, target_table, columns, logger)
2026-03-25 13:29:39,716 - INFO -   File "C:\Users\A.Gorbatenko\Documents\Dashboard\script\reload_3days_bulk.py", line 154, in bulk_insert_table
2026-03-25 13:29:39,716 - INFO -   cursor.execute(bulk_sql)
2026-03-25 13:29:39,716 - INFO -   ~~~~~~~~~~~~~~^^^^^^^^^^
2026-03-25 13:29:39,716 - INFO -   File "src/pymssql/_pymssql.pyx", line 462, in pymssql._pymssql.Cursor.execute
2026-03-25 13:29:39,717 - INFO -   pymssql.exceptions.ProgrammingError: (102, b"Incorrect syntax near '('.DB-Lib error message 20018, severity 15:\nGeneral SQL Server error: Check messages from the SQL Server\n")
2026-03-25 13:29:39,772 - INFO -   2026-03-25 13:29:39,771 - INFO -
2026-03-25 13:29:39,772 - INFO -   \U0001f4cc [9/21] Обработка: DOWNLOAD_ORDER_DETAIL
2026-03-25 13:29:39,772 - INFO -   2026-03-25 13:29:39,772 - INFO -
2026-03-25 13:29:39,772 - INFO -   2026-03-25 13:29:39,772 - INFO - ============================================================
2026-03-25 13:29:39,772 - INFO -   2026-03-25 13:29:39,772 - INFO - ТАБЛИЦА [9/21]: DOWNLOAD_ORDER_DETAIL
2026-03-25 13:29:39,773 - INFO -   2026-03-25 13:29:39,772 - INFO - ============================================================
2026-03-25 13:29:39,773 - INFO -   2026-03-25 13:29:39,772 - INFO -    \U0001f4c1 Источник: ils, Поле даты: DATE_TIME_STAMP
2026-03-25 13:29:39,773 - INFO -   2026-03-25 13:29:39,772 - INFO -    \U0001f50c Шаг 1/6: Подключение к источнику (ils)...
2026-03-25 13:29:39,845 - INFO -   2026-03-25 13:29:39,845 - INFO -       \u2705 Подключено
2026-03-25 13:29:39,846 - INFO -   2026-03-25 13:29:39,845 - INFO -    \U0001f50c Шаг 2/6: Подключение к целевой БД...
2026-03-25 13:29:39,886 - INFO -   2026-03-25 13:29:39,885 - INFO -       \u2705 Подключено
2026-03-25 13:29:39,886 - INFO -   2026-03-25 13:29:39,886 - INFO -    \U0001f4cb Шаг 3/6: Получение структуры таблицы...
2026-03-25 13:29:39,904 - INFO -   2026-03-25 13:29:39,904 - INFO -       \u2705 Найдено колонок: 127
2026-03-25 13:29:39,905 - INFO -   2026-03-25 13:29:39,904 - INFO -    \U0001f4e5 Шаг 4/6: Чтение данных из источника...
2026-03-25 13:29:40,426 - INFO -   2026-03-25 13:29:40,426 - INFO -       \u2705 Прочитано: 6,439 строк (за 0.52 сек)
2026-03-25 13:29:40,426 - INFO -   2026-03-25 13:29:40,426 - INFO -    \U0001f5d1\ufe0f Шаг 5/6: Удаление старых данных...
2026-03-25 13:29:40,551 - INFO -   2026-03-25 13:29:40,550 - INFO -       \U0001f5d1\ufe0f Удалено: 6,430 строк (за 0.12 сек)
2026-03-25 13:29:40,554 - INFO -   2026-03-25 13:29:40,551 - INFO -    \U0001f4ca Шаг 6/6: BULK INSERT...
2026-03-25 13:29:40,687 - INFO -   2026-03-25 13:29:40,687 - INFO -       \U0001f4c1 CSV создан: 2.54 MB (за 0.14 сек)
2026-03-25 13:29:40,743 - INFO -   2026-03-25 13:29:40,743 - INFO -       Выполняется BULK INSERT...
2026-03-25 13:29:40,749 - INFO -   2026-03-25 13:29:40,749 - ERROR -       \u274c Ошибка BULK INSERT: (102, b"Incorrect syntax near '('.DB-Lib error message 20018, severity 15:\nGeneral SQL Server error: Check messages from the SQL Server\n")
2026-03-25 13:29:40,757 - INFO -   2026-03-25 13:29:40,757 - ERROR -    \u274c ОШИБКА: (102, b"Incorrect syntax near '('.DB-Lib error message 20018, severity 15:\nGeneral SQL Server error: Check messages from the SQL Server\n")
2026-03-25 13:29:40,758 - INFO -   Traceback (most recent call last):
2026-03-25 13:29:40,759 - INFO -   File "src/pymssql/_pymssql.pyx", line 447, in pymssql._pymssql.Cursor.execute
2026-03-25 13:29:40,759 - INFO -   File "src/pymssql/_mssql.pyx", line 1125, in pymssql._mssql.MSSQLConnection.execute_query
2026-03-25 13:29:40,759 - INFO -   File "src/pymssql/_mssql.pyx", line 1156, in pymssql._mssql.MSSQLConnection.execute_query
2026-03-25 13:29:40,759 - INFO -   File "src/pymssql/_mssql.pyx", line 1289, in pymssql._mssql.MSSQLConnection.format_and_run_query
2026-03-25 13:29:40,759 - INFO -   File "src/pymssql/_mssql.pyx", line 1855, in pymssql._mssql.check_cancel_and_raise
2026-03-25 13:29:40,760 - INFO -   File "src/pymssql/_mssql.pyx", line 1901, in pymssql._mssql.raise_MSSQLDatabaseException
2026-03-25 13:29:40,760 - INFO -   pymssql._mssql.MSSQLDatabaseException: (102, b"Incorrect syntax near '('.DB-Lib error message 20018, severity 15:\nGeneral SQL Server error: Check messages from the SQL Server\n")
2026-03-25 13:29:40,760 - INFO -   During handling of the above exception, another exception occurred:
2026-03-25 13:29:40,760 - INFO -   Traceback (most recent call last):
2026-03-25 13:29:40,760 - INFO -   File "C:\Users\A.Gorbatenko\Documents\Dashboard\script\reload_3days_bulk.py", line 290, in reload_table_bulk
2026-03-25 13:29:40,760 - INFO -   inserted = bulk_insert_table(csv_file, target_table, columns, logger)
2026-03-25 13:29:40,761 - INFO -   File "C:\Users\A.Gorbatenko\Documents\Dashboard\script\reload_3days_bulk.py", line 154, in bulk_insert_table
2026-03-25 13:29:40,761 - INFO -   cursor.execute(bulk_sql)
2026-03-25 13:29:40,761 - INFO -   ~~~~~~~~~~~~~~^^^^^^^^^^
2026-03-25 13:29:40,761 - INFO -   File "src/pymssql/_pymssql.pyx", line 462, in pymssql._pymssql.Cursor.execute
2026-03-25 13:29:40,761 - INFO -   pymssql.exceptions.ProgrammingError: (102, b"Incorrect syntax near '('.DB-Lib error message 20018, severity 15:\nGeneral SQL Server error: Check messages from the SQL Server\n")
2026-03-25 13:29:40,767 - INFO -   2026-03-25 13:29:40,767 - INFO -
2026-03-25 13:29:40,768 - INFO -   \U0001f4cc [10/21] Обработка: DOWNLOAD_ORDER_HEADER
2026-03-25 13:29:40,768 - INFO -   2026-03-25 13:29:40,767 - INFO -
2026-03-25 13:29:40,768 - INFO -   2026-03-25 13:29:40,767 - INFO - ============================================================
2026-03-25 13:29:40,769 - INFO -   2026-03-25 13:29:40,767 - INFO - ТАБЛИЦА [10/21]: DOWNLOAD_ORDER_HEADER
2026-03-25 13:29:40,769 - INFO -   2026-03-25 13:29:40,767 - INFO - ============================================================
2026-03-25 13:29:40,769 - INFO -   2026-03-25 13:29:40,767 - INFO -    \U0001f4c1 Источник: ils, Поле даты: DATE_TIME_STAMP
2026-03-25 13:29:40,769 - INFO -   2026-03-25 13:29:40,767 - INFO -    \U0001f50c Шаг 1/6: Подключение к источнику (ils)...
2026-03-25 13:29:40,782 - INFO -   2026-03-25 13:29:40,782 - INFO -       \u2705 Подключено
2026-03-25 13:29:40,782 - INFO -   2026-03-25 13:29:40,782 - INFO -    \U0001f50c Шаг 2/6: Подключение к целевой БД...
2026-03-25 13:29:40,841 - INFO -   2026-03-25 13:29:40,841 - INFO -       \u2705 Подключено
2026-03-25 13:29:40,841 - INFO -   2026-03-25 13:29:40,841 - INFO -    \U0001f4cb Шаг 3/6: Получение структуры таблицы...
2026-03-25 13:29:40,864 - INFO -   2026-03-25 13:29:40,864 - INFO -       \u2705 Найдено колонок: 147
2026-03-25 13:29:40,865 - INFO -   2026-03-25 13:29:40,864 - INFO -    \U0001f4e5 Шаг 4/6: Чтение данных из источника...
2026-03-25 13:29:41,345 - INFO -   2026-03-25 13:29:41,344 - INFO -       \u2705 Прочитано: 924 строк (за 0.48 сек)
2026-03-25 13:29:41,345 - INFO -   2026-03-25 13:29:41,344 - INFO -    \U0001f5d1\ufe0f Шаг 5/6: Удаление старых данных...
2026-03-25 13:29:41,390 - INFO -   2026-03-25 13:29:41,390 - INFO -       \U0001f5d1\ufe0f Удалено: 921 строк (за 0.05 сек)
2026-03-25 13:29:41,391 - INFO -   2026-03-25 13:29:41,390 - INFO -    \U0001f4ca Шаг 6/6: BULK INSERT...
2026-03-25 13:29:41,425 - INFO -   2026-03-25 13:29:41,425 - INFO -       \U0001f4c1 CSV создан: 0.99 MB (за 0.03 сек)
2026-03-25 13:29:41,471 - INFO -   2026-03-25 13:29:41,471 - INFO -       Выполняется BULK INSERT...
2026-03-25 13:29:41,475 - INFO -   2026-03-25 13:29:41,475 - ERROR -       \u274c Ошибка BULK INSERT: (102, b"Incorrect syntax near '('.DB-Lib error message 20018, severity 15:\nGeneral SQL Server error: Check messages from the SQL Server\n")
2026-03-25 13:29:41,481 - INFO -   2026-03-25 13:29:41,480 - ERROR -    \u274c ОШИБКА: (102, b"Incorrect syntax near '('.DB-Lib error message 20018, severity 15:\nGeneral SQL Server error: Check messages from the SQL Server\n")
2026-03-25 13:29:41,483 - INFO -   Traceback (most recent call last):
2026-03-25 13:29:41,485 - INFO -   File "src/pymssql/_pymssql.pyx", line 447, in pymssql._pymssql.Cursor.execute
2026-03-25 13:29:41,485 - INFO -   File "src/pymssql/_mssql.pyx", line 1125, in pymssql._mssql.MSSQLConnection.execute_query
2026-03-25 13:29:41,485 - INFO -   File "src/pymssql/_mssql.pyx", line 1156, in pymssql._mssql.MSSQLConnection.execute_query
2026-03-25 13:29:41,486 - INFO -   File "src/pymssql/_mssql.pyx", line 1289, in pymssql._mssql.MSSQLConnection.format_and_run_query
2026-03-25 13:29:41,486 - INFO -   File "src/pymssql/_mssql.pyx", line 1855, in pymssql._mssql.check_cancel_and_raise
2026-03-25 13:29:41,486 - INFO -   File "src/pymssql/_mssql.pyx", line 1901, in pymssql._mssql.raise_MSSQLDatabaseException
2026-03-25 13:29:41,486 - INFO -   pymssql._mssql.MSSQLDatabaseException: (102, b"Incorrect syntax near '('.DB-Lib error message 20018, severity 15:\nGeneral SQL Server error: Check messages from the SQL Server\n")
2026-03-25 13:29:41,487 - INFO -   During handling of the above exception, another exception occurred:
2026-03-25 13:29:41,487 - INFO -   Traceback (most recent call last):
2026-03-25 13:29:41,488 - INFO -   File "C:\Users\A.Gorbatenko\Documents\Dashboard\script\reload_3days_bulk.py", line 290, in reload_table_bulk
2026-03-25 13:29:41,488 - INFO -   inserted = bulk_insert_table(csv_file, target_table, columns, logger)
2026-03-25 13:29:41,488 - INFO -   File "C:\Users\A.Gorbatenko\Documents\Dashboard\script\reload_3days_bulk.py", line 154, in bulk_insert_table
2026-03-25 13:29:41,488 - INFO -   cursor.execute(bulk_sql)
2026-03-25 13:29:41,488 - INFO -   ~~~~~~~~~~~~~~^^^^^^^^^^
2026-03-25 13:29:41,488 - INFO -   File "src/pymssql/_pymssql.pyx", line 462, in pymssql._pymssql.Cursor.execute
2026-03-25 13:29:41,489 - INFO -   pymssql.exceptions.ProgrammingError: (102, b"Incorrect syntax near '('.DB-Lib error message 20018, severity 15:\nGeneral SQL Server error: Check messages from the SQL Server\n")
2026-03-25 13:29:41,489 - INFO -   2026-03-25 13:29:41,486 - INFO -
2026-03-25 13:29:41,489 - INFO -   \U0001f4cc [11/21] Обработка: DOWNLOAD_RECEIPT_DETAIL
2026-03-25 13:29:41,489 - INFO -   2026-03-25 13:29:41,486 - INFO -
2026-03-25 13:29:41,490 - INFO -   2026-03-25 13:29:41,486 - INFO - ============================================================
2026-03-25 13:29:41,490 - INFO -   2026-03-25 13:29:41,486 - INFO - ТАБЛИЦА [11/21]: DOWNLOAD_RECEIPT_DETAIL
2026-03-25 13:29:41,490 - INFO -   2026-03-25 13:29:41,486 - INFO - ============================================================
2026-03-25 13:29:41,491 - INFO -   2026-03-25 13:29:41,486 - INFO -    \U0001f4c1 Источник: ils, Поле даты: DATE_TIME_STAMP
2026-03-25 13:29:41,491 - INFO -   2026-03-25 13:29:41,486 - INFO -    \U0001f50c Шаг 1/6: Подключение к источнику (ils)...
2026-03-25 13:29:41,526 - INFO -   2026-03-25 13:29:41,526 - INFO -       \u2705 Подключено
2026-03-25 13:29:41,526 - INFO -   2026-03-25 13:29:41,526 - INFO -    \U0001f50c Шаг 2/6: Подключение к целевой БД...
2026-03-25 13:29:41,600 - INFO -   2026-03-25 13:29:41,600 - INFO -       \u2705 Подключено
2026-03-25 13:29:41,600 - INFO -   2026-03-25 13:29:41,600 - INFO -    \U0001f4cb Шаг 3/6: Получение структуры таблицы...
2026-03-25 13:29:41,627 - INFO -   2026-03-25 13:29:41,627 - INFO -       \u2705 Найдено колонок: 77
2026-03-25 13:29:41,627 - INFO -   2026-03-25 13:29:41,627 - INFO -    \U0001f4e5 Шаг 4/6: Чтение данных из источника...
2026-03-25 13:29:41,760 - INFO -   2026-03-25 13:29:41,760 - INFO -       \u2705 Прочитано: 1,506 строк (за 0.13 сек)
2026-03-25 13:29:41,760 - INFO -   2026-03-25 13:29:41,760 - INFO -    \U0001f5d1\ufe0f Шаг 5/6: Удаление старых данных...
2026-03-25 13:29:41,799 - INFO -   2026-03-25 13:29:41,798 - INFO -       \U0001f5d1\ufe0f Удалено: 1,506 строк (за 0.04 сек)
2026-03-25 13:29:41,801 - INFO -   2026-03-25 13:29:41,799 - INFO -    \U0001f4ca Шаг 6/6: BULK INSERT...
2026-03-25 13:29:41,833 - INFO -   2026-03-25 13:29:41,833 - INFO -       \U0001f4c1 CSV создан: 0.62 MB (за 0.03 сек)
2026-03-25 13:29:41,900 - INFO -   2026-03-25 13:29:41,900 - INFO -       Выполняется BULK INSERT...
2026-03-25 13:29:41,903 - INFO -   2026-03-25 13:29:41,903 - ERROR -       \u274c Ошибка BULK INSERT: (102, b"Incorrect syntax near '('.DB-Lib error message 20018, severity 15:\nGeneral SQL Server error: Check messages from the SQL Server\n")
2026-03-25 13:29:41,908 - INFO -   2026-03-25 13:29:41,908 - ERROR -    \u274c ОШИБКА: (102, b"Incorrect syntax near '('.DB-Lib error message 20018, severity 15:\nGeneral SQL Server error: Check messages from the SQL Server\n")
2026-03-25 13:29:41,910 - INFO -   Traceback (most recent call last):
2026-03-25 13:29:41,910 - INFO -   File "src/pymssql/_pymssql.pyx", line 447, in pymssql._pymssql.Cursor.execute
2026-03-25 13:29:41,910 - INFO -   File "src/pymssql/_mssql.pyx", line 1125, in pymssql._mssql.MSSQLConnection.execute_query
2026-03-25 13:29:41,910 - INFO -   File "src/pymssql/_mssql.pyx", line 1156, in pymssql._mssql.MSSQLConnection.execute_query
2026-03-25 13:29:41,911 - INFO -   File "src/pymssql/_mssql.pyx", line 1289, in pymssql._mssql.MSSQLConnection.format_and_run_query
2026-03-25 13:29:41,911 - INFO -   File "src/pymssql/_mssql.pyx", line 1855, in pymssql._mssql.check_cancel_and_raise
2026-03-25 13:29:41,911 - INFO -   File "src/pymssql/_mssql.pyx", line 1901, in pymssql._mssql.raise_MSSQLDatabaseException
2026-03-25 13:29:41,911 - INFO -   pymssql._mssql.MSSQLDatabaseException: (102, b"Incorrect syntax near '('.DB-Lib error message 20018, severity 15:\nGeneral SQL Server error: Check messages from the SQL Server\n")
2026-03-25 13:29:41,911 - INFO -   During handling of the above exception, another exception occurred:
2026-03-25 13:29:41,911 - INFO -   Traceback (most recent call last):
2026-03-25 13:29:41,912 - INFO -   File "C:\Users\A.Gorbatenko\Documents\Dashboard\script\reload_3days_bulk.py", line 290, in reload_table_bulk
2026-03-25 13:29:41,912 - INFO -   inserted = bulk_insert_table(csv_file, target_table, columns, logger)
2026-03-25 13:29:41,912 - INFO -   File "C:\Users\A.Gorbatenko\Documents\Dashboard\script\reload_3days_bulk.py", line 154, in bulk_insert_table
2026-03-25 13:29:41,912 - INFO -   cursor.execute(bulk_sql)
2026-03-25 13:29:41,912 - INFO -   ~~~~~~~~~~~~~~^^^^^^^^^^
2026-03-25 13:29:41,912 - INFO -   File "src/pymssql/_pymssql.pyx", line 462, in pymssql._pymssql.Cursor.execute
2026-03-25 13:29:41,913 - INFO -   pymssql.exceptions.ProgrammingError: (102, b"Incorrect syntax near '('.DB-Lib error message 20018, severity 15:\nGeneral SQL Server error: Check messages from the SQL Server\n")
2026-03-25 13:29:41,913 - INFO -   2026-03-25 13:29:41,912 - INFO -
2026-03-25 13:29:41,913 - INFO -   \U0001f4cc [12/21] Обработка: DOWNLOAD_RECEIPT_HEADER
2026-03-25 13:29:41,913 - INFO -   2026-03-25 13:29:41,912 - INFO -
2026-03-25 13:29:41,913 - INFO -   2026-03-25 13:29:41,912 - INFO - ============================================================
2026-03-25 13:29:41,914 - INFO -   2026-03-25 13:29:41,912 - INFO - ТАБЛИЦА [12/21]: DOWNLOAD_RECEIPT_HEADER
2026-03-25 13:29:41,914 - INFO -   2026-03-25 13:29:41,912 - INFO - ============================================================
2026-03-25 13:29:41,914 - INFO -   2026-03-25 13:29:41,912 - INFO -    \U0001f4c1 Источник: ils, Поле даты: DATE_TIME_STAMP
2026-03-25 13:29:41,915 - INFO -   2026-03-25 13:29:41,912 - INFO -    \U0001f50c Шаг 1/6: Подключение к источнику (ils)...
2026-03-25 13:29:41,995 - INFO -   2026-03-25 13:29:41,995 - INFO -       \u2705 Подключено
2026-03-25 13:29:41,995 - INFO -   2026-03-25 13:29:41,995 - INFO -    \U0001f50c Шаг 2/6: Подключение к целевой БД...
2026-03-25 13:29:42,036 - INFO -   2026-03-25 13:29:42,036 - INFO -       \u2705 Подключено
2026-03-25 13:29:42,037 - INFO -   2026-03-25 13:29:42,036 - INFO -    \U0001f4cb Шаг 3/6: Получение структуры таблицы...
2026-03-25 13:29:42,052 - INFO -   2026-03-25 13:29:42,052 - INFO -       \u2705 Найдено колонок: 66
2026-03-25 13:29:42,053 - INFO -   2026-03-25 13:29:42,052 - INFO -    \U0001f4e5 Шаг 4/6: Чтение данных из источника...
2026-03-25 13:29:42,097 - INFO -   2026-03-25 13:29:42,096 - INFO -       \u2705 Прочитано: 299 строк (за 0.04 сек)
2026-03-25 13:29:42,097 - INFO -   2026-03-25 13:29:42,097 - INFO -    \U0001f5d1\ufe0f Шаг 5/6: Удаление старых данных...
2026-03-25 13:29:42,120 - INFO -   2026-03-25 13:29:42,120 - INFO -       \U0001f5d1\ufe0f Удалено: 299 строк (за 0.02 сек)
2026-03-25 13:29:42,120 - INFO -   2026-03-25 13:29:42,120 - INFO -    \U0001f4ca Шаг 6/6: BULK INSERT...
2026-03-25 13:29:42,127 - INFO -   2026-03-25 13:29:42,127 - INFO -       \U0001f4c1 CSV создан: 0.16 MB (за 0.01 сек)
2026-03-25 13:29:42,165 - INFO -   2026-03-25 13:29:42,165 - INFO -       Выполняется BULK INSERT...
2026-03-25 13:29:42,169 - INFO -   2026-03-25 13:29:42,168 - ERROR -       \u274c Ошибка BULK INSERT: (102, b"Incorrect syntax near '('.DB-Lib error message 20018, severity 15:\nGeneral SQL Server error: Check messages from the SQL Server\n")
2026-03-25 13:29:42,173 - INFO -   2026-03-25 13:29:42,173 - ERROR -    \u274c ОШИБКА: (102, b"Incorrect syntax near '('.DB-Lib error message 20018, severity 15:\nGeneral SQL Server error: Check messages from the SQL Server\n")
2026-03-25 13:29:42,176 - INFO -   Traceback (most recent call last):
2026-03-25 13:29:42,177 - INFO -   File "src/pymssql/_pymssql.pyx", line 447, in pymssql._pymssql.Cursor.execute
2026-03-25 13:29:42,177 - INFO -   File "src/pymssql/_mssql.pyx", line 1125, in pymssql._mssql.MSSQLConnection.execute_query
2026-03-25 13:29:42,178 - INFO -   File "src/pymssql/_mssql.pyx", line 1156, in pymssql._mssql.MSSQLConnection.execute_query
2026-03-25 13:29:42,178 - INFO -   File "src/pymssql/_mssql.pyx", line 1289, in pymssql._mssql.MSSQLConnection.format_and_run_query
2026-03-25 13:29:42,178 - INFO -   File "src/pymssql/_mssql.pyx", line 1855, in pymssql._mssql.check_cancel_and_raise
2026-03-25 13:29:42,178 - INFO -   File "src/pymssql/_mssql.pyx", line 1901, in pymssql._mssql.raise_MSSQLDatabaseException
2026-03-25 13:29:42,179 - INFO -   pymssql._mssql.MSSQLDatabaseException: (102, b"Incorrect syntax near '('.DB-Lib error message 20018, severity 15:\nGeneral SQL Server error: Check messages from the SQL Server\n")
2026-03-25 13:29:42,179 - INFO -   During handling of the above exception, another exception occurred:
2026-03-25 13:29:42,179 - INFO -   Traceback (most recent call last):
2026-03-25 13:29:42,180 - INFO -   File "C:\Users\A.Gorbatenko\Documents\Dashboard\script\reload_3days_bulk.py", line 290, in reload_table_bulk
2026-03-25 13:29:42,180 - INFO -   inserted = bulk_insert_table(csv_file, target_table, columns, logger)
2026-03-25 13:29:42,180 - INFO -   File "C:\Users\A.Gorbatenko\Documents\Dashboard\script\reload_3days_bulk.py", line 154, in bulk_insert_table
2026-03-25 13:29:42,180 - INFO -   cursor.execute(bulk_sql)
2026-03-25 13:29:42,181 - INFO -   ~~~~~~~~~~~~~~^^^^^^^^^^
2026-03-25 13:29:42,181 - INFO -   File "src/pymssql/_pymssql.pyx", line 462, in pymssql._pymssql.Cursor.execute
2026-03-25 13:29:42,181 - INFO -   pymssql.exceptions.ProgrammingError: (102, b"Incorrect syntax near '('.DB-Lib error message 20018, severity 15:\nGeneral SQL Server error: Check messages from the SQL Server\n")
2026-03-25 13:29:42,182 - INFO -   2026-03-25 13:29:42,178 - INFO -
2026-03-25 13:29:42,182 - INFO -   \U0001f4cc [13/21] Обработка: UPLOAD_ORDER_DETAIL
2026-03-25 13:29:42,183 - INFO -   2026-03-25 13:29:42,178 - INFO -
2026-03-25 13:29:42,184 - INFO -   2026-03-25 13:29:42,178 - INFO - ============================================================
2026-03-25 13:29:42,184 - INFO -   2026-03-25 13:29:42,178 - INFO - ТАБЛИЦА [13/21]: UPLOAD_ORDER_DETAIL
2026-03-25 13:29:42,184 - INFO -   2026-03-25 13:29:42,178 - INFO - ============================================================
2026-03-25 13:29:42,185 - INFO -   2026-03-25 13:29:42,178 - INFO -    \U0001f4c1 Источник: ils, Поле даты: DATE_TIME_STAMP
2026-03-25 13:29:42,185 - INFO -   2026-03-25 13:29:42,178 - INFO -    \U0001f50c Шаг 1/6: Подключение к источнику (ils)...
2026-03-25 13:29:42,196 - INFO -   2026-03-25 13:29:42,196 - INFO -       \u2705 Подключено
2026-03-25 13:29:42,196 - INFO -   2026-03-25 13:29:42,196 - INFO -    \U0001f50c Шаг 2/6: Подключение к целевой БД...
2026-03-25 13:29:42,232 - INFO -   2026-03-25 13:29:42,232 - INFO -       \u2705 Подключено
2026-03-25 13:29:42,236 - INFO -   2026-03-25 13:29:42,232 - INFO -    \U0001f4cb Шаг 3/6: Получение структуры таблицы...
2026-03-25 13:29:42,253 - INFO -   2026-03-25 13:29:42,252 - INFO -       \u2705 Найдено колонок: 137
2026-03-25 13:29:42,254 - INFO -   2026-03-25 13:29:42,253 - INFO -    \U0001f4e5 Шаг 4/6: Чтение данных из источника...
2026-03-25 13:29:43,229 - INFO -   2026-03-25 13:29:43,228 - INFO -       \u2705 Прочитано: 7,533 строк (за 0.98 сек)
2026-03-25 13:29:43,229 - INFO -   2026-03-25 13:29:43,228 - INFO -    \U0001f5d1\ufe0f Шаг 5/6: Удаление старых данных...
2026-03-25 13:29:43,491 - INFO -   2026-03-25 13:29:43,491 - INFO -       \U0001f5d1\ufe0f Удалено: 7,533 строк (за 0.26 сек)
2026-03-25 13:29:43,493 - INFO -   2026-03-25 13:29:43,491 - INFO -    \U0001f4ca Шаг 6/6: BULK INSERT...
2026-03-25 13:29:43,754 - INFO -   2026-03-25 13:29:43,754 - INFO -       \U0001f4c1 CSV создан: 5.94 MB (за 0.26 сек)
2026-03-25 13:29:43,800 - INFO -   2026-03-25 13:29:43,800 - INFO -       Выполняется BULK INSERT...
2026-03-25 13:29:43,805 - INFO -   2026-03-25 13:29:43,805 - ERROR -       \u274c Ошибка BULK INSERT: (102, b"Incorrect syntax near '('.DB-Lib error message 20018, severity 15:\nGeneral SQL Server error: Check messages from the SQL Server\n")
2026-03-25 13:29:43,814 - INFO -   2026-03-25 13:29:43,814 - ERROR -    \u274c ОШИБКА: (102, b"Incorrect syntax near '('.DB-Lib error message 20018, severity 15:\nGeneral SQL Server error: Check messages from the SQL Server\n")
2026-03-25 13:29:43,816 - INFO -   Traceback (most recent call last):
2026-03-25 13:29:43,817 - INFO -   File "src/pymssql/_pymssql.pyx", line 447, in pymssql._pymssql.Cursor.execute
2026-03-25 13:29:43,817 - INFO -   File "src/pymssql/_mssql.pyx", line 1125, in pymssql._mssql.MSSQLConnection.execute_query
2026-03-25 13:29:43,818 - INFO -   File "src/pymssql/_mssql.pyx", line 1156, in pymssql._mssql.MSSQLConnection.execute_query
2026-03-25 13:29:43,818 - INFO -   File "src/pymssql/_mssql.pyx", line 1289, in pymssql._mssql.MSSQLConnection.format_and_run_query
2026-03-25 13:29:43,818 - INFO -   File "src/pymssql/_mssql.pyx", line 1855, in pymssql._mssql.check_cancel_and_raise
2026-03-25 13:29:43,818 - INFO -   File "src/pymssql/_mssql.pyx", line 1901, in pymssql._mssql.raise_MSSQLDatabaseException
2026-03-25 13:29:43,819 - INFO -   pymssql._mssql.MSSQLDatabaseException: (102, b"Incorrect syntax near '('.DB-Lib error message 20018, severity 15:\nGeneral SQL Server error: Check messages from the SQL Server\n")
2026-03-25 13:29:43,819 - INFO -   During handling of the above exception, another exception occurred:
2026-03-25 13:29:43,819 - INFO -   Traceback (most recent call last):
2026-03-25 13:29:43,819 - INFO -   File "C:\Users\A.Gorbatenko\Documents\Dashboard\script\reload_3days_bulk.py", line 290, in reload_table_bulk
2026-03-25 13:29:43,819 - INFO -   inserted = bulk_insert_table(csv_file, target_table, columns, logger)
2026-03-25 13:29:43,819 - INFO -   File "C:\Users\A.Gorbatenko\Documents\Dashboard\script\reload_3days_bulk.py", line 154, in bulk_insert_table
2026-03-25 13:29:43,820 - INFO -   cursor.execute(bulk_sql)
2026-03-25 13:29:43,820 - INFO -   ~~~~~~~~~~~~~~^^^^^^^^^^
2026-03-25 13:29:43,820 - INFO -   File "src/pymssql/_pymssql.pyx", line 462, in pymssql._pymssql.Cursor.execute
2026-03-25 13:29:43,820 - INFO -   pymssql.exceptions.ProgrammingError: (102, b"Incorrect syntax near '('.DB-Lib error message 20018, severity 15:\nGeneral SQL Server error: Check messages from the SQL Server\n")
2026-03-25 13:29:43,832 - INFO -   2026-03-25 13:29:43,831 - INFO -
2026-03-25 13:29:43,833 - INFO -   \U0001f4cc [14/21] Обработка: UPLOAD_ORDER_HEADER
2026-03-25 13:29:43,834 - INFO -   2026-03-25 13:29:43,832 - INFO -
2026-03-25 13:29:43,834 - INFO -   2026-03-25 13:29:43,832 - INFO - ============================================================
2026-03-25 13:29:43,834 - INFO -   2026-03-25 13:29:43,832 - INFO - ТАБЛИЦА [14/21]: UPLOAD_ORDER_HEADER
2026-03-25 13:29:43,835 - INFO -   2026-03-25 13:29:43,832 - INFO - ============================================================
2026-03-25 13:29:43,835 - INFO -   2026-03-25 13:29:43,832 - INFO -    \U0001f4c1 Источник: ils, Поле даты: DATE_TIME_STAMP
2026-03-25 13:29:43,835 - INFO -   2026-03-25 13:29:43,832 - INFO -    \U0001f50c Шаг 1/6: Подключение к источнику (ils)...
2026-03-25 13:29:43,915 - INFO -   2026-03-25 13:29:43,915 - INFO -       \u2705 Подключено
2026-03-25 13:29:43,927 - INFO -   2026-03-25 13:29:43,915 - INFO -    \U0001f50c Шаг 2/6: Подключение к целевой БД...
2026-03-25 13:29:43,991 - INFO -   2026-03-25 13:29:43,991 - INFO -       \u2705 Подключено
2026-03-25 13:29:43,997 - INFO -   2026-03-25 13:29:43,991 - INFO -    \U0001f4cb Шаг 3/6: Получение структуры таблицы...
2026-03-25 13:29:44,020 - INFO -   2026-03-25 13:29:44,020 - INFO -       \u2705 Найдено колонок: 158
2026-03-25 13:29:44,020 - INFO -   2026-03-25 13:29:44,020 - INFO -    \U0001f4e5 Шаг 4/6: Чтение данных из источника...
2026-03-25 13:29:44,563 - INFO -   2026-03-25 13:29:44,563 - INFO -       \u2705 Прочитано: 1,123 строк (за 0.54 сек)
2026-03-25 13:29:44,563 - INFO -   2026-03-25 13:29:44,563 - INFO -    \U0001f5d1\ufe0f Шаг 5/6: Удаление старых данных...
2026-03-25 13:29:44,624 - INFO -   2026-03-25 13:29:44,624 - INFO -       \U0001f5d1\ufe0f Удалено: 1,123 строк (за 0.06 сек)
2026-03-25 13:29:44,624 - INFO -   2026-03-25 13:29:44,624 - INFO -    \U0001f4ca Шаг 6/6: BULK INSERT...
2026-03-25 13:29:44,678 - INFO -   2026-03-25 13:29:44,678 - INFO -       \U0001f4c1 CSV создан: 1.38 MB (за 0.05 сек)
2026-03-25 13:29:44,722 - INFO -   2026-03-25 13:29:44,722 - INFO -       Выполняется BULK INSERT...
2026-03-25 13:29:44,727 - INFO -   2026-03-25 13:29:44,727 - ERROR -       \u274c Ошибка BULK INSERT: (102, b"Incorrect syntax near '('.DB-Lib error message 20018, severity 15:\nGeneral SQL Server error: Check messages from the SQL Server\n")
2026-03-25 13:29:44,735 - INFO -   2026-03-25 13:29:44,735 - ERROR -    \u274c ОШИБКА: (102, b"Incorrect syntax near '('.DB-Lib error message 20018, severity 15:\nGeneral SQL Server error: Check messages from the SQL Server\n")
2026-03-25 13:29:44,736 - INFO -   Traceback (most recent call last):
2026-03-25 13:29:44,736 - INFO -   File "src/pymssql/_pymssql.pyx", line 447, in pymssql._pymssql.Cursor.execute
2026-03-25 13:29:44,737 - INFO -   File "src/pymssql/_mssql.pyx", line 1125, in pymssql._mssql.MSSQLConnection.execute_query
2026-03-25 13:29:44,737 - INFO -   File "src/pymssql/_mssql.pyx", line 1156, in pymssql._mssql.MSSQLConnection.execute_query
2026-03-25 13:29:44,737 - INFO -   File "src/pymssql/_mssql.pyx", line 1289, in pymssql._mssql.MSSQLConnection.format_and_run_query
2026-03-25 13:29:44,738 - INFO -   File "src/pymssql/_mssql.pyx", line 1855, in pymssql._mssql.check_cancel_and_raise
2026-03-25 13:29:44,738 - INFO -   File "src/pymssql/_mssql.pyx", line 1901, in pymssql._mssql.raise_MSSQLDatabaseException
2026-03-25 13:29:44,738 - INFO -   pymssql._mssql.MSSQLDatabaseException: (102, b"Incorrect syntax near '('.DB-Lib error message 20018, severity 15:\nGeneral SQL Server error: Check messages from the SQL Server\n")
2026-03-25 13:29:44,738 - INFO -   During handling of the above exception, another exception occurred:
2026-03-25 13:29:44,738 - INFO -   Traceback (most recent call last):
2026-03-25 13:29:44,738 - INFO -   File "C:\Users\A.Gorbatenko\Documents\Dashboard\script\reload_3days_bulk.py", line 290, in reload_table_bulk
2026-03-25 13:29:44,739 - INFO -   inserted = bulk_insert_table(csv_file, target_table, columns, logger)
2026-03-25 13:29:44,739 - INFO -   File "C:\Users\A.Gorbatenko\Documents\Dashboard\script\reload_3days_bulk.py", line 154, in bulk_insert_table
2026-03-25 13:29:44,739 - INFO -   cursor.execute(bulk_sql)
2026-03-25 13:29:44,739 - INFO -   ~~~~~~~~~~~~~~^^^^^^^^^^
2026-03-25 13:29:44,739 - INFO -   File "src/pymssql/_pymssql.pyx", line 462, in pymssql._pymssql.Cursor.execute
2026-03-25 13:29:44,739 - INFO -   pymssql.exceptions.ProgrammingError: (102, b"Incorrect syntax near '('.DB-Lib error message 20018, severity 15:\nGeneral SQL Server error: Check messages from the SQL Server\n")
2026-03-25 13:29:44,740 - INFO -   2026-03-25 13:29:44,739 - INFO -
2026-03-25 13:29:44,740 - INFO -   \U0001f4cc [15/21] Обработка: UPLOAD_RECEIPT_DETAIL
2026-03-25 13:29:44,740 - INFO -   2026-03-25 13:29:44,739 - INFO -
2026-03-25 13:29:44,740 - INFO -   2026-03-25 13:29:44,739 - INFO - ============================================================
2026-03-25 13:29:44,740 - INFO -   2026-03-25 13:29:44,739 - INFO - ТАБЛИЦА [15/21]: UPLOAD_RECEIPT_DETAIL
2026-03-25 13:29:44,741 - INFO -   2026-03-25 13:29:44,739 - INFO - ============================================================
2026-03-25 13:29:44,741 - INFO -   2026-03-25 13:29:44,739 - INFO -    \U0001f4c1 Источник: ils, Поле даты: DATE_TIME_STAMP
2026-03-25 13:29:44,741 - INFO -   2026-03-25 13:29:44,739 - INFO -    \U0001f50c Шаг 1/6: Подключение к источнику (ils)...
2026-03-25 13:29:44,760 - INFO -   2026-03-25 13:29:44,759 - INFO -       \u2705 Подключено
2026-03-25 13:29:44,760 - INFO -   2026-03-25 13:29:44,760 - INFO -    \U0001f50c Шаг 2/6: Подключение к целевой БД...
2026-03-25 13:29:44,804 - INFO -   2026-03-25 13:29:44,803 - INFO -       \u2705 Подключено
2026-03-25 13:29:44,804 - INFO -   2026-03-25 13:29:44,803 - INFO -    \U0001f4cb Шаг 3/6: Получение структуры таблицы...
2026-03-25 13:29:44,825 - INFO -   2026-03-25 13:29:44,825 - INFO -       \u2705 Найдено колонок: 84
2026-03-25 13:29:44,826 - INFO -   2026-03-25 13:29:44,825 - INFO -    \U0001f4e5 Шаг 4/6: Чтение данных из источника...
2026-03-25 13:29:44,950 - INFO -   2026-03-25 13:29:44,950 - INFO -       \u2705 Прочитано: 1,134 строк (за 0.12 сек)
2026-03-25 13:29:44,950 - INFO -   2026-03-25 13:29:44,950 - INFO -    \U0001f5d1\ufe0f Шаг 5/6: Удаление старых данных...
2026-03-25 13:29:44,981 - INFO -   2026-03-25 13:29:44,981 - INFO -       \U0001f5d1\ufe0f Удалено: 1,133 строк (за 0.03 сек)
2026-03-25 13:29:44,982 - INFO -   2026-03-25 13:29:44,981 - INFO -    \U0001f4ca Шаг 6/6: BULK INSERT...
2026-03-25 13:29:45,013 - INFO -   2026-03-25 13:29:45,013 - INFO -       \U0001f4c1 CSV создан: 0.72 MB (за 0.03 сек)
2026-03-25 13:29:45,062 - INFO -   2026-03-25 13:29:45,061 - INFO -       Выполняется BULK INSERT...
2026-03-25 13:29:45,067 - INFO -   2026-03-25 13:29:45,067 - ERROR -       \u274c Ошибка BULK INSERT: (102, b"Incorrect syntax near '('.DB-Lib error message 20018, severity 15:\nGeneral SQL Server error: Check messages from the SQL Server\n")
2026-03-25 13:29:45,072 - INFO -   2026-03-25 13:29:45,072 - ERROR -    \u274c ОШИБКА: (102, b"Incorrect syntax near '('.DB-Lib error message 20018, severity 15:\nGeneral SQL Server error: Check messages from the SQL Server\n")
2026-03-25 13:29:45,073 - INFO -   Traceback (most recent call last):
2026-03-25 13:29:45,073 - INFO -   File "src/pymssql/_pymssql.pyx", line 447, in pymssql._pymssql.Cursor.execute
2026-03-25 13:29:45,074 - INFO -   File "src/pymssql/_mssql.pyx", line 1125, in pymssql._mssql.MSSQLConnection.execute_query
2026-03-25 13:29:45,074 - INFO -   File "src/pymssql/_mssql.pyx", line 1156, in pymssql._mssql.MSSQLConnection.execute_query
2026-03-25 13:29:45,074 - INFO -   File "src/pymssql/_mssql.pyx", line 1289, in pymssql._mssql.MSSQLConnection.format_and_run_query
2026-03-25 13:29:45,074 - INFO -   File "src/pymssql/_mssql.pyx", line 1855, in pymssql._mssql.check_cancel_and_raise
2026-03-25 13:29:45,074 - INFO -   File "src/pymssql/_mssql.pyx", line 1901, in pymssql._mssql.raise_MSSQLDatabaseException
2026-03-25 13:29:45,074 - INFO -   pymssql._mssql.MSSQLDatabaseException: (102, b"Incorrect syntax near '('.DB-Lib error message 20018, severity 15:\nGeneral SQL Server error: Check messages from the SQL Server\n")
2026-03-25 13:29:45,074 - INFO -   During handling of the above exception, another exception occurred:
2026-03-25 13:29:45,075 - INFO -   Traceback (most recent call last):
2026-03-25 13:29:45,075 - INFO -   File "C:\Users\A.Gorbatenko\Documents\Dashboard\script\reload_3days_bulk.py", line 290, in reload_table_bulk
2026-03-25 13:29:45,075 - INFO -   inserted = bulk_insert_table(csv_file, target_table, columns, logger)
2026-03-25 13:29:45,075 - INFO -   File "C:\Users\A.Gorbatenko\Documents\Dashboard\script\reload_3days_bulk.py", line 154, in bulk_insert_table
2026-03-25 13:29:45,075 - INFO -   cursor.execute(bulk_sql)
2026-03-25 13:29:45,075 - INFO -   ~~~~~~~~~~~~~~^^^^^^^^^^
2026-03-25 13:29:45,075 - INFO -   File "src/pymssql/_pymssql.pyx", line 462, in pymssql._pymssql.Cursor.execute
2026-03-25 13:29:45,076 - INFO -   pymssql.exceptions.ProgrammingError: (102, b"Incorrect syntax near '('.DB-Lib error message 20018, severity 15:\nGeneral SQL Server error: Check messages from the SQL Server\n")
2026-03-25 13:29:45,076 - INFO -   2026-03-25 13:29:45,075 - INFO -
2026-03-25 13:29:45,076 - INFO -   \U0001f4cc [16/21] Обработка: UPLOAD_RECEIPT_HEADER
2026-03-25 13:29:45,076 - INFO -   2026-03-25 13:29:45,075 - INFO -
2026-03-25 13:29:45,076 - INFO -   2026-03-25 13:29:45,075 - INFO - ============================================================
2026-03-25 13:29:45,077 - INFO -   2026-03-25 13:29:45,076 - INFO - ТАБЛИЦА [16/21]: UPLOAD_RECEIPT_HEADER
2026-03-25 13:29:45,077 - INFO -   2026-03-25 13:29:45,076 - INFO - ============================================================
2026-03-25 13:29:45,077 - INFO -   2026-03-25 13:29:45,076 - INFO -    \U0001f4c1 Источник: ils, Поле даты: DATE_TIME_STAMP
2026-03-25 13:29:45,077 - INFO -   2026-03-25 13:29:45,076 - INFO -    \U0001f50c Шаг 1/6: Подключение к источнику (ils)...
2026-03-25 13:29:45,094 - INFO -   2026-03-25 13:29:45,094 - INFO -       \u2705 Подключено
2026-03-25 13:29:45,095 - INFO -   2026-03-25 13:29:45,094 - INFO -    \U0001f50c Шаг 2/6: Подключение к целевой БД...
2026-03-25 13:29:45,136 - INFO -   2026-03-25 13:29:45,136 - INFO -       \u2705 Подключено
2026-03-25 13:29:45,137 - INFO -   2026-03-25 13:29:45,136 - INFO -    \U0001f4cb Шаг 3/6: Получение структуры таблицы...
2026-03-25 13:29:45,152 - INFO -   2026-03-25 13:29:45,152 - INFO -       \u2705 Найдено колонок: 76
2026-03-25 13:29:45,153 - INFO -   2026-03-25 13:29:45,152 - INFO -    \U0001f4e5 Шаг 4/6: Чтение данных из источника...
2026-03-25 13:29:45,192 - INFO -   2026-03-25 13:29:45,192 - INFO -       \u2705 Прочитано: 242 строк (за 0.04 сек)
2026-03-25 13:29:45,192 - INFO -   2026-03-25 13:29:45,192 - INFO -    \U0001f5d1\ufe0f Шаг 5/6: Удаление старых данных...
2026-03-25 13:29:45,216 - INFO -   2026-03-25 13:29:45,216 - INFO -       \U0001f5d1\ufe0f Удалено: 241 строк (за 0.02 сек)
2026-03-25 13:29:45,217 - INFO -   2026-03-25 13:29:45,216 - INFO -    \U0001f4ca Шаг 6/6: BULK INSERT...
2026-03-25 13:29:45,231 - INFO -   2026-03-25 13:29:45,231 - INFO -       \U0001f4c1 CSV создан: 0.16 MB (за 0.01 сек)
2026-03-25 13:29:45,268 - INFO -   2026-03-25 13:29:45,268 - INFO -       Выполняется BULK INSERT...
2026-03-25 13:29:45,271 - INFO -   2026-03-25 13:29:45,271 - ERROR -       \u274c Ошибка BULK INSERT: (102, b"Incorrect syntax near '('.DB-Lib error message 20018, severity 15:\nGeneral SQL Server error: Check messages from the SQL Server\n")
2026-03-25 13:29:45,276 - INFO -   2026-03-25 13:29:45,276 - ERROR -    \u274c ОШИБКА: (102, b"Incorrect syntax near '('.DB-Lib error message 20018, severity 15:\nGeneral SQL Server error: Check messages from the SQL Server\n")
2026-03-25 13:29:45,277 - INFO -   Traceback (most recent call last):
2026-03-25 13:29:45,278 - INFO -   File "src/pymssql/_pymssql.pyx", line 447, in pymssql._pymssql.Cursor.execute
2026-03-25 13:29:45,278 - INFO -   File "src/pymssql/_mssql.pyx", line 1125, in pymssql._mssql.MSSQLConnection.execute_query
2026-03-25 13:29:45,278 - INFO -   File "src/pymssql/_mssql.pyx", line 1156, in pymssql._mssql.MSSQLConnection.execute_query
2026-03-25 13:29:45,278 - INFO -   File "src/pymssql/_mssql.pyx", line 1289, in pymssql._mssql.MSSQLConnection.format_and_run_query
2026-03-25 13:29:45,278 - INFO -   File "src/pymssql/_mssql.pyx", line 1855, in pymssql._mssql.check_cancel_and_raise
2026-03-25 13:29:45,279 - INFO -   File "src/pymssql/_mssql.pyx", line 1901, in pymssql._mssql.raise_MSSQLDatabaseException
2026-03-25 13:29:45,279 - INFO -   pymssql._mssql.MSSQLDatabaseException: (102, b"Incorrect syntax near '('.DB-Lib error message 20018, severity 15:\nGeneral SQL Server error: Check messages from the SQL Server\n")
2026-03-25 13:29:45,279 - INFO -   During handling of the above exception, another exception occurred:
2026-03-25 13:29:45,279 - INFO -   Traceback (most recent call last):
2026-03-25 13:29:45,279 - INFO -   File "C:\Users\A.Gorbatenko\Documents\Dashboard\script\reload_3days_bulk.py", line 290, in reload_table_bulk
2026-03-25 13:29:45,280 - INFO -   inserted = bulk_insert_table(csv_file, target_table, columns, logger)
2026-03-25 13:29:45,280 - INFO -   File "C:\Users\A.Gorbatenko\Documents\Dashboard\script\reload_3days_bulk.py", line 154, in bulk_insert_table
2026-03-25 13:29:45,280 - INFO -   cursor.execute(bulk_sql)
2026-03-25 13:29:45,280 - INFO -   ~~~~~~~~~~~~~~^^^^^^^^^^
2026-03-25 13:29:45,280 - INFO -   File "src/pymssql/_pymssql.pyx", line 462, in pymssql._pymssql.Cursor.execute
2026-03-25 13:29:45,280 - INFO -   pymssql.exceptions.ProgrammingError: (102, b"Incorrect syntax near '('.DB-Lib error message 20018, severity 15:\nGeneral SQL Server error: Check messages from the SQL Server\n")
2026-03-25 13:29:45,280 - INFO -   2026-03-25 13:29:45,278 - INFO -
2026-03-25 13:29:45,283 - INFO -   \U0001f4cc [17/21] Обработка: CYCLE_COUNT_REQUEST
2026-03-25 13:29:45,283 - INFO -   2026-03-25 13:29:45,278 - INFO -
2026-03-25 13:29:45,283 - INFO -   2026-03-25 13:29:45,278 - INFO - ============================================================
2026-03-25 13:29:45,283 - INFO -   2026-03-25 13:29:45,279 - INFO - ТАБЛИЦА [17/21]: CYCLE_COUNT_REQUEST
2026-03-25 13:29:45,284 - INFO -   2026-03-25 13:29:45,279 - INFO - ============================================================
2026-03-25 13:29:45,284 - INFO -   2026-03-25 13:29:45,279 - INFO -    \U0001f4c1 Источник: ils, Поле даты: DATE_TIME_STAMP
2026-03-25 13:29:45,284 - INFO -   2026-03-25 13:29:45,279 - INFO -    \U0001f50c Шаг 1/6: Подключение к источнику (ils)...
2026-03-25 13:29:45,292 - INFO -   2026-03-25 13:29:45,292 - INFO -       \u2705 Подключено
2026-03-25 13:29:45,292 - INFO -   2026-03-25 13:29:45,292 - INFO -    \U0001f50c Шаг 2/6: Подключение к целевой БД...
2026-03-25 13:29:45,354 - INFO -   2026-03-25 13:29:45,354 - INFO -       \u2705 Подключено
2026-03-25 13:29:45,355 - INFO -   2026-03-25 13:29:45,354 - INFO -    \U0001f4cb Шаг 3/6: Получение структуры таблицы...
2026-03-25 13:29:45,370 - INFO -   2026-03-25 13:29:45,369 - INFO -       \u2705 Найдено колонок: 39
2026-03-25 13:29:45,370 - INFO -   2026-03-25 13:29:45,370 - INFO -    \U0001f4e5 Шаг 4/6: Чтение данных из источника...
2026-03-25 13:29:45,992 - INFO -   2026-03-25 13:29:45,992 - INFO -       \u2705 Прочитано: 33 строк (за 0.62 сек)
2026-03-25 13:29:45,992 - INFO -   2026-03-25 13:29:45,992 - INFO -    \U0001f5d1\ufe0f Шаг 5/6: Удаление старых данных...
2026-03-25 13:29:46,013 - INFO -   2026-03-25 13:29:46,012 - INFO -       \U0001f5d1\ufe0f Удалено: 32 строк (за 0.02 сек)
2026-03-25 13:29:46,015 - INFO -   2026-03-25 13:29:46,013 - INFO -    \U0001f4ca Шаг 6/6: BULK INSERT...
2026-03-25 13:29:46,018 - INFO -   2026-03-25 13:29:46,017 - INFO -       \U0001f4c1 CSV создан: 0.01 MB (за 0.00 сек)
2026-03-25 13:29:46,083 - INFO -   2026-03-25 13:29:46,083 - INFO -       Выполняется BULK INSERT...
2026-03-25 13:29:46,087 - INFO -   2026-03-25 13:29:46,086 - ERROR -       \u274c Ошибка BULK INSERT: (102, b"Incorrect syntax near '('.DB-Lib error message 20018, severity 15:\nGeneral SQL Server error: Check messages from the SQL Server\n")
2026-03-25 13:29:46,092 - INFO -   2026-03-25 13:29:46,091 - ERROR -    \u274c ОШИБКА: (102, b"Incorrect syntax near '('.DB-Lib error message 20018, severity 15:\nGeneral SQL Server error: Check messages from the SQL Server\n")
2026-03-25 13:29:46,095 - INFO -   Traceback (most recent call last):
2026-03-25 13:29:46,095 - INFO -   File "src/pymssql/_pymssql.pyx", line 447, in pymssql._pymssql.Cursor.execute
2026-03-25 13:29:46,095 - INFO -   File "src/pymssql/_mssql.pyx", line 1125, in pymssql._mssql.MSSQLConnection.execute_query
2026-03-25 13:29:46,096 - INFO -   File "src/pymssql/_mssql.pyx", line 1156, in pymssql._mssql.MSSQLConnection.execute_query
2026-03-25 13:29:46,096 - INFO -   File "src/pymssql/_mssql.pyx", line 1289, in pymssql._mssql.MSSQLConnection.format_and_run_query
2026-03-25 13:29:46,096 - INFO -   File "src/pymssql/_mssql.pyx", line 1855, in pymssql._mssql.check_cancel_and_raise
2026-03-25 13:29:46,097 - INFO -   File "src/pymssql/_mssql.pyx", line 1901, in pymssql._mssql.raise_MSSQLDatabaseException
2026-03-25 13:29:46,098 - INFO -   pymssql._mssql.MSSQLDatabaseException: (102, b"Incorrect syntax near '('.DB-Lib error message 20018, severity 15:\nGeneral SQL Server error: Check messages from the SQL Server\n")
2026-03-25 13:29:46,098 - INFO -   During handling of the above exception, another exception occurred:
2026-03-25 13:29:46,100 - INFO -   Traceback (most recent call last):
2026-03-25 13:29:46,101 - INFO -   File "C:\Users\A.Gorbatenko\Documents\Dashboard\script\reload_3days_bulk.py", line 290, in reload_table_bulk
2026-03-25 13:29:46,102 - INFO -   inserted = bulk_insert_table(csv_file, target_table, columns, logger)
2026-03-25 13:29:46,102 - INFO -   File "C:\Users\A.Gorbatenko\Documents\Dashboard\script\reload_3days_bulk.py", line 154, in bulk_insert_table
2026-03-25 13:29:46,102 - INFO -   cursor.execute(bulk_sql)
2026-03-25 13:29:46,102 - INFO -   ~~~~~~~~~~~~~~^^^^^^^^^^
2026-03-25 13:29:46,102 - INFO -   File "src/pymssql/_pymssql.pyx", line 462, in pymssql._pymssql.Cursor.execute
2026-03-25 13:29:46,103 - INFO -   pymssql.exceptions.ProgrammingError: (102, b"Incorrect syntax near '('.DB-Lib error message 20018, severity 15:\nGeneral SQL Server error: Check messages from the SQL Server\n")
2026-03-25 13:29:46,103 - INFO -   2026-03-25 13:29:46,096 - INFO -
2026-03-25 13:29:46,103 - INFO -   \U0001f4cc [18/21] Обработка: labor_management_detail_view
2026-03-25 13:29:46,103 - INFO -   2026-03-25 13:29:46,096 - INFO -
2026-03-25 13:29:46,103 - INFO -   2026-03-25 13:29:46,096 - INFO - ============================================================
2026-03-25 13:29:46,104 - INFO -   2026-03-25 13:29:46,096 - INFO - ТАБЛИЦА [18/21]: labor_management_detail_view
2026-03-25 13:29:46,104 - INFO -   2026-03-25 13:29:46,096 - INFO - ============================================================
2026-03-25 13:29:46,104 - INFO -   2026-03-25 13:29:46,096 - INFO -    \U0001f4c1 Источник: ils, Поле даты: DATE_TIME_STAMP
2026-03-25 13:29:46,104 - INFO -   2026-03-25 13:29:46,096 - INFO -    \U0001f50c Шаг 1/6: Подключение к источнику (ils)...
2026-03-25 13:29:46,142 - INFO -   2026-03-25 13:29:46,141 - INFO -       \u2705 Подключено
2026-03-25 13:29:46,142 - INFO -   2026-03-25 13:29:46,142 - INFO -    \U0001f50c Шаг 2/6: Подключение к целевой БД...
2026-03-25 13:29:46,207 - INFO -   2026-03-25 13:29:46,206 - INFO -       \u2705 Подключено
2026-03-25 13:29:46,207 - INFO -   2026-03-25 13:29:46,206 - INFO -    \U0001f4cb Шаг 3/6: Получение структуры таблицы...
2026-03-25 13:29:46,223 - INFO -   2026-03-25 13:29:46,223 - INFO -       \u2705 Найдено колонок: 54
2026-03-25 13:29:46,223 - INFO -   2026-03-25 13:29:46,223 - INFO -    \U0001f4e5 Шаг 4/6: Чтение данных из источника...
2026-03-25 13:29:47,453 - INFO -   2026-03-25 13:29:47,452 - INFO -       \u2705 Прочитано: 3,634 строк (за 1.23 сек)
2026-03-25 13:29:47,453 - INFO -   2026-03-25 13:29:47,452 - INFO -    \U0001f5d1\ufe0f Шаг 5/6: Удаление старых данных...
2026-03-25 13:29:47,558 - INFO -   2026-03-25 13:29:47,558 - INFO -       \U0001f5d1\ufe0f Удалено: 3,634 строк (за 0.11 сек)
2026-03-25 13:29:47,560 - INFO -   2026-03-25 13:29:47,558 - INFO -    \U0001f4ca Шаг 6/6: BULK INSERT...
2026-03-25 13:29:47,642 - INFO -   2026-03-25 13:29:47,642 - INFO -       \U0001f4c1 CSV создан: 0.76 MB (за 0.08 сек)
2026-03-25 13:29:47,678 - INFO -   2026-03-25 13:29:47,677 - INFO -       Выполняется BULK INSERT...
2026-03-25 13:29:47,684 - INFO -   2026-03-25 13:29:47,683 - ERROR -       \u274c Ошибка BULK INSERT: (102, b"Incorrect syntax near '('.DB-Lib error message 20018, severity 15:\nGeneral SQL Server error: Check messages from the SQL Server\n")
2026-03-25 13:29:47,689 - INFO -   2026-03-25 13:29:47,688 - ERROR -    \u274c ОШИБКА: (102, b"Incorrect syntax near '('.DB-Lib error message 20018, severity 15:\nGeneral SQL Server error: Check messages from the SQL Server\n")
2026-03-25 13:29:47,690 - INFO -   Traceback (most recent call last):
2026-03-25 13:29:47,691 - INFO -   File "src/pymssql/_pymssql.pyx", line 447, in pymssql._pymssql.Cursor.execute
2026-03-25 13:29:47,691 - INFO -   File "src/pymssql/_mssql.pyx", line 1125, in pymssql._mssql.MSSQLConnection.execute_query
2026-03-25 13:29:47,691 - INFO -   File "src/pymssql/_mssql.pyx", line 1156, in pymssql._mssql.MSSQLConnection.execute_query
2026-03-25 13:29:47,691 - INFO -   File "src/pymssql/_mssql.pyx", line 1289, in pymssql._mssql.MSSQLConnection.format_and_run_query
2026-03-25 13:29:47,691 - INFO -   File "src/pymssql/_mssql.pyx", line 1855, in pymssql._mssql.check_cancel_and_raise
2026-03-25 13:29:47,692 - INFO -   File "src/pymssql/_mssql.pyx", line 1901, in pymssql._mssql.raise_MSSQLDatabaseException
2026-03-25 13:29:47,692 - INFO -   pymssql._mssql.MSSQLDatabaseException: (102, b"Incorrect syntax near '('.DB-Lib error message 20018, severity 15:\nGeneral SQL Server error: Check messages from the SQL Server\n")
2026-03-25 13:29:47,692 - INFO -   During handling of the above exception, another exception occurred:
2026-03-25 13:29:47,692 - INFO -   Traceback (most recent call last):
2026-03-25 13:29:47,693 - INFO -   File "C:\Users\A.Gorbatenko\Documents\Dashboard\script\reload_3days_bulk.py", line 290, in reload_table_bulk
2026-03-25 13:29:47,693 - INFO -   inserted = bulk_insert_table(csv_file, target_table, columns, logger)
2026-03-25 13:29:47,693 - INFO -   File "C:\Users\A.Gorbatenko\Documents\Dashboard\script\reload_3days_bulk.py", line 154, in bulk_insert_table
2026-03-25 13:29:47,693 - INFO -   cursor.execute(bulk_sql)
2026-03-25 13:29:47,693 - INFO -   ~~~~~~~~~~~~~~^^^^^^^^^^
2026-03-25 13:29:47,693 - INFO -   File "src/pymssql/_pymssql.pyx", line 462, in pymssql._pymssql.Cursor.execute
2026-03-25 13:29:47,693 - INFO -   pymssql.exceptions.ProgrammingError: (102, b"Incorrect syntax near '('.DB-Lib error message 20018, severity 15:\nGeneral SQL Server error: Check messages from the SQL Server\n")
2026-03-25 13:29:47,693 - INFO -   2026-03-25 13:29:47,692 - INFO -
2026-03-25 13:29:47,694 - INFO -   \U0001f4cc [19/21] Обработка: UPLOAD_RECEIPT_CONTAINER
2026-03-25 13:29:47,694 - INFO -   2026-03-25 13:29:47,692 - INFO -
2026-03-25 13:29:47,694 - INFO -   2026-03-25 13:29:47,692 - INFO - ============================================================
2026-03-25 13:29:47,695 - INFO -   2026-03-25 13:29:47,692 - INFO - ТАБЛИЦА [19/21]: UPLOAD_RECEIPT_CONTAINER
2026-03-25 13:29:47,695 - INFO -   2026-03-25 13:29:47,692 - INFO - ============================================================
2026-03-25 13:29:47,695 - INFO -   2026-03-25 13:29:47,693 - INFO -    \U0001f4c1 Источник: ils, Поле даты: DATE_TIME_STAMP
2026-03-25 13:29:47,695 - INFO -   2026-03-25 13:29:47,693 - INFO -    \U0001f50c Шаг 1/6: Подключение к источнику (ils)...
2026-03-25 13:29:47,707 - INFO -   2026-03-25 13:29:47,707 - INFO -       \u2705 Подключено
2026-03-25 13:29:47,708 - INFO -   2026-03-25 13:29:47,707 - INFO -    \U0001f50c Шаг 2/6: Подключение к целевой БД...
2026-03-25 13:29:47,747 - INFO -   2026-03-25 13:29:47,746 - INFO -       \u2705 Подключено
2026-03-25 13:29:47,747 - INFO -   2026-03-25 13:29:47,747 - INFO -    \U0001f4cb Шаг 3/6: Получение структуры таблицы...
2026-03-25 13:29:47,766 - INFO -   2026-03-25 13:29:47,766 - INFO -       \u2705 Найдено колонок: 59
2026-03-25 13:29:47,766 - INFO -   2026-03-25 13:29:47,766 - INFO -    \U0001f4e5 Шаг 4/6: Чтение данных из источника...
2026-03-25 13:29:47,894 - INFO -   2026-03-25 13:29:47,894 - INFO -       \u2705 Прочитано: 1,394 строк (за 0.13 сек)
2026-03-25 13:29:47,894 - INFO -   2026-03-25 13:29:47,894 - INFO -    \U0001f5d1\ufe0f Шаг 5/6: Удаление старых данных...
2026-03-25 13:29:47,953 - INFO -   2026-03-25 13:29:47,952 - INFO -       \U0001f5d1\ufe0f Удалено: 1,393 строк (за 0.06 сек)
2026-03-25 13:29:47,953 - INFO -   2026-03-25 13:29:47,953 - INFO -    \U0001f4ca Шаг 6/6: BULK INSERT...
2026-03-25 13:29:47,982 - INFO -   2026-03-25 13:29:47,981 - INFO -       \U0001f4c1 CSV создан: 0.67 MB (за 0.03 сек)
2026-03-25 13:29:48,018 - INFO -   2026-03-25 13:29:48,018 - INFO -       Выполняется BULK INSERT...
2026-03-25 13:29:48,026 - INFO -   2026-03-25 13:29:48,025 - ERROR -       \u274c Ошибка BULK INSERT: (102, b"Incorrect syntax near '('.DB-Lib error message 20018, severity 15:\nGeneral SQL Server error: Check messages from the SQL Server\n")
2026-03-25 13:29:48,033 - INFO -   2026-03-25 13:29:48,033 - ERROR -    \u274c ОШИБКА: (102, b"Incorrect syntax near '('.DB-Lib error message 20018, severity 15:\nGeneral SQL Server error: Check messages from the SQL Server\n")
2026-03-25 13:29:48,034 - INFO -   Traceback (most recent call last):
2026-03-25 13:29:48,034 - INFO -   File "src/pymssql/_pymssql.pyx", line 447, in pymssql._pymssql.Cursor.execute
2026-03-25 13:29:48,035 - INFO -   File "src/pymssql/_mssql.pyx", line 1125, in pymssql._mssql.MSSQLConnection.execute_query
2026-03-25 13:29:48,035 - INFO -   File "src/pymssql/_mssql.pyx", line 1156, in pymssql._mssql.MSSQLConnection.execute_query
2026-03-25 13:29:48,035 - INFO -   File "src/pymssql/_mssql.pyx", line 1289, in pymssql._mssql.MSSQLConnection.format_and_run_query
2026-03-25 13:29:48,035 - INFO -   File "src/pymssql/_mssql.pyx", line 1855, in pymssql._mssql.check_cancel_and_raise
2026-03-25 13:29:48,035 - INFO -   File "src/pymssql/_mssql.pyx", line 1901, in pymssql._mssql.raise_MSSQLDatabaseException
2026-03-25 13:29:48,035 - INFO -   pymssql._mssql.MSSQLDatabaseException: (102, b"Incorrect syntax near '('.DB-Lib error message 20018, severity 15:\nGeneral SQL Server error: Check messages from the SQL Server\n")
2026-03-25 13:29:48,036 - INFO -   During handling of the above exception, another exception occurred:
2026-03-25 13:29:48,036 - INFO -   Traceback (most recent call last):
2026-03-25 13:29:48,036 - INFO -   File "C:\Users\A.Gorbatenko\Documents\Dashboard\script\reload_3days_bulk.py", line 290, in reload_table_bulk
2026-03-25 13:29:48,037 - INFO -   inserted = bulk_insert_table(csv_file, target_table, columns, logger)
2026-03-25 13:29:48,037 - INFO -   File "C:\Users\A.Gorbatenko\Documents\Dashboard\script\reload_3days_bulk.py", line 154, in bulk_insert_table
2026-03-25 13:29:48,037 - INFO -   cursor.execute(bulk_sql)
2026-03-25 13:29:48,037 - INFO -   ~~~~~~~~~~~~~~^^^^^^^^^^
2026-03-25 13:29:48,037 - INFO -   File "src/pymssql/_pymssql.pyx", line 462, in pymssql._pymssql.Cursor.execute
2026-03-25 13:29:48,037 - INFO -   pymssql.exceptions.ProgrammingError: (102, b"Incorrect syntax near '('.DB-Lib error message 20018, severity 15:\nGeneral SQL Server error: Check messages from the SQL Server\n")
2026-03-25 13:29:48,037 - INFO -   2026-03-25 13:29:48,036 - INFO -
2026-03-25 13:29:48,038 - INFO -   \U0001f4cc [20/21] Обработка: eks_peremer_ZX_KPP
2026-03-25 13:29:48,038 - INFO -   2026-03-25 13:29:48,036 - INFO -
2026-03-25 13:29:48,038 - INFO -   2026-03-25 13:29:48,036 - INFO - ============================================================
2026-03-25 13:29:48,038 - INFO -   2026-03-25 13:29:48,036 - INFO - ТАБЛИЦА [20/21]: eks_peremer_ZX_KPP
2026-03-25 13:29:48,038 - INFO -   2026-03-25 13:29:48,036 - INFO - ============================================================
2026-03-25 13:29:48,039 - INFO -   2026-03-25 13:29:48,036 - INFO -    \U0001f4c1 Источник: sk, Поле даты: date_time_stamp
2026-03-25 13:29:48,039 - INFO -   2026-03-25 13:29:48,036 - INFO -    \U0001f50c Шаг 1/6: Подключение к источнику (sk)...
2026-03-25 13:29:48,077 - INFO -   2026-03-25 13:29:48,076 - INFO -       \u2705 Подключено
2026-03-25 13:29:48,077 - INFO -   2026-03-25 13:29:48,077 - INFO -    \U0001f50c Шаг 2/6: Подключение к целевой БД...
2026-03-25 13:29:48,114 - INFO -   2026-03-25 13:29:48,113 - INFO -       \u2705 Подключено
2026-03-25 13:29:48,114 - INFO -   2026-03-25 13:29:48,113 - INFO -    \U0001f4cb Шаг 3/6: Получение структуры таблицы...
2026-03-25 13:29:48,129 - INFO -   2026-03-25 13:29:48,129 - INFO -       \u2705 Найдено колонок: 7
2026-03-25 13:29:48,130 - INFO -   2026-03-25 13:29:48,129 - INFO -    \U0001f4e5 Шаг 4/6: Чтение данных из источника...
2026-03-25 13:29:48,146 - INFO -   2026-03-25 13:29:48,145 - INFO -       \u2705 Прочитано: 16 строк (за 0.02 сек)
2026-03-25 13:29:48,146 - INFO -   2026-03-25 13:29:48,146 - INFO -    \U0001f5d1\ufe0f Шаг 5/6: Удаление старых данных...
2026-03-25 13:29:48,160 - INFO -   2026-03-25 13:29:48,160 - INFO -       \U0001f5d1\ufe0f Удалено: 16 строк (за 0.01 сек)
2026-03-25 13:29:48,162 - INFO -   2026-03-25 13:29:48,160 - INFO -    \U0001f4ca Шаг 6/6: BULK INSERT...
2026-03-25 13:29:48,164 - INFO -   2026-03-25 13:29:48,161 - INFO -       \U0001f4c1 CSV создан: 0.00 MB (за 0.00 сек)
2026-03-25 13:29:48,192 - INFO -   2026-03-25 13:29:48,192 - INFO -       Выполняется BULK INSERT...
2026-03-25 13:29:48,197 - INFO -   2026-03-25 13:29:48,197 - ERROR -       \u274c Ошибка BULK INSERT: (102, b"Incorrect syntax near '('.DB-Lib error message 20018, severity 15:\nGeneral SQL Server error: Check messages from the SQL Server\n")
2026-03-25 13:29:48,203 - INFO -   2026-03-25 13:29:48,203 - ERROR -    \u274c ОШИБКА: (102, b"Incorrect syntax near '('.DB-Lib error message 20018, severity 15:\nGeneral SQL Server error: Check messages from the SQL Server\n")
2026-03-25 13:29:48,205 - INFO -   Traceback (most recent call last):
2026-03-25 13:29:48,205 - INFO -   File "src/pymssql/_pymssql.pyx", line 447, in pymssql._pymssql.Cursor.execute
2026-03-25 13:29:48,205 - INFO -   File "src/pymssql/_mssql.pyx", line 1125, in pymssql._mssql.MSSQLConnection.execute_query
2026-03-25 13:29:48,205 - INFO -   File "src/pymssql/_mssql.pyx", line 1156, in pymssql._mssql.MSSQLConnection.execute_query
2026-03-25 13:29:48,205 - INFO -   File "src/pymssql/_mssql.pyx", line 1289, in pymssql._mssql.MSSQLConnection.format_and_run_query
2026-03-25 13:29:48,206 - INFO -   File "src/pymssql/_mssql.pyx", line 1855, in pymssql._mssql.check_cancel_and_raise
2026-03-25 13:29:48,206 - INFO -   File "src/pymssql/_mssql.pyx", line 1901, in pymssql._mssql.raise_MSSQLDatabaseException
2026-03-25 13:29:48,206 - INFO -   pymssql._mssql.MSSQLDatabaseException: (102, b"Incorrect syntax near '('.DB-Lib error message 20018, severity 15:\nGeneral SQL Server error: Check messages from the SQL Server\n")
2026-03-25 13:29:48,206 - INFO -   During handling of the above exception, another exception occurred:
2026-03-25 13:29:48,206 - INFO -   Traceback (most recent call last):
2026-03-25 13:29:48,207 - INFO -   File "C:\Users\A.Gorbatenko\Documents\Dashboard\script\reload_3days_bulk.py", line 290, in reload_table_bulk
2026-03-25 13:29:48,207 - INFO -   inserted = bulk_insert_table(csv_file, target_table, columns, logger)
2026-03-25 13:29:48,207 - INFO -   File "C:\Users\A.Gorbatenko\Documents\Dashboard\script\reload_3days_bulk.py", line 154, in bulk_insert_table
2026-03-25 13:29:48,207 - INFO -   cursor.execute(bulk_sql)
2026-03-25 13:29:48,207 - INFO -   ~~~~~~~~~~~~~~^^^^^^^^^^
2026-03-25 13:29:48,207 - INFO -   File "src/pymssql/_pymssql.pyx", line 462, in pymssql._pymssql.Cursor.execute
2026-03-25 13:29:48,208 - INFO -   pymssql.exceptions.ProgrammingError: (102, b"Incorrect syntax near '('.DB-Lib error message 20018, severity 15:\nGeneral SQL Server error: Check messages from the SQL Server\n")
2026-03-25 13:29:48,208 - INFO -   2026-03-25 13:29:48,205 - INFO -
2026-03-25 13:29:48,208 - INFO -   \U0001f4cc [21/21] Обработка: Shtraf_Edit
2026-03-25 13:29:48,208 - INFO -   2026-03-25 13:29:48,205 - INFO -
2026-03-25 13:29:48,208 - INFO -   2026-03-25 13:29:48,205 - INFO - ============================================================
2026-03-25 13:29:48,208 - INFO -   2026-03-25 13:29:48,205 - INFO - ТАБЛИЦА [21/21]: Shtraf_Edit
2026-03-25 13:29:48,209 - INFO -   2026-03-25 13:29:48,206 - INFO - ============================================================
2026-03-25 13:29:48,209 - INFO -   2026-03-25 13:29:48,206 - INFO -    \U0001f4c1 Источник: sk, Поле даты: date_time_stamp
2026-03-25 13:29:48,209 - INFO -   2026-03-25 13:29:48,206 - INFO -    \U0001f50c Шаг 1/6: Подключение к источнику (sk)...
2026-03-25 13:29:48,218 - INFO -   2026-03-25 13:29:48,218 - INFO -       \u2705 Подключено
2026-03-25 13:29:48,219 - INFO -   2026-03-25 13:29:48,218 - INFO -    \U0001f50c Шаг 2/6: Подключение к целевой БД...
2026-03-25 13:29:48,258 - INFO -   2026-03-25 13:29:48,258 - INFO -       \u2705 Подключено
2026-03-25 13:29:48,258 - INFO -   2026-03-25 13:29:48,258 - INFO -    \U0001f4cb Шаг 3/6: Получение структуры таблицы...
2026-03-25 13:29:48,271 - INFO -   2026-03-25 13:29:48,271 - INFO -       \u2705 Найдено колонок: 12
2026-03-25 13:29:48,272 - INFO -   2026-03-25 13:29:48,271 - INFO -    \U0001f4e5 Шаг 4/6: Чтение данных из источника...
2026-03-25 13:29:48,277 - INFO -   2026-03-25 13:29:48,277 - INFO -       \u2705 Прочитано: 10 строк (за 0.01 сек)
2026-03-25 13:29:48,278 - INFO -   2026-03-25 13:29:48,277 - INFO -    \U0001f5d1\ufe0f Шаг 5/6: Удаление старых данных...
2026-03-25 13:29:48,292 - INFO -   2026-03-25 13:29:48,292 - INFO -       \U0001f5d1\ufe0f Удалено: 10 строк (за 0.01 сек)
2026-03-25 13:29:48,292 - INFO -   2026-03-25 13:29:48,292 - INFO -    \U0001f4ca Шаг 6/6: BULK INSERT...
2026-03-25 13:29:48,294 - INFO -   2026-03-25 13:29:48,293 - INFO -       \U0001f4c1 CSV создан: 0.00 MB (за 0.00 сек)
2026-03-25 13:29:48,326 - INFO -   2026-03-25 13:29:48,325 - INFO -       Выполняется BULK INSERT...
2026-03-25 13:29:48,332 - INFO -   2026-03-25 13:29:48,332 - ERROR -       \u274c Ошибка BULK INSERT: (102, b"Incorrect syntax near '('.DB-Lib error message 20018, severity 15:\nGeneral SQL Server error: Check messages from the SQL Server\n")
2026-03-25 13:29:48,337 - INFO -   2026-03-25 13:29:48,337 - ERROR -    \u274c ОШИБКА: (102, b"Incorrect syntax near '('.DB-Lib error message 20018, severity 15:\nGeneral SQL Server error: Check messages from the SQL Server\n")
2026-03-25 13:29:48,339 - INFO -   Traceback (most recent call last):
2026-03-25 13:29:48,339 - INFO -   File "src/pymssql/_pymssql.pyx", line 447, in pymssql._pymssql.Cursor.execute
2026-03-25 13:29:48,340 - INFO -   File "src/pymssql/_mssql.pyx", line 1125, in pymssql._mssql.MSSQLConnection.execute_query
2026-03-25 13:29:48,340 - INFO -   File "src/pymssql/_mssql.pyx", line 1156, in pymssql._mssql.MSSQLConnection.execute_query
2026-03-25 13:29:48,340 - INFO -   File "src/pymssql/_mssql.pyx", line 1289, in pymssql._mssql.MSSQLConnection.format_and_run_query
2026-03-25 13:29:48,340 - INFO -   File "src/pymssql/_mssql.pyx", line 1855, in pymssql._mssql.check_cancel_and_raise
2026-03-25 13:29:48,340 - INFO -   File "src/pymssql/_mssql.pyx", line 1901, in pymssql._mssql.raise_MSSQLDatabaseException
2026-03-25 13:29:48,341 - INFO -   pymssql._mssql.MSSQLDatabaseException: (102, b"Incorrect syntax near '('.DB-Lib error message 20018, severity 15:\nGeneral SQL Server error: Check messages from the SQL Server\n")
2026-03-25 13:29:48,341 - INFO -   During handling of the above exception, another exception occurred:
2026-03-25 13:29:48,341 - INFO -   Traceback (most recent call last):
2026-03-25 13:29:48,342 - INFO -   File "C:\Users\A.Gorbatenko\Documents\Dashboard\script\reload_3days_bulk.py", line 290, in reload_table_bulk
2026-03-25 13:29:48,342 - INFO -   inserted = bulk_insert_table(csv_file, target_table, columns, logger)
2026-03-25 13:29:48,342 - INFO -   File "C:\Users\A.Gorbatenko\Documents\Dashboard\script\reload_3days_bulk.py", line 154, in bulk_insert_table
2026-03-25 13:29:48,342 - INFO -   cursor.execute(bulk_sql)
2026-03-25 13:29:48,342 - INFO -   ~~~~~~~~~~~~~~^^^^^^^^^^
2026-03-25 13:29:48,342 - INFO -   File "src/pymssql/_pymssql.pyx", line 462, in pymssql._pymssql.Cursor.execute
2026-03-25 13:29:48,343 - INFO -   pymssql.exceptions.ProgrammingError: (102, b"Incorrect syntax near '('.DB-Lib error message 20018, severity 15:\nGeneral SQL Server error: Check messages from the SQL Server\n")
2026-03-25 13:29:48,343 - INFO -   2026-03-25 13:29:48,340 - INFO -
2026-03-25 13:29:48,343 - INFO -   ================================================================================
2026-03-25 13:29:48,343 - INFO -   2026-03-25 13:29:48,340 - INFO - \U0001f3c1 ЗАВЕРШЕНО
2026-03-25 13:29:48,343 - INFO -   2026-03-25 13:29:48,340 - INFO - ================================================================================
2026-03-25 13:29:48,343 - INFO -   2026-03-25 13:29:48,340 - INFO - \u2705 Успешно: 2/21
2026-03-25 13:29:48,343 - INFO -   2026-03-25 13:29:48,340 - INFO - \u274c Ошибок: 19
2026-03-25 13:29:48,344 - INFO -   2026-03-25 13:29:48,340 - INFO - \u23f1\ufe0f Общее время: 37.89 сек (0.63 мин)
2026-03-25 13:29:48,344 - INFO -   2026-03-25 13:29:48,340 - INFO - ================================================================================
2026-03-25 13:29:48,359 - INFO - --------------------------------------------------------------------------------
2026-03-25 13:29:48,359 - ERROR - ❌ ШАГ 1 завершился с ошибкой (код 1)
2026-03-25 13:29:48,360 - ERROR - 🛑 ПАЙПЛАЙН ОСТАНОВЛЕН на ШАГЕ 1: reload_3days.py failed with code 1
