2026-03-25 10:22:42,552 - INFO - ╔==============================================================================╗
2026-03-25 10:22:42,553 - INFO - ║                    3-ДНЕВНЫЙ ETL ПАЙПЛАЙН                                 ║
2026-03-25 10:22:42,553 - INFO - ╚==============================================================================╝
2026-03-25 10:22:42,553 - INFO - 📅 Время запуска: 2026-03-25 10:22:42
2026-03-25 10:22:42,554 - INFO - 📁 Директория: C:\Users\A.Gorbatenko\Documents\Dashboard\script
2026-03-25 10:22:42,554 - INFO - ================================================================================
2026-03-25 10:22:42,554 - INFO - ================================================================================
2026-03-25 10:22:42,554 - INFO - ШАГ 1: Обновление сырых данных (reload_3days.py)
2026-03-25 10:22:42,554 - INFO - ================================================================================
2026-03-25 10:22:42,555 - INFO - 🚀 Запуск: C:\Users\A.Gorbatenko\Documents\Dashboard\script\reload_3days.py
2026-03-25 10:22:42,555 - INFO - --------------------------------------------------------------------------------
2026-03-25 10:22:42,663 - INFO -   2026-03-25 10:22:42,662 - INFO - ================================================================================
2026-03-25 10:22:42,665 - INFO -   2026-03-25 10:22:42,663 - INFO - \U0001f680 ПЕРЕЗАПИСЬ ДАННЫХ ЗА ПОСЛЕДНИЕ 3 ДНЯ
2026-03-25 10:22:42,666 - INFO -   2026-03-25 10:22:42,663 - INFO - ================================================================================
2026-03-25 10:22:42,667 - INFO -   2026-03-25 10:22:42,663 - INFO - \U0001f4ca Всего таблиц: 21
2026-03-25 10:22:42,667 - INFO -   2026-03-25 10:22:42,663 - INFO - \U0001f4c1 Источники: ils (19 таблиц), sk (2 таблицы)
2026-03-25 10:22:42,667 - INFO -   2026-03-25 10:22:42,664 - INFO - \U0001f3af Целевая БД: olap2_fixed.raw_
2026-03-25 10:22:42,667 - INFO -   2026-03-25 10:22:42,664 - INFO - \U0001f4c5 Период: 2026-03-22 - 2026-03-25
2026-03-25 10:22:42,668 - INFO -   2026-03-25 10:22:42,664 - INFO - ================================================================================
2026-03-25 10:22:42,669 - INFO -   2026-03-25 10:22:42,664 - INFO -
2026-03-25 10:22:42,669 - INFO -   2026-03-25 10:22:42,664 - INFO - ============================================================
2026-03-25 10:22:42,669 - INFO -   2026-03-25 10:22:42,664 - INFO - ТАБЛИЦА [1/21]: ORDER_DETAIL
2026-03-25 10:22:42,669 - INFO -   2026-03-25 10:22:42,664 - INFO - ============================================================
2026-03-25 10:22:42,670 - INFO -   2026-03-25 10:22:42,664 - INFO -    \U0001f4c1 Источник: ils, Поле даты: DATE_TIME_STAMP
2026-03-25 10:22:42,670 - INFO -   2026-03-25 10:22:42,665 - INFO -    \U0001f4c5 Период: 2026-03-22 10:22 - 2026-03-25 10:22
2026-03-25 10:22:42,671 - INFO -   2026-03-25 10:22:42,665 - INFO -    \U0001f50c Шаг 1/5: Подключение к источнику (ils)...
2026-03-25 10:22:42,707 - INFO -   2026-03-25 10:22:42,706 - INFO -       \u2705 Подключено
2026-03-25 10:22:42,707 - INFO -   2026-03-25 10:22:42,707 - INFO -    \U0001f50c Шаг 2/5: Подключение к целевой БД...
2026-03-25 10:22:42,763 - INFO -   2026-03-25 10:22:42,763 - INFO -       \u2705 Подключено
2026-03-25 10:22:42,763 - INFO -   2026-03-25 10:22:42,763 - INFO -    \U0001f4cb Шаг 3/5: Получение структуры таблицы...
2026-03-25 10:22:42,791 - INFO -   2026-03-25 10:22:42,791 - INFO -       \u2705 Найдено колонок: 126
2026-03-25 10:22:42,793 - INFO -   2026-03-25 10:22:42,791 - INFO -    \U0001f4e5 Шаг 4/5: Чтение данных из источника...
2026-03-25 10:22:42,793 - INFO -   2026-03-25 10:22:42,792 - INFO -       Выполняется запрос...
2026-03-25 10:22:42,798 - INFO -   2026-03-25 10:22:42,797 - INFO -       \u2705 Прочитано строк: 0 (за 0.01 сек)
2026-03-25 10:22:42,798 - INFO -   2026-03-25 10:22:42,798 - INFO -    \U0001f5d1\ufe0f Шаг 5/5: Удаление старых данных и вставка новых...
2026-03-25 10:22:42,802 - INFO -   2026-03-25 10:22:42,802 - INFO -       \U0001f5d1\ufe0f Удалено строк: 0 (за 0.00 сек)
2026-03-25 10:22:42,806 - INFO -   2026-03-25 10:22:42,806 - INFO -       \u2139\ufe0f Нет данных для вставки
2026-03-25 10:22:42,808 - INFO -   2026-03-25 10:22:42,806 - INFO -    \U0001f50d Проверка результата...
2026-03-25 10:22:42,810 - INFO -   2026-03-25 10:22:42,810 - INFO -       \u2705 В target за период: 0 строк
2026-03-25 10:22:42,810 - INFO -   2026-03-25 10:22:42,810 - INFO -
2026-03-25 10:22:42,811 - INFO -   2026-03-25 10:22:42,810 - INFO -    \u23f1\ufe0f ОБЩЕЕ ВРЕМЯ по таблице ORDER_DETAIL: 0.14 сек (0.00 мин)
2026-03-25 10:22:42,811 - INFO -   2026-03-25 10:22:42,810 - INFO - ============================================================
2026-03-25 10:22:42,811 - INFO -   2026-03-25 10:22:42,811 - INFO -
2026-03-25 10:22:42,811 - INFO -   2026-03-25 10:22:42,811 - INFO - ============================================================
2026-03-25 10:22:42,812 - INFO -   2026-03-25 10:22:42,811 - INFO - ТАБЛИЦА [2/21]: ORDER_HEADER
2026-03-25 10:22:42,812 - INFO -   2026-03-25 10:22:42,811 - INFO - ============================================================
2026-03-25 10:22:42,812 - INFO -   2026-03-25 10:22:42,811 - INFO -    \U0001f4c1 Источник: ils, Поле даты: ORDER_DATE
2026-03-25 10:22:42,812 - INFO -   2026-03-25 10:22:42,811 - INFO -    \U0001f4c5 Период: 2026-03-22 10:22 - 2026-03-25 10:22
2026-03-25 10:22:42,812 - INFO -   2026-03-25 10:22:42,811 - INFO -    \U0001f50c Шаг 1/5: Подключение к источнику (ils)...
2026-03-25 10:22:42,842 - INFO -   2026-03-25 10:22:42,841 - INFO -       \u2705 Подключено
2026-03-25 10:22:42,842 - INFO -   2026-03-25 10:22:42,842 - INFO -    \U0001f50c Шаг 2/5: Подключение к целевой БД...
2026-03-25 10:22:42,877 - INFO -   2026-03-25 10:22:42,876 - INFO -       \u2705 Подключено
2026-03-25 10:22:42,877 - INFO -   2026-03-25 10:22:42,877 - INFO -    \U0001f4cb Шаг 3/5: Получение структуры таблицы...
2026-03-25 10:22:42,893 - INFO -   2026-03-25 10:22:42,892 - INFO -       \u2705 Найдено колонок: 114
2026-03-25 10:22:42,893 - INFO -   2026-03-25 10:22:42,893 - INFO -    \U0001f4e5 Шаг 4/5: Чтение данных из источника...
2026-03-25 10:22:42,893 - INFO -   2026-03-25 10:22:42,893 - INFO -       Выполняется запрос...
2026-03-25 10:22:42,897 - INFO -   2026-03-25 10:22:42,897 - INFO -       \u2705 Прочитано строк: 0 (за 0.00 сек)
2026-03-25 10:22:42,898 - INFO -   2026-03-25 10:22:42,897 - INFO -    \U0001f5d1\ufe0f Шаг 5/5: Удаление старых данных и вставка новых...
2026-03-25 10:22:42,902 - INFO -   2026-03-25 10:22:42,901 - INFO -       \U0001f5d1\ufe0f Удалено строк: 0 (за 0.00 сек)
2026-03-25 10:22:42,906 - INFO -   2026-03-25 10:22:42,906 - INFO -       \u2139\ufe0f Нет данных для вставки
2026-03-25 10:22:42,906 - INFO -   2026-03-25 10:22:42,906 - INFO -    \U0001f50d Проверка результата...
2026-03-25 10:22:42,909 - INFO -   2026-03-25 10:22:42,909 - INFO -       \u2705 В target за период: 0 строк
2026-03-25 10:22:42,909 - INFO -   2026-03-25 10:22:42,909 - INFO -
2026-03-25 10:22:42,910 - INFO -   2026-03-25 10:22:42,909 - INFO -    \u23f1\ufe0f ОБЩЕЕ ВРЕМЯ по таблице ORDER_HEADER: 0.10 сек (0.00 мин)
2026-03-25 10:22:42,910 - INFO -   2026-03-25 10:22:42,909 - INFO - ============================================================
2026-03-25 10:22:42,910 - INFO -   2026-03-25 10:22:42,910 - INFO -
2026-03-25 10:22:42,911 - INFO -   2026-03-25 10:22:42,910 - INFO - ============================================================
2026-03-25 10:22:42,911 - INFO -   2026-03-25 10:22:42,910 - INFO - ТАБЛИЦА [3/21]: RECEIPT_DETAIL
2026-03-25 10:22:42,911 - INFO -   2026-03-25 10:22:42,910 - INFO - ============================================================
2026-03-25 10:22:42,911 - INFO -   2026-03-25 10:22:42,910 - INFO -    \U0001f4c1 Источник: ils, Поле даты: DATE_TIME_STAMP
2026-03-25 10:22:42,912 - INFO -   2026-03-25 10:22:42,910 - INFO -    \U0001f4c5 Период: 2026-03-22 10:22 - 2026-03-25 10:22
2026-03-25 10:22:42,913 - INFO -   2026-03-25 10:22:42,910 - INFO -    \U0001f50c Шаг 1/5: Подключение к источнику (ils)...
2026-03-25 10:22:42,924 - INFO -   2026-03-25 10:22:42,924 - INFO -       \u2705 Подключено
2026-03-25 10:22:42,925 - INFO -   2026-03-25 10:22:42,924 - INFO -    \U0001f50c Шаг 2/5: Подключение к целевой БД...
2026-03-25 10:22:42,957 - INFO -   2026-03-25 10:22:42,956 - INFO -       \u2705 Подключено
2026-03-25 10:22:42,957 - INFO -   2026-03-25 10:22:42,957 - INFO -    \U0001f4cb Шаг 3/5: Получение структуры таблицы...
2026-03-25 10:22:42,973 - INFO -   2026-03-25 10:22:42,972 - INFO -       \u2705 Найдено колонок: 83
2026-03-25 10:22:42,974 - INFO -   2026-03-25 10:22:42,973 - INFO -    \U0001f4e5 Шаг 4/5: Чтение данных из источника...
2026-03-25 10:22:42,977 - INFO -   2026-03-25 10:22:42,973 - INFO -       Выполняется запрос...
2026-03-25 10:22:43,125 - INFO -   2026-03-25 10:22:43,125 - INFO -       \u2705 Прочитано строк: 1,190 (за 0.15 сек)
2026-03-25 10:22:43,126 - INFO -   2026-03-25 10:22:43,125 - INFO -    \U0001f5d1\ufe0f Шаг 5/5: Удаление старых данных и вставка новых...
2026-03-25 10:22:43,147 - INFO -   2026-03-25 10:22:43,147 - INFO -       \U0001f5d1\ufe0f Удалено строк: 1,167 (за 0.02 сек)
2026-03-25 10:22:43,148 - INFO -   2026-03-25 10:22:43,147 - INFO -       \U0001f4ca Вставка 1,190 строк (единым вызовом)...
2026-03-25 10:22:52,481 - INFO -   2026-03-25 10:22:52,480 - INFO -       \u2705 Вставлено: 1,190 строк за 9.33 сек (127 строк/сек)
2026-03-25 10:22:52,482 - INFO -   2026-03-25 10:22:52,481 - INFO -    \U0001f50d Проверка результата...
2026-03-25 10:22:52,484 - INFO -   2026-03-25 10:22:52,484 - INFO -       \u2705 В target за период: 1,190 строк
2026-03-25 10:22:52,485 - INFO -   2026-03-25 10:22:52,484 - INFO -
2026-03-25 10:22:52,486 - INFO -   2026-03-25 10:22:52,484 - INFO -    \u23f1\ufe0f ОБЩЕЕ ВРЕМЯ по таблице RECEIPT_DETAIL: 9.57 сек (0.16 мин)
2026-03-25 10:22:52,486 - INFO -   2026-03-25 10:22:52,484 - INFO - ============================================================
2026-03-25 10:22:52,488 - INFO -   2026-03-25 10:22:52,488 - INFO -
2026-03-25 10:22:52,489 - INFO -   2026-03-25 10:22:52,488 - INFO - ============================================================
2026-03-25 10:22:52,489 - INFO -   2026-03-25 10:22:52,489 - INFO - ТАБЛИЦА [4/21]: RECEIPT_HEADER
2026-03-25 10:22:52,490 - INFO -   2026-03-25 10:22:52,489 - INFO - ============================================================
2026-03-25 10:22:52,490 - INFO -   2026-03-25 10:22:52,489 - INFO -    \U0001f4c1 Источник: ils, Поле даты: RECEIPT_DATE
2026-03-25 10:22:52,491 - INFO -   2026-03-25 10:22:52,489 - INFO -    \U0001f4c5 Период: 2026-03-22 10:22 - 2026-03-25 10:22
2026-03-25 10:22:52,491 - INFO -   2026-03-25 10:22:52,489 - INFO -    \U0001f50c Шаг 1/5: Подключение к источнику (ils)...
2026-03-25 10:22:52,505 - INFO -   2026-03-25 10:22:52,505 - INFO -       \u2705 Подключено
2026-03-25 10:22:52,506 - INFO -   2026-03-25 10:22:52,505 - INFO -    \U0001f50c Шаг 2/5: Подключение к целевой БД...
2026-03-25 10:22:52,541 - INFO -   2026-03-25 10:22:52,540 - INFO -       \u2705 Подключено
2026-03-25 10:22:52,541 - INFO -   2026-03-25 10:22:52,541 - INFO -    \U0001f4cb Шаг 3/5: Получение структуры таблицы...
2026-03-25 10:22:52,559 - INFO -   2026-03-25 10:22:52,558 - INFO -       \u2705 Найдено колонок: 81
2026-03-25 10:22:52,560 - INFO -   2026-03-25 10:22:52,559 - INFO -    \U0001f4e5 Шаг 4/5: Чтение данных из источника...
2026-03-25 10:22:52,561 - INFO -   2026-03-25 10:22:52,559 - INFO -       Выполняется запрос...
2026-03-25 10:22:52,603 - INFO -   2026-03-25 10:22:52,603 - INFO -       \u2705 Прочитано строк: 268 (за 0.04 сек)
2026-03-25 10:22:52,603 - INFO -   2026-03-25 10:22:52,603 - INFO -    \U0001f5d1\ufe0f Шаг 5/5: Удаление старых данных и вставка новых...
2026-03-25 10:22:52,618 - INFO -   2026-03-25 10:22:52,618 - INFO -       \U0001f5d1\ufe0f Удалено строк: 262 (за 0.01 сек)
2026-03-25 10:22:52,619 - INFO -   2026-03-25 10:22:52,618 - INFO -       \U0001f4ca Вставка 268 строк (единым вызовом)...
2026-03-25 10:22:55,054 - INFO -   2026-03-25 10:22:55,054 - INFO -       \u2705 Вставлено: 268 строк за 2.44 сек (110 строк/сек)
2026-03-25 10:22:55,055 - INFO -   2026-03-25 10:22:55,054 - INFO -    \U0001f50d Проверка результата...
2026-03-25 10:22:55,058 - INFO -   2026-03-25 10:22:55,058 - INFO -       \u2705 В target за период: 268 строк
2026-03-25 10:22:55,059 - INFO -   2026-03-25 10:22:55,058 - INFO -
2026-03-25 10:22:55,059 - INFO -   2026-03-25 10:22:55,058 - INFO -    \u23f1\ufe0f ОБЩЕЕ ВРЕМЯ по таблице RECEIPT_HEADER: 2.57 сек (0.04 мин)
2026-03-25 10:22:55,060 - INFO -   2026-03-25 10:22:55,059 - INFO - ============================================================
2026-03-25 10:22:55,061 - INFO -   2026-03-25 10:22:55,059 - INFO -
2026-03-25 10:22:55,063 - INFO -   2026-03-25 10:22:55,060 - INFO - ============================================================
2026-03-25 10:22:55,063 - INFO -   2026-03-25 10:22:55,060 - INFO - ТАБЛИЦА [5/21]: SHIPMENT_DETAIL
2026-03-25 10:22:55,063 - INFO -   2026-03-25 10:22:55,060 - INFO - ============================================================
2026-03-25 10:22:55,064 - INFO -   2026-03-25 10:22:55,060 - INFO -    \U0001f4c1 Источник: ils, Поле даты: DATE_TIME_STAMP
2026-03-25 10:22:55,064 - INFO -   2026-03-25 10:22:55,060 - INFO -    \U0001f4c5 Период: 2026-03-22 10:22 - 2026-03-25 10:22
2026-03-25 10:22:55,064 - INFO -   2026-03-25 10:22:55,060 - INFO -    \U0001f50c Шаг 1/5: Подключение к источнику (ils)...
2026-03-25 10:22:55,083 - INFO -   2026-03-25 10:22:55,083 - INFO -       \u2705 Подключено
2026-03-25 10:22:55,084 - INFO -   2026-03-25 10:22:55,083 - INFO -    \U0001f50c Шаг 2/5: Подключение к целевой БД...
2026-03-25 10:22:55,117 - INFO -   2026-03-25 10:22:55,117 - INFO -       \u2705 Подключено
2026-03-25 10:22:55,118 - INFO -   2026-03-25 10:22:55,117 - INFO -    \U0001f4cb Шаг 3/5: Получение структуры таблицы...
2026-03-25 10:22:55,134 - INFO -   2026-03-25 10:22:55,134 - INFO -       \u2705 Найдено колонок: 154
2026-03-25 10:22:55,134 - INFO -   2026-03-25 10:22:55,134 - INFO -    \U0001f4e5 Шаг 4/5: Чтение данных из источника...
2026-03-25 10:22:55,134 - INFO -   2026-03-25 10:22:55,134 - INFO -       Выполняется запрос...
2026-03-25 10:22:57,238 - INFO -   2026-03-25 10:22:57,238 - INFO -       \u2705 Прочитано строк: 9,068 (за 2.10 сек)
2026-03-25 10:22:57,238 - INFO -   2026-03-25 10:22:57,238 - INFO -    \U0001f5d1\ufe0f Шаг 5/5: Удаление старых данных и вставка новых...
2026-03-25 10:22:57,468 - INFO -   2026-03-25 10:22:57,467 - INFO -       \U0001f5d1\ufe0f Удалено строк: 8,933 (за 0.23 сек)
2026-03-25 10:22:57,468 - INFO -   2026-03-25 10:22:57,467 - INFO -       \U0001f4ca Вставка 9,068 строк (единым вызовом)...
