2026-03-25 12:44:33,180 - INFO - ╔==============================================================================╗
2026-03-25 12:44:33,180 - INFO - ║                    3-ДНЕВНЫЙ ETL ПАЙПЛАЙН                                 ║
2026-03-25 12:44:33,180 - INFO - ╚==============================================================================╝
2026-03-25 12:44:33,180 - INFO - 📅 Время запуска: 2026-03-25 12:44:33
2026-03-25 12:44:33,181 - INFO - 📁 Директория: C:\Users\A.Gorbatenko\Documents\Dashboard\script
2026-03-25 12:44:33,181 - INFO - ================================================================================
2026-03-25 12:44:33,181 - INFO - ================================================================================
2026-03-25 12:44:33,181 - INFO - ШАГ 1: Обновление сырых данных (reload_3days.py)
2026-03-25 12:44:33,181 - INFO - ================================================================================
2026-03-25 12:44:33,182 - INFO - 🚀 Запуск: C:\Users\A.Gorbatenko\Documents\Dashboard\script\reload_3days_watermark.py
2026-03-25 12:44:33,182 - INFO - --------------------------------------------------------------------------------
2026-03-25 12:44:33,281 - INFO -   2026-03-25 12:44:33,280 - INFO - ================================================================================
2026-03-25 12:44:33,283 - INFO -   2026-03-25 12:44:33,281 - INFO - \U0001f680 WATERMARK: ОБНОВЛЕНИЕ ДАННЫХ (ТОЛЬКО ИЗМЕНЕНИЯ)
2026-03-25 12:44:33,283 - INFO -   2026-03-25 12:44:33,281 - INFO - ================================================================================
2026-03-25 12:44:33,284 - INFO -   2026-03-25 12:44:33,281 - INFO - \U0001f4ca Всего таблиц: 21
2026-03-25 12:44:33,284 - INFO -   2026-03-25 12:44:33,281 - INFO - \U0001f4c1 Источники: ils (19 таблиц), sk (2 таблицы)
2026-03-25 12:44:33,284 - INFO -   2026-03-25 12:44:33,282 - INFO - \U0001f3af Целевая БД: olap2_fixed.raw_
2026-03-25 12:44:33,284 - INFO -   2026-03-25 12:44:33,282 - INFO - \U0001f4c5 Время запуска: 2026-03-25 12:44:33
2026-03-25 12:44:33,285 - INFO -   2026-03-25 12:44:33,282 - INFO - ================================================================================
2026-03-25 12:44:33,359 - INFO -   2026-03-25 12:44:33,359 - INFO - \u2705 Схема etl создана
2026-03-25 12:44:33,380 - INFO -   2026-03-25 12:44:33,379 - INFO - \u2705 Таблица etl.watermark создана/проверена
2026-03-25 12:44:33,380 - INFO -   2026-03-25 12:44:33,380 - INFO -
2026-03-25 12:44:33,380 - INFO -   \U0001f4cc [1/21] Обработка: ORDER_DETAIL
2026-03-25 12:44:33,429 - INFO -   2026-03-25 12:44:33,429 - INFO -
2026-03-25 12:44:33,432 - INFO -   2026-03-25 12:44:33,429 - INFO - ============================================================
2026-03-25 12:44:33,432 - INFO -   2026-03-25 12:44:33,429 - INFO - ТАБЛИЦА: ORDER_DETAIL \u2192 raw_.ORDER_DETAIL
2026-03-25 12:44:33,433 - INFO -   2026-03-25 12:44:33,429 - INFO - ============================================================
2026-03-25 12:44:33,433 - INFO -   2026-03-25 12:44:33,429 - INFO -    \U0001f4c1 Источник: ils
2026-03-25 12:44:33,433 - INFO -   2026-03-25 12:44:33,429 - INFO -    \U0001f4c5 Поле даты: DATE_TIME_STAMP
2026-03-25 12:44:33,433 - INFO -   2026-03-25 12:44:33,430 - INFO -    \u23f0 Last run: 2026-03-22 12:44:33
2026-03-25 12:44:33,433 - INFO -   2026-03-25 12:44:33,430 - INFO -    \U0001f50c Шаг 1/6: Подключение к источнику (ils)...
2026-03-25 12:44:33,443 - INFO -   2026-03-25 12:44:33,442 - INFO -       \u2705 Подключено
2026-03-25 12:44:33,444 - INFO -   2026-03-25 12:44:33,443 - INFO -    \U0001f50c Шаг 2/6: Подключение к целевой БД...
2026-03-25 12:44:33,477 - INFO -   2026-03-25 12:44:33,477 - INFO -       \u2705 Подключено
2026-03-25 12:44:33,478 - INFO -   2026-03-25 12:44:33,477 - INFO -    \U0001f4cb Шаг 3/6: Получение структуры таблицы...
2026-03-25 12:44:33,505 - INFO -   2026-03-25 12:44:33,504 - INFO -       \u2705 Найдено колонок: 126
2026-03-25 12:44:33,506 - INFO -   2026-03-25 12:44:33,505 - INFO -    \U0001f4e5 Шаг 4/6: Чтение изменений с 2026-03-22 12:44:33...
2026-03-25 12:44:33,506 - INFO -   2026-03-25 12:44:33,505 - INFO -       Выполняется запрос...
2026-03-25 12:44:34,024 - INFO -   2026-03-25 12:44:34,024 - INFO -       \u2705 Прочитано строк: 0 (за 0.52 сек)
2026-03-25 12:44:34,025 - INFO -   2026-03-25 12:44:34,024 - INFO -       \u2139\ufe0f Нет изменений с последнего запуска
2026-03-25 12:44:34,079 - INFO -   2026-03-25 12:44:34,079 - INFO -
2026-03-25 12:44:34,079 - INFO -   \U0001f4cc [2/21] Обработка: ORDER_HEADER
2026-03-25 12:44:34,109 - INFO -   2026-03-25 12:44:34,109 - INFO -
2026-03-25 12:44:34,109 - INFO -   2026-03-25 12:44:34,109 - INFO - ============================================================
2026-03-25 12:44:34,109 - INFO -   2026-03-25 12:44:34,109 - INFO - ТАБЛИЦА: ORDER_HEADER \u2192 raw_.ORDER_HEADER
2026-03-25 12:44:34,112 - INFO -   2026-03-25 12:44:34,109 - INFO - ============================================================
2026-03-25 12:44:34,113 - INFO -   2026-03-25 12:44:34,109 - INFO -    \U0001f4c1 Источник: ils
2026-03-25 12:44:34,114 - INFO -   2026-03-25 12:44:34,109 - INFO -    \U0001f4c5 Поле даты: DATE_TIME_STAMP
2026-03-25 12:44:34,115 - INFO -   2026-03-25 12:44:34,109 - INFO -    \u23f0 Last run: 2026-03-22 12:44:33
2026-03-25 12:44:34,116 - INFO -   2026-03-25 12:44:34,109 - INFO -    \U0001f50c Шаг 1/6: Подключение к источнику (ils)...
2026-03-25 12:44:34,124 - INFO -   2026-03-25 12:44:34,123 - INFO -       \u2705 Подключено
2026-03-25 12:44:34,124 - INFO -   2026-03-25 12:44:34,123 - INFO -    \U0001f50c Шаг 2/6: Подключение к целевой БД...
2026-03-25 12:44:34,155 - INFO -   2026-03-25 12:44:34,155 - INFO -       \u2705 Подключено
2026-03-25 12:44:34,156 - INFO -   2026-03-25 12:44:34,155 - INFO -    \U0001f4cb Шаг 3/6: Получение структуры таблицы...
2026-03-25 12:44:34,171 - INFO -   2026-03-25 12:44:34,171 - INFO -       \u2705 Найдено колонок: 114
2026-03-25 12:44:34,171 - INFO -   2026-03-25 12:44:34,171 - INFO -    \U0001f4e5 Шаг 4/6: Чтение изменений с 2026-03-22 12:44:33...
2026-03-25 12:44:34,172 - INFO -   2026-03-25 12:44:34,171 - INFO -       Выполняется запрос...
2026-03-25 12:44:34,690 - INFO -   2026-03-25 12:44:34,690 - INFO -       \u2705 Прочитано строк: 0 (за 0.52 сек)
2026-03-25 12:44:34,691 - INFO -   2026-03-25 12:44:34,690 - INFO -       \u2139\ufe0f Нет изменений с последнего запуска
2026-03-25 12:44:34,755 - INFO -   2026-03-25 12:44:34,755 - INFO -
2026-03-25 12:44:34,756 - INFO -   \U0001f4cc [3/21] Обработка: RECEIPT_DETAIL
2026-03-25 12:44:34,803 - INFO -   2026-03-25 12:44:34,803 - INFO -
2026-03-25 12:44:34,804 - INFO -   2026-03-25 12:44:34,803 - INFO - ============================================================
2026-03-25 12:44:34,804 - INFO -   2026-03-25 12:44:34,803 - INFO - ТАБЛИЦА: RECEIPT_DETAIL \u2192 raw_.RECEIPT_DETAIL
2026-03-25 12:44:34,804 - INFO -   2026-03-25 12:44:34,803 - INFO - ============================================================
2026-03-25 12:44:34,804 - INFO -   2026-03-25 12:44:34,803 - INFO -    \U0001f4c1 Источник: ils
2026-03-25 12:44:34,804 - INFO -   2026-03-25 12:44:34,804 - INFO -    \U0001f4c5 Поле даты: DATE_TIME_STAMP
2026-03-25 12:44:34,805 - INFO -   2026-03-25 12:44:34,804 - INFO -    \u23f0 Last run: 2026-03-22 12:44:33
2026-03-25 12:44:34,805 - INFO -   2026-03-25 12:44:34,804 - INFO -    \U0001f50c Шаг 1/6: Подключение к источнику (ils)...
2026-03-25 12:44:34,815 - INFO -   2026-03-25 12:44:34,815 - INFO -       \u2705 Подключено
2026-03-25 12:44:34,816 - INFO -   2026-03-25 12:44:34,815 - INFO -    \U0001f50c Шаг 2/6: Подключение к целевой БД...
2026-03-25 12:44:34,867 - INFO -   2026-03-25 12:44:34,867 - INFO -       \u2705 Подключено
2026-03-25 12:44:34,868 - INFO -   2026-03-25 12:44:34,867 - INFO -    \U0001f4cb Шаг 3/6: Получение структуры таблицы...
2026-03-25 12:44:34,884 - INFO -   2026-03-25 12:44:34,883 - INFO -       \u2705 Найдено колонок: 83
2026-03-25 12:44:34,884 - INFO -   2026-03-25 12:44:34,883 - INFO -    \U0001f4e5 Шаг 4/6: Чтение изменений с 2026-03-22 12:44:33...
2026-03-25 12:44:34,884 - INFO -   2026-03-25 12:44:34,883 - INFO -       Выполняется запрос...
2026-03-25 12:44:35,119 - INFO -   2026-03-25 12:44:35,119 - INFO -       \u2705 Прочитано строк: 1,535 (за 0.24 сек)
2026-03-25 12:44:35,133 - INFO -   2026-03-25 12:44:35,119 - INFO -    \U0001f4ca Шаг 6/6: Вставка/обновление 1,535 строк...
2026-03-25 12:44:44,638 - INFO -   2026-03-25 12:44:44,637 - INFO -       \u2705 Вставлено: 1,535 строк за 9.52 сек (161 строк/сек)
2026-03-25 12:44:44,688 - INFO -   2026-03-25 12:44:44,687 - INFO -
2026-03-25 12:44:44,688 - INFO -   2026-03-25 12:44:44,688 - INFO -    \u23f1\ufe0f ОБЩЕЕ ВРЕМЯ: 9.88 сек (0.16 мин)
2026-03-25 12:44:44,688 - INFO -   2026-03-25 12:44:44,688 - INFO - ============================================================
2026-03-25 12:44:44,691 - INFO -   2026-03-25 12:44:44,691 - INFO -
2026-03-25 12:44:44,691 - INFO -   \U0001f4cc [4/21] Обработка: RECEIPT_HEADER
2026-03-25 12:44:44,720 - INFO -   2026-03-25 12:44:44,719 - INFO -
2026-03-25 12:44:44,720 - INFO -   2026-03-25 12:44:44,720 - INFO - ============================================================
2026-03-25 12:44:44,720 - INFO -   2026-03-25 12:44:44,720 - INFO - ТАБЛИЦА: RECEIPT_HEADER \u2192 raw_.RECEIPT_HEADER
2026-03-25 12:44:44,721 - INFO -   2026-03-25 12:44:44,720 - INFO - ============================================================
2026-03-25 12:44:44,721 - INFO -   2026-03-25 12:44:44,720 - INFO -    \U0001f4c1 Источник: ils
2026-03-25 12:44:44,721 - INFO -   2026-03-25 12:44:44,720 - INFO -    \U0001f4c5 Поле даты: DATE_TIME_STAMP
2026-03-25 12:44:44,721 - INFO -   2026-03-25 12:44:44,720 - INFO -    \u23f0 Last run: 2026-03-22 12:44:33
2026-03-25 12:44:44,722 - INFO -   2026-03-25 12:44:44,720 - INFO -    \U0001f50c Шаг 1/6: Подключение к источнику (ils)...
2026-03-25 12:44:44,799 - INFO -   2026-03-25 12:44:44,798 - INFO -       \u2705 Подключено
2026-03-25 12:44:44,799 - INFO -   2026-03-25 12:44:44,798 - INFO -    \U0001f50c Шаг 2/6: Подключение к целевой БД...
2026-03-25 12:44:44,832 - INFO -   2026-03-25 12:44:44,832 - INFO -       \u2705 Подключено
2026-03-25 12:44:44,833 - INFO -   2026-03-25 12:44:44,832 - INFO -    \U0001f4cb Шаг 3/6: Получение структуры таблицы...
2026-03-25 12:44:44,850 - INFO -   2026-03-25 12:44:44,850 - INFO -       \u2705 Найдено колонок: 81
2026-03-25 12:44:44,850 - INFO -   2026-03-25 12:44:44,850 - INFO -    \U0001f4e5 Шаг 4/6: Чтение изменений с 2026-03-22 12:44:33...
2026-03-25 12:44:44,850 - INFO -   2026-03-25 12:44:44,850 - INFO -       Выполняется запрос...
2026-03-25 12:44:44,889 - INFO -   2026-03-25 12:44:44,888 - INFO -       \u2705 Прочитано строк: 321 (за 0.04 сек)
2026-03-25 12:44:44,890 - INFO -   2026-03-25 12:44:44,889 - INFO -    \U0001f4ca Шаг 6/6: Вставка/обновление 321 строк...
2026-03-25 12:44:47,148 - INFO -   2026-03-25 12:44:47,147 - INFO -       \u2705 Вставлено: 321 строк за 2.26 сек (142 строк/сек)
2026-03-25 12:44:47,186 - INFO -   2026-03-25 12:44:47,186 - INFO -
2026-03-25 12:44:47,186 - INFO -   2026-03-25 12:44:47,186 - INFO -    \u23f1\ufe0f ОБЩЕЕ ВРЕМЯ: 2.47 сек (0.04 мин)
2026-03-25 12:44:47,186 - INFO -   2026-03-25 12:44:47,186 - INFO - ============================================================
2026-03-25 12:44:47,187 - INFO -   2026-03-25 12:44:47,187 - INFO -
2026-03-25 12:44:47,187 - INFO -   \U0001f4cc [5/21] Обработка: SHIPMENT_DETAIL
2026-03-25 12:44:47,220 - INFO -   2026-03-25 12:44:47,219 - INFO -
2026-03-25 12:44:47,220 - INFO -   2026-03-25 12:44:47,219 - INFO - ============================================================
2026-03-25 12:44:47,220 - INFO -   2026-03-25 12:44:47,219 - INFO - ТАБЛИЦА: SHIPMENT_DETAIL \u2192 raw_.SHIPMENT_DETAIL
2026-03-25 12:44:47,220 - INFO -   2026-03-25 12:44:47,220 - INFO - ============================================================
2026-03-25 12:44:47,220 - INFO -   2026-03-25 12:44:47,220 - INFO -    \U0001f4c1 Источник: ils
2026-03-25 12:44:47,221 - INFO -   2026-03-25 12:44:47,220 - INFO -    \U0001f4c5 Поле даты: DATE_TIME_STAMP
2026-03-25 12:44:47,221 - INFO -   2026-03-25 12:44:47,220 - INFO -    \u23f0 Last run: 2026-03-22 12:44:33
2026-03-25 12:44:47,222 - INFO -   2026-03-25 12:44:47,220 - INFO -    \U0001f50c Шаг 1/6: Подключение к источнику (ils)...
2026-03-25 12:44:47,251 - INFO -   2026-03-25 12:44:47,251 - INFO -       \u2705 Подключено
2026-03-25 12:44:47,252 - INFO -   2026-03-25 12:44:47,251 - INFO -    \U0001f50c Шаг 2/6: Подключение к целевой БД...
2026-03-25 12:44:47,281 - INFO -   2026-03-25 12:44:47,281 - INFO -       \u2705 Подключено
2026-03-25 12:44:47,282 - INFO -   2026-03-25 12:44:47,281 - INFO -    \U0001f4cb Шаг 3/6: Получение структуры таблицы...
2026-03-25 12:44:47,300 - INFO -   2026-03-25 12:44:47,300 - INFO -       \u2705 Найдено колонок: 154
2026-03-25 12:44:47,301 - INFO -   2026-03-25 12:44:47,300 - INFO -    \U0001f4e5 Шаг 4/6: Чтение изменений с 2026-03-22 12:44:33...
2026-03-25 12:44:47,301 - INFO -   2026-03-25 12:44:47,300 - INFO -       Выполняется запрос...
2026-03-25 12:44:49,258 - INFO -   2026-03-25 12:44:49,258 - INFO -       \u2705 Прочитано строк: 8,972 (за 1.96 сек)
2026-03-25 12:44:49,259 - INFO -   2026-03-25 12:44:49,258 - INFO -    \U0001f4ca Шаг 6/6: Вставка/обновление 8,972 строк...
2026-03-25 12:46:22,143 - INFO -   2026-03-25 12:46:22,142 - INFO -       \u2705 Вставлено: 8,972 строк за 92.88 сек (97 строк/сек)
2026-03-25 12:46:22,181 - INFO -   2026-03-25 12:46:22,180 - INFO -
2026-03-25 12:46:22,181 - INFO -   2026-03-25 12:46:22,181 - INFO -    \u23f1\ufe0f ОБЩЕЕ ВРЕМЯ: 94.96 сек (1.58 мин)
2026-03-25 12:46:22,182 - INFO -   2026-03-25 12:46:22,181 - INFO - ============================================================
2026-03-25 12:46:22,203 - INFO -   2026-03-25 12:46:22,203 - INFO -
2026-03-25 12:46:22,203 - INFO -   \U0001f4cc [6/21] Обработка: SHIPMENT_HEADER
2026-03-25 12:46:22,257 - INFO -   2026-03-25 12:46:22,257 - INFO -
2026-03-25 12:46:22,257 - INFO -   2026-03-25 12:46:22,257 - INFO - ============================================================
2026-03-25 12:46:22,258 - INFO -   2026-03-25 12:46:22,257 - INFO - ТАБЛИЦА: SHIPMENT_HEADER \u2192 raw_.SHIPMENT_HEADER
2026-03-25 12:46:22,258 - INFO -   2026-03-25 12:46:22,257 - INFO - ============================================================
2026-03-25 12:46:22,258 - INFO -   2026-03-25 12:46:22,257 - INFO -    \U0001f4c1 Источник: ils
2026-03-25 12:46:22,258 - INFO -   2026-03-25 12:46:22,257 - INFO -    \U0001f4c5 Поле даты: DATE_TIME_STAMP
2026-03-25 12:46:22,258 - INFO -   2026-03-25 12:46:22,257 - INFO -    \u23f0 Last run: 2026-03-22 12:44:33
2026-03-25 12:46:22,258 - INFO -   2026-03-25 12:46:22,257 - INFO -    \U0001f50c Шаг 1/6: Подключение к источнику (ils)...
2026-03-25 12:46:22,279 - INFO -   2026-03-25 12:46:22,279 - INFO -       \u2705 Подключено
2026-03-25 12:46:22,281 - INFO -   2026-03-25 12:46:22,279 - INFO -    \U0001f50c Шаг 2/6: Подключение к целевой БД...
2026-03-25 12:46:22,330 - INFO -   2026-03-25 12:46:22,330 - INFO -       \u2705 Подключено
2026-03-25 12:46:22,331 - INFO -   2026-03-25 12:46:22,330 - INFO -    \U0001f4cb Шаг 3/6: Получение структуры таблицы...
2026-03-25 12:46:22,360 - INFO -   2026-03-25 12:46:22,360 - INFO -       \u2705 Найдено колонок: 155
2026-03-25 12:46:22,361 - INFO -   2026-03-25 12:46:22,360 - INFO -    \U0001f4e5 Шаг 4/6: Чтение изменений с 2026-03-22 12:44:33...
2026-03-25 12:46:22,361 - INFO -   2026-03-25 12:46:22,360 - INFO -       Выполняется запрос...
2026-03-25 12:46:22,889 - INFO -   2026-03-25 12:46:22,889 - INFO -       \u2705 Прочитано строк: 1,292 (за 0.53 сек)
2026-03-25 12:46:22,889 - INFO -   2026-03-25 12:46:22,889 - INFO -    \U0001f4ca Шаг 6/6: Вставка/обновление 1,292 строк...
2026-03-25 12:46:22,909 - INFO -   2026-03-25 12:46:22,909 - ERROR -    \u274c ОШИБКА: (2627, b"Violation of PRIMARY KEY constraint 'PK__SHIPMENT__A6086B4453EF5F1A'. Cannot insert duplicate key in object 'raw_.SHIPMENT_HEADER'. The duplicate key value is (1103435).DB-Lib error message 20018, severity 14:\nGeneral SQL Server error: Check messages from the SQL Server\n")
2026-03-25 12:46:22,915 - INFO -   Traceback (most recent call last):
2026-03-25 12:46:22,915 - INFO -   File "src/pymssql/_pymssql.pyx", line 447, in pymssql._pymssql.Cursor.execute
2026-03-25 12:46:22,916 - INFO -   File "src/pymssql/_mssql.pyx", line 1125, in pymssql._mssql.MSSQLConnection.execute_query
2026-03-25 12:46:22,916 - INFO -   File "src/pymssql/_mssql.pyx", line 1156, in pymssql._mssql.MSSQLConnection.execute_query
2026-03-25 12:46:22,916 - INFO -   File "src/pymssql/_mssql.pyx", line 1289, in pymssql._mssql.MSSQLConnection.format_and_run_query
2026-03-25 12:46:22,916 - INFO -   File "src/pymssql/_mssql.pyx", line 1855, in pymssql._mssql.check_cancel_and_raise
2026-03-25 12:46:22,917 - INFO -   File "src/pymssql/_mssql.pyx", line 1901, in pymssql._mssql.raise_MSSQLDatabaseException
2026-03-25 12:46:22,917 - INFO -   pymssql._mssql.MSSQLDatabaseException: (2627, b"Violation of PRIMARY KEY constraint 'PK__SHIPMENT__A6086B4453EF5F1A'. Cannot insert duplicate key in object 'raw_.SHIPMENT_HEADER'. The duplicate key value is (1103435).DB-Lib error message 20018, severity 14:\nGeneral SQL Server error: Check messages from the SQL Server\n")
2026-03-25 12:46:22,917 - INFO -   During handling of the above exception, another exception occurred:
2026-03-25 12:46:22,917 - INFO -   Traceback (most recent call last):
2026-03-25 12:46:22,920 - INFO -   File "C:\Users\A.Gorbatenko\Documents\Dashboard\script\reload_3days_watermark.py", line 408, in reload_table_watermark
2026-03-25 12:46:22,921 - INFO -   dst_cursor.executemany(insert_sql, rows)
2026-03-25 12:46:22,921 - INFO -   ~~~~~~~~~~~~~~~~~~~~~~^^^^^^^^^^^^^^^^^^
2026-03-25 12:46:22,921 - INFO -   File "src/pymssql/_pymssql.pyx", line 477, in pymssql._pymssql.Cursor.executemany
2026-03-25 12:46:22,921 - INFO -   File "src/pymssql/_pymssql.pyx", line 464, in pymssql._pymssql.Cursor.execute
2026-03-25 12:46:22,921 - INFO -   pymssql.exceptions.IntegrityError: (2627, b"Violation of PRIMARY KEY constraint 'PK__SHIPMENT__A6086B4453EF5F1A'. Cannot insert duplicate key in object 'raw_.SHIPMENT_HEADER'. The duplicate key value is (1103435).DB-Lib error message 20018, severity 14:\nGeneral SQL Server error: Check messages from the SQL Server\n")
2026-03-25 12:46:22,969 - INFO -   2026-03-25 12:46:22,969 - INFO -
2026-03-25 12:46:22,969 - INFO -   \U0001f4cc [7/21] Обработка: TRANSACTION_HISTORY
2026-03-25 12:46:23,015 - INFO -   2026-03-25 12:46:23,015 - INFO -
2026-03-25 12:46:23,015 - INFO -   2026-03-25 12:46:23,015 - INFO - ============================================================
2026-03-25 12:46:23,015 - INFO -   2026-03-25 12:46:23,015 - INFO - ТАБЛИЦА: TRANSACTION_HISTORY \u2192 raw_.TRANSACTION_HISTORY
2026-03-25 12:46:23,016 - INFO -   2026-03-25 12:46:23,015 - INFO - ============================================================
2026-03-25 12:46:23,016 - INFO -   2026-03-25 12:46:23,015 - INFO -    \U0001f4c1 Источник: ils
2026-03-25 12:46:23,016 - INFO -   2026-03-25 12:46:23,015 - INFO -    \U0001f4c5 Поле даты: DATE_TIME_STAMP
2026-03-25 12:46:23,016 - INFO -   2026-03-25 12:46:23,015 - INFO -    \u23f0 Last run: 2026-03-22 12:44:33
2026-03-25 12:46:23,016 - INFO -   2026-03-25 12:46:23,015 - INFO -    \U0001f50c Шаг 1/6: Подключение к источнику (ils)...
2026-03-25 12:46:23,043 - INFO -   2026-03-25 12:46:23,043 - INFO -       \u2705 Подключено
2026-03-25 12:46:23,044 - INFO -   2026-03-25 12:46:23,043 - INFO -    \U0001f50c Шаг 2/6: Подключение к целевой БД...
2026-03-25 12:46:23,077 - INFO -   2026-03-25 12:46:23,077 - INFO -       \u2705 Подключено
2026-03-25 12:46:23,077 - INFO -   2026-03-25 12:46:23,077 - INFO -    \U0001f4cb Шаг 3/6: Получение структуры таблицы...
2026-03-25 12:46:23,099 - INFO -   2026-03-25 12:46:23,099 - INFO -       \u2705 Найдено колонок: 51
2026-03-25 12:46:23,099 - INFO -   2026-03-25 12:46:23,099 - INFO -    \U0001f4e5 Шаг 4/6: Чтение изменений с 2026-03-22 12:44:33...
2026-03-25 12:46:23,099 - INFO -   2026-03-25 12:46:23,099 - INFO -       Выполняется запрос...
2026-03-25 12:46:31,497 - INFO -   2026-03-25 12:46:31,497 - INFO -       \u2705 Прочитано строк: 124,039 (за 8.40 сек)
2026-03-25 12:46:31,498 - INFO -   2026-03-25 12:46:31,497 - INFO -       \u2699\ufe0f Шаг 5/6: Отключение некластеризованных индексов...
2026-03-25 12:46:31,515 - INFO -   2026-03-25 12:46:31,514 - INFO -       \u2139\ufe0f Некластеризованные индексы не найдены
2026-03-25 12:46:31,515 - INFO -   2026-03-25 12:46:31,515 - INFO -    \U0001f4ca Шаг 6/6: Вставка/обновление 124,039 строк...
