2026-03-25 13:34:24,061 - INFO - ╔==============================================================================╗
2026-03-25 13:34:24,062 - INFO - ║                    3-ДНЕВНЫЙ ETL ПАЙПЛАЙН                                 ║
2026-03-25 13:34:24,062 - INFO - ╚==============================================================================╝
2026-03-25 13:34:24,062 - INFO - 📅 Время запуска: 2026-03-25 13:34:24
2026-03-25 13:34:24,062 - INFO - 📁 Директория: C:\Users\A.Gorbatenko\Documents\Dashboard\script
2026-03-25 13:34:24,063 - INFO - ================================================================================
2026-03-25 13:34:24,063 - INFO - ================================================================================
2026-03-25 13:34:24,063 - INFO - ШАГ 1: Обновление сырых данных (reload_3days.py)
2026-03-25 13:34:24,063 - INFO - ================================================================================
2026-03-25 13:34:24,064 - INFO - 🚀 Запуск: C:\Users\A.Gorbatenko\Documents\Dashboard\script\reload_3days_bulk.py
2026-03-25 13:34:24,064 - INFO - --------------------------------------------------------------------------------
2026-03-25 13:34:24,217 - INFO -   2026-03-25 13:34:24,217 - INFO - ================================================================================
2026-03-25 13:34:24,217 - INFO -   2026-03-25 13:34:24,217 - INFO - \U0001f680 BULK INSERT: ОЧЕНЬ БЫСТРОЕ ОБНОВЛЕНИЕ ЗА 3 ДНЯ
2026-03-25 13:34:24,218 - INFO -   2026-03-25 13:34:24,217 - INFO - ================================================================================
2026-03-25 13:34:24,218 - INFO -   2026-03-25 13:34:24,218 - INFO - \U0001f4ca Всего таблиц: 21
2026-03-25 13:34:24,218 - INFO -   2026-03-25 13:34:24,218 - INFO - \U0001f3af Целевая БД: olap2_fixed.raw_
2026-03-25 13:34:24,218 - INFO -   2026-03-25 13:34:24,218 - INFO - ================================================================================
2026-03-25 13:34:24,219 - INFO -   2026-03-25 13:34:24,218 - INFO -
2026-03-25 13:34:24,219 - INFO -   \U0001f4cc [1/21] Обработка: ORDER_DETAIL
2026-03-25 13:34:24,219 - INFO -   2026-03-25 13:34:24,218 - INFO -
2026-03-25 13:34:24,219 - INFO -   2026-03-25 13:34:24,218 - INFO - ============================================================
2026-03-25 13:34:24,220 - INFO -   2026-03-25 13:34:24,218 - INFO - ТАБЛИЦА [1/21]: ORDER_DETAIL
2026-03-25 13:34:24,220 - INFO -   2026-03-25 13:34:24,218 - INFO - ============================================================
2026-03-25 13:34:24,220 - INFO -   2026-03-25 13:34:24,218 - INFO -    \U0001f4c1 Источник: ils, Поле даты: DATE_TIME_STAMP
2026-03-25 13:34:24,221 - INFO -   2026-03-25 13:34:24,218 - INFO -    \U0001f50c Шаг 1/6: Подключение к источнику (ils)...
2026-03-25 13:34:24,287 - INFO -   2026-03-25 13:34:24,287 - INFO -       \u2705 Подключено
2026-03-25 13:34:24,291 - INFO -   2026-03-25 13:34:24,287 - INFO -    \U0001f50c Шаг 2/6: Подключение к целевой БД...
2026-03-25 13:34:24,352 - INFO -   2026-03-25 13:34:24,352 - INFO -       \u2705 Подключено
2026-03-25 13:34:24,361 - INFO -   2026-03-25 13:34:24,352 - INFO -    \U0001f4cb Шаг 3/6: Получение структуры таблицы...
2026-03-25 13:34:24,361 - INFO -   2026-03-25 13:34:24,360 - INFO -       \u2705 Найдено колонок: 126
2026-03-25 13:34:24,361 - INFO -   2026-03-25 13:34:24,360 - INFO -    \U0001f4e5 Шаг 4/6: Чтение данных из источника...
2026-03-25 13:34:24,367 - INFO -   2026-03-25 13:34:24,367 - INFO -       \u2705 Прочитано: 0 строк (за 0.01 сек)
2026-03-25 13:34:24,368 - INFO -   2026-03-25 13:34:24,367 - INFO -       \u2139\ufe0f Нет данных
2026-03-25 13:34:24,368 - INFO -   2026-03-25 13:34:24,368 - INFO -
2026-03-25 13:34:24,369 - INFO -   \U0001f4cc [2/21] Обработка: ORDER_HEADER
2026-03-25 13:34:24,370 - INFO -   2026-03-25 13:34:24,368 - INFO -
2026-03-25 13:34:24,370 - INFO -   2026-03-25 13:34:24,368 - INFO - ============================================================
2026-03-25 13:34:24,370 - INFO -   2026-03-25 13:34:24,368 - INFO - ТАБЛИЦА [2/21]: ORDER_HEADER
2026-03-25 13:34:24,370 - INFO -   2026-03-25 13:34:24,368 - INFO - ============================================================
2026-03-25 13:34:24,371 - INFO -   2026-03-25 13:34:24,368 - INFO -    \U0001f4c1 Источник: ils, Поле даты: ORDER_DATE
2026-03-25 13:34:24,371 - INFO -   2026-03-25 13:34:24,368 - INFO -    \U0001f50c Шаг 1/6: Подключение к источнику (ils)...
2026-03-25 13:34:24,384 - INFO -   2026-03-25 13:34:24,384 - INFO -       \u2705 Подключено
2026-03-25 13:34:24,406 - INFO -   2026-03-25 13:34:24,384 - INFO -    \U0001f50c Шаг 2/6: Подключение к целевой БД...
2026-03-25 13:34:24,423 - INFO -   2026-03-25 13:34:24,423 - INFO -       \u2705 Подключено
2026-03-25 13:34:24,423 - INFO -   2026-03-25 13:34:24,423 - INFO -    \U0001f4cb Шаг 3/6: Получение структуры таблицы...
2026-03-25 13:34:24,428 - INFO -   2026-03-25 13:34:24,428 - INFO -       \u2705 Найдено колонок: 114
2026-03-25 13:34:24,428 - INFO -   2026-03-25 13:34:24,428 - INFO -    \U0001f4e5 Шаг 4/6: Чтение данных из источника...
2026-03-25 13:34:24,956 - INFO -   2026-03-25 13:34:24,955 - INFO -       \u2705 Прочитано: 0 строк (за 0.53 сек)
2026-03-25 13:34:24,956 - INFO -   2026-03-25 13:34:24,956 - INFO -       \u2139\ufe0f Нет данных
2026-03-25 13:34:24,957 - INFO -   2026-03-25 13:34:24,956 - INFO -
2026-03-25 13:34:24,957 - INFO -   \U0001f4cc [3/21] Обработка: RECEIPT_DETAIL
2026-03-25 13:34:24,957 - INFO -   2026-03-25 13:34:24,956 - INFO -
2026-03-25 13:34:24,958 - INFO -   2026-03-25 13:34:24,957 - INFO - ============================================================
2026-03-25 13:34:24,958 - INFO -   2026-03-25 13:34:24,957 - INFO - ТАБЛИЦА [3/21]: RECEIPT_DETAIL
2026-03-25 13:34:24,958 - INFO -   2026-03-25 13:34:24,957 - INFO - ============================================================
2026-03-25 13:34:24,958 - INFO -   2026-03-25 13:34:24,957 - INFO -    \U0001f4c1 Источник: ils, Поле даты: DATE_TIME_STAMP
2026-03-25 13:34:24,959 - INFO -   2026-03-25 13:34:24,957 - INFO -    \U0001f50c Шаг 1/6: Подключение к источнику (ils)...
2026-03-25 13:34:24,969 - INFO -   2026-03-25 13:34:24,969 - INFO -       \u2705 Подключено
2026-03-25 13:34:24,969 - INFO -   2026-03-25 13:34:24,969 - INFO -    \U0001f50c Шаг 2/6: Подключение к целевой БД...
2026-03-25 13:34:25,030 - INFO -   2026-03-25 13:34:25,030 - INFO -       \u2705 Подключено
2026-03-25 13:34:25,030 - INFO -   2026-03-25 13:34:25,030 - INFO -    \U0001f4cb Шаг 3/6: Получение структуры таблицы...
2026-03-25 13:34:25,034 - INFO -   2026-03-25 13:34:25,034 - INFO -       \u2705 Найдено колонок: 83
2026-03-25 13:34:25,035 - INFO -   2026-03-25 13:34:25,034 - INFO -    \U0001f4e5 Шаг 4/6: Чтение данных из источника...
2026-03-25 13:34:25,173 - INFO -   2026-03-25 13:34:25,172 - INFO -       \u2705 Прочитано: 1,563 строк (за 0.14 сек)
2026-03-25 13:34:25,173 - INFO -   2026-03-25 13:34:25,173 - INFO -    \U0001f5d1\ufe0f Шаг 5/6: Удаление старых данных...
2026-03-25 13:34:25,189 - INFO -   2026-03-25 13:34:25,188 - INFO -       \U0001f5d1\ufe0f Удалено: 0 строк (за 0.02 сек)
2026-03-25 13:34:25,190 - INFO -   2026-03-25 13:34:25,188 - INFO -    \U0001f4ca Шаг 6/6: BULK INSERT...
2026-03-25 13:34:25,226 - INFO -   2026-03-25 13:34:25,226 - INFO -       \U0001f4c1 CSV создан: 0.85 MB (за 0.04 сек)
2026-03-25 13:34:41,199 - INFO -   2026-03-25 13:34:41,198 - INFO -       \u2705 BULK INSERT: 1,563 строк за 15.97 сек
2026-03-25 13:34:41,199 - INFO -   2026-03-25 13:34:41,199 - INFO -    \U0001f50d Проверка...
2026-03-25 13:34:41,202 - INFO -   2026-03-25 13:34:41,202 - INFO -       \u2705 В target: 1,563 строк
2026-03-25 13:34:41,203 - INFO -   2026-03-25 13:34:41,202 - INFO -
2026-03-25 13:34:41,203 - INFO -   2026-03-25 13:34:41,202 - INFO -    \u23f1\ufe0f ОБЩЕЕ ВРЕМЯ: 16.25 сек (0.27 мин)
2026-03-25 13:34:41,203 - INFO -   2026-03-25 13:34:41,202 - INFO - ============================================================
2026-03-25 13:34:41,205 - INFO -   2026-03-25 13:34:41,205 - INFO -
2026-03-25 13:34:41,205 - INFO -   \U0001f4cc [4/21] Обработка: RECEIPT_HEADER
2026-03-25 13:34:41,205 - INFO -   2026-03-25 13:34:41,205 - INFO -
2026-03-25 13:34:41,205 - INFO -   2026-03-25 13:34:41,205 - INFO - ============================================================
2026-03-25 13:34:41,206 - INFO -   2026-03-25 13:34:41,205 - INFO - ТАБЛИЦА [4/21]: RECEIPT_HEADER
2026-03-25 13:34:41,206 - INFO -   2026-03-25 13:34:41,205 - INFO - ============================================================
2026-03-25 13:34:41,206 - INFO -   2026-03-25 13:34:41,205 - INFO -    \U0001f4c1 Источник: ils, Поле даты: RECEIPT_DATE
2026-03-25 13:34:41,207 - INFO -   2026-03-25 13:34:41,205 - INFO -    \U0001f50c Шаг 1/6: Подключение к источнику (ils)...
2026-03-25 13:34:41,218 - INFO -   2026-03-25 13:34:41,218 - INFO -       \u2705 Подключено
2026-03-25 13:34:41,219 - INFO -   2026-03-25 13:34:41,218 - INFO -    \U0001f50c Шаг 2/6: Подключение к целевой БД...
2026-03-25 13:34:41,264 - INFO -   2026-03-25 13:34:41,264 - INFO -       \u2705 Подключено
2026-03-25 13:34:41,265 - INFO -   2026-03-25 13:34:41,264 - INFO -    \U0001f4cb Шаг 3/6: Получение структуры таблицы...
2026-03-25 13:34:41,270 - INFO -   2026-03-25 13:34:41,269 - INFO -       \u2705 Найдено колонок: 81
2026-03-25 13:34:41,270 - INFO -   2026-03-25 13:34:41,269 - INFO -    \U0001f4e5 Шаг 4/6: Чтение данных из источника...
2026-03-25 13:34:41,320 - INFO -   2026-03-25 13:34:41,320 - INFO -       \u2705 Прочитано: 341 строк (за 0.05 сек)
2026-03-25 13:34:41,321 - INFO -   2026-03-25 13:34:41,320 - INFO -    \U0001f5d1\ufe0f Шаг 5/6: Удаление старых данных...
2026-03-25 13:34:41,330 - INFO -   2026-03-25 13:34:41,330 - INFO -       \U0001f5d1\ufe0f Удалено: 0 строк (за 0.01 сек)
2026-03-25 13:34:41,333 - INFO -   2026-03-25 13:34:41,330 - INFO -    \U0001f4ca Шаг 6/6: BULK INSERT...
2026-03-25 13:34:41,348 - INFO -   2026-03-25 13:34:41,347 - INFO -       \U0001f4c1 CSV создан: 0.23 MB (за 0.02 сек)
2026-03-25 13:34:44,516 - INFO -   2026-03-25 13:34:44,515 - INFO -       \u2705 BULK INSERT: 341 строк за 3.17 сек
2026-03-25 13:34:44,517 - INFO -   2026-03-25 13:34:44,515 - INFO -    \U0001f50d Проверка...
2026-03-25 13:34:44,780 - INFO -   2026-03-25 13:34:44,780 - INFO -       \u2705 В target: 341 строк
2026-03-25 13:34:44,781 - INFO -   2026-03-25 13:34:44,780 - INFO -
2026-03-25 13:34:44,782 - INFO -   2026-03-25 13:34:44,780 - INFO -    \u23f1\ufe0f ОБЩЕЕ ВРЕМЯ: 3.58 сек (0.06 мин)
2026-03-25 13:34:44,783 - INFO -   2026-03-25 13:34:44,780 - INFO - ============================================================
2026-03-25 13:34:44,784 - INFO -   2026-03-25 13:34:44,782 - INFO -
2026-03-25 13:34:44,784 - INFO -   \U0001f4cc [5/21] Обработка: SHIPMENT_DETAIL
2026-03-25 13:34:44,785 - INFO -   2026-03-25 13:34:44,783 - INFO -
2026-03-25 13:34:44,785 - INFO -   2026-03-25 13:34:44,783 - INFO - ============================================================
2026-03-25 13:34:44,787 - INFO -   2026-03-25 13:34:44,783 - INFO - ТАБЛИЦА [5/21]: SHIPMENT_DETAIL
2026-03-25 13:34:44,788 - INFO -   2026-03-25 13:34:44,783 - INFO - ============================================================
2026-03-25 13:34:44,789 - INFO -   2026-03-25 13:34:44,783 - INFO -    \U0001f4c1 Источник: ils, Поле даты: DATE_TIME_STAMP
2026-03-25 13:34:44,790 - INFO -   2026-03-25 13:34:44,784 - INFO -    \U0001f50c Шаг 1/6: Подключение к источнику (ils)...
2026-03-25 13:34:44,826 - INFO -   2026-03-25 13:34:44,826 - INFO -       \u2705 Подключено
2026-03-25 13:34:44,827 - INFO -   2026-03-25 13:34:44,826 - INFO -    \U0001f50c Шаг 2/6: Подключение к целевой БД...
2026-03-25 13:34:44,868 - INFO -   2026-03-25 13:34:44,868 - INFO -       \u2705 Подключено
2026-03-25 13:34:44,869 - INFO -   2026-03-25 13:34:44,868 - INFO -    \U0001f4cb Шаг 3/6: Получение структуры таблицы...
2026-03-25 13:34:44,875 - INFO -   2026-03-25 13:34:44,875 - INFO -       \u2705 Найдено колонок: 154
2026-03-25 13:34:44,876 - INFO -   2026-03-25 13:34:44,875 - INFO -    \U0001f4e5 Шаг 4/6: Чтение данных из источника...
2026-03-25 13:34:46,456 - INFO -   2026-03-25 13:34:46,456 - INFO -       \u2705 Прочитано: 9,134 строк (за 1.58 сек)
2026-03-25 13:34:46,456 - INFO -   2026-03-25 13:34:46,456 - INFO -    \U0001f5d1\ufe0f Шаг 5/6: Удаление старых данных...
2026-03-25 13:34:46,468 - INFO -   2026-03-25 13:34:46,468 - INFO -       \U0001f5d1\ufe0f Удалено: 0 строк (за 0.01 сек)
2026-03-25 13:34:46,469 - INFO -   2026-03-25 13:34:46,468 - INFO -    \U0001f4ca Шаг 6/6: BULK INSERT...
2026-03-25 13:34:46,800 - INFO -   2026-03-25 13:34:46,799 - INFO -       \U0001f4c1 CSV создан: 7.58 MB (за 0.33 сек)
2026-03-25 13:37:20,667 - INFO -   2026-03-25 13:37:20,666 - INFO -       \u2705 BULK INSERT: 9,134 строк за 153.87 сек
2026-03-25 13:37:20,667 - INFO -   2026-03-25 13:37:20,666 - INFO -    \U0001f50d Проверка...
2026-03-25 13:37:20,673 - INFO -   2026-03-25 13:37:20,672 - INFO -       \u2705 В target: 9,134 строк
2026-03-25 13:37:20,673 - INFO -   2026-03-25 13:37:20,673 - INFO -
2026-03-25 13:37:20,673 - INFO -   2026-03-25 13:37:20,673 - INFO -    \u23f1\ufe0f ОБЩЕЕ ВРЕМЯ: 155.89 сек (2.60 мин)
2026-03-25 13:37:20,674 - INFO -   2026-03-25 13:37:20,673 - INFO - ============================================================
2026-03-25 13:37:20,705 - INFO -   2026-03-25 13:37:20,705 - INFO -
2026-03-25 13:37:20,705 - INFO -   \U0001f4cc [6/21] Обработка: SHIPMENT_HEADER
2026-03-25 13:37:20,706 - INFO -   2026-03-25 13:37:20,705 - INFO -
2026-03-25 13:37:20,706 - INFO -   2026-03-25 13:37:20,705 - INFO - ============================================================
2026-03-25 13:37:20,706 - INFO -   2026-03-25 13:37:20,705 - INFO - ТАБЛИЦА [6/21]: SHIPMENT_HEADER
2026-03-25 13:37:20,706 - INFO -   2026-03-25 13:37:20,705 - INFO - ============================================================
2026-03-25 13:37:20,706 - INFO -   2026-03-25 13:37:20,705 - INFO -    \U0001f4c1 Источник: ils, Поле даты: PLANNED_SHIP_DATE
2026-03-25 13:37:20,706 - INFO -   2026-03-25 13:37:20,705 - INFO -    \U0001f50c Шаг 1/6: Подключение к источнику (ils)...
2026-03-25 13:37:20,725 - INFO -   2026-03-25 13:37:20,724 - INFO -       \u2705 Подключено
2026-03-25 13:37:20,725 - INFO -   2026-03-25 13:37:20,725 - INFO -    \U0001f50c Шаг 2/6: Подключение к целевой БД...
2026-03-25 13:37:20,784 - INFO -   2026-03-25 13:37:20,784 - INFO -       \u2705 Подключено
2026-03-25 13:37:20,785 - INFO -   2026-03-25 13:37:20,784 - INFO -    \U0001f4cb Шаг 3/6: Получение структуры таблицы...
2026-03-25 13:37:20,790 - INFO -   2026-03-25 13:37:20,790 - INFO -       \u2705 Найдено колонок: 155
2026-03-25 13:37:20,790 - INFO -   2026-03-25 13:37:20,790 - INFO -    \U0001f4e5 Шаг 4/6: Чтение данных из источника...
2026-03-25 13:37:21,372 - INFO -   2026-03-25 13:37:21,371 - INFO -       \u2705 Прочитано: 1,065 строк (за 0.58 сек)
2026-03-25 13:37:21,372 - INFO -   2026-03-25 13:37:21,372 - INFO -    \U0001f5d1\ufe0f Шаг 5/6: Удаление старых данных...
2026-03-25 13:37:21,393 - INFO -   2026-03-25 13:37:21,393 - INFO -       \U0001f5d1\ufe0f Удалено: 0 строк (за 0.02 сек)
2026-03-25 13:37:21,395 - INFO -   2026-03-25 13:37:21,393 - INFO -    \U0001f4ca Шаг 6/6: BULK INSERT...
2026-03-25 13:37:21,461 - INFO -   2026-03-25 13:37:21,461 - INFO -       \U0001f4c1 CSV создан: 1.27 MB (за 0.07 сек)
2026-03-25 13:38:30,965 - INFO -   2026-03-25 13:38:30,964 - INFO -       \u2705 BULK INSERT: 1,065 строк за 69.50 сек
2026-03-25 13:38:30,966 - INFO -   2026-03-25 13:38:30,965 - INFO -    \U0001f50d Проверка...
2026-03-25 13:38:30,970 - INFO -   2026-03-25 13:38:30,970 - INFO -       \u2705 В target: 1,065 строк
2026-03-25 13:38:30,971 - INFO -   2026-03-25 13:38:30,970 - INFO -
2026-03-25 13:38:30,971 - INFO -   2026-03-25 13:38:30,970 - INFO -    \u23f1\ufe0f ОБЩЕЕ ВРЕМЯ: 70.27 сек (1.17 мин)
2026-03-25 13:38:30,972 - INFO -   2026-03-25 13:38:30,970 - INFO - ============================================================
2026-03-25 13:38:30,973 - INFO -   2026-03-25 13:38:30,973 - INFO -
2026-03-25 13:38:30,973 - INFO -   \U0001f4cc [7/21] Обработка: TRANSACTION_HISTORY
2026-03-25 13:38:30,973 - INFO -   2026-03-25 13:38:30,973 - INFO -
2026-03-25 13:38:30,974 - INFO -   2026-03-25 13:38:30,973 - INFO - ============================================================
2026-03-25 13:38:30,974 - INFO -   2026-03-25 13:38:30,973 - INFO - ТАБЛИЦА [7/21]: TRANSACTION_HISTORY
2026-03-25 13:38:30,974 - INFO -   2026-03-25 13:38:30,973 - INFO - ============================================================
2026-03-25 13:38:30,974 - INFO -   2026-03-25 13:38:30,973 - INFO -    \U0001f4c1 Источник: ils, Поле даты: DATE_TIME_STAMP
2026-03-25 13:38:30,974 - INFO -   2026-03-25 13:38:30,973 - INFO -    \U0001f50c Шаг 1/6: Подключение к источнику (ils)...
2026-03-25 13:38:31,012 - INFO -   2026-03-25 13:38:31,011 - INFO -       \u2705 Подключено
2026-03-25 13:38:31,012 - INFO -   2026-03-25 13:38:31,012 - INFO -    \U0001f50c Шаг 2/6: Подключение к целевой БД...
2026-03-25 13:38:31,090 - INFO -   2026-03-25 13:38:31,089 - INFO -       \u2705 Подключено
2026-03-25 13:38:31,090 - INFO -   2026-03-25 13:38:31,089 - INFO -    \U0001f4cb Шаг 3/6: Получение структуры таблицы...
2026-03-25 13:38:31,109 - INFO -   2026-03-25 13:38:31,109 - INFO -       \u2705 Найдено колонок: 51
2026-03-25 13:38:31,114 - INFO -   2026-03-25 13:38:31,109 - INFO -    \U0001f4e5 Шаг 4/6: Чтение данных из источника...
2026-03-25 13:38:42,258 - INFO -   2026-03-25 13:38:42,258 - INFO -       \u2705 Прочитано: 124,866 строк (за 11.15 сек)
2026-03-25 13:38:42,258 - INFO -   2026-03-25 13:38:42,258 - INFO -    \U0001f5d1\ufe0f Шаг 5/6: Удаление старых данных...
2026-03-25 13:38:42,269 - INFO -   2026-03-25 13:38:42,268 - INFO -       \U0001f5d1\ufe0f Удалено: 0 строк (за 0.01 сек)
2026-03-25 13:38:42,269 - INFO -   2026-03-25 13:38:42,269 - INFO -    \U0001f4ca Шаг 6/6: BULK INSERT...
2026-03-25 13:38:44,740 - INFO -   2026-03-25 13:38:44,740 - INFO -       \U0001f4c1 CSV создан: 47.58 MB (за 2.47 сек)
