2026-03-25 09:45:14,057 - INFO - ╔==============================================================================╗
2026-03-25 09:45:14,057 - INFO - ║                    3-ДНЕВНЫЙ ETL ПАЙПЛАЙН                                 ║
2026-03-25 09:45:14,058 - INFO - ╚==============================================================================╝
2026-03-25 09:45:14,058 - INFO - 📅 Время запуска: 2026-03-25 09:45:14
2026-03-25 09:45:14,058 - INFO - 📁 Директория: C:\Users\A.Gorbatenko\Documents\Dashboard\script
2026-03-25 09:45:14,058 - INFO - ================================================================================
2026-03-25 09:45:14,058 - INFO - ================================================================================
2026-03-25 09:45:14,059 - INFO - ШАГ 1: Обновление сырых данных (reload_3days.py)
2026-03-25 09:45:14,059 - INFO - ================================================================================
2026-03-25 09:45:14,059 - INFO - 🚀 Запуск: C:\Users\A.Gorbatenko\Documents\Dashboard\script\reload_3days.py
2026-03-25 09:45:14,059 - INFO - --------------------------------------------------------------------------------
2026-03-25 09:45:14,154 - INFO -   2026-03-25 09:45:14,153 - INFO - ================================================================================
2026-03-25 09:45:14,159 - INFO -   2026-03-25 09:45:14,154 - INFO - \U0001f680 ПЕРЕЗАПИСЬ ДАННЫХ ЗА ПОСЛЕДНИЕ 3 ДНЯ
2026-03-25 09:45:14,160 - INFO -   2026-03-25 09:45:14,155 - INFO - ================================================================================
2026-03-25 09:45:14,160 - INFO -   2026-03-25 09:45:14,155 - INFO - \U0001f4ca Всего таблиц: 21
2026-03-25 09:45:14,167 - INFO -   2026-03-25 09:45:14,155 - INFO - \U0001f4c1 Источники: ils (19 таблиц), sk (2 таблицы)
2026-03-25 09:45:14,167 - INFO -   2026-03-25 09:45:14,155 - INFO - \U0001f3af Целевая БД: olap2_fixed.raw_
2026-03-25 09:45:14,171 - INFO -   2026-03-25 09:45:14,155 - INFO - \U0001f4c5 Период: 2026-03-22 - 2026-03-25
2026-03-25 09:45:14,172 - INFO -   2026-03-25 09:45:14,155 - INFO - ================================================================================
2026-03-25 09:45:14,173 - INFO -   2026-03-25 09:45:14,156 - INFO -
2026-03-25 09:45:14,173 - INFO -   2026-03-25 09:45:14,156 - INFO - ============================================================
2026-03-25 09:45:14,175 - INFO -   2026-03-25 09:45:14,156 - INFO - ТАБЛИЦА [1/21]: ORDER_DETAIL
2026-03-25 09:45:14,176 - INFO -   2026-03-25 09:45:14,156 - INFO - ============================================================
2026-03-25 09:45:14,176 - INFO -   2026-03-25 09:45:14,156 - INFO -    \U0001f4c1 Источник: ils, Поле даты: DATE_TIME_STAMP
2026-03-25 09:45:14,178 - INFO -   2026-03-25 09:45:14,156 - INFO -    \U0001f4c5 Период: 2026-03-22 09:45 - 2026-03-25 09:45
2026-03-25 09:45:14,179 - INFO -   2026-03-25 09:45:14,156 - INFO -    \U0001f50c Шаг 1/5: Подключение к источнику (ils)...
2026-03-25 09:45:14,216 - INFO -   2026-03-25 09:45:14,216 - INFO -       \u2705 Подключено
2026-03-25 09:45:14,216 - INFO -   2026-03-25 09:45:14,216 - INFO -    \U0001f50c Шаг 2/5: Подключение к целевой БД...
2026-03-25 09:45:14,259 - INFO -   2026-03-25 09:45:14,259 - INFO -       \u2705 Подключено
2026-03-25 09:45:14,260 - INFO -   2026-03-25 09:45:14,259 - INFO -    \U0001f4cb Шаг 3/5: Получение структуры таблицы...
2026-03-25 09:45:14,310 - INFO -   2026-03-25 09:45:14,310 - INFO -       \u2705 Найдено колонок: 126
2026-03-25 09:45:14,311 - INFO -   2026-03-25 09:45:14,310 - INFO -    \U0001f4e5 Шаг 4/5: Чтение данных из источника...
2026-03-25 09:45:14,312 - INFO -   2026-03-25 09:45:14,310 - INFO -       Выполняется запрос...
2026-03-25 09:45:14,327 - INFO -   2026-03-25 09:45:14,327 - INFO -       \u2705 Прочитано строк: 0 (за 0.02 сек)
2026-03-25 09:45:14,328 - INFO -   2026-03-25 09:45:14,327 - INFO -    \U0001f5d1\ufe0f Шаг 5/5: Удаление старых данных и вставка новых...
2026-03-25 09:45:14,333 - INFO -   2026-03-25 09:45:14,333 - INFO -       \U0001f5d1\ufe0f Удалено строк: 0 (за 0.01 сек)
2026-03-25 09:45:14,340 - INFO -   2026-03-25 09:45:14,339 - INFO -       \u2139\ufe0f Нет данных для вставки
2026-03-25 09:45:14,342 - INFO -   2026-03-25 09:45:14,340 - INFO -    \U0001f50d Проверка результата...
2026-03-25 09:45:14,343 - INFO -   2026-03-25 09:45:14,343 - INFO -       \u2705 В target за период: 0 строк
2026-03-25 09:45:14,344 - INFO -   2026-03-25 09:45:14,343 - INFO -
2026-03-25 09:45:14,344 - INFO -   2026-03-25 09:45:14,343 - INFO -    \u23f1\ufe0f ОБЩЕЕ ВРЕМЯ по таблице ORDER_DETAIL: 0.19 сек (0.00 мин)
2026-03-25 09:45:14,345 - INFO -   2026-03-25 09:45:14,344 - INFO - ============================================================
2026-03-25 09:45:14,345 - INFO -   2026-03-25 09:45:14,344 - INFO -
2026-03-25 09:45:14,345 - INFO -   2026-03-25 09:45:14,344 - INFO - ============================================================
2026-03-25 09:45:14,346 - INFO -   2026-03-25 09:45:14,344 - INFO - ТАБЛИЦА [2/21]: ORDER_HEADER
2026-03-25 09:45:14,346 - INFO -   2026-03-25 09:45:14,345 - INFO - ============================================================
2026-03-25 09:45:14,347 - INFO -   2026-03-25 09:45:14,345 - INFO -    \U0001f4c1 Источник: ils, Поле даты: ORDER_DATE
2026-03-25 09:45:14,347 - INFO -   2026-03-25 09:45:14,345 - INFO -    \U0001f4c5 Период: 2026-03-22 09:45 - 2026-03-25 09:45
2026-03-25 09:45:14,348 - INFO -   2026-03-25 09:45:14,345 - INFO -    \U0001f50c Шаг 1/5: Подключение к источнику (ils)...
2026-03-25 09:45:14,379 - INFO -   2026-03-25 09:45:14,379 - INFO -       \u2705 Подключено
2026-03-25 09:45:14,381 - INFO -   2026-03-25 09:45:14,379 - INFO -    \U0001f50c Шаг 2/5: Подключение к целевой БД...
2026-03-25 09:45:14,424 - INFO -   2026-03-25 09:45:14,424 - INFO -       \u2705 Подключено
2026-03-25 09:45:14,424 - INFO -   2026-03-25 09:45:14,424 - INFO -    \U0001f4cb Шаг 3/5: Получение структуры таблицы...
2026-03-25 09:45:14,445 - INFO -   2026-03-25 09:45:14,444 - INFO -       \u2705 Найдено колонок: 114
2026-03-25 09:45:14,445 - INFO -   2026-03-25 09:45:14,445 - INFO -    \U0001f4e5 Шаг 4/5: Чтение данных из источника...
2026-03-25 09:45:14,446 - INFO -   2026-03-25 09:45:14,445 - INFO -       Выполняется запрос...
2026-03-25 09:45:14,990 - INFO -   2026-03-25 09:45:14,989 - INFO -       \u2705 Прочитано строк: 0 (за 0.54 сек)
2026-03-25 09:45:14,990 - INFO -   2026-03-25 09:45:14,990 - INFO -    \U0001f5d1\ufe0f Шаг 5/5: Удаление старых данных и вставка новых...
2026-03-25 09:45:15,011 - INFO -   2026-03-25 09:45:15,011 - INFO -       \U0001f5d1\ufe0f Удалено строк: 0 (за 0.02 сек)
2026-03-25 09:45:15,019 - INFO -   2026-03-25 09:45:15,019 - INFO -       \u2139\ufe0f Нет данных для вставки
2026-03-25 09:45:15,019 - INFO -   2026-03-25 09:45:15,019 - INFO -    \U0001f50d Проверка результата...
2026-03-25 09:45:15,024 - INFO -   2026-03-25 09:45:15,024 - INFO -       \u2705 В target за период: 0 строк
2026-03-25 09:45:15,025 - INFO -   2026-03-25 09:45:15,024 - INFO -
2026-03-25 09:45:15,025 - INFO -   2026-03-25 09:45:15,024 - INFO -    \u23f1\ufe0f ОБЩЕЕ ВРЕМЯ по таблице ORDER_HEADER: 0.68 сек (0.01 мин)
2026-03-25 09:45:15,025 - INFO -   2026-03-25 09:45:15,024 - INFO - ============================================================
2026-03-25 09:45:15,025 - INFO -   2026-03-25 09:45:15,025 - INFO -
2026-03-25 09:45:15,025 - INFO -   2026-03-25 09:45:15,025 - INFO - ============================================================
2026-03-25 09:45:15,026 - INFO -   2026-03-25 09:45:15,025 - INFO - ТАБЛИЦА [3/21]: RECEIPT_DETAIL
2026-03-25 09:45:15,026 - INFO -   2026-03-25 09:45:15,025 - INFO - ============================================================
2026-03-25 09:45:15,026 - INFO -   2026-03-25 09:45:15,025 - INFO -    \U0001f4c1 Источник: ils, Поле даты: DATE_TIME_STAMP
2026-03-25 09:45:15,026 - INFO -   2026-03-25 09:45:15,025 - INFO -    \U0001f4c5 Период: 2026-03-22 09:45 - 2026-03-25 09:45
2026-03-25 09:45:15,026 - INFO -   2026-03-25 09:45:15,025 - INFO -    \U0001f50c Шаг 1/5: Подключение к источнику (ils)...
2026-03-25 09:45:15,051 - INFO -   2026-03-25 09:45:15,051 - INFO -       \u2705 Подключено
2026-03-25 09:45:15,052 - INFO -   2026-03-25 09:45:15,051 - INFO -    \U0001f50c Шаг 2/5: Подключение к целевой БД...
2026-03-25 09:45:15,088 - INFO -   2026-03-25 09:45:15,088 - INFO -       \u2705 Подключено
2026-03-25 09:45:15,089 - INFO -   2026-03-25 09:45:15,088 - INFO -    \U0001f4cb Шаг 3/5: Получение структуры таблицы...
2026-03-25 09:45:15,104 - INFO -   2026-03-25 09:45:15,104 - INFO -       \u2705 Найдено колонок: 83
2026-03-25 09:45:15,105 - INFO -   2026-03-25 09:45:15,104 - INFO -    \U0001f4e5 Шаг 4/5: Чтение данных из источника...
2026-03-25 09:45:15,107 - INFO -   2026-03-25 09:45:15,104 - INFO -       Выполняется запрос...
2026-03-25 09:45:15,757 - INFO -   2026-03-25 09:45:15,757 - INFO -       \u2705 Прочитано строк: 1,167 (за 0.65 сек)
2026-03-25 09:45:15,757 - INFO -   2026-03-25 09:45:15,757 - INFO -    \U0001f5d1\ufe0f Шаг 5/5: Удаление старых данных и вставка новых...
2026-03-25 09:45:16,593 - INFO -   2026-03-25 09:45:16,593 - INFO -       \U0001f5d1\ufe0f Удалено строк: 1,167 (за 0.84 сек)
2026-03-25 09:45:16,594 - INFO -   2026-03-25 09:45:16,593 - INFO -       \U0001f4ca Вставка 1,167 строк (единым вызовом)...
2026-03-25 09:45:38,666 - INFO -   2026-03-25 09:45:38,665 - INFO -       \u2705 Вставлено: 1,167 строк за 22.07 сек (53 строк/сек)
2026-03-25 09:45:38,666 - INFO -   2026-03-25 09:45:38,665 - INFO -    \U0001f50d Проверка результата...
2026-03-25 09:45:40,012 - INFO -   2026-03-25 09:45:40,012 - INFO -       \u2705 В target за период: 1,167 строк
2026-03-25 09:45:40,013 - INFO -   2026-03-25 09:45:40,012 - INFO -
2026-03-25 09:45:40,013 - INFO -   2026-03-25 09:45:40,012 - INFO -    \u23f1\ufe0f ОБЩЕЕ ВРЕМЯ по таблице RECEIPT_DETAIL: 24.99 сек (0.42 мин)
2026-03-25 09:45:40,014 - INFO -   2026-03-25 09:45:40,012 - INFO - ============================================================
2026-03-25 09:45:40,016 - INFO -   2026-03-25 09:45:40,016 - INFO -
2026-03-25 09:45:40,017 - INFO -   2026-03-25 09:45:40,016 - INFO - ============================================================
2026-03-25 09:45:40,017 - INFO -   2026-03-25 09:45:40,016 - INFO - ТАБЛИЦА [4/21]: RECEIPT_HEADER
2026-03-25 09:45:40,017 - INFO -   2026-03-25 09:45:40,016 - INFO - ============================================================
2026-03-25 09:45:40,018 - INFO -   2026-03-25 09:45:40,016 - INFO -    \U0001f4c1 Источник: ils, Поле даты: RECEIPT_DATE
2026-03-25 09:45:40,018 - INFO -   2026-03-25 09:45:40,017 - INFO -    \U0001f4c5 Период: 2026-03-22 09:45 - 2026-03-25 09:45
2026-03-25 09:45:40,019 - INFO -   2026-03-25 09:45:40,017 - INFO -    \U0001f50c Шаг 1/5: Подключение к источнику (ils)...
2026-03-25 09:45:40,044 - INFO -   2026-03-25 09:45:40,044 - INFO -       \u2705 Подключено
2026-03-25 09:45:40,044 - INFO -   2026-03-25 09:45:40,044 - INFO -    \U0001f50c Шаг 2/5: Подключение к целевой БД...
2026-03-25 09:45:40,089 - INFO -   2026-03-25 09:45:40,089 - INFO -       \u2705 Подключено
2026-03-25 09:45:40,089 - INFO -   2026-03-25 09:45:40,089 - INFO -    \U0001f4cb Шаг 3/5: Получение структуры таблицы...
2026-03-25 09:45:40,121 - INFO -   2026-03-25 09:45:40,121 - INFO -       \u2705 Найдено колонок: 81
2026-03-25 09:45:40,121 - INFO -   2026-03-25 09:45:40,121 - INFO -    \U0001f4e5 Шаг 4/5: Чтение данных из источника...
2026-03-25 09:45:40,122 - INFO -   2026-03-25 09:45:40,121 - INFO -       Выполняется запрос...
2026-03-25 09:45:40,167 - INFO -   2026-03-25 09:45:40,167 - INFO -       \u2705 Прочитано строк: 262 (за 0.05 сек)
2026-03-25 09:45:40,167 - INFO -   2026-03-25 09:45:40,167 - INFO -    \U0001f5d1\ufe0f Шаг 5/5: Удаление старых данных и вставка новых...
2026-03-25 09:45:40,422 - INFO -   2026-03-25 09:45:40,421 - INFO -       \U0001f5d1\ufe0f Удалено строк: 262 (за 0.25 сек)
2026-03-25 09:45:40,422 - INFO -   2026-03-25 09:45:40,422 - INFO -       \U0001f4ca Вставка 262 строк (единым вызовом)...
2026-03-25 09:45:46,529 - INFO -   2026-03-25 09:45:46,528 - INFO -       \u2705 Вставлено: 262 строк за 6.11 сек (43 строк/сек)
2026-03-25 09:45:46,530 - INFO -   2026-03-25 09:45:46,529 - INFO -    \U0001f50d Проверка результата...
2026-03-25 09:45:46,552 - INFO -   2026-03-25 09:45:46,551 - INFO -       \u2705 В target за период: 262 строк
2026-03-25 09:45:46,554 - INFO -   2026-03-25 09:45:46,551 - INFO -
2026-03-25 09:45:46,554 - INFO -   2026-03-25 09:45:46,552 - INFO -    \u23f1\ufe0f ОБЩЕЕ ВРЕМЯ по таблице RECEIPT_HEADER: 6.53 сек (0.11 мин)
2026-03-25 09:45:46,555 - INFO -   2026-03-25 09:45:46,552 - INFO - ============================================================
2026-03-25 09:45:46,556 - INFO -   2026-03-25 09:45:46,553 - INFO -
2026-03-25 09:45:46,558 - INFO -   2026-03-25 09:45:46,554 - INFO - ============================================================
2026-03-25 09:45:46,558 - INFO -   2026-03-25 09:45:46,554 - INFO - ТАБЛИЦА [5/21]: SHIPMENT_DETAIL
2026-03-25 09:45:46,560 - INFO -   2026-03-25 09:45:46,554 - INFO - ============================================================
2026-03-25 09:45:46,560 - INFO -   2026-03-25 09:45:46,554 - INFO -    \U0001f4c1 Источник: ils, Поле даты: DATE_TIME_STAMP
2026-03-25 09:45:46,561 - INFO -   2026-03-25 09:45:46,554 - INFO -    \U0001f4c5 Период: 2026-03-22 09:45 - 2026-03-25 09:45
2026-03-25 09:45:46,561 - INFO -   2026-03-25 09:45:46,555 - INFO -    \U0001f50c Шаг 1/5: Подключение к источнику (ils)...
2026-03-25 09:45:46,581 - INFO -   2026-03-25 09:45:46,580 - INFO -       \u2705 Подключено
2026-03-25 09:45:46,581 - INFO -   2026-03-25 09:45:46,580 - INFO -    \U0001f50c Шаг 2/5: Подключение к целевой БД...
2026-03-25 09:45:46,630 - INFO -   2026-03-25 09:45:46,630 - INFO -       \u2705 Подключено
2026-03-25 09:45:46,630 - INFO -   2026-03-25 09:45:46,630 - INFO -    \U0001f4cb Шаг 3/5: Получение структуры таблицы...
2026-03-25 09:45:46,655 - INFO -   2026-03-25 09:45:46,655 - INFO -       \u2705 Найдено колонок: 154
2026-03-25 09:45:46,658 - INFO -   2026-03-25 09:45:46,655 - INFO -    \U0001f4e5 Шаг 4/5: Чтение данных из источника...
2026-03-25 09:45:46,659 - INFO -   2026-03-25 09:45:46,655 - INFO -       Выполняется запрос...
2026-03-25 09:45:48,032 - INFO -   2026-03-25 09:45:48,032 - INFO -       \u2705 Прочитано строк: 8,934 (за 1.38 сек)
2026-03-25 09:45:48,032 - INFO -   2026-03-25 09:45:48,032 - INFO -    \U0001f5d1\ufe0f Шаг 5/5: Удаление старых данных и вставка новых...
2026-03-25 09:45:48,614 - INFO -   2026-03-25 09:45:48,614 - INFO -       \U0001f5d1\ufe0f Удалено строк: 8,718 (за 0.58 сек)
2026-03-25 09:45:48,615 - INFO -   2026-03-25 09:45:48,614 - INFO -       \U0001f4ca Вставка 8,934 строк (единым вызовом)...
2026-03-25 09:48:22,275 - INFO -   2026-03-25 09:48:22,275 - INFO -       \u2705 Вставлено: 8,934 строк за 153.66 сек (58 строк/сек)
2026-03-25 09:48:22,276 - INFO -   2026-03-25 09:48:22,275 - INFO -    \U0001f50d Проверка результата...
2026-03-25 09:48:22,624 - INFO -   2026-03-25 09:48:22,623 - INFO -       \u2705 В target за период: 8,934 строк
2026-03-25 09:48:22,625 - INFO -   2026-03-25 09:48:22,624 - INFO -
2026-03-25 09:48:22,625 - INFO -   2026-03-25 09:48:22,624 - INFO -    \u23f1\ufe0f ОБЩЕЕ ВРЕМЯ по таблице SHIPMENT_DETAIL: 156.07 сек (2.60 мин)
2026-03-25 09:48:22,626 - INFO -   2026-03-25 09:48:22,624 - INFO - ============================================================
2026-03-25 09:48:22,653 - INFO -   2026-03-25 09:48:22,653 - INFO -
2026-03-25 09:48:22,653 - INFO -   2026-03-25 09:48:22,653 - INFO - ============================================================
2026-03-25 09:48:22,654 - INFO -   2026-03-25 09:48:22,653 - INFO - ТАБЛИЦА [6/21]: SHIPMENT_HEADER
2026-03-25 09:48:22,654 - INFO -   2026-03-25 09:48:22,653 - INFO - ============================================================
2026-03-25 09:48:22,655 - INFO -   2026-03-25 09:48:22,653 - INFO -    \U0001f4c1 Источник: ils, Поле даты: PLANNED_SHIP_DATE
2026-03-25 09:48:22,655 - INFO -   2026-03-25 09:48:22,653 - INFO -    \U0001f4c5 Период: 2026-03-22 09:48 - 2026-03-25 09:48
2026-03-25 09:48:22,655 - INFO -   2026-03-25 09:48:22,654 - INFO -    \U0001f50c Шаг 1/5: Подключение к источнику (ils)...
2026-03-25 09:48:22,687 - INFO -   2026-03-25 09:48:22,687 - INFO -       \u2705 Подключено
2026-03-25 09:48:22,690 - INFO -   2026-03-25 09:48:22,687 - INFO -    \U0001f50c Шаг 2/5: Подключение к целевой БД...
2026-03-25 09:48:22,737 - INFO -   2026-03-25 09:48:22,736 - INFO -       \u2705 Подключено
2026-03-25 09:48:22,737 - INFO -   2026-03-25 09:48:22,736 - INFO -    \U0001f4cb Шаг 3/5: Получение структуры таблицы...
2026-03-25 09:48:22,762 - INFO -   2026-03-25 09:48:22,762 - INFO -       \u2705 Найдено колонок: 155
2026-03-25 09:48:22,762 - INFO -   2026-03-25 09:48:22,762 - INFO -    \U0001f4e5 Шаг 4/5: Чтение данных из источника...
2026-03-25 09:48:22,763 - INFO -   2026-03-25 09:48:22,762 - INFO -       Выполняется запрос...
2026-03-25 09:48:23,263 - INFO -   2026-03-25 09:48:23,263 - INFO -       \u2705 Прочитано строк: 946 (за 0.50 сек)
2026-03-25 09:48:23,263 - INFO -   2026-03-25 09:48:23,263 - INFO -    \U0001f5d1\ufe0f Шаг 5/5: Удаление старых данных и вставка новых...
2026-03-25 09:48:24,321 - INFO -   2026-03-25 09:48:24,321 - INFO -       \U0001f5d1\ufe0f Удалено строк: 927 (за 1.06 сек)
2026-03-25 09:48:24,321 - INFO -   2026-03-25 09:48:24,321 - INFO -       \U0001f4ca Вставка 946 строк (единым вызовом)...
2026-03-25 09:48:40,840 - INFO -   2026-03-25 09:48:40,840 - INFO -       \u2705 Вставлено: 946 строк за 16.52 сек (57 строк/сек)
2026-03-25 09:48:40,841 - INFO -   2026-03-25 09:48:40,840 - INFO -    \U0001f50d Проверка результата...
2026-03-25 09:48:41,884 - INFO -   2026-03-25 09:48:41,884 - INFO -       \u2705 В target за период: 946 строк
2026-03-25 09:48:41,884 - INFO -   2026-03-25 09:48:41,884 - INFO -
2026-03-25 09:48:41,885 - INFO -   2026-03-25 09:48:41,884 - INFO -    \u23f1\ufe0f ОБЩЕЕ ВРЕМЯ по таблице SHIPMENT_HEADER: 19.23 сек (0.32 мин)
2026-03-25 09:48:41,885 - INFO -   2026-03-25 09:48:41,884 - INFO - ============================================================
2026-03-25 09:48:41,886 - INFO -   2026-03-25 09:48:41,886 - INFO -
2026-03-25 09:48:41,886 - INFO -   2026-03-25 09:48:41,886 - INFO - ============================================================
2026-03-25 09:48:41,886 - INFO -   2026-03-25 09:48:41,886 - INFO - ТАБЛИЦА [7/21]: TRANSACTION_HISTORY
2026-03-25 09:48:41,887 - INFO -   2026-03-25 09:48:41,886 - INFO - ============================================================
2026-03-25 09:48:41,887 - INFO -   2026-03-25 09:48:41,886 - INFO -    \U0001f4c1 Источник: ils, Поле даты: DATE_TIME_STAMP
2026-03-25 09:48:41,887 - INFO -   2026-03-25 09:48:41,886 - INFO -    \U0001f4c5 Период: 2026-03-22 09:48 - 2026-03-25 09:48
2026-03-25 09:48:41,887 - INFO -   2026-03-25 09:48:41,886 - INFO -    \U0001f50c Шаг 1/5: Подключение к источнику (ils)...
2026-03-25 09:48:41,912 - INFO -   2026-03-25 09:48:41,912 - INFO -       \u2705 Подключено
2026-03-25 09:48:41,920 - INFO -   2026-03-25 09:48:41,912 - INFO -    \U0001f50c Шаг 2/5: Подключение к целевой БД...
2026-03-25 09:48:41,984 - INFO -   2026-03-25 09:48:41,984 - INFO -       \u2705 Подключено
2026-03-25 09:48:41,984 - INFO -   2026-03-25 09:48:41,984 - INFO -    \U0001f4cb Шаг 3/5: Получение структуры таблицы...
2026-03-25 09:48:42,012 - INFO -   2026-03-25 09:48:42,012 - INFO -       \u2705 Найдено колонок: 51
2026-03-25 09:48:42,018 - INFO -   2026-03-25 09:48:42,012 - INFO -    \U0001f4e5 Шаг 4/5: Чтение данных из источника...
2026-03-25 09:48:42,019 - INFO -   2026-03-25 09:48:42,013 - INFO -       Выполняется запрос...
2026-03-25 09:48:50,247 - INFO -   2026-03-25 09:48:50,247 - INFO -       \u2705 Прочитано строк: 119,108 (за 8.23 сек)
2026-03-25 09:48:50,247 - INFO -   2026-03-25 09:48:50,247 - INFO -    \U0001f5d1\ufe0f Шаг 5/5: Удаление старых данных и вставка новых...
2026-03-25 09:48:51,333 - INFO -   2026-03-25 09:48:51,332 - INFO -       \U0001f5d1\ufe0f Удалено строк: 117,016 (за 1.09 сек)
2026-03-25 09:48:51,333 - INFO -   2026-03-25 09:48:51,332 - INFO -       \U0001f4ca Вставка 119,108 строк (единым вызовом)...
