2026-03-25 13:57:06,604 - INFO - ================================================================================
2026-03-25 13:57:06,604 - INFO - 🚀 ПЕРЕЗАПИСЬ ДАННЫХ ЗА ПОСЛЕДНИЕ 3 ДНЯ
2026-03-25 13:57:06,604 - INFO - ================================================================================
2026-03-25 13:57:06,604 - INFO - 📊 Всего таблиц: 21
2026-03-25 13:57:06,604 - INFO - 📁 Источники: ils (19 таблиц), sk (2 таблицы)
2026-03-25 13:57:06,604 - INFO - 🎯 Целевая БД: olap2_fixed.raw_
2026-03-25 13:57:06,605 - INFO - 📅 Период: 2026-03-22 - 2026-03-25
2026-03-25 13:57:06,605 - INFO - ================================================================================
2026-03-25 13:57:06,605 - INFO - 
📌 [1/21] Обработка таблицы: ORDER_DETAIL
2026-03-25 13:57:06,605 - INFO - 🔄 Перезапись ORDER_DETAIL -> raw_.ORDER_DETAIL за последние 3 дн.
2026-03-25 13:57:06,605 - INFO -    📁 Источник: ils, поле даты: DATE_TIME_STAMP
2026-03-25 13:57:06,698 - INFO -    📋 Колонок для выгрузки: 126
2026-03-25 13:57:06,702 - INFO -    📥 Найдено в источнике: 0 строк
2026-03-25 13:57:06,710 - INFO -    🗑️ Удалено из target: 0 строк
2026-03-25 13:57:06,717 - INFO -    ℹ️ Нет данных для вставки
2026-03-25 13:57:06,724 - INFO -    🔍 Проверка: в target за период 0 строк
2026-03-25 13:57:06,724 - INFO - 
📌 [2/21] Обработка таблицы: ORDER_HEADER
2026-03-25 13:57:06,724 - INFO - 🔄 Перезапись ORDER_HEADER -> raw_.ORDER_HEADER за последние 3 дн.
2026-03-25 13:57:06,724 - INFO -    📁 Источник: ils, поле даты: ORDER_DATE
2026-03-25 13:57:06,786 - INFO -    📋 Колонок для выгрузки: 114
2026-03-25 13:57:07,294 - INFO -    📥 Найдено в источнике: 0 строк
2026-03-25 13:57:07,305 - INFO -    🗑️ Удалено из target: 0 строк
2026-03-25 13:57:07,314 - INFO -    ℹ️ Нет данных для вставки
2026-03-25 13:57:07,320 - INFO -    🔍 Проверка: в target за период 0 строк
2026-03-25 13:57:07,321 - INFO - 
📌 [3/21] Обработка таблицы: RECEIPT_DETAIL
2026-03-25 13:57:07,321 - INFO - 🔄 Перезапись RECEIPT_DETAIL -> raw_.RECEIPT_DETAIL за последние 3 дн.
2026-03-25 13:57:07,321 - INFO -    📁 Источник: ils, поле даты: DATE_TIME_STAMP
2026-03-25 13:57:07,416 - INFO -    📋 Колонок для выгрузки: 83
2026-03-25 13:57:07,562 - INFO -    📥 Найдено в источнике: 1563 строк
2026-03-25 13:57:07,592 - INFO -    🗑️ Удалено из target: 1563 строк
2026-03-25 13:57:22,404 - INFO -    ✅ Вставлено: 1563 строк
2026-03-25 13:57:22,408 - INFO -    🔍 Проверка: в target за период 1563 строк
2026-03-25 13:57:22,412 - INFO - 
📌 [4/21] Обработка таблицы: RECEIPT_HEADER
2026-03-25 13:57:22,412 - INFO - 🔄 Перезапись RECEIPT_HEADER -> raw_.RECEIPT_HEADER за последние 3 дн.
2026-03-25 13:57:22,412 - INFO -    📁 Источник: ils, поле даты: RECEIPT_DATE
2026-03-25 13:57:22,483 - INFO -    📋 Колонок для выгрузки: 81
2026-03-25 13:57:22,541 - INFO -    📥 Найдено в источнике: 341 строк
2026-03-25 13:57:22,562 - INFO -    🗑️ Удалено из target: 341 строк
2026-03-25 13:57:26,235 - INFO -    ✅ Вставлено: 341 строк
2026-03-25 13:57:26,241 - INFO -    🔍 Проверка: в target за период 341 строк
2026-03-25 13:57:26,243 - INFO - 
📌 [5/21] Обработка таблицы: SHIPMENT_DETAIL
2026-03-25 13:57:26,243 - INFO - 🔄 Перезапись SHIPMENT_DETAIL -> raw_.SHIPMENT_DETAIL за последние 3 дн.
2026-03-25 13:57:26,243 - INFO -    📁 Источник: ils, поле даты: DATE_TIME_STAMP
2026-03-25 13:57:26,322 - INFO -    📋 Колонок для выгрузки: 154
2026-03-25 13:57:27,638 - INFO -    📥 Найдено в источнике: 9187 строк
2026-03-25 13:57:27,769 - INFO -    🗑️ Удалено из target: 9183 строк
2026-03-25 13:59:41,735 - INFO -    ✅ Вставлено: 9187 строк
2026-03-25 13:59:41,797 - INFO -    🔍 Проверка: в target за период 9187 строк
2026-03-25 13:59:41,827 - INFO - 
📌 [6/21] Обработка таблицы: SHIPMENT_HEADER
2026-03-25 13:59:41,828 - INFO - 🔄 Перезапись SHIPMENT_HEADER -> raw_.SHIPMENT_HEADER за последние 3 дн.
2026-03-25 13:59:41,828 - INFO -    📁 Источник: ils, поле даты: PLANNED_SHIP_DATE
2026-03-25 13:59:41,910 - INFO -    📋 Колонок для выгрузки: 155
2026-03-25 13:59:42,440 - INFO -    📥 Найдено в источнике: 1076 строк
2026-03-25 13:59:42,470 - INFO -    🗑️ Удалено из target: 1074 строк
2026-03-25 14:00:12,922 - INFO -    ✅ Вставлено: 1076 строк
2026-03-25 14:00:12,926 - INFO -    🔍 Проверка: в target за период 1076 строк
2026-03-25 14:00:12,929 - INFO - 
📌 [7/21] Обработка таблицы: TRANSACTION_HISTORY
2026-03-25 14:00:12,929 - INFO - 🔄 Перезапись TRANSACTION_HISTORY -> raw_.TRANSACTION_HISTORY за последние 3 дн.
2026-03-25 14:00:12,929 - INFO -    📁 Источник: ils, поле даты: DATE_TIME_STAMP
2026-03-25 14:00:13,017 - INFO -    📋 Колонок для выгрузки: 51
2026-03-25 14:00:24,062 - INFO -    📥 Найдено в источнике: 125168 строк
2026-03-25 14:00:24,323 - INFO -    🗑️ Удалено из target: 5821 строк
