2026-03-25 09:45:14,153 - INFO - ================================================================================
2026-03-25 09:45:14,154 - INFO - 🚀 ПЕРЕЗАПИСЬ ДАННЫХ ЗА ПОСЛЕДНИЕ 3 ДНЯ
2026-03-25 09:45:14,155 - INFO - ================================================================================
2026-03-25 09:45:14,155 - INFO - 📊 Всего таблиц: 21
2026-03-25 09:45:14,155 - INFO - 📁 Источники: ils (19 таблиц), sk (2 таблицы)
2026-03-25 09:45:14,155 - INFO - 🎯 Целевая БД: olap2_fixed.raw_
2026-03-25 09:45:14,155 - INFO - 📅 Период: 2026-03-22 - 2026-03-25
2026-03-25 09:45:14,155 - INFO - ================================================================================
2026-03-25 09:45:14,156 - INFO - 
2026-03-25 09:45:14,156 - INFO - ============================================================
2026-03-25 09:45:14,156 - INFO - ТАБЛИЦА [1/21]: ORDER_DETAIL
2026-03-25 09:45:14,156 - INFO - ============================================================
2026-03-25 09:45:14,156 - INFO -    📁 Источник: ils, Поле даты: DATE_TIME_STAMP
2026-03-25 09:45:14,156 - INFO -    📅 Период: 2026-03-22 09:45 - 2026-03-25 09:45
2026-03-25 09:45:14,156 - INFO -    🔌 Шаг 1/5: Подключение к источнику (ils)...
2026-03-25 09:45:14,216 - INFO -       ✅ Подключено
2026-03-25 09:45:14,216 - INFO -    🔌 Шаг 2/5: Подключение к целевой БД...
2026-03-25 09:45:14,259 - INFO -       ✅ Подключено
2026-03-25 09:45:14,259 - INFO -    📋 Шаг 3/5: Получение структуры таблицы...
2026-03-25 09:45:14,310 - INFO -       ✅ Найдено колонок: 126
2026-03-25 09:45:14,310 - INFO -    📥 Шаг 4/5: Чтение данных из источника...
2026-03-25 09:45:14,310 - INFO -       Выполняется запрос...
2026-03-25 09:45:14,327 - INFO -       ✅ Прочитано строк: 0 (за 0.02 сек)
2026-03-25 09:45:14,327 - INFO -    🗑️ Шаг 5/5: Удаление старых данных и вставка новых...
2026-03-25 09:45:14,333 - INFO -       🗑️ Удалено строк: 0 (за 0.01 сек)
2026-03-25 09:45:14,339 - INFO -       ℹ️ Нет данных для вставки
2026-03-25 09:45:14,340 - INFO -    🔍 Проверка результата...
2026-03-25 09:45:14,343 - INFO -       ✅ В target за период: 0 строк
2026-03-25 09:45:14,343 - INFO - 
2026-03-25 09:45:14,343 - INFO -    ⏱️ ОБЩЕЕ ВРЕМЯ по таблице ORDER_DETAIL: 0.19 сек (0.00 мин)
2026-03-25 09:45:14,344 - INFO - ============================================================
2026-03-25 09:45:14,344 - INFO - 
2026-03-25 09:45:14,344 - INFO - ============================================================
2026-03-25 09:45:14,344 - INFO - ТАБЛИЦА [2/21]: ORDER_HEADER
2026-03-25 09:45:14,345 - INFO - ============================================================
2026-03-25 09:45:14,345 - INFO -    📁 Источник: ils, Поле даты: ORDER_DATE
2026-03-25 09:45:14,345 - INFO -    📅 Период: 2026-03-22 09:45 - 2026-03-25 09:45
2026-03-25 09:45:14,345 - INFO -    🔌 Шаг 1/5: Подключение к источнику (ils)...
2026-03-25 09:45:14,379 - INFO -       ✅ Подключено
2026-03-25 09:45:14,379 - INFO -    🔌 Шаг 2/5: Подключение к целевой БД...
2026-03-25 09:45:14,424 - INFO -       ✅ Подключено
2026-03-25 09:45:14,424 - INFO -    📋 Шаг 3/5: Получение структуры таблицы...
2026-03-25 09:45:14,444 - INFO -       ✅ Найдено колонок: 114
2026-03-25 09:45:14,445 - INFO -    📥 Шаг 4/5: Чтение данных из источника...
2026-03-25 09:45:14,445 - INFO -       Выполняется запрос...
2026-03-25 09:45:14,989 - INFO -       ✅ Прочитано строк: 0 (за 0.54 сек)
2026-03-25 09:45:14,990 - INFO -    🗑️ Шаг 5/5: Удаление старых данных и вставка новых...
2026-03-25 09:45:15,011 - INFO -       🗑️ Удалено строк: 0 (за 0.02 сек)
2026-03-25 09:45:15,019 - INFO -       ℹ️ Нет данных для вставки
2026-03-25 09:45:15,019 - INFO -    🔍 Проверка результата...
2026-03-25 09:45:15,024 - INFO -       ✅ В target за период: 0 строк
2026-03-25 09:45:15,024 - INFO - 
2026-03-25 09:45:15,024 - INFO -    ⏱️ ОБЩЕЕ ВРЕМЯ по таблице ORDER_HEADER: 0.68 сек (0.01 мин)
2026-03-25 09:45:15,024 - INFO - ============================================================
2026-03-25 09:45:15,025 - INFO - 
2026-03-25 09:45:15,025 - INFO - ============================================================
2026-03-25 09:45:15,025 - INFO - ТАБЛИЦА [3/21]: RECEIPT_DETAIL
2026-03-25 09:45:15,025 - INFO - ============================================================
2026-03-25 09:45:15,025 - INFO -    📁 Источник: ils, Поле даты: DATE_TIME_STAMP
2026-03-25 09:45:15,025 - INFO -    📅 Период: 2026-03-22 09:45 - 2026-03-25 09:45
2026-03-25 09:45:15,025 - INFO -    🔌 Шаг 1/5: Подключение к источнику (ils)...
2026-03-25 09:45:15,051 - INFO -       ✅ Подключено
2026-03-25 09:45:15,051 - INFO -    🔌 Шаг 2/5: Подключение к целевой БД...
2026-03-25 09:45:15,088 - INFO -       ✅ Подключено
2026-03-25 09:45:15,088 - INFO -    📋 Шаг 3/5: Получение структуры таблицы...
2026-03-25 09:45:15,104 - INFO -       ✅ Найдено колонок: 83
2026-03-25 09:45:15,104 - INFO -    📥 Шаг 4/5: Чтение данных из источника...
2026-03-25 09:45:15,104 - INFO -       Выполняется запрос...
2026-03-25 09:45:15,757 - INFO -       ✅ Прочитано строк: 1,167 (за 0.65 сек)
2026-03-25 09:45:15,757 - INFO -    🗑️ Шаг 5/5: Удаление старых данных и вставка новых...
2026-03-25 09:45:16,593 - INFO -       🗑️ Удалено строк: 1,167 (за 0.84 сек)
2026-03-25 09:45:16,593 - INFO -       📊 Вставка 1,167 строк (единым вызовом)...
2026-03-25 09:45:38,665 - INFO -       ✅ Вставлено: 1,167 строк за 22.07 сек (53 строк/сек)
2026-03-25 09:45:38,665 - INFO -    🔍 Проверка результата...
2026-03-25 09:45:40,012 - INFO -       ✅ В target за период: 1,167 строк
2026-03-25 09:45:40,012 - INFO - 
2026-03-25 09:45:40,012 - INFO -    ⏱️ ОБЩЕЕ ВРЕМЯ по таблице RECEIPT_DETAIL: 24.99 сек (0.42 мин)
2026-03-25 09:45:40,012 - INFO - ============================================================
2026-03-25 09:45:40,016 - INFO - 
2026-03-25 09:45:40,016 - INFO - ============================================================
2026-03-25 09:45:40,016 - INFO - ТАБЛИЦА [4/21]: RECEIPT_HEADER
2026-03-25 09:45:40,016 - INFO - ============================================================
2026-03-25 09:45:40,016 - INFO -    📁 Источник: ils, Поле даты: RECEIPT_DATE
2026-03-25 09:45:40,017 - INFO -    📅 Период: 2026-03-22 09:45 - 2026-03-25 09:45
2026-03-25 09:45:40,017 - INFO -    🔌 Шаг 1/5: Подключение к источнику (ils)...
2026-03-25 09:45:40,044 - INFO -       ✅ Подключено
2026-03-25 09:45:40,044 - INFO -    🔌 Шаг 2/5: Подключение к целевой БД...
2026-03-25 09:45:40,089 - INFO -       ✅ Подключено
2026-03-25 09:45:40,089 - INFO -    📋 Шаг 3/5: Получение структуры таблицы...
2026-03-25 09:45:40,121 - INFO -       ✅ Найдено колонок: 81
2026-03-25 09:45:40,121 - INFO -    📥 Шаг 4/5: Чтение данных из источника...
2026-03-25 09:45:40,121 - INFO -       Выполняется запрос...
2026-03-25 09:45:40,167 - INFO -       ✅ Прочитано строк: 262 (за 0.05 сек)
2026-03-25 09:45:40,167 - INFO -    🗑️ Шаг 5/5: Удаление старых данных и вставка новых...
2026-03-25 09:45:40,421 - INFO -       🗑️ Удалено строк: 262 (за 0.25 сек)
2026-03-25 09:45:40,422 - INFO -       📊 Вставка 262 строк (единым вызовом)...
2026-03-25 09:45:46,528 - INFO -       ✅ Вставлено: 262 строк за 6.11 сек (43 строк/сек)
2026-03-25 09:45:46,529 - INFO -    🔍 Проверка результата...
2026-03-25 09:45:46,551 - INFO -       ✅ В target за период: 262 строк
2026-03-25 09:45:46,551 - INFO - 
2026-03-25 09:45:46,552 - INFO -    ⏱️ ОБЩЕЕ ВРЕМЯ по таблице RECEIPT_HEADER: 6.53 сек (0.11 мин)
2026-03-25 09:45:46,552 - INFO - ============================================================
2026-03-25 09:45:46,553 - INFO - 
2026-03-25 09:45:46,554 - INFO - ============================================================
2026-03-25 09:45:46,554 - INFO - ТАБЛИЦА [5/21]: SHIPMENT_DETAIL
2026-03-25 09:45:46,554 - INFO - ============================================================
2026-03-25 09:45:46,554 - INFO -    📁 Источник: ils, Поле даты: DATE_TIME_STAMP
2026-03-25 09:45:46,554 - INFO -    📅 Период: 2026-03-22 09:45 - 2026-03-25 09:45
2026-03-25 09:45:46,555 - INFO -    🔌 Шаг 1/5: Подключение к источнику (ils)...
2026-03-25 09:45:46,580 - INFO -       ✅ Подключено
2026-03-25 09:45:46,580 - INFO -    🔌 Шаг 2/5: Подключение к целевой БД...
2026-03-25 09:45:46,630 - INFO -       ✅ Подключено
2026-03-25 09:45:46,630 - INFO -    📋 Шаг 3/5: Получение структуры таблицы...
2026-03-25 09:45:46,655 - INFO -       ✅ Найдено колонок: 154
2026-03-25 09:45:46,655 - INFO -    📥 Шаг 4/5: Чтение данных из источника...
2026-03-25 09:45:46,655 - INFO -       Выполняется запрос...
2026-03-25 09:45:48,032 - INFO -       ✅ Прочитано строк: 8,934 (за 1.38 сек)
2026-03-25 09:45:48,032 - INFO -    🗑️ Шаг 5/5: Удаление старых данных и вставка новых...
2026-03-25 09:45:48,614 - INFO -       🗑️ Удалено строк: 8,718 (за 0.58 сек)
2026-03-25 09:45:48,614 - INFO -       📊 Вставка 8,934 строк (единым вызовом)...
2026-03-25 09:48:22,275 - INFO -       ✅ Вставлено: 8,934 строк за 153.66 сек (58 строк/сек)
2026-03-25 09:48:22,275 - INFO -    🔍 Проверка результата...
2026-03-25 09:48:22,623 - INFO -       ✅ В target за период: 8,934 строк
2026-03-25 09:48:22,624 - INFO - 
2026-03-25 09:48:22,624 - INFO -    ⏱️ ОБЩЕЕ ВРЕМЯ по таблице SHIPMENT_DETAIL: 156.07 сек (2.60 мин)
2026-03-25 09:48:22,624 - INFO - ============================================================
2026-03-25 09:48:22,653 - INFO - 
2026-03-25 09:48:22,653 - INFO - ============================================================
2026-03-25 09:48:22,653 - INFO - ТАБЛИЦА [6/21]: SHIPMENT_HEADER
2026-03-25 09:48:22,653 - INFO - ============================================================
2026-03-25 09:48:22,653 - INFO -    📁 Источник: ils, Поле даты: PLANNED_SHIP_DATE
2026-03-25 09:48:22,653 - INFO -    📅 Период: 2026-03-22 09:48 - 2026-03-25 09:48
2026-03-25 09:48:22,654 - INFO -    🔌 Шаг 1/5: Подключение к источнику (ils)...
2026-03-25 09:48:22,687 - INFO -       ✅ Подключено
2026-03-25 09:48:22,687 - INFO -    🔌 Шаг 2/5: Подключение к целевой БД...
2026-03-25 09:48:22,736 - INFO -       ✅ Подключено
2026-03-25 09:48:22,736 - INFO -    📋 Шаг 3/5: Получение структуры таблицы...
2026-03-25 09:48:22,762 - INFO -       ✅ Найдено колонок: 155
2026-03-25 09:48:22,762 - INFO -    📥 Шаг 4/5: Чтение данных из источника...
2026-03-25 09:48:22,762 - INFO -       Выполняется запрос...
2026-03-25 09:48:23,263 - INFO -       ✅ Прочитано строк: 946 (за 0.50 сек)
2026-03-25 09:48:23,263 - INFO -    🗑️ Шаг 5/5: Удаление старых данных и вставка новых...
2026-03-25 09:48:24,321 - INFO -       🗑️ Удалено строк: 927 (за 1.06 сек)
2026-03-25 09:48:24,321 - INFO -       📊 Вставка 946 строк (единым вызовом)...
2026-03-25 09:48:40,840 - INFO -       ✅ Вставлено: 946 строк за 16.52 сек (57 строк/сек)
2026-03-25 09:48:40,840 - INFO -    🔍 Проверка результата...
2026-03-25 09:48:41,884 - INFO -       ✅ В target за период: 946 строк
2026-03-25 09:48:41,884 - INFO - 
2026-03-25 09:48:41,884 - INFO -    ⏱️ ОБЩЕЕ ВРЕМЯ по таблице SHIPMENT_HEADER: 19.23 сек (0.32 мин)
2026-03-25 09:48:41,884 - INFO - ============================================================
2026-03-25 09:48:41,886 - INFO - 
2026-03-25 09:48:41,886 - INFO - ============================================================
2026-03-25 09:48:41,886 - INFO - ТАБЛИЦА [7/21]: TRANSACTION_HISTORY
2026-03-25 09:48:41,886 - INFO - ============================================================
2026-03-25 09:48:41,886 - INFO -    📁 Источник: ils, Поле даты: DATE_TIME_STAMP
2026-03-25 09:48:41,886 - INFO -    📅 Период: 2026-03-22 09:48 - 2026-03-25 09:48
2026-03-25 09:48:41,886 - INFO -    🔌 Шаг 1/5: Подключение к источнику (ils)...
2026-03-25 09:48:41,912 - INFO -       ✅ Подключено
2026-03-25 09:48:41,912 - INFO -    🔌 Шаг 2/5: Подключение к целевой БД...
2026-03-25 09:48:41,984 - INFO -       ✅ Подключено
2026-03-25 09:48:41,984 - INFO -    📋 Шаг 3/5: Получение структуры таблицы...
2026-03-25 09:48:42,012 - INFO -       ✅ Найдено колонок: 51
2026-03-25 09:48:42,012 - INFO -    📥 Шаг 4/5: Чтение данных из источника...
2026-03-25 09:48:42,013 - INFO -       Выполняется запрос...
2026-03-25 09:48:50,247 - INFO -       ✅ Прочитано строк: 119,108 (за 8.23 сек)
2026-03-25 09:48:50,247 - INFO -    🗑️ Шаг 5/5: Удаление старых данных и вставка новых...
2026-03-25 09:48:51,332 - INFO -       🗑️ Удалено строк: 117,016 (за 1.09 сек)
2026-03-25 09:48:51,332 - INFO -       📊 Вставка 119,108 строк (единым вызовом)...
