2026-03-25 11:17:32,365 - INFO - 🚀 ЗАПУСК ПЕРЕЗАПИСИ LOCATION_INVENTORY
2026-03-25 11:17:32,365 - INFO - ВНИМАНИЕ: Будет выполнена ПОЛНАЯ перезапись таблицы!
2026-03-25 11:17:32,365 - INFO - ================================================================================
2026-03-25 11:17:32,365 - INFO - 🔄 ПОЛНАЯ ПЕРЕЗАПИСЬ LOCATION_INVENTORY
2026-03-25 11:17:32,365 - INFO - ================================================================================
2026-03-25 11:17:32,365 - INFO - 1. Подключение к источнику (ils)...
2026-03-25 11:17:32,394 - INFO -    ✓ Подключение к источнику установлено
2026-03-25 11:17:32,395 - INFO - 2. Подключение к целевой БД...
2026-03-25 11:17:32,431 - INFO -    ✓ Подключение к целевой БД установлено
2026-03-25 11:17:32,431 - INFO - 
3. Получение структуры таблицы...
2026-03-25 11:17:32,448 - INFO -    ✓ Найдено колонок: 47
2026-03-25 11:17:32,448 - INFO - 
4. Чтение данных из источника...
2026-03-25 11:17:32,448 - INFO -    Выполняется запрос: SELECT INTERNAL_LOCATION_INV, LOCATION_TEMPLATE, TEMPLATE_FIELD1, TEMPLATE_FIELD2, TEMPLATE_FIELD3, TEMPLATE_FIELD4, TEMPLATE_FIELD5, ITEM, COMPANY, PERMANENT, LOT, ON_HAND_QTY, IN_TRANSIT_QTY, ALLOCATED_QTY, SUSPENSE_QTY, QUANTITY_UM, INVENTORY_STS, AGING_DATE, EXPIRATION_DATE, MANUFACTURED_DATE, RECEIVED_DATE, TOTAL_VALUE, TOTAL_COST, TOTAL_WEIGHT, TOTAL_VOLUME, VOLUME_UM, USER_DEF1, USER_DEF2, USER_DEF3, USER_DEF4, USER_DEF5, USER_DEF6, USER_DEF7, USER_DEF8, USER_STAMP, PROCESS_STAMP, DATE_TIME_STAMP, WEIGHT_UM, warehouse, LOCATION, ITEM_DESC, ITEM_SIZE, ITEM_COLOR, ITEM_STYLE, LOGISTICS_UNIT, PARENT_LOGISTICS_UNIT, LOC_INV_ATTRIBUTES_ID FROM LOCATION_INVENTORY
2026-03-25 11:17:34,199 - INFO -    ✓ Прочитано строк: 30,535
2026-03-25 11:17:34,199 - INFO - 
5. Очистка целевой таблицы...
2026-03-25 11:17:34,215 - INFO -    ✓ Таблица raw_.LOCATION_INVENTORY очищена
2026-03-25 11:17:34,215 - INFO - 
6. Загрузка 30,535 строк...
2026-03-25 11:17:57,882 - INFO -    Пакет 1/7: 5,000 строк
2026-03-25 11:18:23,377 - INFO -    Пакет 2/7: 5,000 строк
2026-03-25 11:18:44,995 - INFO -    Пакет 3/7: 5,000 строк
2026-03-25 11:19:04,765 - INFO -    Пакет 4/7: 5,000 строк
2026-03-25 11:19:26,825 - INFO -    Пакет 5/7: 5,000 строк
2026-03-25 11:19:54,863 - INFO -    Пакет 6/7: 5,000 строк
2026-03-25 11:19:57,414 - INFO -    Пакет 7/7: 535 строк
2026-03-25 11:19:57,415 - INFO - 
7. Проверка загрузки...
2026-03-25 11:19:57,421 - INFO -    Загружено строк: 30,535
2026-03-25 11:19:57,422 - INFO -    Строк в target: 30,535
2026-03-25 11:19:57,422 - INFO -    ✅ ПОЛНОЕ СООТВЕТСТВИЕ: все данные загружены
2026-03-25 11:19:57,422 - INFO - 
8. Логирование в etl_log...
2026-03-25 11:19:57,454 - INFO -    ✅ Лог записан
2026-03-25 11:19:57,454 - INFO - 
================================================================================
2026-03-25 11:19:57,454 - INFO - ✅ ПОЛНАЯ ПЕРЕЗАПИСЬ ЗАВЕРШЕНА
2026-03-25 11:19:57,454 - INFO - ================================================================================
2026-03-25 11:19:57,454 - INFO - Таблица: LOCATION_INVENTORY
2026-03-25 11:19:57,454 - INFO - Загружено записей: 30,535
2026-03-25 11:19:57,455 - INFO - Время выполнения: 145.09 сек
2026-03-25 11:19:57,455 - INFO - Скорость: 210 записей/сек
2026-03-25 11:19:57,455 - INFO - Дата загрузки: 2026-03-25 11:17:32.365602
2026-03-25 11:19:57,455 - INFO - ================================================================================
2026-03-25 11:19:57,486 - INFO - 
✅ ГОТОВО! LOCATION_INVENTORY полностью обновлён
