2026-03-25 13:51:51,989 - INFO - ================================================================================
2026-03-25 13:51:51,989 - INFO - 🚀 БЫСТРОЕ ОБНОВЛЕНИЕ ЗА 3 ДНЯ
2026-03-25 13:51:51,990 - INFO - ================================================================================
2026-03-25 13:51:51,990 - INFO - 📊 Всего таблиц: 21
2026-03-25 13:51:51,990 - INFO - 🎯 Целевая БД: olap2_fixed.raw_
2026-03-25 13:51:51,990 - INFO - ================================================================================
2026-03-25 13:51:51,990 - INFO - 
📌 [1/21] Обработка: ORDER_DETAIL
2026-03-25 13:51:51,990 - INFO - 
2026-03-25 13:51:51,990 - INFO - ============================================================
2026-03-25 13:51:51,990 - INFO - ТАБЛИЦА [1/21]: ORDER_DETAIL
2026-03-25 13:51:51,990 - INFO - ============================================================
2026-03-25 13:51:51,990 - INFO -    📁 Источник: ils, Поле даты: DATE_TIME_STAMP
2026-03-25 13:51:51,990 - INFO -    🔌 Шаг 1/5: Подключение к источнику (ils)...
2026-03-25 13:51:52,032 - INFO -       ✅ Подключено
2026-03-25 13:51:52,032 - INFO -    🔌 Шаг 2/5: Подключение к целевой БД...
2026-03-25 13:51:52,096 - INFO -       ✅ Подключено
2026-03-25 13:51:52,097 - INFO -    📋 Шаг 3/5: Получение структуры таблицы...
2026-03-25 13:51:52,118 - INFO -       ✅ Найдено колонок: 126
2026-03-25 13:51:52,118 - INFO -    📥 Шаг 4/5: Чтение данных из источника...
2026-03-25 13:51:52,118 - INFO -       Выполняется запрос...
2026-03-25 13:51:52,126 - INFO -       ✅ Прочитано: 0 строк (за 0.01 сек)
2026-03-25 13:51:52,126 - INFO -    🗑️ Шаг 5/5: Удаление и вставка...
2026-03-25 13:51:52,143 - INFO -       🗑️ Удалено: 0 строк (за 0.02 сек)
2026-03-25 13:51:52,150 - INFO -       ℹ️ Нет данных
2026-03-25 13:51:52,151 - INFO -    🔍 Проверка...
2026-03-25 13:51:52,154 - INFO -       ✅ В target: 0 строк
2026-03-25 13:51:52,154 - INFO - 
2026-03-25 13:51:52,154 - INFO -    ⏱️ ОБЩЕЕ ВРЕМЯ: 0.16 сек (0.00 мин)
2026-03-25 13:51:52,154 - INFO - ============================================================
2026-03-25 13:51:52,154 - INFO - 
📌 [2/21] Обработка: ORDER_HEADER
2026-03-25 13:51:52,154 - INFO - 
2026-03-25 13:51:52,155 - INFO - ============================================================
2026-03-25 13:51:52,155 - INFO - ТАБЛИЦА [2/21]: ORDER_HEADER
2026-03-25 13:51:52,155 - INFO - ============================================================
2026-03-25 13:51:52,155 - INFO -    📁 Источник: ils, Поле даты: ORDER_DATE
2026-03-25 13:51:52,155 - INFO -    🔌 Шаг 1/5: Подключение к источнику (ils)...
2026-03-25 13:51:52,190 - INFO -       ✅ Подключено
2026-03-25 13:51:52,190 - INFO -    🔌 Шаг 2/5: Подключение к целевой БД...
2026-03-25 13:51:52,237 - INFO -       ✅ Подключено
2026-03-25 13:51:52,238 - INFO -    📋 Шаг 3/5: Получение структуры таблицы...
2026-03-25 13:51:52,254 - INFO -       ✅ Найдено колонок: 114
2026-03-25 13:51:52,254 - INFO -    📥 Шаг 4/5: Чтение данных из источника...
2026-03-25 13:51:52,254 - INFO -       Выполняется запрос...
2026-03-25 13:51:52,264 - INFO -       ✅ Прочитано: 0 строк (за 0.01 сек)
2026-03-25 13:51:52,264 - INFO -    🗑️ Шаг 5/5: Удаление и вставка...
2026-03-25 13:51:52,276 - INFO -       🗑️ Удалено: 0 строк (за 0.01 сек)
2026-03-25 13:51:52,281 - INFO -       ℹ️ Нет данных
2026-03-25 13:51:52,281 - INFO -    🔍 Проверка...
2026-03-25 13:51:52,284 - INFO -       ✅ В target: 0 строк
2026-03-25 13:51:52,285 - INFO - 
2026-03-25 13:51:52,285 - INFO -    ⏱️ ОБЩЕЕ ВРЕМЯ: 0.13 сек (0.00 мин)
2026-03-25 13:51:52,285 - INFO - ============================================================
2026-03-25 13:51:52,285 - INFO - 
📌 [3/21] Обработка: RECEIPT_DETAIL
2026-03-25 13:51:52,285 - INFO - 
2026-03-25 13:51:52,285 - INFO - ============================================================
2026-03-25 13:51:52,286 - INFO - ТАБЛИЦА [3/21]: RECEIPT_DETAIL
2026-03-25 13:51:52,286 - INFO - ============================================================
2026-03-25 13:51:52,286 - INFO -    📁 Источник: ils, Поле даты: DATE_TIME_STAMP
2026-03-25 13:51:52,286 - INFO -    🔌 Шаг 1/5: Подключение к источнику (ils)...
2026-03-25 13:51:52,302 - INFO -       ✅ Подключено
2026-03-25 13:51:52,302 - INFO -    🔌 Шаг 2/5: Подключение к целевой БД...
2026-03-25 13:51:52,346 - INFO -       ✅ Подключено
2026-03-25 13:51:52,346 - INFO -    📋 Шаг 3/5: Получение структуры таблицы...
2026-03-25 13:51:52,359 - INFO -       ✅ Найдено колонок: 83
2026-03-25 13:51:52,360 - INFO -    📥 Шаг 4/5: Чтение данных из источника...
2026-03-25 13:51:52,360 - INFO -       Выполняется запрос...
2026-03-25 13:51:52,593 - INFO -       ✅ Прочитано: 1,563 строк (за 0.23 сек)
2026-03-25 13:51:52,593 - INFO -    🗑️ Шаг 5/5: Удаление и вставка...
2026-03-25 13:51:52,650 - INFO -       🗑️ Удалено: 1,563 строк (за 0.06 сек)
2026-03-25 13:52:09,296 - INFO -       ✅ Вставлено: 1,563 строк за 16.65 сек (94 строк/сек)
2026-03-25 13:52:09,297 - INFO -    🔍 Проверка...
2026-03-25 13:52:09,300 - INFO -       ✅ В target: 1,563 строк
2026-03-25 13:52:09,300 - INFO - 
2026-03-25 13:52:09,300 - INFO -    ⏱️ ОБЩЕЕ ВРЕМЯ: 17.01 сек (0.28 мин)
2026-03-25 13:52:09,300 - INFO - ============================================================
2026-03-25 13:52:09,303 - INFO - 
📌 [4/21] Обработка: RECEIPT_HEADER
2026-03-25 13:52:09,303 - INFO - 
2026-03-25 13:52:09,303 - INFO - ============================================================
2026-03-25 13:52:09,303 - INFO - ТАБЛИЦА [4/21]: RECEIPT_HEADER
2026-03-25 13:52:09,303 - INFO - ============================================================
2026-03-25 13:52:09,303 - INFO -    📁 Источник: ils, Поле даты: RECEIPT_DATE
2026-03-25 13:52:09,303 - INFO -    🔌 Шаг 1/5: Подключение к источнику (ils)...
2026-03-25 13:52:09,316 - INFO -       ✅ Подключено
2026-03-25 13:52:09,316 - INFO -    🔌 Шаг 2/5: Подключение к целевой БД...
2026-03-25 13:52:09,351 - INFO -       ✅ Подключено
2026-03-25 13:52:09,351 - INFO -    📋 Шаг 3/5: Получение структуры таблицы...
2026-03-25 13:52:09,373 - INFO -       ✅ Найдено колонок: 81
2026-03-25 13:52:09,373 - INFO -    📥 Шаг 4/5: Чтение данных из источника...
2026-03-25 13:52:09,373 - INFO -       Выполняется запрос...
2026-03-25 13:52:09,427 - INFO -       ✅ Прочитано: 341 строк (за 0.05 сек)
2026-03-25 13:52:09,428 - INFO -    🗑️ Шаг 5/5: Удаление и вставка...
2026-03-25 13:52:09,458 - INFO -       🗑️ Удалено: 341 строк (за 0.03 сек)
2026-03-25 13:52:14,047 - INFO -       ✅ Вставлено: 341 строк за 4.59 сек (74 строк/сек)
2026-03-25 13:52:14,047 - INFO -    🔍 Проверка...
2026-03-25 13:52:14,052 - INFO -       ✅ В target: 341 строк
2026-03-25 13:52:14,052 - INFO - 
2026-03-25 13:52:14,052 - INFO -    ⏱️ ОБЩЕЕ ВРЕМЯ: 4.75 сек (0.08 мин)
2026-03-25 13:52:14,052 - INFO - ============================================================
2026-03-25 13:52:14,054 - INFO - 
📌 [5/21] Обработка: SHIPMENT_DETAIL
2026-03-25 13:52:14,054 - INFO - 
2026-03-25 13:52:14,055 - INFO - ============================================================
2026-03-25 13:52:14,055 - INFO - ТАБЛИЦА [5/21]: SHIPMENT_DETAIL
2026-03-25 13:52:14,055 - INFO - ============================================================
2026-03-25 13:52:14,055 - INFO -    📁 Источник: ils, Поле даты: DATE_TIME_STAMP
2026-03-25 13:52:14,055 - INFO -    🔌 Шаг 1/5: Подключение к источнику (ils)...
2026-03-25 13:52:14,078 - INFO -       ✅ Подключено
2026-03-25 13:52:14,079 - INFO -    🔌 Шаг 2/5: Подключение к целевой БД...
2026-03-25 13:52:14,135 - INFO -       ✅ Подключено
2026-03-25 13:52:14,135 - INFO -    📋 Шаг 3/5: Получение структуры таблицы...
2026-03-25 13:52:14,155 - INFO -       ✅ Найдено колонок: 154
2026-03-25 13:52:14,155 - INFO -    📥 Шаг 4/5: Чтение данных из источника...
2026-03-25 13:52:14,155 - INFO -       Выполняется запрос...
2026-03-25 13:52:15,687 - INFO -       ✅ Прочитано: 9,183 строк (за 1.53 сек)
2026-03-25 13:52:15,687 - INFO -    🗑️ Шаг 5/5: Удаление и вставка...
2026-03-25 13:52:16,004 - INFO -       🗑️ Удалено: 9,134 строк (за 0.32 сек)
2026-03-25 13:55:38,637 - INFO -       ✅ Вставлено: 9,183 строк за 202.63 сек (45 строк/сек)
2026-03-25 13:55:38,637 - INFO -    🔍 Проверка...
2026-03-25 13:55:38,643 - INFO -       ✅ В target: 9,183 строк
2026-03-25 13:55:38,643 - INFO - 
2026-03-25 13:55:38,643 - INFO -    ⏱️ ОБЩЕЕ ВРЕМЯ: 204.59 сек (3.41 мин)
2026-03-25 13:55:38,643 - INFO - ============================================================
2026-03-25 13:55:38,709 - INFO - 
📌 [6/21] Обработка: SHIPMENT_HEADER
2026-03-25 13:55:38,710 - INFO - 
2026-03-25 13:55:38,710 - INFO - ============================================================
2026-03-25 13:55:38,710 - INFO - ТАБЛИЦА [6/21]: SHIPMENT_HEADER
2026-03-25 13:55:38,710 - INFO - ============================================================
2026-03-25 13:55:38,710 - INFO -    📁 Источник: ils, Поле даты: PLANNED_SHIP_DATE
2026-03-25 13:55:38,710 - INFO -    🔌 Шаг 1/5: Подключение к источнику (ils)...
2026-03-25 13:55:38,725 - INFO -       ✅ Подключено
2026-03-25 13:55:38,725 - INFO -    🔌 Шаг 2/5: Подключение к целевой БД...
2026-03-25 13:55:38,789 - INFO -       ✅ Подключено
2026-03-25 13:55:38,789 - INFO -    📋 Шаг 3/5: Получение структуры таблицы...
2026-03-25 13:55:38,822 - INFO -       ✅ Найдено колонок: 155
2026-03-25 13:55:38,822 - INFO -    📥 Шаг 4/5: Чтение данных из источника...
2026-03-25 13:55:38,822 - INFO -       Выполняется запрос...
2026-03-25 13:55:39,366 - INFO -       ✅ Прочитано: 1,074 строк (за 0.54 сек)
2026-03-25 13:55:39,366 - INFO -    🗑️ Шаг 5/5: Удаление и вставка...
2026-03-25 13:55:39,429 - INFO -       🗑️ Удалено: 1,065 строк (за 0.06 сек)
2026-03-25 13:56:08,641 - INFO -       ✅ Вставлено: 1,074 строк за 29.21 сек (37 строк/сек)
2026-03-25 13:56:08,641 - INFO -    🔍 Проверка...
2026-03-25 13:56:08,645 - INFO -       ✅ В target: 1,074 строк
2026-03-25 13:56:08,645 - INFO - 
2026-03-25 13:56:08,645 - INFO -    ⏱️ ОБЩЕЕ ВРЕМЯ: 29.93 сек (0.50 мин)
2026-03-25 13:56:08,645 - INFO - ============================================================
2026-03-25 13:56:08,647 - INFO - 
📌 [7/21] Обработка: TRANSACTION_HISTORY
2026-03-25 13:56:08,647 - INFO - 
2026-03-25 13:56:08,647 - INFO - ============================================================
2026-03-25 13:56:08,647 - INFO - ТАБЛИЦА [7/21]: TRANSACTION_HISTORY
2026-03-25 13:56:08,647 - INFO - ============================================================
2026-03-25 13:56:08,647 - INFO -    📁 Источник: ils, Поле даты: DATE_TIME_STAMP
2026-03-25 13:56:08,647 - INFO -    🔌 Шаг 1/5: Подключение к источнику (ils)...
2026-03-25 13:56:08,668 - INFO -       ✅ Подключено
2026-03-25 13:56:08,668 - INFO -    🔌 Шаг 2/5: Подключение к целевой БД...
2026-03-25 13:56:08,720 - INFO -       ✅ Подключено
2026-03-25 13:56:08,720 - INFO -    📋 Шаг 3/5: Получение структуры таблицы...
2026-03-25 13:56:08,744 - INFO -       ✅ Найдено колонок: 51
2026-03-25 13:56:08,744 - INFO -    📥 Шаг 4/5: Чтение данных из источника...
2026-03-25 13:56:08,744 - INFO -       Выполняется запрос...
2026-03-25 13:56:18,746 - INFO -       ✅ Прочитано: 125,195 строк (за 10.00 сек)
2026-03-25 13:56:18,746 - INFO -    🗑️ Шаг 5/5: Удаление и вставка...
2026-03-25 13:56:19,450 - INFO -       🗑️ Удалено: 29,617 строк (за 0.70 сек)
