2026-03-25 12:44:33,280 - INFO - ================================================================================
2026-03-25 12:44:33,281 - INFO - 🚀 WATERMARK: ОБНОВЛЕНИЕ ДАННЫХ (ТОЛЬКО ИЗМЕНЕНИЯ)
2026-03-25 12:44:33,281 - INFO - ================================================================================
2026-03-25 12:44:33,281 - INFO - 📊 Всего таблиц: 21
2026-03-25 12:44:33,281 - INFO - 📁 Источники: ils (19 таблиц), sk (2 таблицы)
2026-03-25 12:44:33,282 - INFO - 🎯 Целевая БД: olap2_fixed.raw_
2026-03-25 12:44:33,282 - INFO - 📅 Время запуска: 2026-03-25 12:44:33
2026-03-25 12:44:33,282 - INFO - ================================================================================
2026-03-25 12:44:33,359 - INFO - ✅ Схема etl создана
2026-03-25 12:44:33,379 - INFO - ✅ Таблица etl.watermark создана/проверена
2026-03-25 12:44:33,380 - INFO - 
📌 [1/21] Обработка: ORDER_DETAIL
2026-03-25 12:44:33,429 - INFO - 
2026-03-25 12:44:33,429 - INFO - ============================================================
2026-03-25 12:44:33,429 - INFO - ТАБЛИЦА: ORDER_DETAIL → raw_.ORDER_DETAIL
2026-03-25 12:44:33,429 - INFO - ============================================================
2026-03-25 12:44:33,429 - INFO -    📁 Источник: ils
2026-03-25 12:44:33,429 - INFO -    📅 Поле даты: DATE_TIME_STAMP
2026-03-25 12:44:33,430 - INFO -    ⏰ Last run: 2026-03-22 12:44:33
2026-03-25 12:44:33,430 - INFO -    🔌 Шаг 1/6: Подключение к источнику (ils)...
2026-03-25 12:44:33,442 - INFO -       ✅ Подключено
2026-03-25 12:44:33,443 - INFO -    🔌 Шаг 2/6: Подключение к целевой БД...
2026-03-25 12:44:33,477 - INFO -       ✅ Подключено
2026-03-25 12:44:33,477 - INFO -    📋 Шаг 3/6: Получение структуры таблицы...
2026-03-25 12:44:33,504 - INFO -       ✅ Найдено колонок: 126
2026-03-25 12:44:33,505 - INFO -    📥 Шаг 4/6: Чтение изменений с 2026-03-22 12:44:33...
2026-03-25 12:44:33,505 - INFO -       Выполняется запрос...
2026-03-25 12:44:34,024 - INFO -       ✅ Прочитано строк: 0 (за 0.52 сек)
2026-03-25 12:44:34,024 - INFO -       ℹ️ Нет изменений с последнего запуска
2026-03-25 12:44:34,079 - INFO - 
📌 [2/21] Обработка: ORDER_HEADER
2026-03-25 12:44:34,109 - INFO - 
2026-03-25 12:44:34,109 - INFO - ============================================================
2026-03-25 12:44:34,109 - INFO - ТАБЛИЦА: ORDER_HEADER → raw_.ORDER_HEADER
2026-03-25 12:44:34,109 - INFO - ============================================================
2026-03-25 12:44:34,109 - INFO -    📁 Источник: ils
2026-03-25 12:44:34,109 - INFO -    📅 Поле даты: DATE_TIME_STAMP
2026-03-25 12:44:34,109 - INFO -    ⏰ Last run: 2026-03-22 12:44:33
2026-03-25 12:44:34,109 - INFO -    🔌 Шаг 1/6: Подключение к источнику (ils)...
2026-03-25 12:44:34,123 - INFO -       ✅ Подключено
2026-03-25 12:44:34,123 - INFO -    🔌 Шаг 2/6: Подключение к целевой БД...
2026-03-25 12:44:34,155 - INFO -       ✅ Подключено
2026-03-25 12:44:34,155 - INFO -    📋 Шаг 3/6: Получение структуры таблицы...
2026-03-25 12:44:34,171 - INFO -       ✅ Найдено колонок: 114
2026-03-25 12:44:34,171 - INFO -    📥 Шаг 4/6: Чтение изменений с 2026-03-22 12:44:33...
2026-03-25 12:44:34,171 - INFO -       Выполняется запрос...
2026-03-25 12:44:34,690 - INFO -       ✅ Прочитано строк: 0 (за 0.52 сек)
2026-03-25 12:44:34,690 - INFO -       ℹ️ Нет изменений с последнего запуска
2026-03-25 12:44:34,755 - INFO - 
📌 [3/21] Обработка: RECEIPT_DETAIL
2026-03-25 12:44:34,803 - INFO - 
2026-03-25 12:44:34,803 - INFO - ============================================================
2026-03-25 12:44:34,803 - INFO - ТАБЛИЦА: RECEIPT_DETAIL → raw_.RECEIPT_DETAIL
2026-03-25 12:44:34,803 - INFO - ============================================================
2026-03-25 12:44:34,803 - INFO -    📁 Источник: ils
2026-03-25 12:44:34,804 - INFO -    📅 Поле даты: DATE_TIME_STAMP
2026-03-25 12:44:34,804 - INFO -    ⏰ Last run: 2026-03-22 12:44:33
2026-03-25 12:44:34,804 - INFO -    🔌 Шаг 1/6: Подключение к источнику (ils)...
2026-03-25 12:44:34,815 - INFO -       ✅ Подключено
2026-03-25 12:44:34,815 - INFO -    🔌 Шаг 2/6: Подключение к целевой БД...
2026-03-25 12:44:34,867 - INFO -       ✅ Подключено
2026-03-25 12:44:34,867 - INFO -    📋 Шаг 3/6: Получение структуры таблицы...
2026-03-25 12:44:34,883 - INFO -       ✅ Найдено колонок: 83
2026-03-25 12:44:34,883 - INFO -    📥 Шаг 4/6: Чтение изменений с 2026-03-22 12:44:33...
2026-03-25 12:44:34,883 - INFO -       Выполняется запрос...
2026-03-25 12:44:35,119 - INFO -       ✅ Прочитано строк: 1,535 (за 0.24 сек)
2026-03-25 12:44:35,119 - INFO -    📊 Шаг 6/6: Вставка/обновление 1,535 строк...
2026-03-25 12:44:44,637 - INFO -       ✅ Вставлено: 1,535 строк за 9.52 сек (161 строк/сек)
2026-03-25 12:44:44,687 - INFO - 
2026-03-25 12:44:44,688 - INFO -    ⏱️ ОБЩЕЕ ВРЕМЯ: 9.88 сек (0.16 мин)
2026-03-25 12:44:44,688 - INFO - ============================================================
2026-03-25 12:44:44,691 - INFO - 
📌 [4/21] Обработка: RECEIPT_HEADER
2026-03-25 12:44:44,719 - INFO - 
2026-03-25 12:44:44,720 - INFO - ============================================================
2026-03-25 12:44:44,720 - INFO - ТАБЛИЦА: RECEIPT_HEADER → raw_.RECEIPT_HEADER
2026-03-25 12:44:44,720 - INFO - ============================================================
2026-03-25 12:44:44,720 - INFO -    📁 Источник: ils
2026-03-25 12:44:44,720 - INFO -    📅 Поле даты: DATE_TIME_STAMP
2026-03-25 12:44:44,720 - INFO -    ⏰ Last run: 2026-03-22 12:44:33
2026-03-25 12:44:44,720 - INFO -    🔌 Шаг 1/6: Подключение к источнику (ils)...
2026-03-25 12:44:44,798 - INFO -       ✅ Подключено
2026-03-25 12:44:44,798 - INFO -    🔌 Шаг 2/6: Подключение к целевой БД...
2026-03-25 12:44:44,832 - INFO -       ✅ Подключено
2026-03-25 12:44:44,832 - INFO -    📋 Шаг 3/6: Получение структуры таблицы...
2026-03-25 12:44:44,850 - INFO -       ✅ Найдено колонок: 81
2026-03-25 12:44:44,850 - INFO -    📥 Шаг 4/6: Чтение изменений с 2026-03-22 12:44:33...
2026-03-25 12:44:44,850 - INFO -       Выполняется запрос...
2026-03-25 12:44:44,888 - INFO -       ✅ Прочитано строк: 321 (за 0.04 сек)
2026-03-25 12:44:44,889 - INFO -    📊 Шаг 6/6: Вставка/обновление 321 строк...
2026-03-25 12:44:47,147 - INFO -       ✅ Вставлено: 321 строк за 2.26 сек (142 строк/сек)
2026-03-25 12:44:47,186 - INFO - 
2026-03-25 12:44:47,186 - INFO -    ⏱️ ОБЩЕЕ ВРЕМЯ: 2.47 сек (0.04 мин)
2026-03-25 12:44:47,186 - INFO - ============================================================
2026-03-25 12:44:47,187 - INFO - 
📌 [5/21] Обработка: SHIPMENT_DETAIL
2026-03-25 12:44:47,219 - INFO - 
2026-03-25 12:44:47,219 - INFO - ============================================================
2026-03-25 12:44:47,219 - INFO - ТАБЛИЦА: SHIPMENT_DETAIL → raw_.SHIPMENT_DETAIL
2026-03-25 12:44:47,220 - INFO - ============================================================
2026-03-25 12:44:47,220 - INFO -    📁 Источник: ils
2026-03-25 12:44:47,220 - INFO -    📅 Поле даты: DATE_TIME_STAMP
2026-03-25 12:44:47,220 - INFO -    ⏰ Last run: 2026-03-22 12:44:33
2026-03-25 12:44:47,220 - INFO -    🔌 Шаг 1/6: Подключение к источнику (ils)...
2026-03-25 12:44:47,251 - INFO -       ✅ Подключено
2026-03-25 12:44:47,251 - INFO -    🔌 Шаг 2/6: Подключение к целевой БД...
2026-03-25 12:44:47,281 - INFO -       ✅ Подключено
2026-03-25 12:44:47,281 - INFO -    📋 Шаг 3/6: Получение структуры таблицы...
2026-03-25 12:44:47,300 - INFO -       ✅ Найдено колонок: 154
2026-03-25 12:44:47,300 - INFO -    📥 Шаг 4/6: Чтение изменений с 2026-03-22 12:44:33...
2026-03-25 12:44:47,300 - INFO -       Выполняется запрос...
2026-03-25 12:44:49,258 - INFO -       ✅ Прочитано строк: 8,972 (за 1.96 сек)
2026-03-25 12:44:49,258 - INFO -    📊 Шаг 6/6: Вставка/обновление 8,972 строк...
2026-03-25 12:46:22,142 - INFO -       ✅ Вставлено: 8,972 строк за 92.88 сек (97 строк/сек)
2026-03-25 12:46:22,180 - INFO - 
2026-03-25 12:46:22,181 - INFO -    ⏱️ ОБЩЕЕ ВРЕМЯ: 94.96 сек (1.58 мин)
2026-03-25 12:46:22,181 - INFO - ============================================================
2026-03-25 12:46:22,203 - INFO - 
📌 [6/21] Обработка: SHIPMENT_HEADER
2026-03-25 12:46:22,257 - INFO - 
2026-03-25 12:46:22,257 - INFO - ============================================================
2026-03-25 12:46:22,257 - INFO - ТАБЛИЦА: SHIPMENT_HEADER → raw_.SHIPMENT_HEADER
2026-03-25 12:46:22,257 - INFO - ============================================================
2026-03-25 12:46:22,257 - INFO -    📁 Источник: ils
2026-03-25 12:46:22,257 - INFO -    📅 Поле даты: DATE_TIME_STAMP
2026-03-25 12:46:22,257 - INFO -    ⏰ Last run: 2026-03-22 12:44:33
2026-03-25 12:46:22,257 - INFO -    🔌 Шаг 1/6: Подключение к источнику (ils)...
2026-03-25 12:46:22,279 - INFO -       ✅ Подключено
2026-03-25 12:46:22,279 - INFO -    🔌 Шаг 2/6: Подключение к целевой БД...
2026-03-25 12:46:22,330 - INFO -       ✅ Подключено
2026-03-25 12:46:22,330 - INFO -    📋 Шаг 3/6: Получение структуры таблицы...
2026-03-25 12:46:22,360 - INFO -       ✅ Найдено колонок: 155
2026-03-25 12:46:22,360 - INFO -    📥 Шаг 4/6: Чтение изменений с 2026-03-22 12:44:33...
2026-03-25 12:46:22,360 - INFO -       Выполняется запрос...
2026-03-25 12:46:22,889 - INFO -       ✅ Прочитано строк: 1,292 (за 0.53 сек)
2026-03-25 12:46:22,889 - INFO -    📊 Шаг 6/6: Вставка/обновление 1,292 строк...
2026-03-25 12:46:22,909 - ERROR -    ❌ ОШИБКА: (2627, b"Violation of PRIMARY KEY constraint 'PK__SHIPMENT__A6086B4453EF5F1A'. Cannot insert duplicate key in object 'raw_.SHIPMENT_HEADER'. The duplicate key value is (1103435).DB-Lib error message 20018, severity 14:\nGeneral SQL Server error: Check messages from the SQL Server\n")
2026-03-25 12:46:22,969 - INFO - 
📌 [7/21] Обработка: TRANSACTION_HISTORY
2026-03-25 12:46:23,015 - INFO - 
2026-03-25 12:46:23,015 - INFO - ============================================================
2026-03-25 12:46:23,015 - INFO - ТАБЛИЦА: TRANSACTION_HISTORY → raw_.TRANSACTION_HISTORY
2026-03-25 12:46:23,015 - INFO - ============================================================
2026-03-25 12:46:23,015 - INFO -    📁 Источник: ils
2026-03-25 12:46:23,015 - INFO -    📅 Поле даты: DATE_TIME_STAMP
2026-03-25 12:46:23,015 - INFO -    ⏰ Last run: 2026-03-22 12:44:33
2026-03-25 12:46:23,015 - INFO -    🔌 Шаг 1/6: Подключение к источнику (ils)...
2026-03-25 12:46:23,043 - INFO -       ✅ Подключено
2026-03-25 12:46:23,043 - INFO -    🔌 Шаг 2/6: Подключение к целевой БД...
2026-03-25 12:46:23,077 - INFO -       ✅ Подключено
2026-03-25 12:46:23,077 - INFO -    📋 Шаг 3/6: Получение структуры таблицы...
2026-03-25 12:46:23,099 - INFO -       ✅ Найдено колонок: 51
2026-03-25 12:46:23,099 - INFO -    📥 Шаг 4/6: Чтение изменений с 2026-03-22 12:44:33...
2026-03-25 12:46:23,099 - INFO -       Выполняется запрос...
2026-03-25 12:46:31,497 - INFO -       ✅ Прочитано строк: 124,039 (за 8.40 сек)
2026-03-25 12:46:31,497 - INFO -       ⚙️ Шаг 5/6: Отключение некластеризованных индексов...
2026-03-25 12:46:31,514 - INFO -       ℹ️ Некластеризованные индексы не найдены
2026-03-25 12:46:31,515 - INFO -    📊 Шаг 6/6: Вставка/обновление 124,039 строк...
