2026-03-25 09:08:21,500 - INFO - ================================================================================
2026-03-25 09:08:21,501 - INFO - 🚀 ПЕРЕЗАПИСЬ ДАННЫХ ЗА ПОСЛЕДНИЕ 3 ДНЯ
2026-03-25 09:08:21,501 - INFO - ================================================================================
2026-03-25 09:08:21,501 - INFO - 📊 Всего таблиц: 21
2026-03-25 09:08:21,501 - INFO - 📁 Источники: ils (19 таблиц), sk (2 таблицы)
2026-03-25 09:08:21,502 - INFO - 🎯 Целевая БД: olap2_fixed.raw_
2026-03-25 09:08:21,502 - INFO - 📅 Период: 2026-03-22 - 2026-03-25
2026-03-25 09:08:21,502 - INFO - ================================================================================
2026-03-25 09:08:21,502 - INFO - 
2026-03-25 09:08:21,502 - INFO - ============================================================
2026-03-25 09:08:21,502 - INFO - ТАБЛИЦА [1/21]: ORDER_DETAIL
2026-03-25 09:08:21,502 - INFO - ============================================================
2026-03-25 09:08:21,502 - INFO -    📁 Источник: ils, Поле даты: DATE_TIME_STAMP
2026-03-25 09:08:21,503 - INFO -    📅 Период: 2026-03-22 09:08 - 2026-03-25 09:08
2026-03-25 09:08:21,503 - INFO -    🔌 Шаг 1/5: Подключение к источнику (ils)...
2026-03-25 09:08:21,595 - INFO -       ✅ Подключено
2026-03-25 09:08:21,595 - INFO -    🔌 Шаг 2/5: Подключение к целевой БД...
2026-03-25 09:08:21,676 - INFO -       ✅ Подключено
2026-03-25 09:08:21,677 - INFO -    📋 Шаг 3/5: Получение структуры таблицы...
2026-03-25 09:08:21,962 - INFO -       ✅ Найдено колонок: 126
2026-03-25 09:08:21,962 - INFO -    📥 Шаг 4/5: Чтение данных из источника...
2026-03-25 09:08:21,962 - INFO -       Выполняется запрос...
2026-03-25 09:08:21,967 - INFO -       ✅ Прочитано строк: 0 (за 0.00 сек)
2026-03-25 09:08:21,968 - INFO -    🗑️ Шаг 5/5: Удаление старых данных и вставка новых...
2026-03-25 09:08:22,280 - INFO -       🗑️ Удалено строк: 0 (за 0.31 сек)
2026-03-25 09:08:22,286 - INFO -       ℹ️ Нет данных для вставки
2026-03-25 09:08:22,286 - INFO -    🔍 Проверка результата...
2026-03-25 09:08:22,289 - INFO -       ✅ В target за период: 0 строк
2026-03-25 09:08:22,290 - INFO - 
2026-03-25 09:08:22,290 - INFO -    ⏱️ ОБЩЕЕ ВРЕМЯ по таблице ORDER_DETAIL: 0.79 сек (0.01 мин)
2026-03-25 09:08:22,290 - INFO - ============================================================
2026-03-25 09:08:22,291 - INFO - 
2026-03-25 09:08:22,291 - INFO - ============================================================
2026-03-25 09:08:22,291 - INFO - ТАБЛИЦА [2/21]: ORDER_HEADER
2026-03-25 09:08:22,291 - INFO - ============================================================
2026-03-25 09:08:22,291 - INFO -    📁 Источник: ils, Поле даты: ORDER_DATE
2026-03-25 09:08:22,291 - INFO -    📅 Период: 2026-03-22 09:08 - 2026-03-25 09:08
2026-03-25 09:08:22,292 - INFO -    🔌 Шаг 1/5: Подключение к источнику (ils)...
2026-03-25 09:08:22,312 - INFO -       ✅ Подключено
2026-03-25 09:08:22,312 - INFO -    🔌 Шаг 2/5: Подключение к целевой БД...
2026-03-25 09:08:22,340 - INFO -       ✅ Подключено
2026-03-25 09:08:22,340 - INFO -    📋 Шаг 3/5: Получение структуры таблицы...
2026-03-25 09:08:22,575 - INFO -       ✅ Найдено колонок: 114
2026-03-25 09:08:22,576 - INFO -    📥 Шаг 4/5: Чтение данных из источника...
2026-03-25 09:08:22,576 - INFO -       Выполняется запрос...
2026-03-25 09:08:23,096 - INFO -       ✅ Прочитано строк: 0 (за 0.52 сек)
2026-03-25 09:08:23,102 - INFO -    🗑️ Шаг 5/5: Удаление старых данных и вставка новых...
2026-03-25 09:08:23,262 - INFO -       🗑️ Удалено строк: 0 (за 0.16 сек)
2026-03-25 09:08:23,266 - INFO -       ℹ️ Нет данных для вставки
2026-03-25 09:08:23,266 - INFO -    🔍 Проверка результата...
2026-03-25 09:08:23,269 - INFO -       ✅ В target за период: 0 строк
2026-03-25 09:08:23,269 - INFO - 
2026-03-25 09:08:23,269 - INFO -    ⏱️ ОБЩЕЕ ВРЕМЯ по таблице ORDER_HEADER: 0.98 сек (0.02 мин)
2026-03-25 09:08:23,270 - INFO - ============================================================
2026-03-25 09:08:23,270 - INFO - 
2026-03-25 09:08:23,270 - INFO - ============================================================
2026-03-25 09:08:23,270 - INFO - ТАБЛИЦА [3/21]: RECEIPT_DETAIL
2026-03-25 09:08:23,270 - INFO - ============================================================
2026-03-25 09:08:23,270 - INFO -    📁 Источник: ils, Поле даты: DATE_TIME_STAMP
2026-03-25 09:08:23,270 - INFO -    📅 Период: 2026-03-22 09:08 - 2026-03-25 09:08
2026-03-25 09:08:23,270 - INFO -    🔌 Шаг 1/5: Подключение к источнику (ils)...
2026-03-25 09:08:23,292 - INFO -       ✅ Подключено
2026-03-25 09:08:23,293 - INFO -    🔌 Шаг 2/5: Подключение к целевой БД...
2026-03-25 09:08:23,343 - INFO -       ✅ Подключено
2026-03-25 09:08:23,343 - INFO -    📋 Шаг 3/5: Получение структуры таблицы...
2026-03-25 09:08:23,600 - INFO -       ✅ Найдено колонок: 83
2026-03-25 09:08:23,600 - INFO -    📥 Шаг 4/5: Чтение данных из источника...
2026-03-25 09:08:23,600 - INFO -       Выполняется запрос...
2026-03-25 09:08:23,712 - INFO -       ✅ Прочитано строк: 1,167 (за 0.11 сек)
2026-03-25 09:08:23,712 - INFO -    🗑️ Шаг 5/5: Удаление старых данных и вставка новых...
2026-03-25 09:08:27,425 - INFO -       🗑️ Удалено строк: 1,163 (за 3.71 сек)
2026-03-25 09:08:27,426 - INFO -       📊 Вставка 1,167 строк (пакетов: 2)...
2026-03-25 09:08:38,902 - INFO -          Пакет   1/2 ( 50.0%): 1,000 строк за 11.48 сек
2026-03-25 09:08:41,009 - INFO -          Пакет   2/2 (100.0%): 167 строк за 2.11 сек
2026-03-25 09:08:41,009 - INFO -       ✅ Вставлено: 1,167 строк (за 13.58 сек)
2026-03-25 09:08:41,010 - INFO -    🔍 Проверка результата...
2026-03-25 09:08:53,333 - INFO -       ✅ В target за период: 1,167 строк
2026-03-25 09:08:53,333 - INFO - 
2026-03-25 09:08:53,333 - INFO -    ⏱️ ОБЩЕЕ ВРЕМЯ по таблице RECEIPT_DETAIL: 30.06 сек (0.50 мин)
2026-03-25 09:08:53,334 - INFO - ============================================================
2026-03-25 09:08:53,335 - INFO - 
2026-03-25 09:08:53,335 - INFO - ============================================================
2026-03-25 09:08:53,335 - INFO - ТАБЛИЦА [4/21]: RECEIPT_HEADER
2026-03-25 09:08:53,335 - INFO - ============================================================
2026-03-25 09:08:53,335 - INFO -    📁 Источник: ils, Поле даты: RECEIPT_DATE
2026-03-25 09:08:53,335 - INFO -    📅 Период: 2026-03-22 09:08 - 2026-03-25 09:08
2026-03-25 09:08:53,336 - INFO -    🔌 Шаг 1/5: Подключение к источнику (ils)...
2026-03-25 09:08:53,360 - INFO -       ✅ Подключено
2026-03-25 09:08:53,360 - INFO -    🔌 Шаг 2/5: Подключение к целевой БД...
2026-03-25 09:08:53,389 - INFO -       ✅ Подключено
2026-03-25 09:08:53,389 - INFO -    📋 Шаг 3/5: Получение структуры таблицы...
2026-03-25 09:08:53,654 - INFO -       ✅ Найдено колонок: 81
2026-03-25 09:08:53,654 - INFO -    📥 Шаг 4/5: Чтение данных из источника...
2026-03-25 09:08:53,655 - INFO -       Выполняется запрос...
2026-03-25 09:08:53,689 - INFO -       ✅ Прочитано строк: 262 (за 0.03 сек)
2026-03-25 09:08:53,689 - INFO -    🗑️ Шаг 5/5: Удаление старых данных и вставка новых...
2026-03-25 09:09:10,485 - INFO -       🗑️ Удалено строк: 259 (за 16.80 сек)
2026-03-25 09:09:10,486 - INFO -       📊 Вставка 262 строк (пакетов: 1)...
2026-03-25 09:09:13,528 - INFO -          Пакет   1/1 (100.0%): 262 строк за 3.04 сек
2026-03-25 09:09:13,528 - INFO -       ✅ Вставлено: 262 строк (за 3.04 сек)
2026-03-25 09:09:13,528 - INFO -    🔍 Проверка результата...
2026-03-25 09:09:13,720 - INFO -       ✅ В target за период: 262 строк
2026-03-25 09:09:13,721 - INFO - 
2026-03-25 09:09:13,721 - INFO -    ⏱️ ОБЩЕЕ ВРЕМЯ по таблице RECEIPT_HEADER: 20.39 сек (0.34 мин)
2026-03-25 09:09:13,721 - INFO - ============================================================
2026-03-25 09:09:13,722 - INFO - 
2026-03-25 09:09:13,722 - INFO - ============================================================
2026-03-25 09:09:13,723 - INFO - ТАБЛИЦА [5/21]: SHIPMENT_DETAIL
2026-03-25 09:09:13,723 - INFO - ============================================================
2026-03-25 09:09:13,723 - INFO -    📁 Источник: ils, Поле даты: DATE_TIME_STAMP
2026-03-25 09:09:13,723 - INFO -    📅 Период: 2026-03-22 09:09 - 2026-03-25 09:09
2026-03-25 09:09:13,723 - INFO -    🔌 Шаг 1/5: Подключение к источнику (ils)...
2026-03-25 09:09:13,749 - INFO -       ✅ Подключено
2026-03-25 09:09:13,750 - INFO -    🔌 Шаг 2/5: Подключение к целевой БД...
2026-03-25 09:09:13,792 - INFO -       ✅ Подключено
2026-03-25 09:09:13,792 - INFO -    📋 Шаг 3/5: Получение структуры таблицы...
2026-03-25 09:09:13,816 - INFO -       ✅ Найдено колонок: 154
2026-03-25 09:09:13,816 - INFO -    📥 Шаг 4/5: Чтение данных из источника...
2026-03-25 09:09:13,816 - INFO -       Выполняется запрос...
2026-03-25 09:09:15,668 - INFO -       ✅ Прочитано строк: 8,718 (за 1.85 сек)
2026-03-25 09:09:15,669 - INFO -    🗑️ Шаг 5/5: Удаление старых данных и вставка новых...
2026-03-25 09:09:16,949 - INFO -       🗑️ Удалено строк: 8,582 (за 1.28 сек)
2026-03-25 09:09:16,950 - INFO -       📊 Вставка 8,718 строк (пакетов: 9)...
2026-03-25 09:09:30,452 - INFO -          Пакет   1/9 ( 11.1%): 1,000 строк за 13.50 сек
2026-03-25 09:09:45,745 - INFO -          Пакет   2/9 ( 22.2%): 1,000 строк за 15.29 сек
2026-03-25 09:10:03,470 - INFO -          Пакет   3/9 ( 33.3%): 1,000 строк за 17.72 сек
2026-03-25 09:10:15,723 - INFO -          Пакет   4/9 ( 44.4%): 1,000 строк за 12.25 сек
2026-03-25 09:10:27,470 - INFO -          Пакет   5/9 ( 55.6%): 1,000 строк за 11.75 сек
2026-03-25 09:10:37,967 - INFO -          Пакет   6/9 ( 66.7%): 1,000 строк за 10.50 сек
2026-03-25 09:10:51,329 - INFO -          Пакет   7/9 ( 77.8%): 1,000 строк за 13.36 сек
2026-03-25 09:11:05,140 - INFO -          Пакет   8/9 ( 88.9%): 1,000 строк за 13.81 сек
2026-03-25 09:11:13,495 - INFO -          Пакет   9/9 (100.0%): 718 строк за 8.35 сек
2026-03-25 09:11:13,495 - INFO -       ✅ Вставлено: 8,718 строк (за 116.55 сек)
2026-03-25 09:11:13,495 - INFO -    🔍 Проверка результата...
2026-03-25 09:11:13,741 - INFO -       ✅ В target за период: 8,718 строк
2026-03-25 09:11:13,741 - INFO - 
2026-03-25 09:11:13,741 - INFO -    ⏱️ ОБЩЕЕ ВРЕМЯ по таблице SHIPMENT_DETAIL: 120.02 сек (2.00 мин)
2026-03-25 09:11:13,741 - INFO - ============================================================
2026-03-25 09:11:13,771 - INFO - 
2026-03-25 09:11:13,772 - INFO - ============================================================
2026-03-25 09:11:13,772 - INFO - ТАБЛИЦА [6/21]: SHIPMENT_HEADER
2026-03-25 09:11:13,772 - INFO - ============================================================
2026-03-25 09:11:13,772 - INFO -    📁 Источник: ils, Поле даты: PLANNED_SHIP_DATE
2026-03-25 09:11:13,772 - INFO -    📅 Период: 2026-03-22 09:11 - 2026-03-25 09:11
2026-03-25 09:11:13,772 - INFO -    🔌 Шаг 1/5: Подключение к источнику (ils)...
2026-03-25 09:11:13,808 - INFO -       ✅ Подключено
2026-03-25 09:11:13,808 - INFO -    🔌 Шаг 2/5: Подключение к целевой БД...
2026-03-25 09:11:13,842 - INFO -       ✅ Подключено
2026-03-25 09:11:13,842 - INFO -    📋 Шаг 3/5: Получение структуры таблицы...
2026-03-25 09:11:13,862 - INFO -       ✅ Найдено колонок: 155
2026-03-25 09:11:13,863 - INFO -    📥 Шаг 4/5: Чтение данных из источника...
2026-03-25 09:11:13,863 - INFO -       Выполняется запрос...
2026-03-25 09:11:14,345 - INFO -       ✅ Прочитано строк: 927 (за 0.48 сек)
2026-03-25 09:11:14,345 - INFO -    🗑️ Шаг 5/5: Удаление старых данных и вставка новых...
2026-03-25 09:11:15,306 - INFO -       🗑️ Удалено строк: 925 (за 0.96 сек)
2026-03-25 09:11:15,307 - INFO -       📊 Вставка 927 строк (пакетов: 1)...
2026-03-25 09:11:25,999 - INFO -          Пакет   1/1 (100.0%): 927 строк за 10.69 сек
2026-03-25 09:11:26,000 - INFO -       ✅ Вставлено: 927 строк (за 10.69 сек)
2026-03-25 09:11:26,000 - INFO -    🔍 Проверка результата...
2026-03-25 09:11:26,896 - INFO -       ✅ В target за период: 927 строк
2026-03-25 09:11:26,897 - INFO - 
2026-03-25 09:11:26,897 - INFO -    ⏱️ ОБЩЕЕ ВРЕМЯ по таблице SHIPMENT_HEADER: 13.12 сек (0.22 мин)
2026-03-25 09:11:26,897 - INFO - ============================================================
2026-03-25 09:11:26,900 - INFO - 
2026-03-25 09:11:26,901 - INFO - ============================================================
2026-03-25 09:11:26,901 - INFO - ТАБЛИЦА [7/21]: TRANSACTION_HISTORY
2026-03-25 09:11:26,901 - INFO - ============================================================
2026-03-25 09:11:26,901 - INFO -    📁 Источник: ils, Поле даты: DATE_TIME_STAMP
2026-03-25 09:11:26,901 - INFO -    📅 Период: 2026-03-22 09:11 - 2026-03-25 09:11
2026-03-25 09:11:26,902 - INFO -    🔌 Шаг 1/5: Подключение к источнику (ils)...
2026-03-25 09:11:26,919 - INFO -       ✅ Подключено
2026-03-25 09:11:26,920 - INFO -    🔌 Шаг 2/5: Подключение к целевой БД...
2026-03-25 09:11:26,957 - INFO -       ✅ Подключено
2026-03-25 09:11:26,957 - INFO -    📋 Шаг 3/5: Получение структуры таблицы...
2026-03-25 09:11:26,978 - INFO -       ✅ Найдено колонок: 51
2026-03-25 09:11:26,979 - INFO -    📥 Шаг 4/5: Чтение данных из источника...
2026-03-25 09:11:26,979 - INFO -       Выполняется запрос...
2026-03-25 09:11:34,999 - INFO -       ✅ Прочитано строк: 118,440 (за 8.02 сек)
2026-03-25 09:11:34,999 - INFO -    🗑️ Шаг 5/5: Удаление старых данных и вставка новых...
2026-03-25 09:11:35,107 - INFO -       🗑️ Удалено строк: 6,583 (за 0.11 сек)
2026-03-25 09:11:35,107 - INFO -       📊 Вставка 118,440 строк (пакетов: 119)...
2026-03-25 09:11:40,423 - INFO -          Пакет   1/119 (  0.8%): 1,000 строк за 5.32 сек
2026-03-25 09:11:45,530 - INFO -          Пакет   2/119 (  1.7%): 1,000 строк за 5.11 сек
2026-03-25 09:11:50,749 - INFO -          Пакет   3/119 (  2.5%): 1,000 строк за 5.22 сек
2026-03-25 09:11:56,672 - INFO -          Пакет   4/119 (  3.4%): 1,000 строк за 5.92 сек
2026-03-25 09:12:02,607 - INFO -          Пакет   5/119 (  4.2%): 1,000 строк за 5.93 сек
2026-03-25 09:12:09,369 - INFO -          Пакет   6/119 (  5.0%): 1,000 строк за 6.76 сек
2026-03-25 09:12:15,219 - INFO -          Пакет   7/119 (  5.9%): 1,000 строк за 5.85 сек
2026-03-25 09:12:20,427 - INFO -          Пакет   8/119 (  6.7%): 1,000 строк за 5.21 сек
2026-03-25 09:12:28,057 - INFO -          Пакет   9/119 (  7.6%): 1,000 строк за 7.63 сек
2026-03-25 09:12:34,754 - INFO -          Пакет  10/119 (  8.4%): 1,000 строк за 6.70 сек
2026-03-25 09:12:39,878 - INFO -          Пакет  11/119 (  9.2%): 1,000 строк за 5.12 сек
2026-03-25 09:12:44,281 - INFO -          Пакет  12/119 ( 10.1%): 1,000 строк за 4.40 сек
2026-03-25 09:12:49,805 - INFO -          Пакет  13/119 ( 10.9%): 1,000 строк за 5.52 сек
2026-03-25 09:12:55,161 - INFO -          Пакет  14/119 ( 11.8%): 1,000 строк за 5.36 сек
2026-03-25 09:12:59,807 - INFO -          Пакет  15/119 ( 12.6%): 1,000 строк за 4.65 сек
2026-03-25 09:13:07,866 - INFO -          Пакет  16/119 ( 13.4%): 1,000 строк за 8.06 сек
2026-03-25 09:13:12,474 - INFO -          Пакет  17/119 ( 14.3%): 1,000 строк за 4.61 сек
2026-03-25 09:13:17,473 - INFO -          Пакет  18/119 ( 15.1%): 1,000 строк за 5.00 сек
2026-03-25 09:13:21,809 - INFO -          Пакет  19/119 ( 16.0%): 1,000 строк за 4.34 сек
2026-03-25 09:13:26,289 - INFO -          Пакет  20/119 ( 16.8%): 1,000 строк за 4.48 сек
2026-03-25 09:13:32,315 - INFO -          Пакет  21/119 ( 17.6%): 1,000 строк за 6.03 сек
2026-03-25 09:13:37,304 - INFO -          Пакет  22/119 ( 18.5%): 1,000 строк за 4.99 сек
2026-03-25 09:13:41,834 - INFO -          Пакет  23/119 ( 19.3%): 1,000 строк за 4.53 сек
2026-03-25 09:13:48,440 - INFO -          Пакет  24/119 ( 20.2%): 1,000 строк за 6.60 сек
2026-03-25 09:13:52,222 - INFO -          Пакет  25/119 ( 21.0%): 1,000 строк за 3.78 сек
2026-03-25 09:13:56,927 - INFO -          Пакет  26/119 ( 21.8%): 1,000 строк за 4.70 сек
2026-03-25 09:14:03,688 - INFO -          Пакет  27/119 ( 22.7%): 1,000 строк за 6.76 сек
2026-03-25 09:14:09,139 - INFO -          Пакет  28/119 ( 23.5%): 1,000 строк за 5.45 сек
2026-03-25 09:14:13,695 - INFO -          Пакет  29/119 ( 24.4%): 1,000 строк за 4.56 сек
2026-03-25 09:14:18,053 - INFO -          Пакет  30/119 ( 25.2%): 1,000 строк за 4.36 сек
2026-03-25 09:14:22,920 - INFO -          Пакет  31/119 ( 26.1%): 1,000 строк за 4.87 сек
2026-03-25 09:14:28,606 - INFO -          Пакет  32/119 ( 26.9%): 1,000 строк за 5.69 сек
2026-03-25 09:14:34,173 - INFO -          Пакет  33/119 ( 27.7%): 1,000 строк за 5.57 сек
2026-03-25 09:14:40,246 - INFO -          Пакет  34/119 ( 28.6%): 1,000 строк за 6.07 сек
2026-03-25 09:14:48,959 - INFO -          Пакет  35/119 ( 29.4%): 1,000 строк за 8.71 сек
2026-03-25 09:14:53,658 - INFO -          Пакет  36/119 ( 30.3%): 1,000 строк за 4.70 сек
2026-03-25 09:14:58,550 - INFO -          Пакет  37/119 ( 31.1%): 1,000 строк за 4.89 сек
2026-03-25 09:15:03,927 - INFO -          Пакет  38/119 ( 31.9%): 1,000 строк за 5.38 сек
2026-03-25 09:15:10,216 - INFO -          Пакет  39/119 ( 32.8%): 1,000 строк за 6.29 сек
2026-03-25 09:15:17,895 - INFO -          Пакет  40/119 ( 33.6%): 1,000 строк за 7.68 сек
2026-03-25 09:15:24,126 - INFO -          Пакет  41/119 ( 34.5%): 1,000 строк за 6.23 сек
2026-03-25 09:15:31,564 - INFO -          Пакет  42/119 ( 35.3%): 1,000 строк за 7.44 сек
2026-03-25 09:15:36,338 - INFO -          Пакет  43/119 ( 36.1%): 1,000 строк за 4.77 сек
2026-03-25 09:15:41,411 - INFO -          Пакет  44/119 ( 37.0%): 1,000 строк за 5.07 сек
2026-03-25 09:15:47,389 - INFO -          Пакет  45/119 ( 37.8%): 1,000 строк за 5.98 сек
2026-03-25 09:15:51,805 - INFO -          Пакет  46/119 ( 38.7%): 1,000 строк за 4.42 сек
2026-03-25 09:15:57,904 - INFO -          Пакет  47/119 ( 39.5%): 1,000 строк за 6.10 сек
2026-03-25 09:16:02,906 - INFO -          Пакет  48/119 ( 40.3%): 1,000 строк за 5.00 сек
2026-03-25 09:16:08,182 - INFO -          Пакет  49/119 ( 41.2%): 1,000 строк за 5.28 сек
2026-03-25 09:16:14,134 - INFO -          Пакет  50/119 ( 42.0%): 1,000 строк за 5.95 сек
2026-03-25 09:16:20,537 - INFO -          Пакет  51/119 ( 42.9%): 1,000 строк за 6.40 сек
2026-03-25 09:16:30,827 - INFO -          Пакет  52/119 ( 43.7%): 1,000 строк за 10.29 сек
2026-03-25 09:16:36,391 - INFO -          Пакет  53/119 ( 44.5%): 1,000 строк за 5.56 сек
2026-03-25 09:16:41,277 - INFO -          Пакет  54/119 ( 45.4%): 1,000 строк за 4.89 сек
2026-03-25 09:16:46,845 - INFO -          Пакет  55/119 ( 46.2%): 1,000 строк за 5.57 сек
2026-03-25 09:16:52,816 - INFO -          Пакет  56/119 ( 47.1%): 1,000 строк за 5.97 сек
2026-03-25 09:16:57,251 - INFO -          Пакет  57/119 ( 47.9%): 1,000 строк за 4.43 сек
2026-03-25 09:17:05,244 - INFO -          Пакет  58/119 ( 48.7%): 1,000 строк за 7.99 сек
2026-03-25 09:17:11,050 - INFO -          Пакет  59/119 ( 49.6%): 1,000 строк за 5.81 сек
2026-03-25 09:17:18,172 - INFO -          Пакет  60/119 ( 50.4%): 1,000 строк за 7.12 сек
2026-03-25 09:17:23,894 - INFO -          Пакет  61/119 ( 51.3%): 1,000 строк за 5.72 сек
2026-03-25 09:17:29,579 - INFO -          Пакет  62/119 ( 52.1%): 1,000 строк за 5.69 сек
2026-03-25 09:17:35,431 - INFO -          Пакет  63/119 ( 52.9%): 1,000 строк за 5.85 сек
2026-03-25 09:17:40,281 - INFO -          Пакет  64/119 ( 53.8%): 1,000 строк за 4.85 сек
2026-03-25 09:17:45,820 - INFO -          Пакет  65/119 ( 54.6%): 1,000 строк за 5.54 сек
2026-03-25 09:17:52,363 - INFO -          Пакет  66/119 ( 55.5%): 1,000 строк за 6.54 сек
2026-03-25 09:17:58,534 - INFO -          Пакет  67/119 ( 56.3%): 1,000 строк за 6.17 сек
2026-03-25 09:18:03,952 - INFO -          Пакет  68/119 ( 57.1%): 1,000 строк за 5.42 сек
2026-03-25 09:18:08,472 - INFO -          Пакет  69/119 ( 58.0%): 1,000 строк за 4.52 сек
2026-03-25 09:18:13,318 - INFO -          Пакет  70/119 ( 58.8%): 1,000 строк за 4.85 сек
2026-03-25 09:18:27,686 - INFO -          Пакет  71/119 ( 59.7%): 1,000 строк за 14.37 сек
2026-03-25 09:18:35,609 - INFO -          Пакет  72/119 ( 60.5%): 1,000 строк за 7.92 сек
2026-03-25 09:18:44,268 - INFO -          Пакет  73/119 ( 61.3%): 1,000 строк за 8.66 сек
2026-03-25 09:18:51,980 - INFO -          Пакет  74/119 ( 62.2%): 1,000 строк за 7.71 сек
2026-03-25 09:19:00,143 - INFO -          Пакет  75/119 ( 63.0%): 1,000 строк за 8.16 сек
2026-03-25 09:19:06,653 - INFO -          Пакет  76/119 ( 63.9%): 1,000 строк за 6.51 сек
2026-03-25 09:19:14,221 - INFO -          Пакет  77/119 ( 64.7%): 1,000 строк за 7.57 сек
2026-03-25 09:19:22,191 - INFO -          Пакет  78/119 ( 65.5%): 1,000 строк за 7.97 сек
2026-03-25 09:19:28,387 - INFO -          Пакет  79/119 ( 66.4%): 1,000 строк за 6.19 сек
2026-03-25 09:19:36,840 - INFO -          Пакет  80/119 ( 67.2%): 1,000 строк за 8.45 сек
2026-03-25 09:19:42,828 - INFO -          Пакет  81/119 ( 68.1%): 1,000 строк за 5.99 сек
2026-03-25 09:19:49,263 - INFO -          Пакет  82/119 ( 68.9%): 1,000 строк за 6.43 сек
2026-03-25 09:19:56,194 - INFO -          Пакет  83/119 ( 69.7%): 1,000 строк за 6.93 сек
2026-03-25 09:20:02,350 - INFO -          Пакет  84/119 ( 70.6%): 1,000 строк за 6.16 сек
2026-03-25 09:20:10,212 - INFO -          Пакет  85/119 ( 71.4%): 1,000 строк за 7.86 сек
2026-03-25 09:20:18,186 - INFO -          Пакет  86/119 ( 72.3%): 1,000 строк за 7.97 сек
2026-03-25 09:20:24,880 - INFO -          Пакет  87/119 ( 73.1%): 1,000 строк за 6.69 сек
2026-03-25 09:20:32,151 - INFO -          Пакет  88/119 ( 73.9%): 1,000 строк за 7.27 сек
2026-03-25 09:20:39,501 - INFO -          Пакет  89/119 ( 74.8%): 1,000 строк за 7.35 сек
2026-03-25 09:20:47,104 - INFO -          Пакет  90/119 ( 75.6%): 1,000 строк за 7.60 сек
2026-03-25 09:20:53,640 - INFO -          Пакет  91/119 ( 76.5%): 1,000 строк за 6.54 сек
2026-03-25 09:21:02,303 - INFO -          Пакет  92/119 ( 77.3%): 1,000 строк за 8.66 сек
2026-03-25 09:21:11,884 - INFO -          Пакет  93/119 ( 78.2%): 1,000 строк за 9.58 сек
2026-03-25 09:21:20,386 - INFO -          Пакет  94/119 ( 79.0%): 1,000 строк за 8.50 сек
2026-03-25 09:21:29,897 - INFO -          Пакет  95/119 ( 79.8%): 1,000 строк за 9.51 сек
2026-03-25 09:21:36,863 - INFO -          Пакет  96/119 ( 80.7%): 1,000 строк за 6.96 сек
2026-03-25 09:21:43,544 - INFO -          Пакет  97/119 ( 81.5%): 1,000 строк за 6.68 сек
2026-03-25 09:21:51,405 - INFO -          Пакет  98/119 ( 82.4%): 1,000 строк за 7.86 сек
2026-03-25 09:21:58,970 - INFO -          Пакет  99/119 ( 83.2%): 1,000 строк за 7.56 сек
2026-03-25 09:22:06,459 - INFO -          Пакет 100/119 ( 84.0%): 1,000 строк за 7.49 сек
2026-03-25 09:22:12,479 - INFO -          Пакет 101/119 ( 84.9%): 1,000 строк за 6.02 сек
2026-03-25 09:22:19,628 - INFO -          Пакет 102/119 ( 85.7%): 1,000 строк за 7.15 сек
2026-03-25 09:22:27,279 - INFO -          Пакет 103/119 ( 86.6%): 1,000 строк за 7.65 сек
2026-03-25 09:22:35,072 - INFO -          Пакет 104/119 ( 87.4%): 1,000 строк за 7.79 сек
2026-03-25 09:22:42,731 - INFO -          Пакет 105/119 ( 88.2%): 1,000 строк за 7.66 сек
2026-03-25 09:22:50,153 - INFO -          Пакет 106/119 ( 89.1%): 1,000 строк за 7.42 сек
2026-03-25 09:22:57,440 - INFO -          Пакет 107/119 ( 89.9%): 1,000 строк за 7.29 сек
2026-03-25 09:23:05,350 - INFO -          Пакет 108/119 ( 90.8%): 1,000 строк за 7.91 сек
2026-03-25 09:23:12,547 - INFO -          Пакет 109/119 ( 91.6%): 1,000 строк за 7.20 сек
2026-03-25 09:23:20,010 - INFO -          Пакет 110/119 ( 92.4%): 1,000 строк за 7.46 сек
2026-03-25 09:23:26,799 - INFO -          Пакет 111/119 ( 93.3%): 1,000 строк за 6.79 сек
2026-03-25 09:23:34,021 - INFO -          Пакет 112/119 ( 94.1%): 1,000 строк за 7.22 сек
2026-03-25 09:23:42,200 - INFO -          Пакет 113/119 ( 95.0%): 1,000 строк за 8.18 сек
2026-03-25 09:23:51,069 - INFO -          Пакет 114/119 ( 95.8%): 1,000 строк за 8.87 сек
2026-03-25 09:24:00,203 - INFO -          Пакет 115/119 ( 96.6%): 1,000 строк за 9.13 сек
2026-03-25 09:24:07,561 - INFO -          Пакет 116/119 ( 97.5%): 1,000 строк за 7.36 сек
2026-03-25 09:24:14,245 - INFO -          Пакет 117/119 ( 98.3%): 1,000 строк за 6.68 сек
2026-03-25 09:24:20,573 - INFO -          Пакет 118/119 ( 99.2%): 1,000 строк за 6.33 сек
2026-03-25 09:24:23,448 - INFO -          Пакет 119/119 (100.0%): 440 строк за 2.87 сек
2026-03-25 09:24:23,448 - INFO -       ✅ Вставлено: 118,440 строк (за 768.34 сек)
2026-03-25 09:24:23,449 - INFO -    🔍 Проверка результата...
2026-03-25 09:24:24,573 - INFO -       ✅ В target за период: 118,440 строк
2026-03-25 09:24:24,573 - INFO - 
2026-03-25 09:24:24,573 - INFO -    ⏱️ ОБЩЕЕ ВРЕМЯ по таблице TRANSACTION_HISTORY: 777.67 сек (12.96 мин)
2026-03-25 09:24:24,574 - INFO - ============================================================
2026-03-25 09:24:24,734 - INFO - 
2026-03-25 09:24:24,734 - INFO - ============================================================
2026-03-25 09:24:24,734 - INFO - ТАБЛИЦА [8/21]: WORK_INSTRUCTION_VIEW2
2026-03-25 09:24:24,734 - INFO - ============================================================
2026-03-25 09:24:24,734 - INFO -    📁 Источник: ils, Поле даты: DATE_TIME_STAMP
2026-03-25 09:24:24,734 - INFO -    📅 Период: 2026-03-22 09:24 - 2026-03-25 09:24
2026-03-25 09:24:24,735 - INFO -    🔌 Шаг 1/5: Подключение к источнику (ils)...
2026-03-25 09:24:24,757 - INFO -       ✅ Подключено
2026-03-25 09:24:24,758 - INFO -    🔌 Шаг 2/5: Подключение к целевой БД...
2026-03-25 09:24:24,795 - INFO -       ✅ Подключено
2026-03-25 09:24:24,795 - INFO -    📋 Шаг 3/5: Получение структуры таблицы...
2026-03-25 09:24:24,826 - INFO -       ✅ Найдено колонок: 99
2026-03-25 09:24:24,826 - INFO -    📥 Шаг 4/5: Чтение данных из источника...
2026-03-25 09:24:24,827 - INFO -       Выполняется запрос...
2026-03-25 09:24:28,213 - INFO -       ✅ Прочитано строк: 28,484 (за 3.39 сек)
2026-03-25 09:24:28,213 - INFO -    🗑️ Шаг 5/5: Удаление старых данных и вставка новых...
2026-03-25 09:24:31,179 - INFO -       🗑️ Удалено строк: 28,057 (за 2.97 сек)
2026-03-25 09:24:31,179 - INFO -       📊 Вставка 28,484 строк (пакетов: 29)...
2026-03-25 09:24:40,316 - INFO -          Пакет   1/29 (  3.4%): 1,000 строк за 9.14 сек
2026-03-25 09:24:47,747 - INFO -          Пакет   2/29 (  6.9%): 1,000 строк за 7.43 сек
2026-03-25 09:24:57,389 - INFO -          Пакет   3/29 ( 10.3%): 1,000 строк за 9.64 сек
2026-03-25 09:25:05,191 - INFO -          Пакет   4/29 ( 13.8%): 1,000 строк за 7.80 сек
2026-03-25 09:25:12,447 - INFO -          Пакет   5/29 ( 17.2%): 1,000 строк за 7.26 сек
2026-03-25 09:25:22,176 - INFO -          Пакет   6/29 ( 20.7%): 1,000 строк за 9.73 сек
2026-03-25 09:25:33,063 - INFO -          Пакет   7/29 ( 24.1%): 1,000 строк за 10.89 сек
2026-03-25 09:25:40,652 - INFO -          Пакет   8/29 ( 27.6%): 1,000 строк за 7.59 сек
2026-03-25 09:25:50,851 - INFO -          Пакет   9/29 ( 31.0%): 1,000 строк за 10.20 сек
2026-03-25 09:26:02,610 - INFO -          Пакет  10/29 ( 34.5%): 1,000 строк за 11.76 сек
2026-03-25 09:26:13,517 - INFO -          Пакет  11/29 ( 37.9%): 1,000 строк за 10.91 сек
2026-03-25 09:26:24,285 - INFO -          Пакет  12/29 ( 41.4%): 1,000 строк за 10.77 сек
2026-03-25 09:26:33,269 - INFO -          Пакет  13/29 ( 44.8%): 1,000 строк за 8.98 сек
2026-03-25 09:26:42,399 - INFO -          Пакет  14/29 ( 48.3%): 1,000 строк за 9.13 сек
2026-03-25 09:26:52,413 - INFO -          Пакет  15/29 ( 51.7%): 1,000 строк за 10.01 сек
2026-03-25 09:27:04,068 - INFO -          Пакет  16/29 ( 55.2%): 1,000 строк за 11.65 сек
2026-03-25 09:27:14,475 - INFO -          Пакет  17/29 ( 58.6%): 1,000 строк за 10.41 сек
2026-03-25 09:27:25,733 - INFO -          Пакет  18/29 ( 62.1%): 1,000 строк за 11.26 сек
2026-03-25 09:27:34,445 - INFO -          Пакет  19/29 ( 65.5%): 1,000 строк за 8.71 сек
2026-03-25 09:27:45,738 - INFO -          Пакет  20/29 ( 69.0%): 1,000 строк за 11.29 сек
2026-03-25 09:27:54,674 - INFO -          Пакет  21/29 ( 72.4%): 1,000 строк за 8.94 сек
2026-03-25 09:28:03,351 - INFO -          Пакет  22/29 ( 75.9%): 1,000 строк за 8.68 сек
2026-03-25 09:28:13,679 - INFO -          Пакет  23/29 ( 79.3%): 1,000 строк за 10.33 сек
2026-03-25 09:28:22,743 - INFO -          Пакет  24/29 ( 82.8%): 1,000 строк за 9.06 сек
2026-03-25 09:28:32,495 - INFO -          Пакет  25/29 ( 86.2%): 1,000 строк за 9.75 сек
2026-03-25 09:28:41,406 - INFO -          Пакет  26/29 ( 89.7%): 1,000 строк за 8.91 сек
2026-03-25 09:28:51,975 - INFO -          Пакет  27/29 ( 93.1%): 1,000 строк за 10.57 сек
2026-03-25 09:29:00,736 - INFO -          Пакет  28/29 ( 96.6%): 1,000 строк за 8.76 сек
2026-03-25 09:29:05,226 - INFO -          Пакет  29/29 (100.0%): 484 строк за 4.49 сек
2026-03-25 09:29:05,226 - INFO -       ✅ Вставлено: 28,484 строк (за 274.05 сек)
2026-03-25 09:29:05,226 - INFO -    🔍 Проверка результата...
2026-03-25 09:29:06,241 - INFO -       ✅ В target за период: 28,484 строк
2026-03-25 09:29:06,241 - INFO - 
2026-03-25 09:29:06,241 - INFO -    ⏱️ ОБЩЕЕ ВРЕМЯ по таблице WORK_INSTRUCTION_VIEW2: 281.51 сек (4.69 мин)
2026-03-25 09:29:06,242 - INFO - ============================================================
2026-03-25 09:29:06,317 - INFO - 
2026-03-25 09:29:06,317 - INFO - ============================================================
2026-03-25 09:29:06,317 - INFO - ТАБЛИЦА [9/21]: DOWNLOAD_ORDER_DETAIL
2026-03-25 09:29:06,317 - INFO - ============================================================
2026-03-25 09:29:06,317 - INFO -    📁 Источник: ils, Поле даты: DATE_TIME_STAMP
2026-03-25 09:29:06,317 - INFO -    📅 Период: 2026-03-22 09:29 - 2026-03-25 09:29
2026-03-25 09:29:06,317 - INFO -    🔌 Шаг 1/5: Подключение к источнику (ils)...
2026-03-25 09:29:06,357 - INFO -       ✅ Подключено
2026-03-25 09:29:06,357 - INFO -    🔌 Шаг 2/5: Подключение к целевой БД...
2026-03-25 09:29:06,411 - INFO -       ✅ Подключено
2026-03-25 09:29:06,411 - INFO -    📋 Шаг 3/5: Получение структуры таблицы...
2026-03-25 09:29:06,438 - INFO -       ✅ Найдено колонок: 127
2026-03-25 09:29:06,438 - INFO -    📥 Шаг 4/5: Чтение данных из источника...
2026-03-25 09:29:06,438 - INFO -       Выполняется запрос...
2026-03-25 09:29:06,993 - INFO -       ✅ Прочитано строк: 6,039 (за 0.55 сек)
2026-03-25 09:29:06,993 - INFO -    🗑️ Шаг 5/5: Удаление старых данных и вставка новых...
2026-03-25 09:29:09,427 - INFO -       🗑️ Удалено строк: 5,758 (за 2.43 сек)
2026-03-25 09:29:09,427 - INFO -       📊 Вставка 6,039 строк (пакетов: 7)...
2026-03-25 09:29:17,953 - INFO -          Пакет   1/7 ( 14.3%): 1,000 строк за 8.53 сек
2026-03-25 09:29:25,771 - INFO -          Пакет   2/7 ( 28.6%): 1,000 строк за 7.82 сек
2026-03-25 09:29:33,127 - INFO -          Пакет   3/7 ( 42.9%): 1,000 строк за 7.36 сек
2026-03-25 09:29:40,062 - INFO -          Пакет   4/7 ( 57.1%): 1,000 строк за 6.93 сек
2026-03-25 09:29:47,557 - INFO -          Пакет   5/7 ( 71.4%): 1,000 строк за 7.49 сек
2026-03-25 09:29:55,709 - INFO -          Пакет   6/7 ( 85.7%): 1,000 строк за 8.15 сек
2026-03-25 09:29:55,902 - INFO -          Пакет   7/7 (100.0%): 39 строк за 0.19 сек
2026-03-25 09:29:55,902 - INFO -       ✅ Вставлено: 6,039 строк (за 46.47 сек)
2026-03-25 09:29:55,902 - INFO -    🔍 Проверка результата...
2026-03-25 09:29:58,139 - INFO -       ✅ В target за период: 6,039 строк
2026-03-25 09:29:58,139 - INFO - 
2026-03-25 09:29:58,139 - INFO -    ⏱️ ОБЩЕЕ ВРЕМЯ по таблице DOWNLOAD_ORDER_DETAIL: 51.82 сек (0.86 мин)
2026-03-25 09:29:58,139 - INFO - ============================================================
2026-03-25 09:29:58,153 - INFO - 
2026-03-25 09:29:58,153 - INFO - ============================================================
2026-03-25 09:29:58,153 - INFO - ТАБЛИЦА [10/21]: DOWNLOAD_ORDER_HEADER
2026-03-25 09:29:58,153 - INFO - ============================================================
2026-03-25 09:29:58,153 - INFO -    📁 Источник: ils, Поле даты: DATE_TIME_STAMP
2026-03-25 09:29:58,153 - INFO -    📅 Период: 2026-03-22 09:29 - 2026-03-25 09:29
2026-03-25 09:29:58,153 - INFO -    🔌 Шаг 1/5: Подключение к источнику (ils)...
2026-03-25 09:29:58,174 - INFO -       ✅ Подключено
2026-03-25 09:29:58,174 - INFO -    🔌 Шаг 2/5: Подключение к целевой БД...
2026-03-25 09:29:58,220 - INFO -       ✅ Подключено
2026-03-25 09:29:58,220 - INFO -    📋 Шаг 3/5: Получение структуры таблицы...
2026-03-25 09:29:58,242 - INFO -       ✅ Найдено колонок: 147
2026-03-25 09:29:58,242 - INFO -    📥 Шаг 4/5: Чтение данных из источника...
2026-03-25 09:29:58,242 - INFO -       Выполняется запрос...
2026-03-25 09:29:58,784 - INFO -       ✅ Прочитано строк: 828 (за 0.54 сек)
2026-03-25 09:29:58,784 - INFO -    🗑️ Шаг 5/5: Удаление старых данных и вставка новых...
2026-03-25 09:29:59,413 - INFO -       🗑️ Удалено строк: 808 (за 0.63 сек)
2026-03-25 09:29:59,414 - INFO -       📊 Вставка 828 строк (пакетов: 1)...
2026-03-25 09:30:11,552 - INFO -          Пакет   1/1 (100.0%): 828 строк за 12.14 сек
2026-03-25 09:30:11,553 - INFO -       ✅ Вставлено: 828 строк (за 12.14 сек)
2026-03-25 09:30:11,553 - INFO -    🔍 Проверка результата...
2026-03-25 09:30:11,597 - INFO -       ✅ В target за период: 828 строк
2026-03-25 09:30:11,597 - INFO - 
2026-03-25 09:30:11,597 - INFO -    ⏱️ ОБЩЕЕ ВРЕМЯ по таблице DOWNLOAD_ORDER_HEADER: 13.44 сек (0.22 мин)
2026-03-25 09:30:11,598 - INFO - ============================================================
2026-03-25 09:30:11,599 - INFO - 
2026-03-25 09:30:11,600 - INFO - ============================================================
2026-03-25 09:30:11,600 - INFO - ТАБЛИЦА [11/21]: DOWNLOAD_RECEIPT_DETAIL
2026-03-25 09:30:11,600 - INFO - ============================================================
2026-03-25 09:30:11,600 - INFO -    📁 Источник: ils, Поле даты: DATE_TIME_STAMP
2026-03-25 09:30:11,600 - INFO -    📅 Период: 2026-03-22 09:30 - 2026-03-25 09:30
2026-03-25 09:30:11,600 - INFO -    🔌 Шаг 1/5: Подключение к источнику (ils)...
2026-03-25 09:30:11,637 - INFO -       ✅ Подключено
2026-03-25 09:30:11,637 - INFO -    🔌 Шаг 2/5: Подключение к целевой БД...
2026-03-25 09:30:11,694 - INFO -       ✅ Подключено
2026-03-25 09:30:11,694 - INFO -    📋 Шаг 3/5: Получение структуры таблицы...
2026-03-25 09:30:11,715 - INFO -       ✅ Найдено колонок: 77
2026-03-25 09:30:11,715 - INFO -    📥 Шаг 4/5: Чтение данных из источника...
2026-03-25 09:30:11,715 - INFO -       Выполняется запрос...
2026-03-25 09:30:11,814 - INFO -       ✅ Прочитано строк: 1,110 (за 0.10 сек)
2026-03-25 09:30:11,814 - INFO -    🗑️ Шаг 5/5: Удаление старых данных и вставка новых...
2026-03-25 09:30:12,363 - INFO -       🗑️ Удалено строк: 1,106 (за 0.55 сек)
2026-03-25 09:30:12,363 - INFO -       📊 Вставка 1,110 строк (пакетов: 2)...
2026-03-25 09:30:19,569 - INFO -          Пакет   1/2 ( 50.0%): 1,000 строк за 7.21 сек
2026-03-25 09:30:20,189 - INFO -          Пакет   2/2 (100.0%): 110 строк за 0.62 сек
2026-03-25 09:30:20,190 - INFO -       ✅ Вставлено: 1,110 строк (за 7.83 сек)
2026-03-25 09:30:20,190 - INFO -    🔍 Проверка результата...
2026-03-25 09:30:20,708 - INFO -       ✅ В target за период: 1,110 строк
2026-03-25 09:30:20,708 - INFO - 
2026-03-25 09:30:20,708 - INFO -    ⏱️ ОБЩЕЕ ВРЕМЯ по таблице DOWNLOAD_RECEIPT_DETAIL: 9.11 сек (0.15 мин)
2026-03-25 09:30:20,708 - INFO - ============================================================
2026-03-25 09:30:20,710 - INFO - 
2026-03-25 09:30:20,711 - INFO - ============================================================
2026-03-25 09:30:20,711 - INFO - ТАБЛИЦА [12/21]: DOWNLOAD_RECEIPT_HEADER
2026-03-25 09:30:20,711 - INFO - ============================================================
2026-03-25 09:30:20,711 - INFO -    📁 Источник: ils, Поле даты: DATE_TIME_STAMP
2026-03-25 09:30:20,711 - INFO -    📅 Период: 2026-03-22 09:30 - 2026-03-25 09:30
2026-03-25 09:30:20,711 - INFO -    🔌 Шаг 1/5: Подключение к источнику (ils)...
2026-03-25 09:30:20,739 - INFO -       ✅ Подключено
2026-03-25 09:30:20,739 - INFO -    🔌 Шаг 2/5: Подключение к целевой БД...
2026-03-25 09:30:20,778 - INFO -       ✅ Подключено
2026-03-25 09:30:20,778 - INFO -    📋 Шаг 3/5: Получение структуры таблицы...
2026-03-25 09:30:20,800 - INFO -       ✅ Найдено колонок: 66
2026-03-25 09:30:20,800 - INFO -    📥 Шаг 4/5: Чтение данных из источника...
2026-03-25 09:30:20,800 - INFO -       Выполняется запрос...
2026-03-25 09:30:20,830 - INFO -       ✅ Прочитано строк: 219 (за 0.03 сек)
2026-03-25 09:30:20,830 - INFO -    🗑️ Шаг 5/5: Удаление старых данных и вставка новых...
2026-03-25 09:30:20,953 - INFO -       🗑️ Удалено строк: 215 (за 0.12 сек)
2026-03-25 09:30:20,953 - INFO -       📊 Вставка 219 строк (пакетов: 1)...
2026-03-25 09:30:22,401 - INFO -          Пакет   1/1 (100.0%): 219 строк за 1.45 сек
2026-03-25 09:30:22,401 - INFO -       ✅ Вставлено: 219 строк (за 1.45 сек)
2026-03-25 09:30:22,401 - INFO -    🔍 Проверка результата...
2026-03-25 09:30:22,418 - INFO -       ✅ В target за период: 219 строк
2026-03-25 09:30:22,418 - INFO - 
2026-03-25 09:30:22,418 - INFO -    ⏱️ ОБЩЕЕ ВРЕМЯ по таблице DOWNLOAD_RECEIPT_HEADER: 1.71 сек (0.03 мин)
2026-03-25 09:30:22,418 - INFO - ============================================================
2026-03-25 09:30:22,419 - INFO - 
2026-03-25 09:30:22,419 - INFO - ============================================================
2026-03-25 09:30:22,419 - INFO - ТАБЛИЦА [13/21]: UPLOAD_ORDER_DETAIL
2026-03-25 09:30:22,419 - INFO - ============================================================
2026-03-25 09:30:22,419 - INFO -    📁 Источник: ils, Поле даты: DATE_TIME_STAMP
2026-03-25 09:30:22,419 - INFO -    📅 Период: 2026-03-22 09:30 - 2026-03-25 09:30
2026-03-25 09:30:22,419 - INFO -    🔌 Шаг 1/5: Подключение к источнику (ils)...
2026-03-25 09:30:22,438 - INFO -       ✅ Подключено
2026-03-25 09:30:22,438 - INFO -    🔌 Шаг 2/5: Подключение к целевой БД...
2026-03-25 09:30:22,476 - INFO -       ✅ Подключено
2026-03-25 09:30:22,477 - INFO -    📋 Шаг 3/5: Получение структуры таблицы...
2026-03-25 09:30:22,497 - INFO -       ✅ Найдено колонок: 137
2026-03-25 09:30:22,497 - INFO -    📥 Шаг 4/5: Чтение данных из источника...
2026-03-25 09:30:22,497 - INFO -       Выполняется запрос...
2026-03-25 09:30:23,610 - INFO -       ✅ Прочитано строк: 7,579 (за 1.11 сек)
2026-03-25 09:30:23,610 - INFO -    🗑️ Шаг 5/5: Удаление старых данных и вставка новых...
2026-03-25 09:30:27,358 - INFO -       🗑️ Удалено строк: 7,547 (за 3.75 сек)
2026-03-25 09:30:27,358 - INFO -       📊 Вставка 7,579 строк (пакетов: 8)...
2026-03-25 09:30:40,293 - INFO -          Пакет   1/8 ( 12.5%): 1,000 строк за 12.93 сек
2026-03-25 09:30:51,322 - INFO -          Пакет   2/8 ( 25.0%): 1,000 строк за 11.03 сек
2026-03-25 09:31:02,785 - INFO -          Пакет   3/8 ( 37.5%): 1,000 строк за 11.46 сек
2026-03-25 09:31:16,745 - INFO -          Пакет   4/8 ( 50.0%): 1,000 строк за 13.96 сек
2026-03-25 09:31:28,927 - INFO -          Пакет   5/8 ( 62.5%): 1,000 строк за 12.18 сек
2026-03-25 09:31:38,225 - INFO -          Пакет   6/8 ( 75.0%): 1,000 строк за 9.30 сек
2026-03-25 09:31:49,900 - INFO -          Пакет   7/8 ( 87.5%): 1,000 строк за 11.68 сек
2026-03-25 09:31:56,260 - INFO -          Пакет   8/8 (100.0%): 579 строк за 6.36 сек
2026-03-25 09:31:56,260 - INFO -       ✅ Вставлено: 7,579 строк (за 88.90 сек)
2026-03-25 09:31:56,260 - INFO -    🔍 Проверка результата...
2026-03-25 09:32:00,200 - INFO -       ✅ В target за период: 7,579 строк
2026-03-25 09:32:00,200 - INFO - 
2026-03-25 09:32:00,200 - INFO -    ⏱️ ОБЩЕЕ ВРЕМЯ по таблице UPLOAD_ORDER_DETAIL: 97.78 сек (1.63 мин)
2026-03-25 09:32:00,200 - INFO - ============================================================
2026-03-25 09:32:00,218 - INFO - 
2026-03-25 09:32:00,218 - INFO - ============================================================
2026-03-25 09:32:00,218 - INFO - ТАБЛИЦА [14/21]: UPLOAD_ORDER_HEADER
2026-03-25 09:32:00,218 - INFO - ============================================================
2026-03-25 09:32:00,219 - INFO -    📁 Источник: ils, Поле даты: DATE_TIME_STAMP
2026-03-25 09:32:00,219 - INFO -    📅 Период: 2026-03-22 09:32 - 2026-03-25 09:32
2026-03-25 09:32:00,219 - INFO -    🔌 Шаг 1/5: Подключение к источнику (ils)...
2026-03-25 09:32:00,243 - INFO -       ✅ Подключено
2026-03-25 09:32:00,243 - INFO -    🔌 Шаг 2/5: Подключение к целевой БД...
2026-03-25 09:32:00,278 - INFO -       ✅ Подключено
2026-03-25 09:32:00,278 - INFO -    📋 Шаг 3/5: Получение структуры таблицы...
2026-03-25 09:32:00,312 - INFO -       ✅ Найдено колонок: 158
2026-03-25 09:32:00,312 - INFO -    📥 Шаг 4/5: Чтение данных из источника...
2026-03-25 09:32:00,312 - INFO -       Выполняется запрос...
2026-03-25 09:32:00,850 - INFO -       ✅ Прочитано строк: 1,078 (за 0.54 сек)
2026-03-25 09:32:00,851 - INFO -    🗑️ Шаг 5/5: Удаление старых данных и вставка новых...
2026-03-25 09:32:01,837 - INFO -       🗑️ Удалено строк: 1,063 (за 0.99 сек)
2026-03-25 09:32:01,837 - INFO -       📊 Вставка 1,078 строк (пакетов: 2)...
2026-03-25 09:32:20,372 - INFO -          Пакет   1/2 ( 50.0%): 1,000 строк за 18.53 сек
2026-03-25 09:32:22,030 - INFO -          Пакет   2/2 (100.0%): 78 строк за 1.66 сек
2026-03-25 09:32:22,031 - INFO -       ✅ Вставлено: 1,078 строк (за 20.19 сек)
2026-03-25 09:32:22,031 - INFO -    🔍 Проверка результата...
2026-03-25 09:32:22,933 - INFO -       ✅ В target за период: 1,078 строк
2026-03-25 09:32:22,933 - INFO - 
2026-03-25 09:32:22,933 - INFO -    ⏱️ ОБЩЕЕ ВРЕМЯ по таблице UPLOAD_ORDER_HEADER: 22.71 сек (0.38 мин)
2026-03-25 09:32:22,933 - INFO - ============================================================
2026-03-25 09:32:22,939 - INFO - 
2026-03-25 09:32:22,939 - INFO - ============================================================
2026-03-25 09:32:22,939 - INFO - ТАБЛИЦА [15/21]: UPLOAD_RECEIPT_DETAIL
2026-03-25 09:32:22,939 - INFO - ============================================================
2026-03-25 09:32:22,939 - INFO -    📁 Источник: ils, Поле даты: DATE_TIME_STAMP
2026-03-25 09:32:22,939 - INFO -    📅 Период: 2026-03-22 09:32 - 2026-03-25 09:32
2026-03-25 09:32:22,940 - INFO -    🔌 Шаг 1/5: Подключение к источнику (ils)...
2026-03-25 09:32:22,966 - INFO -       ✅ Подключено
2026-03-25 09:32:22,966 - INFO -    🔌 Шаг 2/5: Подключение к целевой БД...
2026-03-25 09:32:23,043 - INFO -       ✅ Подключено
2026-03-25 09:32:23,043 - INFO -    📋 Шаг 3/5: Получение структуры таблицы...
2026-03-25 09:32:23,071 - INFO -       ✅ Найдено колонок: 84
2026-03-25 09:32:23,072 - INFO -    📥 Шаг 4/5: Чтение данных из источника...
2026-03-25 09:32:23,072 - INFO -       Выполняется запрос...
2026-03-25 09:32:23,197 - INFO -       ✅ Прочитано строк: 1,127 (за 0.12 сек)
2026-03-25 09:32:23,197 - INFO -    🗑️ Шаг 5/5: Удаление старых данных и вставка новых...
2026-03-25 09:32:23,991 - INFO -       🗑️ Удалено строк: 1,124 (за 0.79 сек)
2026-03-25 09:32:23,991 - INFO -       📊 Вставка 1,127 строк (пакетов: 2)...
2026-03-25 09:32:32,407 - INFO -          Пакет   1/2 ( 50.0%): 1,000 строк за 8.42 сек
2026-03-25 09:32:33,198 - INFO -          Пакет   2/2 (100.0%): 127 строк за 0.79 сек
2026-03-25 09:32:33,198 - INFO -       ✅ Вставлено: 1,127 строк (за 9.21 сек)
2026-03-25 09:32:33,198 - INFO -    🔍 Проверка результата...
2026-03-25 09:32:33,376 - INFO -       ✅ В target за период: 1,127 строк
2026-03-25 09:32:33,376 - INFO - 
2026-03-25 09:32:33,376 - INFO -    ⏱️ ОБЩЕЕ ВРЕМЯ по таблице UPLOAD_RECEIPT_DETAIL: 10.44 сек (0.17 мин)
2026-03-25 09:32:33,376 - INFO - ============================================================
2026-03-25 09:32:33,380 - INFO - 
2026-03-25 09:32:33,380 - INFO - ============================================================
2026-03-25 09:32:33,381 - INFO - ТАБЛИЦА [16/21]: UPLOAD_RECEIPT_HEADER
2026-03-25 09:32:33,381 - INFO - ============================================================
2026-03-25 09:32:33,381 - INFO -    📁 Источник: ils, Поле даты: DATE_TIME_STAMP
2026-03-25 09:32:33,381 - INFO -    📅 Период: 2026-03-22 09:32 - 2026-03-25 09:32
2026-03-25 09:32:33,382 - INFO -    🔌 Шаг 1/5: Подключение к источнику (ils)...
2026-03-25 09:32:33,398 - INFO -       ✅ Подключено
2026-03-25 09:32:33,399 - INFO -    🔌 Шаг 2/5: Подключение к целевой БД...
2026-03-25 09:32:33,436 - INFO -       ✅ Подключено
2026-03-25 09:32:33,436 - INFO -    📋 Шаг 3/5: Получение структуры таблицы...
2026-03-25 09:32:33,461 - INFO -       ✅ Найдено колонок: 76
2026-03-25 09:32:33,461 - INFO -    📥 Шаг 4/5: Чтение данных из источника...
2026-03-25 09:32:33,461 - INFO -       Выполняется запрос...
2026-03-25 09:32:33,523 - INFO -       ✅ Прочитано строк: 236 (за 0.06 сек)
2026-03-25 09:32:33,523 - INFO -    🗑️ Шаг 5/5: Удаление старых данных и вставка новых...
2026-03-25 09:32:33,682 - INFO -       🗑️ Удалено строк: 233 (за 0.16 сек)
2026-03-25 09:32:33,682 - INFO -       📊 Вставка 236 строк (пакетов: 1)...
2026-03-25 09:32:36,484 - INFO -          Пакет   1/1 (100.0%): 236 строк за 2.80 сек
2026-03-25 09:32:36,484 - INFO -       ✅ Вставлено: 236 строк (за 2.80 сек)
2026-03-25 09:32:36,484 - INFO -    🔍 Проверка результата...
2026-03-25 09:32:36,498 - INFO -       ✅ В target за период: 236 строк
2026-03-25 09:32:36,498 - INFO - 
2026-03-25 09:32:36,498 - INFO -    ⏱️ ОБЩЕЕ ВРЕМЯ по таблице UPLOAD_RECEIPT_HEADER: 3.12 сек (0.05 мин)
2026-03-25 09:32:36,498 - INFO - ============================================================
2026-03-25 09:32:36,498 - INFO - 
2026-03-25 09:32:36,499 - INFO - ============================================================
2026-03-25 09:32:36,499 - INFO - ТАБЛИЦА [17/21]: CYCLE_COUNT_REQUEST
2026-03-25 09:32:36,499 - INFO - ============================================================
2026-03-25 09:32:36,499 - INFO -    📁 Источник: ils, Поле даты: DATE_TIME_STAMP
2026-03-25 09:32:36,499 - INFO -    📅 Период: 2026-03-22 09:32 - 2026-03-25 09:32
2026-03-25 09:32:36,499 - INFO -    🔌 Шаг 1/5: Подключение к источнику (ils)...
2026-03-25 09:32:36,545 - INFO -       ✅ Подключено
2026-03-25 09:32:36,545 - INFO -    🔌 Шаг 2/5: Подключение к целевой БД...
2026-03-25 09:32:36,589 - INFO -       ✅ Подключено
2026-03-25 09:32:36,589 - INFO -    📋 Шаг 3/5: Получение структуры таблицы...
2026-03-25 09:32:36,611 - INFO -       ✅ Найдено колонок: 39
2026-03-25 09:32:36,611 - INFO -    📥 Шаг 4/5: Чтение данных из источника...
2026-03-25 09:32:36,611 - INFO -       Выполняется запрос...
2026-03-25 09:32:37,106 - INFO -       ✅ Прочитано строк: 33 (за 0.49 сек)
2026-03-25 09:32:37,106 - INFO -    🗑️ Шаг 5/5: Удаление старых данных и вставка новых...
2026-03-25 09:32:37,141 - INFO -       🗑️ Удалено строк: 33 (за 0.04 сек)
2026-03-25 09:32:37,141 - INFO -       📊 Вставка 33 строк (пакетов: 1)...
2026-03-25 09:32:37,324 - INFO -          Пакет   1/1 (100.0%): 33 строк за 0.18 сек
2026-03-25 09:32:37,324 - INFO -       ✅ Вставлено: 33 строк (за 0.18 сек)
2026-03-25 09:32:37,324 - INFO -    🔍 Проверка результата...
2026-03-25 09:32:37,330 - INFO -       ✅ В target за период: 33 строк
2026-03-25 09:32:37,330 - INFO - 
2026-03-25 09:32:37,330 - INFO -    ⏱️ ОБЩЕЕ ВРЕМЯ по таблице CYCLE_COUNT_REQUEST: 0.83 сек (0.01 мин)
2026-03-25 09:32:37,330 - INFO - ============================================================
2026-03-25 09:32:37,331 - INFO - 
2026-03-25 09:32:37,331 - INFO - ============================================================
2026-03-25 09:32:37,331 - INFO - ТАБЛИЦА [18/21]: labor_management_detail_view
2026-03-25 09:32:37,331 - INFO - ============================================================
2026-03-25 09:32:37,331 - INFO -    📁 Источник: ils, Поле даты: DATE_TIME_STAMP
2026-03-25 09:32:37,331 - INFO -    📅 Период: 2026-03-22 09:32 - 2026-03-25 09:32
2026-03-25 09:32:37,332 - INFO -    🔌 Шаг 1/5: Подключение к источнику (ils)...
2026-03-25 09:32:37,368 - INFO -       ✅ Подключено
2026-03-25 09:32:37,369 - INFO -    🔌 Шаг 2/5: Подключение к целевой БД...
2026-03-25 09:32:37,418 - INFO -       ✅ Подключено
2026-03-25 09:32:37,418 - INFO -    📋 Шаг 3/5: Получение структуры таблицы...
2026-03-25 09:32:37,435 - INFO -       ✅ Найдено колонок: 54
2026-03-25 09:32:37,435 - INFO -    📥 Шаг 4/5: Чтение данных из источника...
2026-03-25 09:32:37,435 - INFO -       Выполняется запрос...
2026-03-25 09:32:38,505 - INFO -       ✅ Прочитано строк: 3,563 (за 1.07 сек)
2026-03-25 09:32:38,505 - INFO -    🗑️ Шаг 5/5: Удаление старых данных и вставка новых...
2026-03-25 09:32:38,550 - INFO -       🗑️ Удалено строк: 3,539 (за 0.04 сек)
2026-03-25 09:32:38,550 - INFO -       📊 Вставка 3,563 строк (пакетов: 4)...
2026-03-25 09:32:45,348 - INFO -          Пакет   1/4 ( 25.0%): 1,000 строк за 6.80 сек
2026-03-25 09:32:52,478 - INFO -          Пакет   2/4 ( 50.0%): 1,000 строк за 7.13 сек
2026-03-25 09:32:59,259 - INFO -          Пакет   3/4 ( 75.0%): 1,000 строк за 6.78 сек
2026-03-25 09:33:03,721 - INFO -          Пакет   4/4 (100.0%): 563 строк за 4.46 сек
2026-03-25 09:33:03,721 - INFO -       ✅ Вставлено: 3,563 строк (за 25.17 сек)
2026-03-25 09:33:03,721 - INFO -    🔍 Проверка результата...
2026-03-25 09:33:03,803 - INFO -       ✅ В target за период: 3,563 строк
2026-03-25 09:33:03,803 - INFO - 
2026-03-25 09:33:03,803 - INFO -    ⏱️ ОБЩЕЕ ВРЕМЯ по таблице labor_management_detail_view: 26.47 сек (0.44 мин)
2026-03-25 09:33:03,803 - INFO - ============================================================
2026-03-25 09:33:03,806 - INFO - 
2026-03-25 09:33:03,806 - INFO - ============================================================
2026-03-25 09:33:03,806 - INFO - ТАБЛИЦА [19/21]: UPLOAD_RECEIPT_CONTAINER
2026-03-25 09:33:03,806 - INFO - ============================================================
2026-03-25 09:33:03,806 - INFO -    📁 Источник: ils, Поле даты: DATE_TIME_STAMP
2026-03-25 09:33:03,806 - INFO -    📅 Период: 2026-03-22 09:33 - 2026-03-25 09:33
2026-03-25 09:33:03,806 - INFO -    🔌 Шаг 1/5: Подключение к источнику (ils)...
2026-03-25 09:33:03,833 - INFO -       ✅ Подключено
2026-03-25 09:33:03,833 - INFO -    🔌 Шаг 2/5: Подключение к целевой БД...
2026-03-25 09:33:03,896 - INFO -       ✅ Подключено
2026-03-25 09:33:03,896 - INFO -    📋 Шаг 3/5: Получение структуры таблицы...
2026-03-25 09:33:03,927 - INFO -       ✅ Найдено колонок: 59
2026-03-25 09:33:03,927 - INFO -    📥 Шаг 4/5: Чтение данных из источника...
2026-03-25 09:33:03,927 - INFO -       Выполняется запрос...
2026-03-25 09:33:04,089 - INFO -       ✅ Прочитано строк: 1,386 (за 0.16 сек)
2026-03-25 09:33:04,089 - INFO -    🗑️ Шаг 5/5: Удаление старых данных и вставка новых...
2026-03-25 09:33:04,405 - INFO -       🗑️ Удалено строк: 1,383 (за 0.32 сек)
2026-03-25 09:33:04,405 - INFO -       📊 Вставка 1,386 строк (пакетов: 2)...
2026-03-25 09:33:11,152 - INFO -          Пакет   1/2 ( 50.0%): 1,000 строк за 6.75 сек
2026-03-25 09:33:13,144 - INFO -          Пакет   2/2 (100.0%): 386 строк за 1.99 сек
2026-03-25 09:33:13,144 - INFO -       ✅ Вставлено: 1,386 строк (за 8.74 сек)
2026-03-25 09:33:13,145 - INFO -    🔍 Проверка результата...
2026-03-25 09:33:13,177 - INFO -       ✅ В target за период: 1,386 строк
2026-03-25 09:33:13,177 - INFO - 
2026-03-25 09:33:13,177 - INFO -    ⏱️ ОБЩЕЕ ВРЕМЯ по таблице UPLOAD_RECEIPT_CONTAINER: 9.37 сек (0.16 мин)
2026-03-25 09:33:13,177 - INFO - ============================================================
2026-03-25 09:33:13,179 - INFO - 
2026-03-25 09:33:13,179 - INFO - ============================================================
2026-03-25 09:33:13,179 - INFO - ТАБЛИЦА [20/21]: eks_peremer_ZX_KPP
2026-03-25 09:33:13,179 - INFO - ============================================================
2026-03-25 09:33:13,179 - INFO -    📁 Источник: sk, Поле даты: date_time_stamp
2026-03-25 09:33:13,179 - INFO -    📅 Период: 2026-03-22 09:33 - 2026-03-25 09:33
2026-03-25 09:33:13,179 - INFO -    🔌 Шаг 1/5: Подключение к источнику (sk)...
2026-03-25 09:33:13,198 - INFO -       ✅ Подключено
2026-03-25 09:33:13,198 - INFO -    🔌 Шаг 2/5: Подключение к целевой БД...
2026-03-25 09:33:13,264 - INFO -       ✅ Подключено
2026-03-25 09:33:13,264 - INFO -    📋 Шаг 3/5: Получение структуры таблицы...
2026-03-25 09:33:13,279 - INFO -       ✅ Найдено колонок: 7
2026-03-25 09:33:13,279 - INFO -    📥 Шаг 4/5: Чтение данных из источника...
2026-03-25 09:33:13,280 - INFO -       Выполняется запрос...
2026-03-25 09:33:13,285 - INFO -       ✅ Прочитано строк: 16 (за 0.01 сек)
2026-03-25 09:33:13,285 - INFO -    🗑️ Шаг 5/5: Удаление старых данных и вставка новых...
2026-03-25 09:33:13,294 - INFO -       🗑️ Удалено строк: 16 (за 0.01 сек)
2026-03-25 09:33:13,294 - INFO -       📊 Вставка 16 строк (пакетов: 1)...
2026-03-25 09:33:13,359 - INFO -          Пакет   1/1 (100.0%): 16 строк за 0.06 сек
2026-03-25 09:33:13,359 - INFO -       ✅ Вставлено: 16 строк (за 0.07 сек)
2026-03-25 09:33:13,359 - INFO -    🔍 Проверка результата...
2026-03-25 09:33:13,364 - INFO -       ✅ В target за период: 16 строк
2026-03-25 09:33:13,364 - INFO - 
2026-03-25 09:33:13,364 - INFO -    ⏱️ ОБЩЕЕ ВРЕМЯ по таблице eks_peremer_ZX_KPP: 0.18 сек (0.00 мин)
2026-03-25 09:33:13,364 - INFO - ============================================================
2026-03-25 09:33:13,364 - INFO - 
2026-03-25 09:33:13,364 - INFO - ============================================================
2026-03-25 09:33:13,365 - INFO - ТАБЛИЦА [21/21]: Shtraf_Edit
2026-03-25 09:33:13,365 - INFO - ============================================================
2026-03-25 09:33:13,365 - INFO -    📁 Источник: sk, Поле даты: date_time_stamp
2026-03-25 09:33:13,365 - INFO -    📅 Период: 2026-03-22 09:33 - 2026-03-25 09:33
2026-03-25 09:33:13,365 - INFO -    🔌 Шаг 1/5: Подключение к источнику (sk)...
2026-03-25 09:33:13,381 - INFO -       ✅ Подключено
2026-03-25 09:33:13,381 - INFO -    🔌 Шаг 2/5: Подключение к целевой БД...
2026-03-25 09:33:13,425 - INFO -       ✅ Подключено
2026-03-25 09:33:13,425 - INFO -    📋 Шаг 3/5: Получение структуры таблицы...
2026-03-25 09:33:13,443 - INFO -       ✅ Найдено колонок: 12
2026-03-25 09:33:13,443 - INFO -    📥 Шаг 4/5: Чтение данных из источника...
2026-03-25 09:33:13,443 - INFO -       Выполняется запрос...
2026-03-25 09:33:13,450 - INFO -       ✅ Прочитано строк: 12 (за 0.01 сек)
2026-03-25 09:33:13,450 - INFO -    🗑️ Шаг 5/5: Удаление старых данных и вставка новых...
2026-03-25 09:33:13,457 - INFO -       🗑️ Удалено строк: 12 (за 0.01 сек)
2026-03-25 09:33:13,457 - INFO -       📊 Вставка 12 строк (пакетов: 1)...
2026-03-25 09:33:13,501 - INFO -          Пакет   1/1 (100.0%): 12 строк за 0.04 сек
2026-03-25 09:33:13,501 - INFO -       ✅ Вставлено: 12 строк (за 0.04 сек)
2026-03-25 09:33:13,501 - INFO -    🔍 Проверка результата...
2026-03-25 09:33:13,507 - INFO -       ✅ В target за период: 12 строк
2026-03-25 09:33:13,507 - INFO - 
2026-03-25 09:33:13,507 - INFO -    ⏱️ ОБЩЕЕ ВРЕМЯ по таблице Shtraf_Edit: 0.14 сек (0.00 мин)
2026-03-25 09:33:13,507 - INFO - ============================================================
2026-03-25 09:33:13,507 - INFO - 
================================================================================
2026-03-25 09:33:13,507 - INFO - 🏁 ПЕРЕЗАПИСЬ ЗАВЕРШЕНА
2026-03-25 09:33:13,507 - INFO - ================================================================================
2026-03-25 09:33:13,507 - INFO - ✅ Успешно: 21 таблиц
2026-03-25 09:33:13,507 - INFO - ❌ Ошибок: 0 таблиц
2026-03-25 09:33:13,507 - INFO - ⏱️ Время выполнения: 1492.00 сек (24.87 мин)
2026-03-25 09:33:13,508 - INFO - 📅 Дата запуска: 2026-03-25 09:08:21.502632
2026-03-25 09:33:13,508 - INFO - ================================================================================
