2026-03-25 10:54:36,599 - INFO - ================================================================================
2026-03-25 10:54:36,599 - INFO - 🚀 ПЕРЕЗАПИСЬ ДАННЫХ ЗА ПОСЛЕДНИЕ 3 ДНЯ
2026-03-25 10:54:36,599 - INFO - ================================================================================
2026-03-25 10:54:36,600 - INFO - 📊 Всего таблиц: 21
2026-03-25 10:54:36,600 - INFO - 📁 Источники: ils (19 таблиц), sk (2 таблицы)
2026-03-25 10:54:36,600 - INFO - 🎯 Целевая БД: olap2_fixed.raw_
2026-03-25 10:54:36,600 - INFO - 📅 Период: 2026-03-22 - 2026-03-25
2026-03-25 10:54:36,600 - INFO - ================================================================================
2026-03-25 10:54:36,600 - INFO - 
2026-03-25 10:54:36,600 - INFO - ============================================================
2026-03-25 10:54:36,600 - INFO - ТАБЛИЦА [1/21]: ORDER_DETAIL
2026-03-25 10:54:36,600 - INFO - ============================================================
2026-03-25 10:54:36,600 - INFO -    📁 Источник: ils, Поле даты: DATE_TIME_STAMP
2026-03-25 10:54:36,601 - INFO -    📅 Период: 2026-03-22 10:54 - 2026-03-25 10:54
2026-03-25 10:54:36,601 - INFO -    🔌 Шаг 1/5: Подключение к источнику (ils)...
2026-03-25 10:54:36,736 - INFO -       ✅ Подключено
2026-03-25 10:54:36,736 - INFO -    🔌 Шаг 2/5: Подключение к целевой БД...
2026-03-25 10:54:36,816 - INFO -       ✅ Подключено
2026-03-25 10:54:36,817 - INFO -    📋 Шаг 3/5: Получение структуры таблицы...
2026-03-25 10:54:36,831 - INFO -       ✅ Найдено колонок: 126
2026-03-25 10:54:36,831 - INFO -    📥 Шаг 4/5: Чтение данных из источника...
2026-03-25 10:54:36,831 - INFO -       Выполняется запрос...
2026-03-25 10:54:36,836 - INFO -       ✅ Прочитано строк: 0 (за 0.00 сек)
2026-03-25 10:54:36,836 - INFO -    🗑️ Шаг 5/5: Удаление старых данных и вставка новых...
2026-03-25 10:54:36,841 - INFO -       🗑️ Удалено строк: 0 (за 0.01 сек)
2026-03-25 10:54:36,848 - INFO -       ℹ️ Нет данных для вставки
2026-03-25 10:54:36,848 - INFO -    🔍 Проверка результата...
2026-03-25 10:54:36,852 - INFO -       ✅ В target за период: 0 строк
2026-03-25 10:54:36,852 - INFO - 
2026-03-25 10:54:36,852 - INFO -    ⏱️ ОБЩЕЕ ВРЕМЯ по таблице ORDER_DETAIL: 0.25 сек (0.00 мин)
2026-03-25 10:54:36,852 - INFO - ============================================================
2026-03-25 10:54:36,852 - INFO - 
2026-03-25 10:54:36,853 - INFO - ============================================================
2026-03-25 10:54:36,853 - INFO - ТАБЛИЦА [2/21]: ORDER_HEADER
2026-03-25 10:54:36,853 - INFO - ============================================================
2026-03-25 10:54:36,853 - INFO -    📁 Источник: ils, Поле даты: ORDER_DATE
2026-03-25 10:54:36,853 - INFO -    📅 Период: 2026-03-22 10:54 - 2026-03-25 10:54
2026-03-25 10:54:36,853 - INFO -    🔌 Шаг 1/5: Подключение к источнику (ils)...
2026-03-25 10:54:36,864 - INFO -       ✅ Подключено
2026-03-25 10:54:36,864 - INFO -    🔌 Шаг 2/5: Подключение к целевой БД...
2026-03-25 10:54:36,904 - INFO -       ✅ Подключено
2026-03-25 10:54:36,904 - INFO -    📋 Шаг 3/5: Получение структуры таблицы...
2026-03-25 10:54:36,918 - INFO -       ✅ Найдено колонок: 114
2026-03-25 10:54:36,918 - INFO -    📥 Шаг 4/5: Чтение данных из источника...
2026-03-25 10:54:36,918 - INFO -       Выполняется запрос...
2026-03-25 10:54:37,431 - INFO -       ✅ Прочитано строк: 0 (за 0.51 сек)
2026-03-25 10:54:37,431 - INFO -    🗑️ Шаг 5/5: Удаление старых данных и вставка новых...
2026-03-25 10:54:37,443 - INFO -       🗑️ Удалено строк: 0 (за 0.01 сек)
2026-03-25 10:54:37,449 - INFO -       ℹ️ Нет данных для вставки
2026-03-25 10:54:37,449 - INFO -    🔍 Проверка результата...
2026-03-25 10:54:37,453 - INFO -       ✅ В target за период: 0 строк
2026-03-25 10:54:37,454 - INFO - 
2026-03-25 10:54:37,454 - INFO -    ⏱️ ОБЩЕЕ ВРЕМЯ по таблице ORDER_HEADER: 0.60 сек (0.01 мин)
2026-03-25 10:54:37,454 - INFO - ============================================================
2026-03-25 10:54:37,454 - INFO - 
2026-03-25 10:54:37,454 - INFO - ============================================================
2026-03-25 10:54:37,454 - INFO - ТАБЛИЦА [3/21]: RECEIPT_DETAIL
2026-03-25 10:54:37,454 - INFO - ============================================================
2026-03-25 10:54:37,454 - INFO -    📁 Источник: ils, Поле даты: DATE_TIME_STAMP
2026-03-25 10:54:37,454 - INFO -    📅 Период: 2026-03-22 10:54 - 2026-03-25 10:54
2026-03-25 10:54:37,454 - INFO -    🔌 Шаг 1/5: Подключение к источнику (ils)...
2026-03-25 10:54:37,468 - INFO -       ✅ Подключено
2026-03-25 10:54:37,468 - INFO -    🔌 Шаг 2/5: Подключение к целевой БД...
2026-03-25 10:54:37,500 - INFO -       ✅ Подключено
2026-03-25 10:54:37,500 - INFO -    📋 Шаг 3/5: Получение структуры таблицы...
2026-03-25 10:54:37,514 - INFO -       ✅ Найдено колонок: 83
2026-03-25 10:54:37,515 - INFO -    📥 Шаг 4/5: Чтение данных из источника...
2026-03-25 10:54:37,515 - INFO -       Выполняется запрос...
2026-03-25 10:54:37,673 - INFO -       ✅ Прочитано строк: 1,261 (за 0.16 сек)
2026-03-25 10:54:37,674 - INFO -    🗑️ Шаг 5/5: Удаление старых данных и вставка новых...
2026-03-25 10:54:37,715 - INFO -       🗑️ Удалено строк: 1,257 (за 0.04 сек)
2026-03-25 10:54:37,715 - INFO -       📊 Вставка 1,261 строк (единым вызовом)...
2026-03-25 10:54:48,960 - INFO -       ✅ Вставлено: 1,261 строк за 11.24 сек (112 строк/сек)
2026-03-25 10:54:48,960 - INFO -    🔍 Проверка результата...
2026-03-25 10:54:49,100 - INFO -       ✅ В target за период: 1,261 строк
2026-03-25 10:54:49,101 - INFO - 
2026-03-25 10:54:49,101 - INFO -    ⏱️ ОБЩЕЕ ВРЕМЯ по таблице RECEIPT_DETAIL: 11.65 сек (0.19 мин)
2026-03-25 10:54:49,101 - INFO - ============================================================
2026-03-25 10:54:49,106 - INFO - 
2026-03-25 10:54:49,106 - INFO - ============================================================
2026-03-25 10:54:49,106 - INFO - ТАБЛИЦА [4/21]: RECEIPT_HEADER
2026-03-25 10:54:49,106 - INFO - ============================================================
2026-03-25 10:54:49,106 - INFO -    📁 Источник: ils, Поле даты: RECEIPT_DATE
2026-03-25 10:54:49,107 - INFO -    📅 Период: 2026-03-22 10:54 - 2026-03-25 10:54
2026-03-25 10:54:49,107 - INFO -    🔌 Шаг 1/5: Подключение к источнику (ils)...
2026-03-25 10:54:49,123 - INFO -       ✅ Подключено
2026-03-25 10:54:49,123 - INFO -    🔌 Шаг 2/5: Подключение к целевой БД...
2026-03-25 10:54:49,178 - INFO -       ✅ Подключено
2026-03-25 10:54:49,179 - INFO -    📋 Шаг 3/5: Получение структуры таблицы...
2026-03-25 10:54:49,202 - INFO -       ✅ Найдено колонок: 81
2026-03-25 10:54:49,203 - INFO -    📥 Шаг 4/5: Чтение данных из источника...
2026-03-25 10:54:49,203 - INFO -       Выполняется запрос...
2026-03-25 10:54:49,239 - INFO -       ✅ Прочитано строк: 279 (за 0.04 сек)
2026-03-25 10:54:49,239 - INFO -    🗑️ Шаг 5/5: Удаление старых данных и вставка новых...
2026-03-25 10:54:49,255 - INFO -       🗑️ Удалено строк: 277 (за 0.02 сек)
2026-03-25 10:54:49,255 - INFO -       📊 Вставка 279 строк (единым вызовом)...
2026-03-25 10:54:51,579 - INFO -       ✅ Вставлено: 279 строк за 2.32 сек (120 строк/сек)
2026-03-25 10:54:51,580 - INFO -    🔍 Проверка результата...
2026-03-25 10:54:51,584 - INFO -       ✅ В target за период: 279 строк
2026-03-25 10:54:51,584 - INFO - 
2026-03-25 10:54:51,585 - INFO -    ⏱️ ОБЩЕЕ ВРЕМЯ по таблице RECEIPT_HEADER: 2.48 сек (0.04 мин)
2026-03-25 10:54:51,585 - INFO - ============================================================
2026-03-25 10:54:51,586 - INFO - 
2026-03-25 10:54:51,586 - INFO - ============================================================
2026-03-25 10:54:51,586 - INFO - ТАБЛИЦА [5/21]: SHIPMENT_DETAIL
2026-03-25 10:54:51,586 - INFO - ============================================================
2026-03-25 10:54:51,586 - INFO -    📁 Источник: ils, Поле даты: DATE_TIME_STAMP
2026-03-25 10:54:51,587 - INFO -    📅 Период: 2026-03-22 10:54 - 2026-03-25 10:54
2026-03-25 10:54:51,587 - INFO -    🔌 Шаг 1/5: Подключение к источнику (ils)...
2026-03-25 10:54:51,665 - INFO -       ✅ Подключено
2026-03-25 10:54:51,666 - INFO -    🔌 Шаг 2/5: Подключение к целевой БД...
2026-03-25 10:54:51,722 - INFO -       ✅ Подключено
2026-03-25 10:54:51,723 - INFO -    📋 Шаг 3/5: Получение структуры таблицы...
2026-03-25 10:54:51,740 - INFO -       ✅ Найдено колонок: 154
2026-03-25 10:54:51,740 - INFO -    📥 Шаг 4/5: Чтение данных из источника...
2026-03-25 10:54:51,740 - INFO -       Выполняется запрос...
2026-03-25 10:54:53,717 - INFO -       ✅ Прочитано строк: 9,117 (за 1.98 сек)
2026-03-25 10:54:53,717 - INFO -    🗑️ Шаг 5/5: Удаление старых данных и вставка новых...
2026-03-25 10:54:53,981 - INFO -       🗑️ Удалено строк: 9,079 (за 0.26 сек)
2026-03-25 10:54:53,981 - INFO -       📊 Вставка 9,117 строк (единым вызовом)...
2026-03-25 10:56:26,477 - INFO -       ✅ Вставлено: 9,117 строк за 92.50 сек (99 строк/сек)
2026-03-25 10:56:26,477 - INFO -    🔍 Проверка результата...
2026-03-25 10:56:26,546 - INFO -       ✅ В target за период: 9,117 строк
2026-03-25 10:56:26,546 - INFO - 
2026-03-25 10:56:26,546 - INFO -    ⏱️ ОБЩЕЕ ВРЕМЯ по таблице SHIPMENT_DETAIL: 94.96 сек (1.58 мин)
2026-03-25 10:56:26,546 - INFO - ============================================================
2026-03-25 10:56:26,580 - INFO - 
2026-03-25 10:56:26,580 - INFO - ============================================================
2026-03-25 10:56:26,580 - INFO - ТАБЛИЦА [6/21]: SHIPMENT_HEADER
2026-03-25 10:56:26,580 - INFO - ============================================================
2026-03-25 10:56:26,580 - INFO -    📁 Источник: ils, Поле даты: PLANNED_SHIP_DATE
2026-03-25 10:56:26,580 - INFO -    📅 Период: 2026-03-22 10:56 - 2026-03-25 10:56
2026-03-25 10:56:26,580 - INFO -    🔌 Шаг 1/5: Подключение к источнику (ils)...
2026-03-25 10:56:26,592 - INFO -       ✅ Подключено
2026-03-25 10:56:26,592 - INFO -    🔌 Шаг 2/5: Подключение к целевой БД...
2026-03-25 10:56:26,625 - INFO -       ✅ Подключено
2026-03-25 10:56:26,625 - INFO -    📋 Шаг 3/5: Получение структуры таблицы...
2026-03-25 10:56:26,644 - INFO -       ✅ Найдено колонок: 155
2026-03-25 10:56:26,644 - INFO -    📥 Шаг 4/5: Чтение данных из источника...
2026-03-25 10:56:26,644 - INFO -       Выполняется запрос...
2026-03-25 10:56:27,134 - INFO -       ✅ Прочитано строк: 980 (за 0.49 сек)
2026-03-25 10:56:27,134 - INFO -    🗑️ Шаг 5/5: Удаление старых данных и вставка новых...
2026-03-25 10:56:27,195 - INFO -       🗑️ Удалено строк: 974 (за 0.06 сек)
2026-03-25 10:56:27,195 - INFO -       📊 Вставка 980 строк (единым вызовом)...
2026-03-25 10:56:41,976 - INFO -       ✅ Вставлено: 980 строк за 14.78 сек (66 строк/сек)
2026-03-25 10:56:41,976 - INFO -    🔍 Проверка результата...
2026-03-25 10:56:41,981 - INFO -       ✅ В target за период: 980 строк
2026-03-25 10:56:41,981 - INFO - 
2026-03-25 10:56:41,982 - INFO -    ⏱️ ОБЩЕЕ ВРЕМЯ по таблице SHIPMENT_HEADER: 15.40 сек (0.26 мин)
2026-03-25 10:56:41,982 - INFO - ============================================================
2026-03-25 10:56:41,989 - INFO - 
2026-03-25 10:56:41,989 - INFO - ============================================================
2026-03-25 10:56:41,990 - INFO - ТАБЛИЦА [7/21]: TRANSACTION_HISTORY
2026-03-25 10:56:41,990 - INFO - ============================================================
2026-03-25 10:56:41,990 - INFO -    📁 Источник: ils, Поле даты: DATE_TIME_STAMP
2026-03-25 10:56:41,990 - INFO -    📅 Период: 2026-03-22 10:56 - 2026-03-25 10:56
2026-03-25 10:56:41,991 - INFO -    🔌 Шаг 1/5: Подключение к источнику (ils)...
2026-03-25 10:56:42,012 - INFO -       ✅ Подключено
2026-03-25 10:56:42,012 - INFO -    🔌 Шаг 2/5: Подключение к целевой БД...
2026-03-25 10:56:42,054 - INFO -       ✅ Подключено
2026-03-25 10:56:42,054 - INFO -    📋 Шаг 3/5: Получение структуры таблицы...
2026-03-25 10:56:42,068 - INFO -       ✅ Найдено колонок: 51
2026-03-25 10:56:42,068 - INFO -    📥 Шаг 4/5: Чтение данных из источника...
2026-03-25 10:56:42,068 - INFO -       Выполняется запрос...
2026-03-25 10:56:50,107 - INFO -       ✅ Прочитано строк: 120,218 (за 8.04 сек)
2026-03-25 10:56:50,107 - INFO -    🗑️ Шаг 5/5: Удаление старых данных и вставка новых...
2026-03-25 10:56:52,532 - INFO -       🗑️ Удалено строк: 119,715 (за 2.42 сек)
2026-03-25 10:56:52,532 - INFO -       ⚙️ Отключение некластеризованных индексов для быстрой вставки...
2026-03-25 10:56:52,540 - INFO -       ℹ️ Некластеризованные индексы не найдены
2026-03-25 10:56:52,540 - INFO -       📊 Вставка 120,218 строк (единым вызовом)...
2026-03-25 11:09:30,729 - INFO -       ✅ Вставлено: 120,218 строк за 758.18 сек (159 строк/сек)
2026-03-25 11:09:30,733 - INFO -    🔍 Проверка результата...
2026-03-25 11:09:30,930 - INFO -       ✅ В target за период: 120,218 строк
2026-03-25 11:09:30,930 - INFO - 
2026-03-25 11:09:30,930 - INFO -    ⏱️ ОБЩЕЕ ВРЕМЯ по таблице TRANSACTION_HISTORY: 768.94 сек (12.82 мин)
2026-03-25 11:09:30,930 - INFO - ============================================================
2026-03-25 11:09:31,344 - INFO - 
2026-03-25 11:09:31,344 - INFO - ============================================================
2026-03-25 11:09:31,344 - INFO - ТАБЛИЦА [8/21]: WORK_INSTRUCTION_VIEW2
2026-03-25 11:09:31,345 - INFO - ============================================================
2026-03-25 11:09:31,345 - INFO -    📁 Источник: ils, Поле даты: DATE_TIME_STAMP
2026-03-25 11:09:31,345 - INFO -    📅 Период: 2026-03-22 11:09 - 2026-03-25 11:09
2026-03-25 11:09:31,345 - INFO -    🔌 Шаг 1/5: Подключение к источнику (ils)...
2026-03-25 11:09:31,386 - INFO -       ✅ Подключено
2026-03-25 11:09:31,386 - INFO -    🔌 Шаг 2/5: Подключение к целевой БД...
2026-03-25 11:09:31,442 - INFO -       ✅ Подключено
2026-03-25 11:09:31,442 - INFO -    📋 Шаг 3/5: Получение структуры таблицы...
2026-03-25 11:09:31,462 - INFO -       ✅ Найдено колонок: 99
2026-03-25 11:09:31,462 - INFO -    📥 Шаг 4/5: Чтение данных из источника...
2026-03-25 11:09:31,462 - INFO -       Выполняется запрос...
2026-03-25 11:09:35,058 - INFO -       ✅ Прочитано строк: 28,941 (за 3.60 сек)
2026-03-25 11:09:35,058 - INFO -    🗑️ Шаг 5/5: Удаление старых данных и вставка новых...
2026-03-25 11:09:37,888 - INFO -       🗑️ Удалено строк: 28,679 (за 2.83 сек)
2026-03-25 11:09:37,889 - INFO -       ⚙️ Отключение некластеризованных индексов для быстрой вставки...
2026-03-25 11:09:37,897 - INFO -       ℹ️ Некластеризованные индексы не найдены
2026-03-25 11:09:37,897 - INFO -       📊 Вставка 28,941 строк (единым вызовом)...
2026-03-25 11:14:52,417 - INFO -       ✅ Вставлено: 28,941 строк за 314.52 сек (92 строк/сек)
2026-03-25 11:14:52,417 - INFO -    🔍 Проверка результата...
2026-03-25 11:14:53,718 - INFO -       ✅ В target за период: 28,941 строк
2026-03-25 11:14:53,719 - INFO - 
2026-03-25 11:14:53,719 - INFO -    ⏱️ ОБЩЕЕ ВРЕМЯ по таблице WORK_INSTRUCTION_VIEW2: 322.37 сек (5.37 мин)
2026-03-25 11:14:53,719 - INFO - ============================================================
2026-03-25 11:14:53,792 - INFO - 
2026-03-25 11:14:53,792 - INFO - ============================================================
2026-03-25 11:14:53,792 - INFO - ТАБЛИЦА [9/21]: DOWNLOAD_ORDER_DETAIL
2026-03-25 11:14:53,792 - INFO - ============================================================
2026-03-25 11:14:53,792 - INFO -    📁 Источник: ils, Поле даты: DATE_TIME_STAMP
2026-03-25 11:14:53,792 - INFO -    📅 Период: 2026-03-22 11:14 - 2026-03-25 11:14
2026-03-25 11:14:53,792 - INFO -    🔌 Шаг 1/5: Подключение к источнику (ils)...
2026-03-25 11:14:53,817 - INFO -       ✅ Подключено
2026-03-25 11:14:53,818 - INFO -    🔌 Шаг 2/5: Подключение к целевой БД...
2026-03-25 11:14:53,855 - INFO -       ✅ Подключено
2026-03-25 11:14:53,855 - INFO -    📋 Шаг 3/5: Получение структуры таблицы...
2026-03-25 11:14:53,885 - INFO -       ✅ Найдено колонок: 127
2026-03-25 11:14:53,886 - INFO -    📥 Шаг 4/5: Чтение данных из источника...
2026-03-25 11:14:53,886 - INFO -       Выполняется запрос...
2026-03-25 11:14:54,555 - INFO -       ✅ Прочитано строк: 6,058 (за 0.67 сек)
2026-03-25 11:14:54,555 - INFO -    🗑️ Шаг 5/5: Удаление старых данных и вставка новых...
2026-03-25 11:14:54,651 - INFO -       🗑️ Удалено строк: 6,023 (за 0.10 сек)
2026-03-25 11:14:54,651 - INFO -       📊 Вставка 6,058 строк (единым вызовом)...
2026-03-25 11:15:32,740 - INFO -       ✅ Вставлено: 6,058 строк за 38.09 сек (159 строк/сек)
2026-03-25 11:15:32,740 - INFO -    🔍 Проверка результата...
2026-03-25 11:15:32,744 - INFO -       ✅ В target за период: 6,058 строк
2026-03-25 11:15:32,745 - INFO - 
2026-03-25 11:15:32,745 - INFO -    ⏱️ ОБЩЕЕ ВРЕМЯ по таблице DOWNLOAD_ORDER_DETAIL: 38.95 сек (0.65 мин)
2026-03-25 11:15:32,745 - INFO - ============================================================
2026-03-25 11:15:32,758 - INFO - 
2026-03-25 11:15:32,758 - INFO - ============================================================
2026-03-25 11:15:32,758 - INFO - ТАБЛИЦА [10/21]: DOWNLOAD_ORDER_HEADER
2026-03-25 11:15:32,759 - INFO - ============================================================
2026-03-25 11:15:32,759 - INFO -    📁 Источник: ils, Поле даты: DATE_TIME_STAMP
2026-03-25 11:15:32,759 - INFO -    📅 Период: 2026-03-22 11:15 - 2026-03-25 11:15
2026-03-25 11:15:32,759 - INFO -    🔌 Шаг 1/5: Подключение к источнику (ils)...
2026-03-25 11:15:32,772 - INFO -       ✅ Подключено
2026-03-25 11:15:32,772 - INFO -    🔌 Шаг 2/5: Подключение к целевой БД...
2026-03-25 11:15:32,815 - INFO -       ✅ Подключено
2026-03-25 11:15:32,815 - INFO -    📋 Шаг 3/5: Получение структуры таблицы...
2026-03-25 11:15:32,841 - INFO -       ✅ Найдено колонок: 147
2026-03-25 11:15:32,841 - INFO -    📥 Шаг 4/5: Чтение данных из источника...
2026-03-25 11:15:32,841 - INFO -       Выполняется запрос...
2026-03-25 11:15:33,306 - INFO -       ✅ Прочитано строк: 865 (за 0.47 сек)
2026-03-25 11:15:33,306 - INFO -    🗑️ Шаг 5/5: Удаление старых данных и вставка новых...
2026-03-25 11:15:33,357 - INFO -       🗑️ Удалено строк: 858 (за 0.05 сек)
2026-03-25 11:15:33,357 - INFO -       📊 Вставка 865 строк (единым вызовом)...
2026-03-25 11:15:41,913 - INFO -       ✅ Вставлено: 865 строк за 8.56 сек (101 строк/сек)
2026-03-25 11:15:41,913 - INFO -    🔍 Проверка результата...
2026-03-25 11:15:41,916 - INFO -       ✅ В target за период: 865 строк
2026-03-25 11:15:41,916 - INFO - 
2026-03-25 11:15:41,916 - INFO -    ⏱️ ОБЩЕЕ ВРЕМЯ по таблице DOWNLOAD_ORDER_HEADER: 9.16 сек (0.15 мин)
2026-03-25 11:15:41,916 - INFO - ============================================================
2026-03-25 11:15:41,918 - INFO - 
2026-03-25 11:15:41,918 - INFO - ============================================================
2026-03-25 11:15:41,919 - INFO - ТАБЛИЦА [11/21]: DOWNLOAD_RECEIPT_DETAIL
2026-03-25 11:15:41,919 - INFO - ============================================================
2026-03-25 11:15:41,919 - INFO -    📁 Источник: ils, Поле даты: DATE_TIME_STAMP
2026-03-25 11:15:41,919 - INFO -    📅 Период: 2026-03-22 11:15 - 2026-03-25 11:15
2026-03-25 11:15:41,920 - INFO -    🔌 Шаг 1/5: Подключение к источнику (ils)...
2026-03-25 11:15:41,983 - INFO -       ✅ Подключено
2026-03-25 11:15:41,983 - INFO -    🔌 Шаг 2/5: Подключение к целевой БД...
2026-03-25 11:15:42,023 - INFO -       ✅ Подключено
2026-03-25 11:15:42,023 - INFO -    📋 Шаг 3/5: Получение структуры таблицы...
2026-03-25 11:15:42,041 - INFO -       ✅ Найдено колонок: 77
2026-03-25 11:15:42,041 - INFO -    📥 Шаг 4/5: Чтение данных из источника...
2026-03-25 11:15:42,041 - INFO -       Выполняется запрос...
2026-03-25 11:15:42,235 - INFO -       ✅ Прочитано строк: 1,239 (за 0.19 сек)
2026-03-25 11:15:42,235 - INFO -    🗑️ Шаг 5/5: Удаление старых данных и вставка новых...
2026-03-25 11:15:42,269 - INFO -       🗑️ Удалено строк: 1,200 (за 0.03 сек)
2026-03-25 11:15:42,269 - INFO -       📊 Вставка 1,239 строк (единым вызовом)...
2026-03-25 11:15:50,793 - INFO -       ✅ Вставлено: 1,239 строк за 8.52 сек (145 строк/сек)
2026-03-25 11:15:50,793 - INFO -    🔍 Проверка результата...
2026-03-25 11:15:50,796 - INFO -       ✅ В target за период: 1,239 строк
2026-03-25 11:15:50,796 - INFO - 
2026-03-25 11:15:50,796 - INFO -    ⏱️ ОБЩЕЕ ВРЕМЯ по таблице DOWNLOAD_RECEIPT_DETAIL: 8.88 сек (0.15 мин)
2026-03-25 11:15:50,797 - INFO - ============================================================
2026-03-25 11:15:50,798 - INFO - 
2026-03-25 11:15:50,798 - INFO - ============================================================
2026-03-25 11:15:50,798 - INFO - ТАБЛИЦА [12/21]: DOWNLOAD_RECEIPT_HEADER
2026-03-25 11:15:50,798 - INFO - ============================================================
2026-03-25 11:15:50,798 - INFO -    📁 Источник: ils, Поле даты: DATE_TIME_STAMP
2026-03-25 11:15:50,799 - INFO -    📅 Период: 2026-03-22 11:15 - 2026-03-25 11:15
2026-03-25 11:15:50,799 - INFO -    🔌 Шаг 1/5: Подключение к источнику (ils)...
2026-03-25 11:15:50,811 - INFO -       ✅ Подключено
2026-03-25 11:15:50,811 - INFO -    🔌 Шаг 2/5: Подключение к целевой БД...
2026-03-25 11:15:50,837 - INFO -       ✅ Подключено
2026-03-25 11:15:50,837 - INFO -    📋 Шаг 3/5: Получение структуры таблицы...
2026-03-25 11:15:50,856 - INFO -       ✅ Найдено колонок: 66
2026-03-25 11:15:50,856 - INFO -    📥 Шаг 4/5: Чтение данных из источника...
2026-03-25 11:15:50,856 - INFO -       Выполняется запрос...
2026-03-25 11:15:50,883 - INFO -       ✅ Прочитано строк: 241 (за 0.03 сек)
2026-03-25 11:15:50,883 - INFO -    🗑️ Шаг 5/5: Удаление старых данных и вставка новых...
2026-03-25 11:15:50,895 - INFO -       🗑️ Удалено строк: 235 (за 0.01 сек)
2026-03-25 11:15:50,895 - INFO -       📊 Вставка 241 строк (единым вызовом)...
2026-03-25 11:15:52,331 - INFO -       ✅ Вставлено: 241 строк за 1.44 сек (168 строк/сек)
2026-03-25 11:15:52,332 - INFO -    🔍 Проверка результата...
2026-03-25 11:15:52,336 - INFO -       ✅ В target за период: 241 строк
2026-03-25 11:15:52,336 - INFO - 
2026-03-25 11:15:52,336 - INFO -    ⏱️ ОБЩЕЕ ВРЕМЯ по таблице DOWNLOAD_RECEIPT_HEADER: 1.54 сек (0.03 мин)
2026-03-25 11:15:52,336 - INFO - ============================================================
2026-03-25 11:15:52,337 - INFO - 
2026-03-25 11:15:52,337 - INFO - ============================================================
2026-03-25 11:15:52,337 - INFO - ТАБЛИЦА [13/21]: UPLOAD_ORDER_DETAIL
2026-03-25 11:15:52,338 - INFO - ============================================================
2026-03-25 11:15:52,338 - INFO -    📁 Источник: ils, Поле даты: DATE_TIME_STAMP
2026-03-25 11:15:52,338 - INFO -    📅 Период: 2026-03-22 11:15 - 2026-03-25 11:15
2026-03-25 11:15:52,338 - INFO -    🔌 Шаг 1/5: Подключение к источнику (ils)...
2026-03-25 11:15:52,351 - INFO -       ✅ Подключено
2026-03-25 11:15:52,352 - INFO -    🔌 Шаг 2/5: Подключение к целевой БД...
2026-03-25 11:15:52,379 - INFO -       ✅ Подключено
2026-03-25 11:15:52,379 - INFO -    📋 Шаг 3/5: Получение структуры таблицы...
2026-03-25 11:15:52,399 - INFO -       ✅ Найдено колонок: 137
2026-03-25 11:15:52,400 - INFO -    📥 Шаг 4/5: Чтение данных из источника...
2026-03-25 11:15:52,400 - INFO -       Выполняется запрос...
2026-03-25 11:15:54,223 - INFO -       ✅ Прочитано строк: 7,378 (за 1.82 сек)
2026-03-25 11:15:54,223 - INFO -    🗑️ Шаг 5/5: Удаление старых данных и вставка новых...
2026-03-25 11:15:54,371 - INFO -       🗑️ Удалено строк: 7,298 (за 0.15 сек)
2026-03-25 11:15:54,371 - INFO -       📊 Вставка 7,378 строк (единым вызовом)...
2026-03-25 11:16:50,070 - INFO -       ✅ Вставлено: 7,378 строк за 55.70 сек (132 строк/сек)
2026-03-25 11:16:50,071 - INFO -    🔍 Проверка результата...
2026-03-25 11:16:50,830 - INFO -       ✅ В target за период: 7,378 строк
2026-03-25 11:16:50,830 - INFO - 
2026-03-25 11:16:50,830 - INFO -    ⏱️ ОБЩЕЕ ВРЕМЯ по таблице UPLOAD_ORDER_DETAIL: 58.49 сек (0.97 мин)
2026-03-25 11:16:50,831 - INFO - ============================================================
2026-03-25 11:16:50,844 - INFO - 
2026-03-25 11:16:50,844 - INFO - ============================================================
2026-03-25 11:16:50,844 - INFO - ТАБЛИЦА [14/21]: UPLOAD_ORDER_HEADER
2026-03-25 11:16:50,844 - INFO - ============================================================
2026-03-25 11:16:50,845 - INFO -    📁 Источник: ils, Поле даты: DATE_TIME_STAMP
2026-03-25 11:16:50,845 - INFO -    📅 Период: 2026-03-22 11:16 - 2026-03-25 11:16
2026-03-25 11:16:50,845 - INFO -    🔌 Шаг 1/5: Подключение к источнику (ils)...
2026-03-25 11:16:50,862 - INFO -       ✅ Подключено
2026-03-25 11:16:50,862 - INFO -    🔌 Шаг 2/5: Подключение к целевой БД...
2026-03-25 11:16:50,893 - INFO -       ✅ Подключено
2026-03-25 11:16:50,893 - INFO -    📋 Шаг 3/5: Получение структуры таблицы...
2026-03-25 11:16:50,919 - INFO -       ✅ Найдено колонок: 158
2026-03-25 11:16:50,920 - INFO -    📥 Шаг 4/5: Чтение данных из источника...
2026-03-25 11:16:50,920 - INFO -       Выполняется запрос...
2026-03-25 11:16:51,439 - INFO -       ✅ Прочитано строк: 1,102 (за 0.52 сек)
2026-03-25 11:16:51,439 - INFO -    🗑️ Шаг 5/5: Удаление старых данных и вставка новых...
2026-03-25 11:16:51,489 - INFO -       🗑️ Удалено строк: 1,091 (за 0.05 сек)
2026-03-25 11:16:51,489 - INFO -       📊 Вставка 1,102 строк (единым вызовом)...
2026-03-25 11:16:59,553 - INFO -       ✅ Вставлено: 1,102 строк за 8.06 сек (137 строк/сек)
2026-03-25 11:16:59,553 - INFO -    🔍 Проверка результата...
2026-03-25 11:16:59,556 - INFO -       ✅ В target за период: 1,102 строк
2026-03-25 11:16:59,556 - INFO - 
2026-03-25 11:16:59,556 - INFO -    ⏱️ ОБЩЕЕ ВРЕМЯ по таблице UPLOAD_ORDER_HEADER: 8.71 сек (0.15 мин)
2026-03-25 11:16:59,556 - INFO - ============================================================
2026-03-25 11:16:59,558 - INFO - 
2026-03-25 11:16:59,558 - INFO - ============================================================
2026-03-25 11:16:59,558 - INFO - ТАБЛИЦА [15/21]: UPLOAD_RECEIPT_DETAIL
2026-03-25 11:16:59,558 - INFO - ============================================================
2026-03-25 11:16:59,558 - INFO -    📁 Источник: ils, Поле даты: DATE_TIME_STAMP
2026-03-25 11:16:59,558 - INFO -    📅 Период: 2026-03-22 11:16 - 2026-03-25 11:16
2026-03-25 11:16:59,558 - INFO -    🔌 Шаг 1/5: Подключение к источнику (ils)...
2026-03-25 11:16:59,572 - INFO -       ✅ Подключено
2026-03-25 11:16:59,572 - INFO -    🔌 Шаг 2/5: Подключение к целевой БД...
2026-03-25 11:16:59,602 - INFO -       ✅ Подключено
2026-03-25 11:16:59,602 - INFO -    📋 Шаг 3/5: Получение структуры таблицы...
2026-03-25 11:16:59,619 - INFO -       ✅ Найдено колонок: 84
2026-03-25 11:16:59,620 - INFO -    📥 Шаг 4/5: Чтение данных из источника...
2026-03-25 11:16:59,620 - INFO -       Выполняется запрос...
2026-03-25 11:16:59,727 - INFO -       ✅ Прочитано строк: 1,127 (за 0.11 сек)
2026-03-25 11:16:59,727 - INFO -    🗑️ Шаг 5/5: Удаление старых данных и вставка новых...
2026-03-25 11:16:59,744 - INFO -       🗑️ Удалено строк: 1,127 (за 0.02 сек)
2026-03-25 11:16:59,745 - INFO -       📊 Вставка 1,127 строк (единым вызовом)...
2026-03-25 11:17:08,454 - INFO -       ✅ Вставлено: 1,127 строк за 8.71 сек (129 строк/сек)
2026-03-25 11:17:08,454 - INFO -    🔍 Проверка результата...
2026-03-25 11:17:08,457 - INFO -       ✅ В target за период: 1,127 строк
2026-03-25 11:17:08,457 - INFO - 
2026-03-25 11:17:08,457 - INFO -    ⏱️ ОБЩЕЕ ВРЕМЯ по таблице UPLOAD_RECEIPT_DETAIL: 8.90 сек (0.15 мин)
2026-03-25 11:17:08,457 - INFO - ============================================================
2026-03-25 11:17:08,460 - INFO - 
2026-03-25 11:17:08,460 - INFO - ============================================================
2026-03-25 11:17:08,460 - INFO - ТАБЛИЦА [16/21]: UPLOAD_RECEIPT_HEADER
2026-03-25 11:17:08,460 - INFO - ============================================================
2026-03-25 11:17:08,460 - INFO -    📁 Источник: ils, Поле даты: DATE_TIME_STAMP
2026-03-25 11:17:08,460 - INFO -    📅 Период: 2026-03-22 11:17 - 2026-03-25 11:17
2026-03-25 11:17:08,460 - INFO -    🔌 Шаг 1/5: Подключение к источнику (ils)...
2026-03-25 11:17:08,472 - INFO -       ✅ Подключено
2026-03-25 11:17:08,472 - INFO -    🔌 Шаг 2/5: Подключение к целевой БД...
2026-03-25 11:17:08,502 - INFO -       ✅ Подключено
2026-03-25 11:17:08,502 - INFO -    📋 Шаг 3/5: Получение структуры таблицы...
2026-03-25 11:17:08,524 - INFO -       ✅ Найдено колонок: 76
2026-03-25 11:17:08,525 - INFO -    📥 Шаг 4/5: Чтение данных из источника...
2026-03-25 11:17:08,525 - INFO -       Выполняется запрос...
2026-03-25 11:17:08,559 - INFO -       ✅ Прочитано строк: 236 (за 0.03 сек)
2026-03-25 11:17:08,559 - INFO -    🗑️ Шаг 5/5: Удаление старых данных и вставка новых...
2026-03-25 11:17:08,580 - INFO -       🗑️ Удалено строк: 236 (за 0.02 сек)
2026-03-25 11:17:08,581 - INFO -       📊 Вставка 236 строк (единым вызовом)...
2026-03-25 11:17:09,738 - INFO -       ✅ Вставлено: 236 строк за 1.16 сек (204 строк/сек)
2026-03-25 11:17:09,739 - INFO -    🔍 Проверка результата...
2026-03-25 11:17:09,743 - INFO -       ✅ В target за период: 236 строк
2026-03-25 11:17:09,743 - INFO - 
2026-03-25 11:17:09,743 - INFO -    ⏱️ ОБЩЕЕ ВРЕМЯ по таблице UPLOAD_RECEIPT_HEADER: 1.28 сек (0.02 мин)
2026-03-25 11:17:09,743 - INFO - ============================================================
2026-03-25 11:17:09,744 - INFO - 
2026-03-25 11:17:09,744 - INFO - ============================================================
2026-03-25 11:17:09,744 - INFO - ТАБЛИЦА [17/21]: CYCLE_COUNT_REQUEST
2026-03-25 11:17:09,745 - INFO - ============================================================
2026-03-25 11:17:09,745 - INFO -    📁 Источник: ils, Поле даты: DATE_TIME_STAMP
2026-03-25 11:17:09,745 - INFO -    📅 Период: 2026-03-22 11:17 - 2026-03-25 11:17
2026-03-25 11:17:09,745 - INFO -    🔌 Шаг 1/5: Подключение к источнику (ils)...
2026-03-25 11:17:09,801 - INFO -       ✅ Подключено
2026-03-25 11:17:09,801 - INFO -    🔌 Шаг 2/5: Подключение к целевой БД...
2026-03-25 11:17:09,832 - INFO -       ✅ Подключено
2026-03-25 11:17:09,833 - INFO -    📋 Шаг 3/5: Получение структуры таблицы...
2026-03-25 11:17:09,855 - INFO -       ✅ Найдено колонок: 39
2026-03-25 11:17:09,855 - INFO -    📥 Шаг 4/5: Чтение данных из источника...
2026-03-25 11:17:09,856 - INFO -       Выполняется запрос...
2026-03-25 11:17:10,343 - INFO -       ✅ Прочитано строк: 32 (за 0.49 сек)
2026-03-25 11:17:10,343 - INFO -    🗑️ Шаг 5/5: Удаление старых данных и вставка новых...
2026-03-25 11:17:10,359 - INFO -       🗑️ Удалено строк: 32 (за 0.02 сек)
2026-03-25 11:17:10,359 - INFO -       📊 Вставка 32 строк (единым вызовом)...
2026-03-25 11:17:10,496 - INFO -       ✅ Вставлено: 32 строк за 0.14 сек (233 строк/сек)
2026-03-25 11:17:10,497 - INFO -    🔍 Проверка результата...
2026-03-25 11:17:10,500 - INFO -       ✅ В target за период: 32 строк
2026-03-25 11:17:10,501 - INFO - 
2026-03-25 11:17:10,501 - INFO -    ⏱️ ОБЩЕЕ ВРЕМЯ по таблице CYCLE_COUNT_REQUEST: 0.76 сек (0.01 мин)
2026-03-25 11:17:10,501 - INFO - ============================================================
2026-03-25 11:17:10,502 - INFO - 
2026-03-25 11:17:10,502 - INFO - ============================================================
2026-03-25 11:17:10,502 - INFO - ТАБЛИЦА [18/21]: labor_management_detail_view
2026-03-25 11:17:10,502 - INFO - ============================================================
2026-03-25 11:17:10,502 - INFO -    📁 Источник: ils, Поле даты: DATE_TIME_STAMP
2026-03-25 11:17:10,502 - INFO -    📅 Период: 2026-03-22 11:17 - 2026-03-25 11:17
2026-03-25 11:17:10,502 - INFO -    🔌 Шаг 1/5: Подключение к источнику (ils)...
2026-03-25 11:17:10,518 - INFO -       ✅ Подключено
2026-03-25 11:17:10,518 - INFO -    🔌 Шаг 2/5: Подключение к целевой БД...
2026-03-25 11:17:10,568 - INFO -       ✅ Подключено
2026-03-25 11:17:10,568 - INFO -    📋 Шаг 3/5: Получение структуры таблицы...
2026-03-25 11:17:10,593 - INFO -       ✅ Найдено колонок: 54
2026-03-25 11:17:10,594 - INFO -    📥 Шаг 4/5: Чтение данных из источника...
2026-03-25 11:17:10,594 - INFO -       Выполняется запрос...
2026-03-25 11:17:10,785 - INFO -       ✅ Прочитано строк: 3,598 (за 0.19 сек)
2026-03-25 11:17:10,785 - INFO -    🗑️ Шаг 5/5: Удаление старых данных и вставка новых...
2026-03-25 11:17:10,898 - INFO -       🗑️ Удалено строк: 3,586 (за 0.11 сек)
2026-03-25 11:17:10,899 - INFO -       📊 Вставка 3,598 строк (единым вызовом)...
2026-03-25 11:17:26,209 - INFO -       ✅ Вставлено: 3,598 строк за 15.31 сек (235 строк/сек)
2026-03-25 11:17:26,209 - INFO -    🔍 Проверка результата...
2026-03-25 11:17:26,213 - INFO -       ✅ В target за период: 3,598 строк
2026-03-25 11:17:26,214 - INFO - 
2026-03-25 11:17:26,214 - INFO -    ⏱️ ОБЩЕЕ ВРЕМЯ по таблице labor_management_detail_view: 15.71 сек (0.26 мин)
2026-03-25 11:17:26,214 - INFO - ============================================================
2026-03-25 11:17:26,217 - INFO - 
2026-03-25 11:17:26,218 - INFO - ============================================================
2026-03-25 11:17:26,218 - INFO - ТАБЛИЦА [19/21]: UPLOAD_RECEIPT_CONTAINER
2026-03-25 11:17:26,218 - INFO - ============================================================
2026-03-25 11:17:26,218 - INFO -    📁 Источник: ils, Поле даты: DATE_TIME_STAMP
2026-03-25 11:17:26,218 - INFO -    📅 Период: 2026-03-22 11:17 - 2026-03-25 11:17
2026-03-25 11:17:26,218 - INFO -    🔌 Шаг 1/5: Подключение к источнику (ils)...
2026-03-25 11:17:26,233 - INFO -       ✅ Подключено
2026-03-25 11:17:26,233 - INFO -    🔌 Шаг 2/5: Подключение к целевой БД...
2026-03-25 11:17:26,263 - INFO -       ✅ Подключено
2026-03-25 11:17:26,263 - INFO -    📋 Шаг 3/5: Получение структуры таблицы...
2026-03-25 11:17:26,285 - INFO -       ✅ Найдено колонок: 59
2026-03-25 11:17:26,286 - INFO -    📥 Шаг 4/5: Чтение данных из источника...
2026-03-25 11:17:26,286 - INFO -       Выполняется запрос...
2026-03-25 11:17:26,396 - INFO -       ✅ Прочитано строк: 1,386 (за 0.11 сек)
2026-03-25 11:17:26,396 - INFO -    🗑️ Шаг 5/5: Удаление старых данных и вставка новых...
2026-03-25 11:17:26,437 - INFO -       🗑️ Удалено строк: 1,386 (за 0.04 сек)
2026-03-25 11:17:26,437 - INFO -       📊 Вставка 1,386 строк (единым вызовом)...
2026-03-25 11:17:31,751 - INFO -       ✅ Вставлено: 1,386 строк за 5.31 сек (261 строк/сек)
2026-03-25 11:17:31,752 - INFO -    🔍 Проверка результата...
2026-03-25 11:17:31,869 - INFO -       ✅ В target за период: 1,386 строк
2026-03-25 11:17:31,869 - INFO - 
2026-03-25 11:17:31,869 - INFO -    ⏱️ ОБЩЕЕ ВРЕМЯ по таблице UPLOAD_RECEIPT_CONTAINER: 5.65 сек (0.09 мин)
2026-03-25 11:17:31,869 - INFO - ============================================================
2026-03-25 11:17:31,871 - INFO - 
2026-03-25 11:17:31,871 - INFO - ============================================================
2026-03-25 11:17:31,871 - INFO - ТАБЛИЦА [20/21]: eks_peremer_ZX_KPP
2026-03-25 11:17:31,871 - INFO - ============================================================
2026-03-25 11:17:31,871 - INFO -    📁 Источник: sk, Поле даты: date_time_stamp
2026-03-25 11:17:31,871 - INFO -    📅 Период: 2026-03-22 11:17 - 2026-03-25 11:17
2026-03-25 11:17:31,871 - INFO -    🔌 Шаг 1/5: Подключение к источнику (sk)...
2026-03-25 11:17:31,914 - INFO -       ✅ Подключено
2026-03-25 11:17:31,914 - INFO -    🔌 Шаг 2/5: Подключение к целевой БД...
2026-03-25 11:17:31,952 - INFO -       ✅ Подключено
2026-03-25 11:17:31,952 - INFO -    📋 Шаг 3/5: Получение структуры таблицы...
2026-03-25 11:17:31,967 - INFO -       ✅ Найдено колонок: 7
2026-03-25 11:17:31,967 - INFO -    📥 Шаг 4/5: Чтение данных из источника...
2026-03-25 11:17:31,967 - INFO -       Выполняется запрос...
2026-03-25 11:17:31,972 - INFO -       ✅ Прочитано строк: 16 (за 0.00 сек)
2026-03-25 11:17:31,972 - INFO -    🗑️ Шаг 5/5: Удаление старых данных и вставка новых...
2026-03-25 11:17:31,977 - INFO -       🗑️ Удалено строк: 16 (за 0.00 сек)
2026-03-25 11:17:31,977 - INFO -       📊 Вставка 16 строк (единым вызовом)...
2026-03-25 11:17:32,026 - INFO -       ✅ Вставлено: 16 строк за 0.05 сек (326 строк/сек)
2026-03-25 11:17:32,026 - INFO -    🔍 Проверка результата...
2026-03-25 11:17:32,030 - INFO -       ✅ В target за период: 16 строк
2026-03-25 11:17:32,030 - INFO - 
2026-03-25 11:17:32,031 - INFO -    ⏱️ ОБЩЕЕ ВРЕМЯ по таблице eks_peremer_ZX_KPP: 0.16 сек (0.00 мин)
2026-03-25 11:17:32,031 - INFO - ============================================================
2026-03-25 11:17:32,031 - INFO - 
2026-03-25 11:17:32,031 - INFO - ============================================================
2026-03-25 11:17:32,031 - INFO - ТАБЛИЦА [21/21]: Shtraf_Edit
2026-03-25 11:17:32,031 - INFO - ============================================================
2026-03-25 11:17:32,031 - INFO -    📁 Источник: sk, Поле даты: date_time_stamp
2026-03-25 11:17:32,032 - INFO -    📅 Период: 2026-03-22 11:17 - 2026-03-25 11:17
2026-03-25 11:17:32,032 - INFO -    🔌 Шаг 1/5: Подключение к источнику (sk)...
2026-03-25 11:17:32,046 - INFO -       ✅ Подключено
2026-03-25 11:17:32,046 - INFO -    🔌 Шаг 2/5: Подключение к целевой БД...
2026-03-25 11:17:32,077 - INFO -       ✅ Подключено
2026-03-25 11:17:32,077 - INFO -    📋 Шаг 3/5: Получение структуры таблицы...
2026-03-25 11:17:32,093 - INFO -       ✅ Найдено колонок: 12
2026-03-25 11:17:32,093 - INFO -    📥 Шаг 4/5: Чтение данных из источника...
2026-03-25 11:17:32,093 - INFO -       Выполняется запрос...
2026-03-25 11:17:32,098 - INFO -       ✅ Прочитано строк: 10 (за 0.00 сек)
2026-03-25 11:17:32,098 - INFO -    🗑️ Шаг 5/5: Удаление старых данных и вставка новых...
2026-03-25 11:17:32,103 - INFO -       🗑️ Удалено строк: 10 (за 0.01 сек)
2026-03-25 11:17:32,103 - INFO -       📊 Вставка 10 строк (единым вызовом)...
2026-03-25 11:17:32,134 - INFO -       ✅ Вставлено: 10 строк за 0.03 сек (330 строк/сек)
2026-03-25 11:17:32,134 - INFO -    🔍 Проверка результата...
2026-03-25 11:17:32,137 - INFO -       ✅ В target за период: 10 строк
2026-03-25 11:17:32,137 - INFO - 
2026-03-25 11:17:32,137 - INFO -    ⏱️ ОБЩЕЕ ВРЕМЯ по таблице Shtraf_Edit: 0.11 сек (0.00 мин)
2026-03-25 11:17:32,137 - INFO - ============================================================
2026-03-25 11:17:32,137 - INFO - 
================================================================================
2026-03-25 11:17:32,137 - INFO - 🏁 ПЕРЕЗАПИСЬ ЗАВЕРШЕНА
2026-03-25 11:17:32,137 - INFO - ================================================================================
2026-03-25 11:17:32,137 - INFO - ✅ Успешно: 21 таблиц
2026-03-25 11:17:32,137 - INFO - ❌ Ошибок: 0 таблиц
2026-03-25 11:17:32,137 - INFO - ⏱️ Время выполнения: 1375.54 сек (22.93 мин)
2026-03-25 11:17:32,138 - INFO - 📅 Дата запуска: 2026-03-25 10:54:36.600611
2026-03-25 11:17:32,138 - INFO - ================================================================================
