2026-03-25 10:28:42,770 - INFO - ================================================================================
2026-03-25 10:28:42,770 - INFO - 🚀 ПЕРЕЗАПИСЬ ДАННЫХ ЗА ПОСЛЕДНИЕ 3 ДНЯ
2026-03-25 10:28:42,770 - INFO - ================================================================================
2026-03-25 10:28:42,770 - INFO - 📊 Всего таблиц: 21
2026-03-25 10:28:42,770 - INFO - 📁 Источники: ils (19 таблиц), sk (2 таблицы)
2026-03-25 10:28:42,770 - INFO - 🎯 Целевая БД: olap2_fixed.raw_
2026-03-25 10:28:42,771 - INFO - 📅 Период: 2026-03-22 - 2026-03-25
2026-03-25 10:28:42,771 - INFO - ================================================================================
2026-03-25 10:28:42,771 - INFO - 
2026-03-25 10:28:42,771 - INFO - ============================================================
2026-03-25 10:28:42,771 - INFO - ТАБЛИЦА [1/21]: ORDER_DETAIL
2026-03-25 10:28:42,771 - INFO - ============================================================
2026-03-25 10:28:42,771 - INFO -    📁 Источник: ils, Поле даты: DATE_TIME_STAMP
2026-03-25 10:28:42,771 - INFO -    📅 Период: 2026-03-22 10:28 - 2026-03-25 10:28
2026-03-25 10:28:42,772 - INFO -    🔌 Шаг 1/5: Подключение к источнику (ils)...
2026-03-25 10:28:42,807 - INFO -       ✅ Подключено
2026-03-25 10:28:42,807 - INFO -    🔌 Шаг 2/5: Подключение к целевой БД...
2026-03-25 10:28:42,849 - INFO -       ✅ Подключено
2026-03-25 10:28:42,849 - INFO -    📋 Шаг 3/5: Получение структуры таблицы...
2026-03-25 10:28:42,866 - INFO -       ✅ Найдено колонок: 126
2026-03-25 10:28:42,867 - INFO -    📥 Шаг 4/5: Чтение данных из источника...
2026-03-25 10:28:42,867 - INFO -       Выполняется запрос...
2026-03-25 10:28:42,871 - INFO -       ✅ Прочитано строк: 0 (за 0.00 сек)
2026-03-25 10:28:42,871 - INFO -    🗑️ Шаг 5/5: Удаление старых данных и вставка новых...
2026-03-25 10:28:42,875 - INFO -       🗑️ Удалено строк: 0 (за 0.00 сек)
2026-03-25 10:28:42,880 - INFO -       ℹ️ Нет данных для вставки
2026-03-25 10:28:42,880 - INFO -    🔍 Проверка результата...
2026-03-25 10:28:42,884 - INFO -       ✅ В target за период: 0 строк
2026-03-25 10:28:42,884 - INFO - 
2026-03-25 10:28:42,884 - INFO -    ⏱️ ОБЩЕЕ ВРЕМЯ по таблице ORDER_DETAIL: 0.11 сек (0.00 мин)
2026-03-25 10:28:42,884 - INFO - ============================================================
2026-03-25 10:28:42,884 - INFO - 
2026-03-25 10:28:42,884 - INFO - ============================================================
2026-03-25 10:28:42,885 - INFO - ТАБЛИЦА [2/21]: ORDER_HEADER
2026-03-25 10:28:42,885 - INFO - ============================================================
2026-03-25 10:28:42,885 - INFO -    📁 Источник: ils, Поле даты: ORDER_DATE
2026-03-25 10:28:42,885 - INFO -    📅 Период: 2026-03-22 10:28 - 2026-03-25 10:28
2026-03-25 10:28:42,885 - INFO -    🔌 Шаг 1/5: Подключение к источнику (ils)...
2026-03-25 10:28:42,899 - INFO -       ✅ Подключено
2026-03-25 10:28:42,899 - INFO -    🔌 Шаг 2/5: Подключение к целевой БД...
2026-03-25 10:28:42,929 - INFO -       ✅ Подключено
2026-03-25 10:28:42,929 - INFO -    📋 Шаг 3/5: Получение структуры таблицы...
2026-03-25 10:28:42,947 - INFO -       ✅ Найдено колонок: 114
2026-03-25 10:28:42,947 - INFO -    📥 Шаг 4/5: Чтение данных из источника...
2026-03-25 10:28:42,947 - INFO -       Выполняется запрос...
2026-03-25 10:28:42,951 - INFO -       ✅ Прочитано строк: 0 (за 0.00 сек)
2026-03-25 10:28:42,952 - INFO -    🗑️ Шаг 5/5: Удаление старых данных и вставка новых...
2026-03-25 10:28:42,955 - INFO -       🗑️ Удалено строк: 0 (за 0.00 сек)
2026-03-25 10:28:42,960 - INFO -       ℹ️ Нет данных для вставки
2026-03-25 10:28:42,960 - INFO -    🔍 Проверка результата...
2026-03-25 10:28:42,963 - INFO -       ✅ В target за период: 0 строк
2026-03-25 10:28:42,963 - INFO - 
2026-03-25 10:28:42,963 - INFO -    ⏱️ ОБЩЕЕ ВРЕМЯ по таблице ORDER_HEADER: 0.08 сек (0.00 мин)
2026-03-25 10:28:42,963 - INFO - ============================================================
2026-03-25 10:28:42,963 - INFO - 
2026-03-25 10:28:42,964 - INFO - ============================================================
2026-03-25 10:28:42,964 - INFO - ТАБЛИЦА [3/21]: RECEIPT_DETAIL
2026-03-25 10:28:42,964 - INFO - ============================================================
2026-03-25 10:28:42,964 - INFO -    📁 Источник: ils, Поле даты: DATE_TIME_STAMP
2026-03-25 10:28:42,964 - INFO -    📅 Период: 2026-03-22 10:28 - 2026-03-25 10:28
2026-03-25 10:28:42,964 - INFO -    🔌 Шаг 1/5: Подключение к источнику (ils)...
2026-03-25 10:28:42,979 - INFO -       ✅ Подключено
2026-03-25 10:28:42,979 - INFO -    🔌 Шаг 2/5: Подключение к целевой БД...
2026-03-25 10:28:43,011 - INFO -       ✅ Подключено
2026-03-25 10:28:43,011 - INFO -    📋 Шаг 3/5: Получение структуры таблицы...
2026-03-25 10:28:43,034 - INFO -       ✅ Найдено колонок: 83
2026-03-25 10:28:43,034 - INFO -    📥 Шаг 4/5: Чтение данных из источника...
2026-03-25 10:28:43,034 - INFO -       Выполняется запрос...
2026-03-25 10:28:43,373 - INFO -       ✅ Прочитано строк: 1,218 (за 0.34 сек)
2026-03-25 10:28:43,373 - INFO -    🗑️ Шаг 5/5: Удаление старых данных и вставка новых...
2026-03-25 10:28:43,390 - INFO -       🗑️ Удалено строк: 1,190 (за 0.02 сек)
2026-03-25 10:28:43,390 - INFO -       📊 Вставка 1,218 строк (единым вызовом)...
2026-03-25 10:28:53,748 - INFO -       ✅ Вставлено: 1,218 строк за 10.36 сек (118 строк/сек)
2026-03-25 10:28:53,749 - INFO -    🔍 Проверка результата...
2026-03-25 10:28:53,751 - INFO -       ✅ В target за период: 1,218 строк
2026-03-25 10:28:53,752 - INFO - 
2026-03-25 10:28:53,752 - INFO -    ⏱️ ОБЩЕЕ ВРЕМЯ по таблице RECEIPT_DETAIL: 10.79 сек (0.18 мин)
2026-03-25 10:28:53,752 - INFO - ============================================================
2026-03-25 10:28:53,754 - INFO - 
2026-03-25 10:28:53,754 - INFO - ============================================================
2026-03-25 10:28:53,754 - INFO - ТАБЛИЦА [4/21]: RECEIPT_HEADER
2026-03-25 10:28:53,754 - INFO - ============================================================
2026-03-25 10:28:53,754 - INFO -    📁 Источник: ils, Поле даты: RECEIPT_DATE
2026-03-25 10:28:53,754 - INFO -    📅 Период: 2026-03-22 10:28 - 2026-03-25 10:28
2026-03-25 10:28:53,754 - INFO -    🔌 Шаг 1/5: Подключение к источнику (ils)...
2026-03-25 10:28:53,840 - INFO -       ✅ Подключено
2026-03-25 10:28:53,840 - INFO -    🔌 Шаг 2/5: Подключение к целевой БД...
2026-03-25 10:28:53,888 - INFO -       ✅ Подключено
2026-03-25 10:28:53,888 - INFO -    📋 Шаг 3/5: Получение структуры таблицы...
2026-03-25 10:28:53,904 - INFO -       ✅ Найдено колонок: 81
2026-03-25 10:28:53,904 - INFO -    📥 Шаг 4/5: Чтение данных из источника...
2026-03-25 10:28:53,904 - INFO -       Выполняется запрос...
2026-03-25 10:28:53,967 - INFO -       ✅ Прочитано строк: 269 (за 0.06 сек)
2026-03-25 10:28:53,967 - INFO -    🗑️ Шаг 5/5: Удаление старых данных и вставка новых...
2026-03-25 10:28:53,977 - INFO -       🗑️ Удалено строк: 268 (за 0.01 сек)
2026-03-25 10:28:53,978 - INFO -       📊 Вставка 269 строк (единым вызовом)...
2026-03-25 10:28:55,675 - INFO -       ✅ Вставлено: 269 строк за 1.70 сек (159 строк/сек)
2026-03-25 10:28:55,675 - INFO -    🔍 Проверка результата...
2026-03-25 10:28:55,679 - INFO -       ✅ В target за период: 269 строк
2026-03-25 10:28:55,679 - INFO - 
2026-03-25 10:28:55,679 - INFO -    ⏱️ ОБЩЕЕ ВРЕМЯ по таблице RECEIPT_HEADER: 1.92 сек (0.03 мин)
2026-03-25 10:28:55,679 - INFO - ============================================================
2026-03-25 10:28:55,680 - INFO - 
2026-03-25 10:28:55,680 - INFO - ============================================================
2026-03-25 10:28:55,680 - INFO - ТАБЛИЦА [5/21]: SHIPMENT_DETAIL
2026-03-25 10:28:55,680 - INFO - ============================================================
2026-03-25 10:28:55,680 - INFO -    📁 Источник: ils, Поле даты: DATE_TIME_STAMP
2026-03-25 10:28:55,680 - INFO -    📅 Период: 2026-03-22 10:28 - 2026-03-25 10:28
2026-03-25 10:28:55,680 - INFO -    🔌 Шаг 1/5: Подключение к источнику (ils)...
2026-03-25 10:28:55,696 - INFO -       ✅ Подключено
2026-03-25 10:28:55,696 - INFO -    🔌 Шаг 2/5: Подключение к целевой БД...
2026-03-25 10:28:55,761 - INFO -       ✅ Подключено
2026-03-25 10:28:55,761 - INFO -    📋 Шаг 3/5: Получение структуры таблицы...
2026-03-25 10:28:55,781 - INFO -       ✅ Найдено колонок: 154
2026-03-25 10:28:55,781 - INFO -    📥 Шаг 4/5: Чтение данных из источника...
2026-03-25 10:28:55,781 - INFO -       Выполняется запрос...
2026-03-25 10:29:03,198 - INFO -       ✅ Прочитано строк: 9,071 (за 7.42 сек)
2026-03-25 10:29:03,198 - INFO -    🗑️ Шаг 5/5: Удаление старых данных и вставка новых...
2026-03-25 10:29:03,318 - INFO -       🗑️ Удалено строк: 8,933 (за 0.12 сек)
2026-03-25 10:29:03,319 - INFO -       📊 Вставка 9,071 строк (единым вызовом)...
2026-03-25 10:30:34,296 - INFO -       ✅ Вставлено: 9,071 строк за 90.98 сек (100 строк/сек)
2026-03-25 10:30:34,296 - INFO -    🔍 Проверка результата...
2026-03-25 10:30:34,301 - INFO -       ✅ В target за период: 9,071 строк
2026-03-25 10:30:34,301 - INFO - 
2026-03-25 10:30:34,301 - INFO -    ⏱️ ОБЩЕЕ ВРЕМЯ по таблице SHIPMENT_DETAIL: 98.62 сек (1.64 мин)
2026-03-25 10:30:34,301 - INFO - ============================================================
2026-03-25 10:30:34,327 - INFO - 
2026-03-25 10:30:34,328 - INFO - ============================================================
2026-03-25 10:30:34,328 - INFO - ТАБЛИЦА [6/21]: SHIPMENT_HEADER
2026-03-25 10:30:34,328 - INFO - ============================================================
2026-03-25 10:30:34,328 - INFO -    📁 Источник: ils, Поле даты: PLANNED_SHIP_DATE
2026-03-25 10:30:34,328 - INFO -    📅 Период: 2026-03-22 10:30 - 2026-03-25 10:30
2026-03-25 10:30:34,328 - INFO -    🔌 Шаг 1/5: Подключение к источнику (ils)...
2026-03-25 10:30:34,345 - INFO -       ✅ Подключено
2026-03-25 10:30:34,346 - INFO -    🔌 Шаг 2/5: Подключение к целевой БД...
2026-03-25 10:30:34,378 - INFO -       ✅ Подключено
2026-03-25 10:30:34,379 - INFO -    📋 Шаг 3/5: Получение структуры таблицы...
2026-03-25 10:30:34,398 - INFO -       ✅ Найдено колонок: 155
2026-03-25 10:30:34,398 - INFO -    📥 Шаг 4/5: Чтение данных из источника...
2026-03-25 10:30:34,398 - INFO -       Выполняется запрос...
2026-03-25 10:30:34,584 - INFO -       ✅ Прочитано строк: 969 (за 0.19 сек)
2026-03-25 10:30:34,584 - INFO -    🗑️ Шаг 5/5: Удаление старых данных и вставка новых...
2026-03-25 10:30:34,641 - INFO -       🗑️ Удалено строк: 946 (за 0.06 сек)
2026-03-25 10:30:34,642 - INFO -       📊 Вставка 969 строк (единым вызовом)...
2026-03-25 10:30:43,372 - INFO -       ✅ Вставлено: 969 строк за 8.73 сек (111 строк/сек)
2026-03-25 10:30:43,373 - INFO -    🔍 Проверка результата...
2026-03-25 10:30:43,377 - INFO -       ✅ В target за период: 969 строк
2026-03-25 10:30:43,377 - INFO - 
2026-03-25 10:30:43,377 - INFO -    ⏱️ ОБЩЕЕ ВРЕМЯ по таблице SHIPMENT_HEADER: 9.05 сек (0.15 мин)
2026-03-25 10:30:43,377 - INFO - ============================================================
2026-03-25 10:30:43,383 - INFO - 
2026-03-25 10:30:43,384 - INFO - ============================================================
2026-03-25 10:30:43,384 - INFO - ТАБЛИЦА [7/21]: TRANSACTION_HISTORY
2026-03-25 10:30:43,384 - INFO - ============================================================
2026-03-25 10:30:43,384 - INFO -    📁 Источник: ils, Поле даты: DATE_TIME_STAMP
2026-03-25 10:30:43,385 - INFO -    📅 Период: 2026-03-22 10:30 - 2026-03-25 10:30
2026-03-25 10:30:43,385 - INFO -    🔌 Шаг 1/5: Подключение к источнику (ils)...
2026-03-25 10:30:43,407 - INFO -       ✅ Подключено
2026-03-25 10:30:43,407 - INFO -    🔌 Шаг 2/5: Подключение к целевой БД...
2026-03-25 10:30:43,441 - INFO -       ✅ Подключено
2026-03-25 10:30:43,441 - INFO -    📋 Шаг 3/5: Получение структуры таблицы...
2026-03-25 10:30:43,457 - INFO -       ✅ Найдено колонок: 51
2026-03-25 10:30:43,457 - INFO -    📥 Шаг 4/5: Чтение данных из источника...
2026-03-25 10:30:43,457 - INFO -       Выполняется запрос...
2026-03-25 10:30:52,437 - INFO -       ✅ Прочитано строк: 119,868 (за 8.98 сек)
2026-03-25 10:30:52,437 - INFO -    🗑️ Шаг 5/5: Удаление старых данных и вставка новых...
2026-03-25 10:30:55,091 - INFO -       🗑️ Удалено строк: 115,499 (за 2.65 сек)
2026-03-25 10:30:55,091 - INFO -       📊 Вставка 119,868 строк (единым вызовом)...
