2026-03-24 17:57:46,250 - INFO - ================================================================================
2026-03-24 17:57:46,251 - INFO - 🚀 ПЕРЕЗАПИСЬ ДАННЫХ ЗА ПОСЛЕДНИЕ 3 ДНЯ
2026-03-24 17:57:46,251 - INFO - ================================================================================
2026-03-24 17:57:46,251 - INFO - 📊 Всего таблиц: 21
2026-03-24 17:57:46,251 - INFO - 📁 Источники: ils (19 таблиц), sk (2 таблицы)
2026-03-24 17:57:46,251 - INFO - 🎯 Целевая БД: olap2_fixed.raw_
2026-03-24 17:57:46,251 - INFO - 📅 Период: 2026-03-21 - 2026-03-24
2026-03-24 17:57:46,251 - INFO - ================================================================================
2026-03-24 17:57:46,251 - INFO - 
📌 [1/21] Обработка таблицы: ORDER_DETAIL
2026-03-24 17:57:46,252 - INFO - 🔄 ORDER_DETAIL -> raw_.ORDER_DETAIL за последние 3 дн.
2026-03-24 17:57:46,441 - INFO -    📥 Найдено в источнике: 0 строк
2026-03-24 17:57:46,445 - INFO -    🗑️ Удалено из target: 0 строк
2026-03-24 17:57:46,450 - INFO -    ℹ️ Нет данных для вставки
2026-03-24 17:57:46,454 - INFO -    🔍 Проверка: в target за период 0 строк
2026-03-24 17:57:46,455 - INFO - 
📌 [2/21] Обработка таблицы: ORDER_HEADER
2026-03-24 17:57:46,455 - INFO - 🔄 ORDER_HEADER -> raw_.ORDER_HEADER за последние 3 дн.
2026-03-24 17:57:47,069 - INFO -    📥 Найдено в источнике: 0 строк
2026-03-24 17:57:47,080 - INFO -    🗑️ Удалено из target: 0 строк
2026-03-24 17:57:47,089 - INFO -    ℹ️ Нет данных для вставки
2026-03-24 17:57:47,093 - INFO -    🔍 Проверка: в target за период 0 строк
2026-03-24 17:57:47,094 - INFO - 
📌 [3/21] Обработка таблицы: RECEIPT_DETAIL
2026-03-24 17:57:47,094 - INFO - 🔄 RECEIPT_DETAIL -> raw_.RECEIPT_DETAIL за последние 3 дн.
2026-03-24 17:57:47,334 - INFO -    📥 Найдено в источнике: 1161 строк
2026-03-24 17:57:48,195 - INFO -    🗑️ Удалено из target: 985 строк
2026-03-24 17:57:57,751 - INFO -    ✅ Вставлено: 1161 строк
2026-03-24 17:57:58,008 - INFO -    🔍 Проверка: в target за период 1161 строк
2026-03-24 17:57:58,012 - INFO - 
📌 [4/21] Обработка таблицы: RECEIPT_HEADER
2026-03-24 17:57:58,012 - INFO - 🔄 RECEIPT_HEADER -> raw_.RECEIPT_HEADER за последние 3 дн.
2026-03-24 17:57:58,137 - INFO -    📥 Найдено в источнике: 262 строк
2026-03-24 17:57:58,295 - INFO -    🗑️ Удалено из target: 202 строк
2026-03-24 17:58:01,099 - INFO -    ✅ Вставлено: 262 строк
2026-03-24 17:58:01,110 - INFO -    🔍 Проверка: в target за период 262 строк
2026-03-24 17:58:01,111 - INFO - 
📌 [5/21] Обработка таблицы: SHIPMENT_DETAIL
2026-03-24 17:58:01,111 - INFO - 🔄 SHIPMENT_DETAIL -> raw_.SHIPMENT_DETAIL за последние 3 дн.
2026-03-24 17:58:03,383 - INFO -    📥 Найдено в источнике: 8088 строк
2026-03-24 17:58:03,765 - INFO -    🗑️ Удалено из target: 6908 строк
