2026-03-25 13:06:03,093 - INFO - ================================================================================
2026-03-25 13:06:03,093 - INFO - 🚀 WATERMARK + HASH: ОБНОВЛЕНИЕ ТОЛЬКО ИЗМЕНЁННЫХ ДАННЫХ
2026-03-25 13:06:03,093 - INFO - ================================================================================
2026-03-25 13:06:03,094 - INFO - 📊 Всего таблиц: 21
2026-03-25 13:06:03,094 - INFO - 📁 Источники: ils, sk
2026-03-25 13:06:03,094 - INFO - 🎯 Целевая БД: olap2_fixed.raw_
2026-03-25 13:06:03,094 - INFO - 📅 Период: 2026-03-22 - 2026-03-25
2026-03-25 13:06:03,094 - INFO - ================================================================================
2026-03-25 13:06:03,094 - INFO - 
📌 [1/21] Обработка: ORDER_DETAIL
2026-03-25 13:06:03,094 - INFO - 
2026-03-25 13:06:03,094 - INFO - ============================================================
2026-03-25 13:06:03,094 - INFO - ТАБЛИЦА [1/21]: ORDER_DETAIL
2026-03-25 13:06:03,094 - INFO - ============================================================
2026-03-25 13:06:03,094 - INFO -    📁 Источник: ils, Поле даты: DATE_TIME_STAMP
2026-03-25 13:06:03,094 - INFO -    📅 Период: 2026-03-22 13:06 - 2026-03-25 13:06
2026-03-25 13:06:03,095 - INFO -    🔌 Шаг 1/7: Подключение к источнику (ils)...
2026-03-25 13:06:03,133 - INFO -       ✅ Подключено
2026-03-25 13:06:03,133 - INFO -    🔌 Шаг 2/7: Подключение к целевой БД...
2026-03-25 13:06:03,196 - INFO -       ✅ Подключено
2026-03-25 13:06:03,196 - INFO -    📋 Шаг 3/7: Получение структуры таблицы...
2026-03-25 13:06:03,230 - INFO -       ✅ Найдено колонок: 126
2026-03-25 13:06:03,230 - INFO -    📋 Шаг 4/7: Инициализация таблицы хэшей...
2026-03-25 13:06:03,283 - WARNING - ⚠️ Не удалось создать таблицу хэшей: (173, b"The definition for column 'ORDER_ID' must include a data type.DB-Lib error message 20018, severity 15:\nGeneral SQL Server error: Check messages from the SQL Server\n")
2026-03-25 13:06:03,287 - INFO -    📥 Шаг 5/7: Чтение данных из источника...
2026-03-25 13:06:03,288 - INFO -       Выполняется запрос...
2026-03-25 13:06:03,603 - INFO -       ✅ Прочитано строк: 0 (за 0.31 сек)
2026-03-25 13:06:03,603 - INFO -       ℹ️ Нет данных для обновления
2026-03-25 13:06:03,604 - INFO - 
📌 [2/21] Обработка: ORDER_HEADER
2026-03-25 13:06:03,604 - INFO - 
2026-03-25 13:06:03,604 - INFO - ============================================================
2026-03-25 13:06:03,604 - INFO - ТАБЛИЦА [2/21]: ORDER_HEADER
2026-03-25 13:06:03,605 - INFO - ============================================================
2026-03-25 13:06:03,605 - INFO -    📁 Источник: ils, Поле даты: ORDER_DATE
2026-03-25 13:06:03,605 - INFO -    📅 Период: 2026-03-22 13:06 - 2026-03-25 13:06
2026-03-25 13:06:03,605 - INFO -    🔌 Шаг 1/7: Подключение к источнику (ils)...
2026-03-25 13:06:03,637 - INFO -       ✅ Подключено
2026-03-25 13:06:03,637 - INFO -    🔌 Шаг 2/7: Подключение к целевой БД...
2026-03-25 13:06:03,671 - INFO -       ✅ Подключено
2026-03-25 13:06:03,671 - INFO -    📋 Шаг 3/7: Получение структуры таблицы...
2026-03-25 13:06:03,686 - INFO -       ✅ Найдено колонок: 114
2026-03-25 13:06:03,686 - INFO -    📋 Шаг 4/7: Инициализация таблицы хэшей...
2026-03-25 13:06:03,718 - WARNING - ⚠️ Не удалось создать таблицу хэшей: (173, b"The definition for column 'ORDER_ID' must include a data type.DB-Lib error message 20018, severity 15:\nGeneral SQL Server error: Check messages from the SQL Server\n")
2026-03-25 13:06:03,722 - INFO -    📥 Шаг 5/7: Чтение данных из источника...
2026-03-25 13:06:03,722 - INFO -       Выполняется запрос...
2026-03-25 13:06:04,038 - INFO -       ✅ Прочитано строк: 0 (за 0.32 сек)
2026-03-25 13:06:04,039 - INFO -       ℹ️ Нет данных для обновления
2026-03-25 13:06:04,039 - INFO - 
📌 [3/21] Обработка: RECEIPT_DETAIL
2026-03-25 13:06:04,040 - INFO - 
2026-03-25 13:06:04,040 - INFO - ============================================================
2026-03-25 13:06:04,040 - INFO - ТАБЛИЦА [3/21]: RECEIPT_DETAIL
2026-03-25 13:06:04,040 - INFO - ============================================================
2026-03-25 13:06:04,040 - INFO -    📁 Источник: ils, Поле даты: DATE_TIME_STAMP
2026-03-25 13:06:04,041 - INFO -    📅 Период: 2026-03-22 13:06 - 2026-03-25 13:06
2026-03-25 13:06:04,041 - INFO -    🔌 Шаг 1/7: Подключение к источнику (ils)...
2026-03-25 13:06:04,059 - INFO -       ✅ Подключено
2026-03-25 13:06:04,059 - INFO -    🔌 Шаг 2/7: Подключение к целевой БД...
2026-03-25 13:06:04,093 - INFO -       ✅ Подключено
2026-03-25 13:06:04,093 - INFO -    📋 Шаг 3/7: Получение структуры таблицы...
2026-03-25 13:06:04,106 - INFO -       ✅ Найдено колонок: 83
2026-03-25 13:06:04,107 - INFO -    📋 Шаг 4/7: Инициализация таблицы хэшей...
2026-03-25 13:06:04,140 - WARNING - ⚠️ Не удалось создать таблицу хэшей: (173, b"The definition for column 'RECEIPT_ID' must include a data type.DB-Lib error message 20018, severity 15:\nGeneral SQL Server error: Check messages from the SQL Server\n")
2026-03-25 13:06:04,145 - INFO -    📥 Шаг 5/7: Чтение данных из источника...
2026-03-25 13:06:04,145 - INFO -       Выполняется запрос...
2026-03-25 13:06:04,730 - INFO -       ✅ Прочитано строк: 1,562 (за 0.58 сек)
2026-03-25 13:06:04,730 - INFO -    🔍 Шаг 6/7: Сравнение хэшей...
2026-03-25 13:06:05,094 - WARNING - ⚠️ Ошибка получения хэшей: (208, b"Invalid object name 'raw_.RECEIPT_DETAIL_hash'.DB-Lib error message 20018, severity 16:\nGeneral SQL Server error: Check messages from the SQL Server\n")
2026-03-25 13:06:05,121 - INFO -       📊 Изменилось записей: 0
2026-03-25 13:06:05,122 - INFO -       📊 Новых записей: 1562
2026-03-25 13:06:05,122 - INFO -       📊 Без изменений: 0
2026-03-25 13:06:05,122 - INFO -    📊 Шаг 7/7: Обновление/вставка данных...
2026-03-25 13:06:16,416 - INFO -       ✅ Вставлено: 1,562 строк (за 11.29 сек)
2026-03-25 13:06:16,458 - ERROR - ❌ Ошибка обновления хэшей: (208, b"Invalid object name 'raw_.RECEIPT_DETAIL_hash'.DB-Lib error message 20018, severity 16:\nGeneral SQL Server error: Check messages from the SQL Server\n")
2026-03-25 13:06:16,462 - INFO -    🔍 Проверка результата...
2026-03-25 13:06:16,466 - INFO -       ✅ В target за период: 4,356 строк
2026-03-25 13:06:16,466 - INFO - 
2026-03-25 13:06:16,466 - INFO -    ⏱️ ОБЩЕЕ ВРЕМЯ: 12.43 сек (0.21 мин)
2026-03-25 13:06:16,466 - INFO - ============================================================
2026-03-25 13:06:16,469 - INFO - 
📌 [4/21] Обработка: RECEIPT_HEADER
2026-03-25 13:06:16,470 - INFO - 
2026-03-25 13:06:16,470 - INFO - ============================================================
2026-03-25 13:06:16,470 - INFO - ТАБЛИЦА [4/21]: RECEIPT_HEADER
2026-03-25 13:06:16,470 - INFO - ============================================================
2026-03-25 13:06:16,470 - INFO -    📁 Источник: ils, Поле даты: RECEIPT_DATE
2026-03-25 13:06:16,470 - INFO -    📅 Период: 2026-03-22 13:06 - 2026-03-25 13:06
2026-03-25 13:06:16,470 - INFO -    🔌 Шаг 1/7: Подключение к источнику (ils)...
2026-03-25 13:06:16,482 - INFO -       ✅ Подключено
2026-03-25 13:06:16,482 - INFO -    🔌 Шаг 2/7: Подключение к целевой БД...
2026-03-25 13:06:16,512 - INFO -       ✅ Подключено
2026-03-25 13:06:16,512 - INFO -    📋 Шаг 3/7: Получение структуры таблицы...
2026-03-25 13:06:16,527 - INFO -       ✅ Найдено колонок: 81
2026-03-25 13:06:16,527 - INFO -    📋 Шаг 4/7: Инициализация таблицы хэшей...
2026-03-25 13:06:16,555 - WARNING - ⚠️ Не удалось создать таблицу хэшей: (173, b"The definition for column 'RECEIPT_ID' must include a data type.DB-Lib error message 20018, severity 15:\nGeneral SQL Server error: Check messages from the SQL Server\n")
2026-03-25 13:06:16,560 - INFO -    📥 Шаг 5/7: Чтение данных из источника...
2026-03-25 13:06:16,560 - INFO -       Выполняется запрос...
2026-03-25 13:06:16,606 - INFO -       ✅ Прочитано строк: 341 (за 0.05 сек)
2026-03-25 13:06:16,606 - INFO -    🔍 Шаг 6/7: Сравнение хэшей...
2026-03-25 13:06:16,648 - WARNING - ⚠️ Ошибка получения хэшей: (208, b"Invalid object name 'raw_.RECEIPT_HEADER_hash'.DB-Lib error message 20018, severity 16:\nGeneral SQL Server error: Check messages from the SQL Server\n")
2026-03-25 13:06:16,656 - INFO -       📊 Изменилось записей: 0
2026-03-25 13:06:16,656 - INFO -       📊 Новых записей: 341
2026-03-25 13:06:16,656 - INFO -       📊 Без изменений: 0
2026-03-25 13:06:16,656 - INFO -    📊 Шаг 7/7: Обновление/вставка данных...
2026-03-25 13:06:19,646 - INFO -       ✅ Вставлено: 341 строк (за 2.99 сек)
2026-03-25 13:06:19,678 - ERROR - ❌ Ошибка обновления хэшей: (208, b"Invalid object name 'raw_.RECEIPT_HEADER_hash'.DB-Lib error message 20018, severity 16:\nGeneral SQL Server error: Check messages from the SQL Server\n")
2026-03-25 13:06:19,682 - INFO -    🔍 Проверка результата...
2026-03-25 13:06:19,685 - INFO -       ✅ В target за период: 898 строк
2026-03-25 13:06:19,685 - INFO - 
2026-03-25 13:06:19,685 - INFO -    ⏱️ ОБЩЕЕ ВРЕМЯ: 3.22 сек (0.05 мин)
2026-03-25 13:06:19,685 - INFO - ============================================================
2026-03-25 13:06:19,686 - INFO - 
📌 [5/21] Обработка: SHIPMENT_DETAIL
2026-03-25 13:06:19,687 - INFO - 
2026-03-25 13:06:19,687 - INFO - ============================================================
2026-03-25 13:06:19,687 - INFO - ТАБЛИЦА [5/21]: SHIPMENT_DETAIL
2026-03-25 13:06:19,687 - INFO - ============================================================
2026-03-25 13:06:19,687 - INFO -    📁 Источник: ils, Поле даты: DATE_TIME_STAMP
2026-03-25 13:06:19,687 - INFO -    📅 Период: 2026-03-22 13:06 - 2026-03-25 13:06
2026-03-25 13:06:19,687 - INFO -    🔌 Шаг 1/7: Подключение к источнику (ils)...
2026-03-25 13:06:19,699 - INFO -       ✅ Подключено
2026-03-25 13:06:19,699 - INFO -    🔌 Шаг 2/7: Подключение к целевой БД...
2026-03-25 13:06:19,727 - INFO -       ✅ Подключено
2026-03-25 13:06:19,727 - INFO -    📋 Шаг 3/7: Получение структуры таблицы...
2026-03-25 13:06:19,743 - INFO -       ✅ Найдено колонок: 154
2026-03-25 13:06:19,743 - INFO -    📋 Шаг 4/7: Инициализация таблицы хэшей...
2026-03-25 13:06:19,771 - WARNING - ⚠️ Не удалось создать таблицу хэшей: (173, b"The definition for column 'SHIPMENT_ID' must include a data type.DB-Lib error message 20018, severity 15:\nGeneral SQL Server error: Check messages from the SQL Server\n")
2026-03-25 13:06:19,775 - INFO -    📥 Шаг 5/7: Чтение данных из источника...
2026-03-25 13:06:19,775 - INFO -       Выполняется запрос...
2026-03-25 13:06:21,883 - INFO -       ✅ Прочитано строк: 9,067 (за 2.11 сек)
2026-03-25 13:06:21,884 - INFO -    🔍 Шаг 6/7: Сравнение хэшей...
2026-03-25 13:06:23,974 - WARNING - ⚠️ Ошибка получения хэшей: (208, b"Invalid object name 'raw_.SHIPMENT_DETAIL_hash'.DB-Lib error message 20018, severity 16:\nGeneral SQL Server error: Check messages from the SQL Server\n")
2026-03-25 13:06:24,286 - INFO -       📊 Изменилось записей: 0
2026-03-25 13:06:24,286 - INFO -       📊 Новых записей: 9067
2026-03-25 13:06:24,286 - INFO -       📊 Без изменений: 0
2026-03-25 13:06:24,286 - INFO -    📊 Шаг 7/7: Обновление/вставка данных...
