2026-03-25 09:00:00,257 - INFO - ================================================================================
2026-03-25 09:00:00,257 - INFO - 🚀 ПЕРЕЗАПИСЬ ДАННЫХ ЗА ПОСЛЕДНИЕ 3 ДНЯ
2026-03-25 09:00:00,258 - INFO - ================================================================================
2026-03-25 09:00:00,258 - INFO - 📊 Всего таблиц: 21
2026-03-25 09:00:00,258 - INFO - 📁 Источники: ils (19 таблиц), sk (2 таблицы)
2026-03-25 09:00:00,258 - INFO - 🎯 Целевая БД: olap2_fixed.raw_
2026-03-25 09:00:00,258 - INFO - 📅 Период: 2026-03-22 - 2026-03-25
2026-03-25 09:00:00,259 - INFO - ================================================================================
2026-03-25 09:00:00,259 - INFO - 
2026-03-25 09:00:00,259 - INFO - ============================================================
2026-03-25 09:00:00,259 - INFO - ТАБЛИЦА [1/21]: ORDER_DETAIL
2026-03-25 09:00:00,259 - INFO - ============================================================
2026-03-25 09:00:00,259 - INFO -    📁 Источник: ils, Поле даты: DATE_TIME_STAMP
2026-03-25 09:00:00,259 - INFO -    📅 Период: 2026-03-22 09:00 - 2026-03-25 09:00
2026-03-25 09:00:00,259 - INFO -    🔌 Шаг 1/5: Подключение к источнику (ils)...
2026-03-25 09:00:00,291 - INFO -       ✅ Подключено
2026-03-25 09:00:00,292 - INFO -    🔌 Шаг 2/5: Подключение к целевой БД...
2026-03-25 09:00:00,349 - INFO -       ✅ Подключено
2026-03-25 09:00:00,349 - INFO -    📋 Шаг 3/5: Получение структуры таблицы...
2026-03-25 09:00:00,380 - INFO -       ✅ Найдено колонок: 126
2026-03-25 09:00:00,380 - INFO -    📥 Шаг 4/5: Чтение данных из источника...
2026-03-25 09:00:00,380 - INFO -       Выполняется запрос...
2026-03-25 09:00:00,385 - INFO -       ✅ Прочитано строк: 0 (за 0.00 сек)
2026-03-25 09:00:00,386 - INFO -    🗑️ Шаг 5/5: Удаление старых данных и вставка новых...
2026-03-25 09:00:00,390 - INFO -       🗑️ Удалено строк: 0 (за 0.00 сек)
2026-03-25 09:00:00,397 - INFO -       ℹ️ Нет данных для вставки
2026-03-25 09:00:00,397 - INFO -    🔍 Проверка результата...
2026-03-25 09:00:00,400 - INFO -       ✅ В target за период: 0 строк
2026-03-25 09:00:00,401 - INFO - 
2026-03-25 09:00:00,401 - INFO -    ⏱️ ОБЩЕЕ ВРЕМЯ по таблице ORDER_DETAIL: 0.14 сек (0.00 мин)
2026-03-25 09:00:00,401 - INFO - ============================================================
2026-03-25 09:00:00,402 - INFO - 
2026-03-25 09:00:00,402 - INFO - ============================================================
2026-03-25 09:00:00,402 - INFO - ТАБЛИЦА [2/21]: ORDER_HEADER
2026-03-25 09:00:00,402 - INFO - ============================================================
2026-03-25 09:00:00,402 - INFO -    📁 Источник: ils, Поле даты: ORDER_DATE
2026-03-25 09:00:00,402 - INFO -    📅 Период: 2026-03-22 09:00 - 2026-03-25 09:00
2026-03-25 09:00:00,403 - INFO -    🔌 Шаг 1/5: Подключение к источнику (ils)...
2026-03-25 09:00:00,440 - INFO -       ✅ Подключено
2026-03-25 09:00:00,441 - INFO -    🔌 Шаг 2/5: Подключение к целевой БД...
2026-03-25 09:00:00,493 - INFO -       ✅ Подключено
2026-03-25 09:00:00,493 - INFO -    📋 Шаг 3/5: Получение структуры таблицы...
2026-03-25 09:00:00,509 - INFO -       ✅ Найдено колонок: 114
2026-03-25 09:00:00,509 - INFO -    📥 Шаг 4/5: Чтение данных из источника...
2026-03-25 09:00:00,510 - INFO -       Выполняется запрос...
2026-03-25 09:00:00,515 - INFO -       ✅ Прочитано строк: 0 (за 0.01 сек)
2026-03-25 09:00:00,515 - INFO -    🗑️ Шаг 5/5: Удаление старых данных и вставка новых...
2026-03-25 09:00:00,520 - INFO -       🗑️ Удалено строк: 0 (за 0.00 сек)
2026-03-25 09:00:00,525 - INFO -       ℹ️ Нет данных для вставки
2026-03-25 09:00:00,526 - INFO -    🔍 Проверка результата...
2026-03-25 09:00:00,529 - INFO -       ✅ В target за период: 0 строк
2026-03-25 09:00:00,529 - INFO - 
2026-03-25 09:00:00,530 - INFO -    ⏱️ ОБЩЕЕ ВРЕМЯ по таблице ORDER_HEADER: 0.13 сек (0.00 мин)
2026-03-25 09:00:00,530 - INFO - ============================================================
2026-03-25 09:00:00,530 - INFO - 
2026-03-25 09:00:00,530 - INFO - ============================================================
2026-03-25 09:00:00,531 - INFO - ТАБЛИЦА [3/21]: RECEIPT_DETAIL
2026-03-25 09:00:00,531 - INFO - ============================================================
2026-03-25 09:00:00,531 - INFO -    📁 Источник: ils, Поле даты: DATE_TIME_STAMP
2026-03-25 09:00:00,531 - INFO -    📅 Период: 2026-03-22 09:00 - 2026-03-25 09:00
2026-03-25 09:00:00,531 - INFO -    🔌 Шаг 1/5: Подключение к источнику (ils)...
2026-03-25 09:00:00,548 - INFO -       ✅ Подключено
2026-03-25 09:00:00,548 - INFO -    🔌 Шаг 2/5: Подключение к целевой БД...
2026-03-25 09:00:00,584 - INFO -       ✅ Подключено
2026-03-25 09:00:00,584 - INFO -    📋 Шаг 3/5: Получение структуры таблицы...
2026-03-25 09:00:00,601 - INFO -       ✅ Найдено колонок: 83
2026-03-25 09:00:00,602 - INFO -    📥 Шаг 4/5: Чтение данных из источника...
2026-03-25 09:00:00,602 - INFO -       Выполняется запрос...
2026-03-25 09:00:00,704 - INFO -       ✅ Прочитано строк: 1,163 (за 0.10 сек)
2026-03-25 09:00:00,704 - INFO -    🗑️ Шаг 5/5: Удаление старых данных и вставка новых...
2026-03-25 09:00:01,449 - INFO -       🗑️ Удалено строк: 1,163 (за 0.75 сек)
2026-03-25 09:00:01,450 - INFO -       📊 Вставка 1,163 строк (пакетов: 2)...
2026-03-25 09:00:11,718 - INFO -          Пакет   1/2 ( 50.0%): 1,000 строк за 10.27 сек
2026-03-25 09:00:13,134 - INFO -          Пакет   2/2 (100.0%): 163 строк за 1.42 сек
2026-03-25 09:00:13,135 - INFO -       ✅ Вставлено: 1,163 строк (за 11.68 сек)
2026-03-25 09:00:13,135 - INFO -    🔍 Проверка результата...
2026-03-25 09:00:13,821 - INFO -       ✅ В target за период: 1,163 строк
2026-03-25 09:00:13,822 - INFO - 
2026-03-25 09:00:13,822 - INFO -    ⏱️ ОБЩЕЕ ВРЕМЯ по таблице RECEIPT_DETAIL: 13.29 сек (0.22 мин)
2026-03-25 09:00:13,822 - INFO - ============================================================
2026-03-25 09:00:13,826 - INFO - 
2026-03-25 09:00:13,826 - INFO - ============================================================
2026-03-25 09:00:13,827 - INFO - ТАБЛИЦА [4/21]: RECEIPT_HEADER
2026-03-25 09:00:13,827 - INFO - ============================================================
2026-03-25 09:00:13,827 - INFO -    📁 Источник: ils, Поле даты: RECEIPT_DATE
2026-03-25 09:00:13,827 - INFO -    📅 Период: 2026-03-22 09:00 - 2026-03-25 09:00
2026-03-25 09:00:13,827 - INFO -    🔌 Шаг 1/5: Подключение к источнику (ils)...
2026-03-25 09:00:13,868 - INFO -       ✅ Подключено
2026-03-25 09:00:13,868 - INFO -    🔌 Шаг 2/5: Подключение к целевой БД...
2026-03-25 09:00:13,911 - INFO -       ✅ Подключено
2026-03-25 09:00:13,912 - INFO -    📋 Шаг 3/5: Получение структуры таблицы...
2026-03-25 09:00:13,931 - INFO -       ✅ Найдено колонок: 81
2026-03-25 09:00:13,932 - INFO -    📥 Шаг 4/5: Чтение данных из источника...
2026-03-25 09:00:13,932 - INFO -       Выполняется запрос...
2026-03-25 09:00:13,969 - INFO -       ✅ Прочитано строк: 259 (за 0.04 сек)
2026-03-25 09:00:13,969 - INFO -    🗑️ Шаг 5/5: Удаление старых данных и вставка новых...
2026-03-25 09:00:14,228 - INFO -       🗑️ Удалено строк: 259 (за 0.26 сек)
2026-03-25 09:00:14,228 - INFO -       📊 Вставка 259 строк (пакетов: 1)...
2026-03-25 09:00:16,375 - INFO -          Пакет   1/1 (100.0%): 259 строк за 2.15 сек
2026-03-25 09:00:16,375 - INFO -       ✅ Вставлено: 259 строк (за 2.15 сек)
2026-03-25 09:00:16,375 - INFO -    🔍 Проверка результата...
2026-03-25 09:00:16,387 - INFO -       ✅ В target за период: 259 строк
2026-03-25 09:00:16,387 - INFO - 
2026-03-25 09:00:16,387 - INFO -    ⏱️ ОБЩЕЕ ВРЕМЯ по таблице RECEIPT_HEADER: 2.56 сек (0.04 мин)
2026-03-25 09:00:16,387 - INFO - ============================================================
2026-03-25 09:00:16,389 - INFO - 
2026-03-25 09:00:16,389 - INFO - ============================================================
2026-03-25 09:00:16,389 - INFO - ТАБЛИЦА [5/21]: SHIPMENT_DETAIL
2026-03-25 09:00:16,389 - INFO - ============================================================
2026-03-25 09:00:16,390 - INFO -    📁 Источник: ils, Поле даты: DATE_TIME_STAMP
2026-03-25 09:00:16,390 - INFO -    📅 Период: 2026-03-22 09:00 - 2026-03-25 09:00
2026-03-25 09:00:16,390 - INFO -    🔌 Шаг 1/5: Подключение к источнику (ils)...
2026-03-25 09:00:16,418 - INFO -       ✅ Подключено
2026-03-25 09:00:16,418 - INFO -    🔌 Шаг 2/5: Подключение к целевой БД...
2026-03-25 09:00:16,460 - INFO -       ✅ Подключено
2026-03-25 09:00:16,461 - INFO -    📋 Шаг 3/5: Получение структуры таблицы...
2026-03-25 09:00:16,486 - INFO -       ✅ Найдено колонок: 154
2026-03-25 09:00:16,487 - INFO -    📥 Шаг 4/5: Чтение данных из источника...
2026-03-25 09:00:16,487 - INFO -       Выполняется запрос...
2026-03-25 09:00:18,264 - INFO -       ✅ Прочитано строк: 8,582 (за 1.78 сек)
2026-03-25 09:00:18,265 - INFO -    🗑️ Шаг 5/5: Удаление старых данных и вставка новых...
2026-03-25 09:00:18,689 - INFO -       🗑️ Удалено строк: 8,564 (за 0.42 сек)
2026-03-25 09:00:18,689 - INFO -       📊 Вставка 8,582 строк (пакетов: 9)...
2026-03-25 09:00:29,202 - INFO -          Пакет   1/9 ( 11.1%): 1,000 строк за 10.51 сек
2026-03-25 09:00:40,652 - INFO -          Пакет   2/9 ( 22.2%): 1,000 строк за 11.45 сек
2026-03-25 09:00:49,923 - INFO -          Пакет   3/9 ( 33.3%): 1,000 строк за 9.27 сек
2026-03-25 09:01:03,270 - INFO -          Пакет   4/9 ( 44.4%): 1,000 строк за 13.35 сек
2026-03-25 09:01:14,361 - INFO -          Пакет   5/9 ( 55.6%): 1,000 строк за 11.09 сек
2026-03-25 09:01:26,206 - INFO -          Пакет   6/9 ( 66.7%): 1,000 строк за 11.84 сек
2026-03-25 09:01:34,428 - INFO -          Пакет   7/9 ( 77.8%): 1,000 строк за 8.22 сек
2026-03-25 09:01:43,212 - INFO -          Пакет   8/9 ( 88.9%): 1,000 строк за 8.78 сек
2026-03-25 09:01:49,173 - INFO -          Пакет   9/9 (100.0%): 582 строк за 5.96 сек
2026-03-25 09:01:49,173 - INFO -       ✅ Вставлено: 8,582 строк (за 90.48 сек)
2026-03-25 09:01:49,173 - INFO -    🔍 Проверка результата...
2026-03-25 09:01:49,460 - INFO -       ✅ В target за период: 8,582 строк
2026-03-25 09:01:49,460 - INFO - 
2026-03-25 09:01:49,461 - INFO -    ⏱️ ОБЩЕЕ ВРЕМЯ по таблице SHIPMENT_DETAIL: 93.07 сек (1.55 мин)
2026-03-25 09:01:49,461 - INFO - ============================================================
2026-03-25 09:01:49,484 - INFO - 
2026-03-25 09:01:49,484 - INFO - ============================================================
2026-03-25 09:01:49,484 - INFO - ТАБЛИЦА [6/21]: SHIPMENT_HEADER
2026-03-25 09:01:49,484 - INFO - ============================================================
2026-03-25 09:01:49,484 - INFO -    📁 Источник: ils, Поле даты: PLANNED_SHIP_DATE
2026-03-25 09:01:49,484 - INFO -    📅 Период: 2026-03-22 09:01 - 2026-03-25 09:01
2026-03-25 09:01:49,484 - INFO -    🔌 Шаг 1/5: Подключение к источнику (ils)...
2026-03-25 09:01:49,509 - INFO -       ✅ Подключено
2026-03-25 09:01:49,509 - INFO -    🔌 Шаг 2/5: Подключение к целевой БД...
2026-03-25 09:01:49,555 - INFO -       ✅ Подключено
2026-03-25 09:01:49,555 - INFO -    📋 Шаг 3/5: Получение структуры таблицы...
2026-03-25 09:01:49,584 - INFO -       ✅ Найдено колонок: 155
2026-03-25 09:01:49,584 - INFO -    📥 Шаг 4/5: Чтение данных из источника...
2026-03-25 09:01:49,584 - INFO -       Выполняется запрос...
2026-03-25 09:01:50,062 - INFO -       ✅ Прочитано строк: 925 (за 0.48 сек)
2026-03-25 09:01:50,063 - INFO -    🗑️ Шаг 5/5: Удаление старых данных и вставка новых...
2026-03-25 09:01:51,109 - INFO -       🗑️ Удалено строк: 917 (за 1.05 сек)
2026-03-25 09:01:51,109 - INFO -       📊 Вставка 925 строк (пакетов: 1)...
2026-03-25 09:02:01,819 - INFO -          Пакет   1/1 (100.0%): 925 строк за 10.71 сек
2026-03-25 09:02:01,820 - INFO -       ✅ Вставлено: 925 строк (за 10.71 сек)
2026-03-25 09:02:01,820 - INFO -    🔍 Проверка результата...
2026-03-25 09:02:02,952 - INFO -       ✅ В target за период: 925 строк
2026-03-25 09:02:02,952 - INFO - 
2026-03-25 09:02:02,952 - INFO -    ⏱️ ОБЩЕЕ ВРЕМЯ по таблице SHIPMENT_HEADER: 13.47 сек (0.22 мин)
2026-03-25 09:02:02,952 - INFO - ============================================================
2026-03-25 09:02:02,956 - INFO - 
2026-03-25 09:02:02,956 - INFO - ============================================================
2026-03-25 09:02:02,956 - INFO - ТАБЛИЦА [7/21]: TRANSACTION_HISTORY
2026-03-25 09:02:02,956 - INFO - ============================================================
2026-03-25 09:02:02,956 - INFO -    📁 Источник: ils, Поле даты: DATE_TIME_STAMP
2026-03-25 09:02:02,956 - INFO -    📅 Период: 2026-03-22 09:02 - 2026-03-25 09:02
2026-03-25 09:02:02,957 - INFO -    🔌 Шаг 1/5: Подключение к источнику (ils)...
2026-03-25 09:02:02,972 - INFO -       ✅ Подключено
2026-03-25 09:02:02,972 - INFO -    🔌 Шаг 2/5: Подключение к целевой БД...
2026-03-25 09:02:03,006 - INFO -       ✅ Подключено
2026-03-25 09:02:03,006 - INFO -    📋 Шаг 3/5: Получение структуры таблицы...
2026-03-25 09:02:03,044 - INFO -       ✅ Найдено колонок: 51
2026-03-25 09:02:03,044 - INFO -    📥 Шаг 4/5: Чтение данных из источника...
2026-03-25 09:02:03,044 - INFO -       Выполняется запрос...
2026-03-25 09:02:10,656 - INFO -       ✅ Прочитано строк: 118,294 (за 7.61 сек)
2026-03-25 09:02:10,656 - INFO -    🗑️ Шаг 5/5: Удаление старых данных и вставка новых...
2026-03-25 09:02:13,318 - INFO -       🗑️ Удалено строк: 117,818 (за 2.66 сек)
2026-03-25 09:02:13,319 - INFO -       📊 Вставка 118,294 строк (пакетов: 119)...
2026-03-25 09:02:19,059 - INFO -          Пакет   1/119 (  0.8%): 1,000 строк за 5.74 сек
2026-03-25 09:02:24,069 - INFO -          Пакет   2/119 (  1.7%): 1,000 строк за 5.01 сек
2026-03-25 09:02:29,933 - INFO -          Пакет   3/119 (  2.5%): 1,000 строк за 5.86 сек
2026-03-25 09:02:37,276 - INFO -          Пакет   4/119 (  3.4%): 1,000 строк за 7.34 сек
2026-03-25 09:02:42,145 - INFO -          Пакет   5/119 (  4.2%): 1,000 строк за 4.87 сек
2026-03-25 09:02:48,112 - INFO -          Пакет   6/119 (  5.0%): 1,000 строк за 5.97 сек
2026-03-25 09:02:54,591 - INFO -          Пакет   7/119 (  5.9%): 1,000 строк за 6.48 сек
