2026-03-25 10:22:42,662 - INFO - ================================================================================
2026-03-25 10:22:42,663 - INFO - 🚀 ПЕРЕЗАПИСЬ ДАННЫХ ЗА ПОСЛЕДНИЕ 3 ДНЯ
2026-03-25 10:22:42,663 - INFO - ================================================================================
2026-03-25 10:22:42,663 - INFO - 📊 Всего таблиц: 21
2026-03-25 10:22:42,663 - INFO - 📁 Источники: ils (19 таблиц), sk (2 таблицы)
2026-03-25 10:22:42,664 - INFO - 🎯 Целевая БД: olap2_fixed.raw_
2026-03-25 10:22:42,664 - INFO - 📅 Период: 2026-03-22 - 2026-03-25
2026-03-25 10:22:42,664 - INFO - ================================================================================
2026-03-25 10:22:42,664 - INFO - 
2026-03-25 10:22:42,664 - INFO - ============================================================
2026-03-25 10:22:42,664 - INFO - ТАБЛИЦА [1/21]: ORDER_DETAIL
2026-03-25 10:22:42,664 - INFO - ============================================================
2026-03-25 10:22:42,664 - INFO -    📁 Источник: ils, Поле даты: DATE_TIME_STAMP
2026-03-25 10:22:42,665 - INFO -    📅 Период: 2026-03-22 10:22 - 2026-03-25 10:22
2026-03-25 10:22:42,665 - INFO -    🔌 Шаг 1/5: Подключение к источнику (ils)...
2026-03-25 10:22:42,706 - INFO -       ✅ Подключено
2026-03-25 10:22:42,707 - INFO -    🔌 Шаг 2/5: Подключение к целевой БД...
2026-03-25 10:22:42,763 - INFO -       ✅ Подключено
2026-03-25 10:22:42,763 - INFO -    📋 Шаг 3/5: Получение структуры таблицы...
2026-03-25 10:22:42,791 - INFO -       ✅ Найдено колонок: 126
2026-03-25 10:22:42,791 - INFO -    📥 Шаг 4/5: Чтение данных из источника...
2026-03-25 10:22:42,792 - INFO -       Выполняется запрос...
2026-03-25 10:22:42,797 - INFO -       ✅ Прочитано строк: 0 (за 0.01 сек)
2026-03-25 10:22:42,798 - INFO -    🗑️ Шаг 5/5: Удаление старых данных и вставка новых...
2026-03-25 10:22:42,802 - INFO -       🗑️ Удалено строк: 0 (за 0.00 сек)
2026-03-25 10:22:42,806 - INFO -       ℹ️ Нет данных для вставки
2026-03-25 10:22:42,806 - INFO -    🔍 Проверка результата...
2026-03-25 10:22:42,810 - INFO -       ✅ В target за период: 0 строк
2026-03-25 10:22:42,810 - INFO - 
2026-03-25 10:22:42,810 - INFO -    ⏱️ ОБЩЕЕ ВРЕМЯ по таблице ORDER_DETAIL: 0.14 сек (0.00 мин)
2026-03-25 10:22:42,810 - INFO - ============================================================
2026-03-25 10:22:42,811 - INFO - 
2026-03-25 10:22:42,811 - INFO - ============================================================
2026-03-25 10:22:42,811 - INFO - ТАБЛИЦА [2/21]: ORDER_HEADER
2026-03-25 10:22:42,811 - INFO - ============================================================
2026-03-25 10:22:42,811 - INFO -    📁 Источник: ils, Поле даты: ORDER_DATE
2026-03-25 10:22:42,811 - INFO -    📅 Период: 2026-03-22 10:22 - 2026-03-25 10:22
2026-03-25 10:22:42,811 - INFO -    🔌 Шаг 1/5: Подключение к источнику (ils)...
2026-03-25 10:22:42,841 - INFO -       ✅ Подключено
2026-03-25 10:22:42,842 - INFO -    🔌 Шаг 2/5: Подключение к целевой БД...
2026-03-25 10:22:42,876 - INFO -       ✅ Подключено
2026-03-25 10:22:42,877 - INFO -    📋 Шаг 3/5: Получение структуры таблицы...
2026-03-25 10:22:42,892 - INFO -       ✅ Найдено колонок: 114
2026-03-25 10:22:42,893 - INFO -    📥 Шаг 4/5: Чтение данных из источника...
2026-03-25 10:22:42,893 - INFO -       Выполняется запрос...
2026-03-25 10:22:42,897 - INFO -       ✅ Прочитано строк: 0 (за 0.00 сек)
2026-03-25 10:22:42,897 - INFO -    🗑️ Шаг 5/5: Удаление старых данных и вставка новых...
2026-03-25 10:22:42,901 - INFO -       🗑️ Удалено строк: 0 (за 0.00 сек)
2026-03-25 10:22:42,906 - INFO -       ℹ️ Нет данных для вставки
2026-03-25 10:22:42,906 - INFO -    🔍 Проверка результата...
2026-03-25 10:22:42,909 - INFO -       ✅ В target за период: 0 строк
2026-03-25 10:22:42,909 - INFO - 
2026-03-25 10:22:42,909 - INFO -    ⏱️ ОБЩЕЕ ВРЕМЯ по таблице ORDER_HEADER: 0.10 сек (0.00 мин)
2026-03-25 10:22:42,909 - INFO - ============================================================
2026-03-25 10:22:42,910 - INFO - 
2026-03-25 10:22:42,910 - INFO - ============================================================
2026-03-25 10:22:42,910 - INFO - ТАБЛИЦА [3/21]: RECEIPT_DETAIL
2026-03-25 10:22:42,910 - INFO - ============================================================
2026-03-25 10:22:42,910 - INFO -    📁 Источник: ils, Поле даты: DATE_TIME_STAMP
2026-03-25 10:22:42,910 - INFO -    📅 Период: 2026-03-22 10:22 - 2026-03-25 10:22
2026-03-25 10:22:42,910 - INFO -    🔌 Шаг 1/5: Подключение к источнику (ils)...
2026-03-25 10:22:42,924 - INFO -       ✅ Подключено
2026-03-25 10:22:42,924 - INFO -    🔌 Шаг 2/5: Подключение к целевой БД...
2026-03-25 10:22:42,956 - INFO -       ✅ Подключено
2026-03-25 10:22:42,957 - INFO -    📋 Шаг 3/5: Получение структуры таблицы...
2026-03-25 10:22:42,972 - INFO -       ✅ Найдено колонок: 83
2026-03-25 10:22:42,973 - INFO -    📥 Шаг 4/5: Чтение данных из источника...
2026-03-25 10:22:42,973 - INFO -       Выполняется запрос...
2026-03-25 10:22:43,125 - INFO -       ✅ Прочитано строк: 1,190 (за 0.15 сек)
2026-03-25 10:22:43,125 - INFO -    🗑️ Шаг 5/5: Удаление старых данных и вставка новых...
2026-03-25 10:22:43,147 - INFO -       🗑️ Удалено строк: 1,167 (за 0.02 сек)
2026-03-25 10:22:43,147 - INFO -       📊 Вставка 1,190 строк (единым вызовом)...
2026-03-25 10:22:52,480 - INFO -       ✅ Вставлено: 1,190 строк за 9.33 сек (127 строк/сек)
2026-03-25 10:22:52,481 - INFO -    🔍 Проверка результата...
2026-03-25 10:22:52,484 - INFO -       ✅ В target за период: 1,190 строк
2026-03-25 10:22:52,484 - INFO - 
2026-03-25 10:22:52,484 - INFO -    ⏱️ ОБЩЕЕ ВРЕМЯ по таблице RECEIPT_DETAIL: 9.57 сек (0.16 мин)
2026-03-25 10:22:52,484 - INFO - ============================================================
2026-03-25 10:22:52,488 - INFO - 
2026-03-25 10:22:52,488 - INFO - ============================================================
2026-03-25 10:22:52,489 - INFO - ТАБЛИЦА [4/21]: RECEIPT_HEADER
2026-03-25 10:22:52,489 - INFO - ============================================================
2026-03-25 10:22:52,489 - INFO -    📁 Источник: ils, Поле даты: RECEIPT_DATE
2026-03-25 10:22:52,489 - INFO -    📅 Период: 2026-03-22 10:22 - 2026-03-25 10:22
2026-03-25 10:22:52,489 - INFO -    🔌 Шаг 1/5: Подключение к источнику (ils)...
2026-03-25 10:22:52,505 - INFO -       ✅ Подключено
2026-03-25 10:22:52,505 - INFO -    🔌 Шаг 2/5: Подключение к целевой БД...
2026-03-25 10:22:52,540 - INFO -       ✅ Подключено
2026-03-25 10:22:52,541 - INFO -    📋 Шаг 3/5: Получение структуры таблицы...
2026-03-25 10:22:52,558 - INFO -       ✅ Найдено колонок: 81
2026-03-25 10:22:52,559 - INFO -    📥 Шаг 4/5: Чтение данных из источника...
2026-03-25 10:22:52,559 - INFO -       Выполняется запрос...
2026-03-25 10:22:52,603 - INFO -       ✅ Прочитано строк: 268 (за 0.04 сек)
2026-03-25 10:22:52,603 - INFO -    🗑️ Шаг 5/5: Удаление старых данных и вставка новых...
2026-03-25 10:22:52,618 - INFO -       🗑️ Удалено строк: 262 (за 0.01 сек)
2026-03-25 10:22:52,618 - INFO -       📊 Вставка 268 строк (единым вызовом)...
2026-03-25 10:22:55,054 - INFO -       ✅ Вставлено: 268 строк за 2.44 сек (110 строк/сек)
2026-03-25 10:22:55,054 - INFO -    🔍 Проверка результата...
2026-03-25 10:22:55,058 - INFO -       ✅ В target за период: 268 строк
2026-03-25 10:22:55,058 - INFO - 
2026-03-25 10:22:55,058 - INFO -    ⏱️ ОБЩЕЕ ВРЕМЯ по таблице RECEIPT_HEADER: 2.57 сек (0.04 мин)
2026-03-25 10:22:55,059 - INFO - ============================================================
2026-03-25 10:22:55,059 - INFO - 
2026-03-25 10:22:55,060 - INFO - ============================================================
2026-03-25 10:22:55,060 - INFO - ТАБЛИЦА [5/21]: SHIPMENT_DETAIL
2026-03-25 10:22:55,060 - INFO - ============================================================
2026-03-25 10:22:55,060 - INFO -    📁 Источник: ils, Поле даты: DATE_TIME_STAMP
2026-03-25 10:22:55,060 - INFO -    📅 Период: 2026-03-22 10:22 - 2026-03-25 10:22
2026-03-25 10:22:55,060 - INFO -    🔌 Шаг 1/5: Подключение к источнику (ils)...
2026-03-25 10:22:55,083 - INFO -       ✅ Подключено
2026-03-25 10:22:55,083 - INFO -    🔌 Шаг 2/5: Подключение к целевой БД...
2026-03-25 10:22:55,117 - INFO -       ✅ Подключено
2026-03-25 10:22:55,117 - INFO -    📋 Шаг 3/5: Получение структуры таблицы...
2026-03-25 10:22:55,134 - INFO -       ✅ Найдено колонок: 154
2026-03-25 10:22:55,134 - INFO -    📥 Шаг 4/5: Чтение данных из источника...
2026-03-25 10:22:55,134 - INFO -       Выполняется запрос...
2026-03-25 10:22:57,238 - INFO -       ✅ Прочитано строк: 9,068 (за 2.10 сек)
2026-03-25 10:22:57,238 - INFO -    🗑️ Шаг 5/5: Удаление старых данных и вставка новых...
2026-03-25 10:22:57,467 - INFO -       🗑️ Удалено строк: 8,933 (за 0.23 сек)
2026-03-25 10:22:57,467 - INFO -       📊 Вставка 9,068 строк (единым вызовом)...
