2026-03-25 09:33:13,655 - INFO - 🚀 ЗАПУСК ПЕРЕЗАПИСИ LOCATION_INVENTORY
2026-03-25 09:33:13,656 - INFO - ВНИМАНИЕ: Будет выполнена ПОЛНАЯ перезапись таблицы!
2026-03-25 09:33:13,656 - INFO - ================================================================================
2026-03-25 09:33:13,656 - INFO - 🔄 ПОЛНАЯ ПЕРЕЗАПИСЬ LOCATION_INVENTORY
2026-03-25 09:33:13,656 - INFO - ================================================================================
2026-03-25 09:33:13,656 - INFO - 1. Подключение к источнику (ils)...
2026-03-25 09:33:13,690 - INFO -    ✓ Подключение к источнику установлено
2026-03-25 09:33:13,690 - INFO - 2. Подключение к целевой БД...
2026-03-25 09:33:13,762 - INFO -    ✓ Подключение к целевой БД установлено
2026-03-25 09:33:13,762 - INFO - 
3. Получение структуры таблицы...
2026-03-25 09:33:13,783 - INFO -    ✓ Найдено колонок: 47
2026-03-25 09:33:13,783 - INFO - 
4. Чтение данных из источника...
2026-03-25 09:33:13,783 - INFO -    Выполняется запрос: SELECT INTERNAL_LOCATION_INV, LOCATION_TEMPLATE, TEMPLATE_FIELD1, TEMPLATE_FIELD2, TEMPLATE_FIELD3, TEMPLATE_FIELD4, TEMPLATE_FIELD5, ITEM, COMPANY, PERMANENT, LOT, ON_HAND_QTY, IN_TRANSIT_QTY, ALLOCATED_QTY, SUSPENSE_QTY, QUANTITY_UM, INVENTORY_STS, AGING_DATE, EXPIRATION_DATE, MANUFACTURED_DATE, RECEIVED_DATE, TOTAL_VALUE, TOTAL_COST, TOTAL_WEIGHT, TOTAL_VOLUME, VOLUME_UM, USER_DEF1, USER_DEF2, USER_DEF3, USER_DEF4, USER_DEF5, USER_DEF6, USER_DEF7, USER_DEF8, USER_STAMP, PROCESS_STAMP, DATE_TIME_STAMP, WEIGHT_UM, warehouse, LOCATION, ITEM_DESC, ITEM_SIZE, ITEM_COLOR, ITEM_STYLE, LOGISTICS_UNIT, PARENT_LOGISTICS_UNIT, LOC_INV_ATTRIBUTES_ID FROM LOCATION_INVENTORY
2026-03-25 09:33:15,642 - INFO -    ✓ Прочитано строк: 30,476
2026-03-25 09:33:15,642 - INFO - 
5. Очистка целевой таблицы...
2026-03-25 09:33:15,657 - INFO -    ✓ Таблица raw_.LOCATION_INVENTORY очищена
2026-03-25 09:33:15,657 - INFO - 
6. Загрузка 30,476 строк...
2026-03-25 09:33:47,879 - INFO -    Пакет 1/7: 5,000 строк
2026-03-25 09:34:24,039 - INFO -    Пакет 2/7: 5,000 строк
2026-03-25 09:34:58,446 - INFO -    Пакет 3/7: 5,000 строк
2026-03-25 09:35:33,222 - INFO -    Пакет 4/7: 5,000 строк
2026-03-25 09:36:12,970 - INFO -    Пакет 5/7: 5,000 строк
2026-03-25 09:36:50,383 - INFO -    Пакет 6/7: 5,000 строк
2026-03-25 09:36:53,898 - INFO -    Пакет 7/7: 476 строк
2026-03-25 09:36:53,899 - INFO - 
7. Проверка загрузки...
2026-03-25 09:36:53,907 - INFO -    Загружено строк: 30,476
2026-03-25 09:36:53,907 - INFO -    Строк в target: 30,476
2026-03-25 09:36:53,907 - INFO -    ✅ ПОЛНОЕ СООТВЕТСТВИЕ: все данные загружены
2026-03-25 09:36:53,907 - INFO - 
8. Логирование в etl_log...
2026-03-25 09:36:53,950 - INFO -    ✅ Лог записан
2026-03-25 09:36:53,951 - INFO - 
================================================================================
2026-03-25 09:36:53,951 - INFO - ✅ ПОЛНАЯ ПЕРЕЗАПИСЬ ЗАВЕРШЕНА
2026-03-25 09:36:53,951 - INFO - ================================================================================
2026-03-25 09:36:53,951 - INFO - Таблица: LOCATION_INVENTORY
2026-03-25 09:36:53,951 - INFO - Загружено записей: 30,476
2026-03-25 09:36:53,951 - INFO - Время выполнения: 220.29 сек
2026-03-25 09:36:53,951 - INFO - Скорость: 138 записей/сек
2026-03-25 09:36:53,951 - INFO - Дата загрузки: 2026-03-25 09:33:13.656456
2026-03-25 09:36:53,951 - INFO - ================================================================================
2026-03-25 09:36:53,980 - INFO - 
✅ ГОТОВО! LOCATION_INVENTORY полностью обновлён
