2026-03-25 08:47:39,109 - INFO - ================================================================================
2026-03-25 08:47:39,110 - INFO - 🚀 ПЕРЕЗАПИСЬ ДАННЫХ ЗА ПОСЛЕДНИЕ 3 ДНЯ
2026-03-25 08:47:39,110 - INFO - ================================================================================
2026-03-25 08:47:39,110 - INFO - 📊 Всего таблиц: 21
2026-03-25 08:47:39,110 - INFO - 📁 Источники: ils (19 таблиц), sk (2 таблицы)
2026-03-25 08:47:39,110 - INFO - 🎯 Целевая БД: olap2_fixed.raw_
2026-03-25 08:47:39,111 - INFO - 📅 Период: 2026-03-22 - 2026-03-25
2026-03-25 08:47:39,111 - INFO - ================================================================================
2026-03-25 08:47:39,111 - INFO - 
📌 [1/21] Обработка таблицы: ORDER_DETAIL
2026-03-25 08:47:39,111 - INFO - 🔄 ORDER_DETAIL -> raw_.ORDER_DETAIL за последние 3 дн.
2026-03-25 08:47:39,322 - INFO -    📥 Найдено в источнике: 0 строк
2026-03-25 08:47:39,326 - INFO -    🗑️ Удалено из target: 0 строк
2026-03-25 08:47:39,335 - INFO -    ℹ️ Нет данных для вставки
2026-03-25 08:47:39,338 - INFO -    🔍 Проверка: в target за период 0 строк
2026-03-25 08:47:39,338 - INFO - 
📌 [2/21] Обработка таблицы: ORDER_HEADER
2026-03-25 08:47:39,339 - INFO - 🔄 ORDER_HEADER -> raw_.ORDER_HEADER за последние 3 дн.
2026-03-25 08:47:39,925 - INFO -    📥 Найдено в источнике: 0 строк
2026-03-25 08:47:39,933 - INFO -    🗑️ Удалено из target: 0 строк
2026-03-25 08:47:39,938 - INFO -    ℹ️ Нет данных для вставки
2026-03-25 08:47:39,943 - INFO -    🔍 Проверка: в target за период 0 строк
2026-03-25 08:47:39,943 - INFO - 
📌 [3/21] Обработка таблицы: RECEIPT_DETAIL
2026-03-25 08:47:39,944 - INFO - 🔄 RECEIPT_DETAIL -> raw_.RECEIPT_DETAIL за последние 3 дн.
2026-03-25 08:47:40,179 - INFO -    📥 Найдено в источнике: 1163 строк
2026-03-25 08:47:40,325 - INFO -    🗑️ Удалено из target: 1161 строк
2026-03-25 08:47:51,549 - INFO -    ✅ Вставлено: 1163 строк
2026-03-25 08:47:51,587 - INFO -    🔍 Проверка: в target за период 1163 строк
2026-03-25 08:47:51,591 - INFO - 
📌 [4/21] Обработка таблицы: RECEIPT_HEADER
2026-03-25 08:47:51,591 - INFO - 🔄 RECEIPT_HEADER -> raw_.RECEIPT_HEADER за последние 3 дн.
2026-03-25 08:47:51,714 - INFO -    📥 Найдено в источнике: 259 строк
2026-03-25 08:47:51,868 - INFO -    🗑️ Удалено из target: 257 строк
2026-03-25 08:47:53,167 - INFO -    ✅ Вставлено: 259 строк
2026-03-25 08:47:53,179 - INFO -    🔍 Проверка: в target за период 259 строк
2026-03-25 08:47:53,180 - INFO - 
📌 [5/21] Обработка таблицы: SHIPMENT_DETAIL
2026-03-25 08:47:53,180 - INFO - 🔄 SHIPMENT_DETAIL -> raw_.SHIPMENT_DETAIL за последние 3 дн.
2026-03-25 08:47:55,106 - INFO -    📥 Найдено в источнике: 8494 строк
2026-03-25 08:47:55,428 - INFO -    🗑️ Удалено из target: 6906 строк
2026-03-25 08:49:05,471 - INFO -    ✅ Вставлено: 8494 строк
2026-03-25 08:49:05,581 - INFO -    🔍 Проверка: в target за период 8494 строк
2026-03-25 08:49:05,605 - INFO - 
📌 [6/21] Обработка таблицы: SHIPMENT_HEADER
2026-03-25 08:49:05,606 - INFO - 🔄 SHIPMENT_HEADER -> raw_.SHIPMENT_HEADER за последние 3 дн.
2026-03-25 08:49:06,191 - INFO -    📥 Найдено в источнике: 915 строк
2026-03-25 08:49:07,231 - INFO -    🗑️ Удалено из target: 700 строк
2026-03-25 08:49:14,528 - INFO -    ✅ Вставлено: 915 строк
2026-03-25 08:49:15,529 - INFO -    🔍 Проверка: в target за период 915 строк
2026-03-25 08:49:15,531 - INFO - 
📌 [7/21] Обработка таблицы: TRANSACTION_HISTORY
2026-03-25 08:49:15,532 - INFO - 🔄 TRANSACTION_HISTORY -> raw_.TRANSACTION_HISTORY за последние 3 дн.
2026-03-25 08:49:22,331 - INFO -    📥 Найдено в источнике: 117809 строк
2026-03-25 08:49:23,030 - INFO -    🗑️ Удалено из target: 85273 строк
