2026-03-25 09:36:54,108 - INFO - ================================================================================
2026-03-25 09:36:54,108 - INFO - 🚀 ЗАПУСК ОБНОВЛЕНИЯ DWH ЗА 3 ДНЯ
2026-03-25 09:36:54,108 - INFO - ================================================================================
2026-03-25 09:36:54,108 - INFO - 📁 SQL-файл: C:\Users\A.Gorbatenko\Documents\Dashboard\script\update_dwh_3days.sql
2026-03-25 09:36:54,108 - INFO - 📅 Время запуска: 2026-03-25 09:36:54
2026-03-25 09:36:54,108 - INFO - ================================================================================
2026-03-25 09:36:54,109 - INFO - 📄 Чтение SQL-файла: C:\Users\A.Gorbatenko\Documents\Dashboard\script\update_dwh_3days.sql
2026-03-25 09:36:54,127 - INFO - ✅ SQL-файл прочитан. Размер: 48,172 символов
2026-03-25 09:36:54,128 - INFO - 🔌 Подключение к базе данных 10.7.0.27/olap2_fixed...
2026-03-25 09:36:54,193 - INFO - ✅ Подключение установлено
2026-03-25 09:36:54,193 - INFO - 🔄 Начало транзакции...
2026-03-25 09:36:54,196 - INFO - 📋 Выполнение SQL-команд...
2026-03-25 09:36:54,197 - INFO - 📊 Всего команд: 186
2026-03-25 09:36:54,227 - WARNING -   ⚠️ Команда 16: (102, b"Incorrect syntax near '\xe2\x9d\x8c \xd0\xa2\xd0\xb0\xd0\xb1\xd0\xbb\xd0\xb8\xd1\x86\xd0\xb0...
2026-03-25 09:36:54,233 - WARNING -   ⚠️ Команда 18: (156, b"Incorrect syntax near the keyword 'IF'.DB-Lib error message 20018, severity 15:\nGeneral SQL...
2026-03-25 09:36:54,238 - WARNING -   ⚠️ Команда 20: (156, b"Incorrect syntax near the keyword 'PRINT'.DB-Lib error message 20018, severity 15:\nGeneral ...
2026-03-25 09:37:18,871 - INFO -   Выполнено команд: 40/186
2026-03-25 09:37:48,053 - INFO -   Выполнено команд: 80/186
2026-03-25 09:37:48,088 - WARNING -   ⚠️ Команда 90: (208, b"Invalid object name '#pick_groups'.DB-Lib error message 20018, severity 16:\nGeneral SQL Ser...
2026-03-25 09:37:48,094 - WARNING -   ⚠️ Команда 91: (208, b"Invalid object name 'dwh.fact_operation_tmp'.DB-Lib error message 20018, severity 16:\nGener...
2026-03-25 09:37:48,104 - WARNING -   ⚠️ Команда 94: (208, b"Invalid object name '#placement_groups'.DB-Lib error message 20018, severity 16:\nGeneral SQ...
2026-03-25 09:37:48,108 - WARNING -   ⚠️ Команда 95: (208, b"Invalid object name 'dwh.fact_operation_tmp'.DB-Lib error message 20018, severity 16:\nGener...
2026-03-25 09:37:48,120 - WARNING -   ⚠️ Команда 102: (208, b"Invalid object name 'dwh.fact_operation_tmp'.DB-Lib error message 20018, severity 16:\nGener...
2026-03-25 09:37:48,124 - WARNING -   ⚠️ Команда 103: (208, b"Invalid object name 'dwh.fact_operation_tmp'.DB-Lib error message 20018, severity 16:\nGener...
2026-03-25 09:37:48,128 - WARNING -   ⚠️ Команда 104: (208, b"Invalid object name 'dwh.fact_operation_tmp'.DB-Lib error message 20018, severity 16:\nGener...
2026-03-25 09:37:56,237 - WARNING -   ⚠️ Команда 137: (156, b"Incorrect syntax near the keyword 'ELSE'.DB-Lib error message 20018, severity 15:\nGeneral S...
2026-03-25 09:37:56,244 - WARNING -   ⚠️ Команда 138: (156, b"Incorrect syntax near the keyword 'PRINT'.DB-Lib error message 20018, severity 15:\nGeneral ...
2026-03-25 09:37:56,251 - INFO -   Выполнено команд: 140/186
2026-03-25 09:37:56,476 - WARNING -   ⚠️ Команда 152: (156, b"Incorrect syntax near the keyword 'INTO'.DB-Lib error message 20018, severity 15:\nGeneral S...
2026-03-25 09:37:56,566 - INFO -   Выполнено команд: 170/186
2026-03-25 09:37:56,608 - INFO - 💾 Фиксация транзакции...
2026-03-25 09:37:56,918 - INFO - ✅ SQL-скрипт успешно выполнен!
2026-03-25 09:37:56,918 - INFO -   Выполнено команд: 36
2026-03-25 09:37:56,918 - INFO -   Время выполнения: 62.72 сек
2026-03-25 09:37:56,919 - INFO - 🔌 Подключение закрыто
2026-03-25 09:37:56,920 - INFO - ================================================================================
2026-03-25 09:37:56,920 - INFO - ✅ ОБНОВЛЕНИЕ ЗА 3 ДНЯ ЗАВЕРШЕНО УСПЕШНО
2026-03-25 09:37:56,920 - INFO - ================================================================================
